2025-09-22T19:45:50.1938501Z ##[group]Run aquasecurity/trivy-action@master
2025-09-22T19:45:50.1939625Z with:
2025-09-22T19:45:50.1940286Z   scan-type: fs
2025-09-22T19:45:50.1940985Z   scan-ref: .
2025-09-22T19:45:50.1941655Z   format: sarif
2025-09-22T19:45:50.1942398Z   output: trivy-results.sarif
2025-09-22T19:45:50.1943279Z   severity: CRITICAL,HIGH,MEDIUM
2025-09-22T19:45:50.1944141Z   ignore-unfixed: false
2025-09-22T19:45:50.1944905Z   vuln-type: os,library
2025-09-22T19:45:50.1946520Z   cache-dir: /home/runner/work/pose-coach-android-starter/pose-coach-android-starter/.cache/trivy
2025-09-22T19:45:50.1948086Z   list-all-pkgs: false
2025-09-22T19:45:50.1948839Z   version: v0.65.0
2025-09-22T19:45:50.1949531Z   cache: true
2025-09-22T19:45:50.1950228Z   skip-setup-trivy: false
2025-09-22T19:45:50.1951438Z   token-setup-trivy: ***
2025-09-22T19:45:50.1952242Z ##[endgroup]
2025-09-22T19:45:50.2197391Z ##[group]Run aquasecurity/setup-trivy@e6c2c5e321ed9123bda567646e2f96565e34abe1
2025-09-22T19:45:50.2198676Z with:
2025-09-22T19:45:50.2199310Z   version: v0.65.0
2025-09-22T19:45:50.2199946Z   cache: true
2025-09-22T19:45:50.2200889Z   token: ***
2025-09-22T19:45:50.2201519Z   path: $HOME/.local/bin
2025-09-22T19:45:50.2202308Z   github-server-url: https://github.com
2025-09-22T19:45:50.2203160Z ##[endgroup]
2025-09-22T19:45:50.2257257Z ##[group]Run echo "dir=$HOME/.local/bin/trivy-bin" >> $GITHUB_OUTPUT
2025-09-22T19:45:50.2258688Z [36;1mecho "dir=$HOME/.local/bin/trivy-bin" >> $GITHUB_OUTPUT[0m
2025-09-22T19:45:50.2320230Z shell: /usr/bin/bash --noprofile --norc -e -o pipefail {0}
2025-09-22T19:45:50.2321319Z ##[endgroup]
2025-09-22T19:45:50.2575792Z ##[group]Run actions/cache@0400d5f644dc74513175e3cd8d07132dd4860809
2025-09-22T19:45:50.2576967Z with:
2025-09-22T19:45:50.2577621Z   path: /home/runner/.local/bin/trivy-bin
2025-09-22T19:45:50.2578587Z   key: trivy-binary-v0.65.0-Linux-X64
2025-09-22T19:45:50.2579484Z   enableCrossOsArchive: false
2025-09-22T19:45:50.2580283Z   fail-on-cache-miss: false
2025-09-22T19:45:50.2581014Z   lookup-only: false
2025-09-22T19:45:50.2581693Z   save-always: false
2025-09-22T19:45:50.2582350Z ##[endgroup]
2025-09-22T19:45:50.4609211Z Cache not found for input keys: trivy-binary-v0.65.0-Linux-X64
2025-09-22T19:45:50.4796322Z ##[group]Run actions/checkout@08c6903cd8c0fde910a37f88322edcfb5dd907a8
2025-09-22T19:45:50.4797490Z with:
2025-09-22T19:45:50.4798115Z   repository: aquasecurity/trivy
2025-09-22T19:45:50.4798922Z   sparse-checkout: contrib

2025-09-22T19:45:50.4799655Z   path: trivy
2025-09-22T19:45:50.4800263Z   fetch-depth: 1
2025-09-22T19:45:50.4800967Z   github-server-url: https://github.com
2025-09-22T19:45:50.4802148Z   token: ***
2025-09-22T19:45:50.4802756Z   ssh-strict: true
2025-09-22T19:45:50.4803396Z   ssh-user: git
2025-09-22T19:45:50.4804051Z   persist-credentials: true
2025-09-22T19:45:50.4804795Z   clean: true
2025-09-22T19:45:50.4805565Z   sparse-checkout-cone-mode: true
2025-09-22T19:45:50.4806368Z   fetch-tags: false
2025-09-22T19:45:50.4807016Z   show-progress: true
2025-09-22T19:45:50.4807687Z   lfs: false
2025-09-22T19:45:50.4808288Z   submodules: false
2025-09-22T19:45:50.4808954Z   set-safe-directory: true
2025-09-22T19:45:50.4809671Z ##[endgroup]
2025-09-22T19:45:50.5625898Z Syncing repository: aquasecurity/trivy
2025-09-22T19:45:50.5632642Z ##[group]Getting Git version info
2025-09-22T19:45:50.5635760Z Working directory is '/home/runner/work/pose-coach-android-starter/pose-coach-android-starter/trivy'
2025-09-22T19:45:50.5668364Z [command]/usr/bin/git version
2025-09-22T19:45:50.5704961Z git version 2.51.0
2025-09-22T19:45:50.5727496Z ##[endgroup]
2025-09-22T19:45:50.5741196Z Temporarily overriding HOME='/home/runner/work/_temp/6317539c-2fab-41f9-9291-e24c71dd57f1' before making global git config changes
2025-09-22T19:45:50.5743716Z Adding repository directory to the temporary git global config as a safe directory
2025-09-22T19:45:50.5747731Z [command]/usr/bin/git config --global --add safe.directory /home/runner/work/pose-coach-android-starter/pose-coach-android-starter/trivy
2025-09-22T19:45:50.5781153Z ##[group]Initializing the repository
2025-09-22T19:45:50.5786613Z [command]/usr/bin/git init /home/runner/work/pose-coach-android-starter/pose-coach-android-starter/trivy
2025-09-22T19:45:50.5824928Z hint: Using 'master' as the name for the initial branch. This default branch name
2025-09-22T19:45:50.5827969Z hint: is subject to change. To configure the initial branch name to use in all
2025-09-22T19:45:50.5830721Z hint: of your new repositories, which will suppress this warning, call:
2025-09-22T19:45:50.5832725Z hint:
2025-09-22T19:45:50.5833999Z hint: 	git config --global init.defaultBranch <name>
2025-09-22T19:45:50.5835836Z hint:
2025-09-22T19:45:50.5837495Z hint: Names commonly chosen instead of 'master' are 'main', 'trunk' and
2025-09-22T19:45:50.5840192Z hint: 'development'. The just-created branch can be renamed via this command:
2025-09-22T19:45:50.5842251Z hint:
2025-09-22T19:45:50.5843251Z hint: 	git branch -m <name>
2025-09-22T19:45:50.5844431Z hint:
2025-09-22T19:45:50.5845983Z hint: Disable this message with "git config set advice.defaultBranchName false"
2025-09-22T19:45:50.5848211Z Initialized empty Git repository in /home/runner/work/pose-coach-android-starter/pose-coach-android-starter/trivy/.git/
2025-09-22T19:45:50.5851940Z [command]/usr/bin/git remote add origin https://github.com/aquasecurity/trivy
2025-09-22T19:45:50.5874674Z ##[endgroup]
2025-09-22T19:45:50.5877451Z ##[group]Disabling automatic garbage collection
2025-09-22T19:45:50.5879460Z [command]/usr/bin/git config --local gc.auto 0
2025-09-22T19:45:50.5909544Z ##[endgroup]
2025-09-22T19:45:50.5911440Z ##[group]Setting up auth
2025-09-22T19:45:50.5916946Z [command]/usr/bin/git config --local --name-only --get-regexp core\.sshCommand
2025-09-22T19:45:50.5951175Z [command]/usr/bin/git submodule foreach --recursive sh -c "git config --local --name-only --get-regexp 'core\.sshCommand' && git config --local --unset-all 'core.sshCommand' || :"
2025-09-22T19:45:50.6178530Z [command]/usr/bin/git config --local --name-only --get-regexp http\.https\:\/\/github\.com\/\.extraheader
2025-09-22T19:45:50.6211973Z [command]/usr/bin/git submodule foreach --recursive sh -c "git config --local --name-only --get-regexp 'http\.https\:\/\/github\.com\/\.extraheader' && git config --local --unset-all 'http.https://github.com/.extraheader' || :"
2025-09-22T19:45:50.6455915Z [command]/usr/bin/git config --local http.https://github.com/.extraheader AUTHORIZATION: basic ***
2025-09-22T19:45:50.6493784Z ##[endgroup]
2025-09-22T19:45:50.6495997Z ##[group]Determining the default branch
2025-09-22T19:45:50.6498353Z Retrieving the default branch name
2025-09-22T19:45:50.8687760Z Default branch 'main'
2025-09-22T19:45:50.8691120Z ##[endgroup]
2025-09-22T19:45:50.8693840Z ##[group]Fetching the repository
2025-09-22T19:45:50.8699993Z [command]/usr/bin/git -c protocol.version=2 fetch --no-tags --prune --no-recurse-submodules --filter=blob:none --depth=1 origin +refs/heads/main:refs/remotes/origin/main
2025-09-22T19:45:51.1137144Z From https://github.com/aquasecurity/trivy
2025-09-22T19:45:51.1138735Z  * [new branch]      main       -> origin/main
2025-09-22T19:45:51.1168021Z ##[endgroup]
2025-09-22T19:45:51.1168784Z ##[group]Determining the checkout info
2025-09-22T19:45:51.1170716Z ##[endgroup]
2025-09-22T19:45:51.1171450Z ##[group]Setting up sparse checkout
2025-09-22T19:45:51.1176931Z [command]/usr/bin/git sparse-checkout set contrib
2025-09-22T19:45:51.1216165Z ##[endgroup]
2025-09-22T19:45:51.1216888Z ##[group]Checking out the ref
2025-09-22T19:45:51.1221611Z [command]/usr/bin/git checkout --progress --force -B main refs/remotes/origin/main
2025-09-22T19:45:51.3246193Z Switched to a new branch 'main'
2025-09-22T19:45:51.3247679Z branch 'main' set up to track 'origin/main'.
2025-09-22T19:45:51.3257916Z ##[endgroup]
2025-09-22T19:45:51.3322856Z [command]/usr/bin/git log -1 --format=%H
2025-09-22T19:45:51.3360245Z 267a9700fa233abe1a04eada8f3ea513f3ebacb3
2025-09-22T19:45:51.3557135Z ##[group]Run echo "installing Trivy binary"
2025-09-22T19:45:51.3557815Z [36;1mecho "installing Trivy binary"[0m
2025-09-22T19:45:51.3558261Z [36;1mbash ./trivy/contrib/install.sh -b /home/runner/.local/bin/trivy-bin v0.65.0[0m
2025-09-22T19:45:51.3558786Z [36;1mcp -r ./trivy/contrib /home/runner/.local/bin/trivy-bin/contrib[0m
2025-09-22T19:45:51.3559186Z [36;1mrm -rf ./trivy[0m
2025-09-22T19:45:51.3589351Z shell: /usr/bin/bash --noprofile --norc -e -o pipefail {0}
2025-09-22T19:45:51.3589742Z ##[endgroup]
2025-09-22T19:45:51.3640300Z installing Trivy binary
2025-09-22T19:45:51.3773353Z aquasecurity/trivy info checking GitHub for tag 'v0.65.0'
2025-09-22T19:45:51.5904865Z aquasecurity/trivy info found version: 0.65.0 for v0.65.0/Linux/64bit
2025-09-22T19:45:52.8934412Z aquasecurity/trivy info installed /home/runner/.local/bin/trivy-bin/trivy
2025-09-22T19:45:52.9413997Z ##[group]Run echo /home/runner/.local/bin/trivy-bin >> $GITHUB_PATH
2025-09-22T19:45:52.9414482Z [36;1mecho /home/runner/.local/bin/trivy-bin >> $GITHUB_PATH[0m
2025-09-22T19:45:52.9444290Z shell: /usr/bin/bash --noprofile --norc -e -o pipefail {0}
2025-09-22T19:45:52.9444653Z ##[endgroup]
2025-09-22T19:45:52.9525818Z ##[group]Run echo "date=$(date +'%Y-%m-%d')" >> $GITHUB_OUTPUT
2025-09-22T19:45:52.9526239Z [36;1mecho "date=$(date +'%Y-%m-%d')" >> $GITHUB_OUTPUT[0m
2025-09-22T19:45:52.9557023Z shell: /usr/bin/bash --noprofile --norc -e -o pipefail {0}
2025-09-22T19:45:52.9557368Z ##[endgroup]
2025-09-22T19:45:52.9669924Z ##[group]Run actions/cache@0400d5f644dc74513175e3cd8d07132dd4860809
2025-09-22T19:45:52.9670267Z with:
2025-09-22T19:45:52.9670632Z   path: /home/runner/work/pose-coach-android-starter/pose-coach-android-starter/.cache/trivy
2025-09-22T19:45:52.9671065Z   key: cache-trivy-2025-09-22
2025-09-22T19:45:52.9671297Z   restore-keys: cache-trivy-
2025-09-22T19:45:52.9671524Z   enableCrossOsArchive: false
2025-09-22T19:45:52.9671805Z   fail-on-cache-miss: false
2025-09-22T19:45:52.9672028Z   lookup-only: false
2025-09-22T19:45:52.9672218Z   save-always: false
2025-09-22T19:45:52.9672411Z ##[endgroup]
2025-09-22T19:45:53.1799536Z Cache not found for input keys: cache-trivy-2025-09-22, cache-trivy-
2025-09-22T19:45:53.1873710Z ##[group]Run echo "$GITHUB_ACTION_PATH" >> $GITHUB_PATH
2025-09-22T19:45:53.1874097Z [36;1mecho "$GITHUB_ACTION_PATH" >> $GITHUB_PATH[0m
2025-09-22T19:45:53.1903948Z shell: /usr/bin/bash --noprofile --norc -e -o pipefail {0}
2025-09-22T19:45:53.1904293Z env:
2025-09-22T19:45:53.1904612Z   GITHUB_ACTION_PATH: /home/runner/work/_actions/aquasecurity/trivy-action/master
2025-09-22T19:45:53.1904971Z ##[endgroup]
2025-09-22T19:45:53.1975984Z ##[group]Run rm -f trivy_envs.txt
2025-09-22T19:45:53.1976288Z [36;1mrm -f trivy_envs.txt[0m
2025-09-22T19:45:53.1976521Z [36;1mtouch trivy_envs.txt[0m
2025-09-22T19:45:53.2005195Z shell: /usr/bin/bash --noprofile --norc -e -o pipefail {0}
2025-09-22T19:45:53.2005827Z ##[endgroup]
2025-09-22T19:45:53.2100480Z ##[group]Run # Note: There is currently no way to distinguish between undefined variables and empty strings in GitHub Actions.
2025-09-22T19:45:53.2101321Z [36;1m# Note: There is currently no way to distinguish between undefined variables and empty strings in GitHub Actions.[0m
2025-09-22T19:45:53.2101898Z [36;1m# This limitation affects how we handle default values and empty inputs.[0m
2025-09-22T19:45:53.2102399Z [36;1m# For more information, see: https://github.com/actions/runner/issues/924[0m
2025-09-22T19:45:53.2102750Z [36;1m[0m
2025-09-22T19:45:53.2103081Z [36;1m# The following logic implements the configuration priority described in the README:[0m
2025-09-22T19:45:53.2103459Z [36;1m#[0m
2025-09-22T19:45:53.2103623Z [36;1m# Inputs[0m
2025-09-22T19:45:53.2103818Z [36;1m# Environment Variables[0m
2025-09-22T19:45:53.2104042Z [36;1m# Config File[0m
2025-09-22T19:45:53.2104240Z [36;1m# Defaults[0m
2025-09-22T19:45:53.2104587Z [36;1m#[0m
2025-09-22T19:45:53.2104964Z [36;1m# As noted above defaults are awkward to handle as GitHub Actions will inject those values as the input[0m
2025-09-22T19:45:53.2105884Z [36;1m# if the caller doesn't provide them, thus if the input matches the default we don't set it as we[0m
2025-09-22T19:45:53.2106647Z [36;1m# can't tell the difference.  Plus if we did set it when it was the default value then it could potentially [0m
2025-09-22T19:45:53.2107295Z [36;1m# override an external environment variable, or something in the callers configuration file, which then wouldn't [0m
2025-09-22T19:45:53.2107820Z [36;1m# match the configuration priority that is documented.[0m
2025-09-22T19:45:53.2108135Z [36;1mset_env_var_if_provided() {[0m
2025-09-22T19:45:53.2108375Z [36;1m  local var_name="$1"[0m
2025-09-22T19:45:53.2108594Z [36;1m  local input_value="$2"[0m
2025-09-22T19:45:53.2108831Z [36;1m  local default_value="$3"[0m
2025-09-22T19:45:53.2109043Z [36;1m[0m
2025-09-22T19:45:53.2109311Z [36;1m  if [ ! -z "$input_value" ] && [ "$input_value" != "$default_value" ]; then[0m
2025-09-22T19:45:53.2109726Z [36;1m    # If action was provided with explicit input by the caller set that[0m
2025-09-22T19:45:53.2110124Z [36;1m    echo "export $var_name=$input_value" >> trivy_envs.txt[0m
2025-09-22T19:45:53.2110407Z [36;1m  fi[0m
2025-09-22T19:45:53.2110566Z [36;1m}[0m
2025-09-22T19:45:53.2110725Z [36;1m[0m
2025-09-22T19:45:53.2110972Z [36;1m# Set environment variables, handling those with default values[0m
2025-09-22T19:45:53.2111490Z [36;1m# cf. https://aquasecurity.github.io/trivy/latest/docs/configuration/#environment-variables[0m
2025-09-22T19:45:53.2111946Z [36;1mset_env_var_if_provided "TRIVY_INPUT" "" ""[0m
2025-09-22T19:45:53.2112259Z [36;1mset_env_var_if_provided "TRIVY_EXIT_CODE" "" ""[0m
2025-09-22T19:45:53.2112612Z [36;1mset_env_var_if_provided "TRIVY_IGNORE_UNFIXED" "false" "false"[0m
2025-09-22T19:45:53.2113018Z [36;1mset_env_var_if_provided "TRIVY_PKG_TYPES" "os,library" "os,library"[0m
2025-09-22T19:45:53.2113553Z [36;1mset_env_var_if_provided "TRIVY_SEVERITY" "CRITICAL,HIGH,MEDIUM" "UNKNOWN,LOW,MEDIUM,HIGH,CRITICAL"[0m
2025-09-22T19:45:53.2114050Z [36;1mset_env_var_if_provided "TRIVY_FORMAT" "sarif" "table"[0m
2025-09-22T19:45:53.2114392Z [36;1mset_env_var_if_provided "TRIVY_TEMPLATE" "" ""[0m
2025-09-22T19:45:53.2114745Z [36;1mset_env_var_if_provided "TRIVY_OUTPUT" "trivy-results.sarif" ""[0m
2025-09-22T19:45:53.2115109Z [36;1mset_env_var_if_provided "TRIVY_SKIP_DIRS" "" ""[0m
2025-09-22T19:45:53.2115646Z [36;1mset_env_var_if_provided "TRIVY_SKIP_FILES" "" ""[0m
2025-09-22T19:45:53.2115971Z [36;1mset_env_var_if_provided "TRIVY_TIMEOUT" "" ""[0m
2025-09-22T19:45:53.2116294Z [36;1mset_env_var_if_provided "TRIVY_IGNORE_POLICY" "" ""[0m
2025-09-22T19:45:53.2116608Z [36;1mset_env_var_if_provided "TRIVY_QUIET" "" ""[0m
2025-09-22T19:45:53.2116941Z [36;1mset_env_var_if_provided "TRIVY_LIST_ALL_PKGS" "false" "false"[0m
2025-09-22T19:45:53.2117296Z [36;1mset_env_var_if_provided "TRIVY_SCANNERS" "" ""[0m
2025-09-22T19:45:53.2117593Z [36;1mset_env_var_if_provided "TRIVY_CONFIG" "" ""[0m
2025-09-22T19:45:53.2117890Z [36;1mset_env_var_if_provided "TRIVY_TF_VARS" "" ""[0m
2025-09-22T19:45:53.2118194Z [36;1mset_env_var_if_provided "TRIVY_DOCKER_HOST" "" ""[0m
2025-09-22T19:45:53.2146886Z shell: /usr/bin/bash --noprofile --norc -e -o pipefail {0}
2025-09-22T19:45:53.2147214Z ##[endgroup]
2025-09-22T19:45:53.2234965Z ##[group]Run entrypoint.sh
2025-09-22T19:45:53.2235223Z [36;1mentrypoint.sh[0m
2025-09-22T19:45:53.2263369Z shell: /usr/bin/bash --noprofile --norc -e -o pipefail {0}
2025-09-22T19:45:53.2263683Z env:
2025-09-22T19:45:53.2263967Z   INPUT_SCAN_TYPE: fs
2025-09-22T19:45:53.2264209Z   INPUT_IMAGE_REF: 
2025-09-22T19:45:53.2264393Z   INPUT_SCAN_REF: .
2025-09-22T19:45:53.2264577Z   INPUT_TRIVYIGNORES: 
2025-09-22T19:45:53.2264765Z   INPUT_GITHUB_PAT: 
2025-09-22T19:45:53.2264976Z   INPUT_LIMIT_SEVERITIES_FOR_SARIF: 
2025-09-22T19:45:53.2265828Z   TRIVY_CACHE_DIR: /home/runner/work/pose-coach-android-starter/pose-coach-android-starter/.cache/trivy
2025-09-22T19:45:53.2266283Z ##[endgroup]
2025-09-22T19:45:53.2331603Z Building SARIF report with all severities
2025-09-22T19:45:53.2332503Z Running Trivy with options: trivy fs .
2025-09-22T19:45:53.2917068Z 2025-09-22T19:45:53Z	INFO	[vulndb] Need to update DB
2025-09-22T19:45:53.2917632Z 2025-09-22T19:45:53Z	INFO	[vulndb] Downloading vulnerability DB...
2025-09-22T19:45:53.2918137Z 2025-09-22T19:45:53Z	INFO	[vulndb] Downloading artifact...	repo="mirror.gcr.io/aquasec/trivy-db:2"
2025-09-22T19:45:56.4591826Z 30.51 MiB / 71.28 MiB [-------------------------->__________________________________] 42.81% ? p/s ?60.55 MiB / 71.28 MiB [--------------------------------------------------->_________] 84.95% ? p/s ?71.28 MiB / 71.28 MiB [----------------------------------------------------------->] 100.00% ? p/s ?71.28 MiB / 71.28 MiB [---------------------------------------------->] 100.00% 67.86 MiB p/s ETA 0s71.28 MiB / 71.28 MiB [---------------------------------------------->] 100.00% 67.86 MiB p/s ETA 0s71.28 MiB / 71.28 MiB [---------------------------------------------->] 100.00% 67.86 MiB p/s ETA 0s71.28 MiB / 71.28 MiB [---------------------------------------------->] 100.00% 63.48 MiB p/s ETA 0s71.28 MiB / 71.28 MiB [---------------------------------------------->] 100.00% 63.48 MiB p/s ETA 0s71.28 MiB / 71.28 MiB [---------------------------------------------->] 100.00% 63.48 MiB p/s ETA 0s71.28 MiB / 71.28 MiB [---------------------------------------------->] 100.00% 59.39 MiB p/s ETA 0s71.28 MiB / 71.28 MiB [---------------------------------------------->] 100.00% 59.39 MiB p/s ETA 0s71.28 MiB / 71.28 MiB [---------------------------------------------->] 100.00% 59.39 MiB p/s ETA 0s71.28 MiB / 71.28 MiB [-------------------------------------------------] 100.00% 31.11 MiB p/s 2.5s2025-09-22T19:45:56Z	INFO	[vulndb] Artifact successfully downloaded	repo="mirror.gcr.io/aquasec/trivy-db:2"
2025-09-22T19:45:56.4598336Z 2025-09-22T19:45:56Z	INFO	[vuln] Vulnerability scanning is enabled
2025-09-22T19:45:56.4601004Z 2025-09-22T19:45:56Z	INFO	[secret] Secret scanning is enabled
2025-09-22T19:45:56.4602135Z 2025-09-22T19:45:56Z	INFO	[secret] If your scanning is slow, please try '--scanners vuln' to disable secret scanning
2025-09-22T19:45:56.4603054Z 2025-09-22T19:45:56Z	INFO	[secret] Please see also https://trivy.dev/v0.65/docs/scanner/secret#recommendation for faster secret detection
2025-09-22T19:45:57.1581868Z 2025-09-22T19:45:57Z	WARN	[pip] Unable to find python `site-packages` directory. License detection is skipped.	err="site-packages directory not found"
2025-09-22T19:45:57.1584490Z 2025-09-22T19:45:57Z	INFO	Number of language-specific files	num=0
2025-09-22T19:45:57.1593340Z 
2025-09-22T19:45:57.1594901Z 📣 [34mNotices:[0m
2025-09-22T19:45:57.1595578Z   - Version 0.66.0 of Trivy is now available, current version is 0.65.0
2025-09-22T19:45:57.1595899Z 
2025-09-22T19:45:57.1596140Z To suppress version checks, run Trivy scans with the --skip-version-check flag
2025-09-22T19:45:57.1596477Z 
2025-09-22T19:45:57.1680504Z ##[group]Run rm -f trivy_envs.txt
2025-09-22T19:45:57.1680781Z [36;1mrm -f trivy_envs.txt[0m
2025-09-22T19:45:57.1710543Z shell: /usr/bin/bash --noprofile --norc -e -o pipefail {0}
2025-09-22T19:45:57.1710862Z ##[endgroup]
