2025-09-22T19:46:03.8304249Z ##[group]Run aquasecurity/trivy-action@master
2025-09-22T19:46:03.8304541Z with:
2025-09-22T19:46:03.8304717Z   scan-type: config
2025-09-22T19:46:03.8304895Z   scan-ref: .
2025-09-22T19:46:03.8305067Z   format: table
2025-09-22T19:46:03.8305238Z   exit-code: 1
2025-09-22T19:46:03.8305567Z   severity: CRITICAL,HIGH
2025-09-22T19:46:03.8305785Z   ignore-unfixed: false
2025-09-22T19:46:03.8305975Z   vuln-type: os,library
2025-09-22T19:46:03.8306373Z   cache-dir: /home/runner/work/pose-coach-android-starter/pose-coach-android-starter/.cache/trivy
2025-09-22T19:46:03.8306802Z   list-all-pkgs: false
2025-09-22T19:46:03.8306998Z   version: v0.65.0
2025-09-22T19:46:03.8307168Z   cache: true
2025-09-22T19:46:03.8307346Z   skip-setup-trivy: false
2025-09-22T19:46:03.8307815Z   token-setup-trivy: ***
2025-09-22T19:46:03.8308016Z env:
2025-09-22T19:46:03.8308201Z   CODEQL_ACTION_FEATURE_MULTI_LANGUAGE: false
2025-09-22T19:46:03.8308456Z   CODEQL_ACTION_FEATURE_SANDWICH: false
2025-09-22T19:46:03.8308715Z   CODEQL_ACTION_FEATURE_SARIF_COMBINE: true
2025-09-22T19:46:03.8308998Z   CODEQL_ACTION_FEATURE_WILL_UPLOAD: true
2025-09-22T19:46:03.8309247Z   CODEQL_ACTION_VERSION: 3.30.3
2025-09-22T19:46:03.8309590Z   CODEQL_ACTION_ANALYSIS_KEY: .github/workflows/security-scan.yml:trivy-security-scan
2025-09-22T19:46:03.8309996Z   CODEQL_WORKFLOW_STARTED_AT: 2025-09-22T19:45:57.333Z
2025-09-22T19:46:03.8310633Z   CODEQL_UPLOAD_SARIF__GITHUB_WORKFLOWS_SECURITY_SCAN_YML_TRIVY_SECURITY_SCAN__TRIVY: CODEQL_UPLOAD_SARIF__GITHUB_WORKFLOWS_SECURITY_SCAN_YML_TRIVY_SECURITY_SCAN__TRIVY
2025-09-22T19:46:03.8311227Z ##[endgroup]
2025-09-22T19:46:03.8364044Z ##[group]Run aquasecurity/setup-trivy@e6c2c5e321ed9123bda567646e2f96565e34abe1
2025-09-22T19:46:03.8364396Z with:
2025-09-22T19:46:03.8364551Z   version: v0.65.0
2025-09-22T19:46:03.8364725Z   cache: true
2025-09-22T19:46:03.8365008Z   token: ***
2025-09-22T19:46:03.8365189Z   path: $HOME/.local/bin
2025-09-22T19:46:03.8365693Z   github-server-url: https://github.com
2025-09-22T19:46:03.8366031Z env:
2025-09-22T19:46:03.8366219Z   CODEQL_ACTION_FEATURE_MULTI_LANGUAGE: false
2025-09-22T19:46:03.8366474Z   CODEQL_ACTION_FEATURE_SANDWICH: false
2025-09-22T19:46:03.8366722Z   CODEQL_ACTION_FEATURE_SARIF_COMBINE: true
2025-09-22T19:46:03.8366970Z   CODEQL_ACTION_FEATURE_WILL_UPLOAD: true
2025-09-22T19:46:03.8367220Z   CODEQL_ACTION_VERSION: 3.30.3
2025-09-22T19:46:03.8367563Z   CODEQL_ACTION_ANALYSIS_KEY: .github/workflows/security-scan.yml:trivy-security-scan
2025-09-22T19:46:03.8367969Z   CODEQL_WORKFLOW_STARTED_AT: 2025-09-22T19:45:57.333Z
2025-09-22T19:46:03.8368598Z   CODEQL_UPLOAD_SARIF__GITHUB_WORKFLOWS_SECURITY_SCAN_YML_TRIVY_SECURITY_SCAN__TRIVY: CODEQL_UPLOAD_SARIF__GITHUB_WORKFLOWS_SECURITY_SCAN_YML_TRIVY_SECURITY_SCAN__TRIVY
2025-09-22T19:46:03.8369181Z ##[endgroup]
2025-09-22T19:46:03.8383699Z ##[group]Run echo "dir=$HOME/.local/bin/trivy-bin" >> $GITHUB_OUTPUT
2025-09-22T19:46:03.8384199Z [36;1mecho "dir=$HOME/.local/bin/trivy-bin" >> $GITHUB_OUTPUT[0m
2025-09-22T19:46:03.8413681Z shell: /usr/bin/bash --noprofile --norc -e -o pipefail {0}
2025-09-22T19:46:03.8413998Z env:
2025-09-22T19:46:03.8414190Z   CODEQL_ACTION_FEATURE_MULTI_LANGUAGE: false
2025-09-22T19:46:03.8414457Z   CODEQL_ACTION_FEATURE_SANDWICH: false
2025-09-22T19:46:03.8414705Z   CODEQL_ACTION_FEATURE_SARIF_COMBINE: true
2025-09-22T19:46:03.8415210Z   CODEQL_ACTION_FEATURE_WILL_UPLOAD: true
2025-09-22T19:46:03.8415574Z   CODEQL_ACTION_VERSION: 3.30.3
2025-09-22T19:46:03.8415921Z   CODEQL_ACTION_ANALYSIS_KEY: .github/workflows/security-scan.yml:trivy-security-scan
2025-09-22T19:46:03.8416327Z   CODEQL_WORKFLOW_STARTED_AT: 2025-09-22T19:45:57.333Z
2025-09-22T19:46:03.8416953Z   CODEQL_UPLOAD_SARIF__GITHUB_WORKFLOWS_SECURITY_SCAN_YML_TRIVY_SECURITY_SCAN__TRIVY: CODEQL_UPLOAD_SARIF__GITHUB_WORKFLOWS_SECURITY_SCAN_YML_TRIVY_SECURITY_SCAN__TRIVY
2025-09-22T19:46:03.8417547Z ##[endgroup]
2025-09-22T19:46:03.8504594Z ##[group]Run actions/cache@0400d5f644dc74513175e3cd8d07132dd4860809
2025-09-22T19:46:03.8504904Z with:
2025-09-22T19:46:03.8505284Z   path: /home/runner/.local/bin/trivy-bin
2025-09-22T19:46:03.8505791Z   key: trivy-binary-v0.65.0-Linux-X64
2025-09-22T19:46:03.8506042Z   enableCrossOsArchive: false
2025-09-22T19:46:03.8506266Z   fail-on-cache-miss: false
2025-09-22T19:46:03.8506465Z   lookup-only: false
2025-09-22T19:46:03.8506656Z   save-always: false
2025-09-22T19:46:03.8506827Z env:
2025-09-22T19:46:03.8507015Z   CODEQL_ACTION_FEATURE_MULTI_LANGUAGE: false
2025-09-22T19:46:03.8507268Z   CODEQL_ACTION_FEATURE_SANDWICH: false
2025-09-22T19:46:03.8507519Z   CODEQL_ACTION_FEATURE_SARIF_COMBINE: true
2025-09-22T19:46:03.8507767Z   CODEQL_ACTION_FEATURE_WILL_UPLOAD: true
2025-09-22T19:46:03.8508010Z   CODEQL_ACTION_VERSION: 3.30.3
2025-09-22T19:46:03.8508364Z   CODEQL_ACTION_ANALYSIS_KEY: .github/workflows/security-scan.yml:trivy-security-scan
2025-09-22T19:46:03.8508772Z   CODEQL_WORKFLOW_STARTED_AT: 2025-09-22T19:45:57.333Z
2025-09-22T19:46:03.8509408Z   CODEQL_UPLOAD_SARIF__GITHUB_WORKFLOWS_SECURITY_SCAN_YML_TRIVY_SECURITY_SCAN__TRIVY: CODEQL_UPLOAD_SARIF__GITHUB_WORKFLOWS_SECURITY_SCAN_YML_TRIVY_SECURITY_SCAN__TRIVY
2025-09-22T19:46:03.8510003Z ##[endgroup]
2025-09-22T19:46:04.0569282Z Cache not found for input keys: trivy-binary-v0.65.0-Linux-X64
2025-09-22T19:46:04.0677001Z ##[group]Run actions/checkout@08c6903cd8c0fde910a37f88322edcfb5dd907a8
2025-09-22T19:46:04.0677344Z with:
2025-09-22T19:46:04.0677530Z   repository: aquasecurity/trivy
2025-09-22T19:46:04.0677757Z   sparse-checkout: contrib

2025-09-22T19:46:04.0677957Z   path: trivy
2025-09-22T19:46:04.0678130Z   fetch-depth: 1
2025-09-22T19:46:04.0678335Z   github-server-url: https://github.com
2025-09-22T19:46:04.0678811Z   token: ***
2025-09-22T19:46:04.0678991Z   ssh-strict: true
2025-09-22T19:46:04.0679175Z   ssh-user: git
2025-09-22T19:46:04.0679368Z   persist-credentials: true
2025-09-22T19:46:04.0679570Z   clean: true
2025-09-22T19:46:04.0679764Z   sparse-checkout-cone-mode: true
2025-09-22T19:46:04.0679993Z   fetch-tags: false
2025-09-22T19:46:04.0680178Z   show-progress: true
2025-09-22T19:46:04.0680370Z   lfs: false
2025-09-22T19:46:04.0680538Z   submodules: false
2025-09-22T19:46:04.0680723Z   set-safe-directory: true
2025-09-22T19:46:04.0680925Z env:
2025-09-22T19:46:04.0681109Z   CODEQL_ACTION_FEATURE_MULTI_LANGUAGE: false
2025-09-22T19:46:04.0681381Z   CODEQL_ACTION_FEATURE_SANDWICH: false
2025-09-22T19:46:04.0681650Z   CODEQL_ACTION_FEATURE_SARIF_COMBINE: true
2025-09-22T19:46:04.0681908Z   CODEQL_ACTION_FEATURE_WILL_UPLOAD: true
2025-09-22T19:46:04.0682154Z   CODEQL_ACTION_VERSION: 3.30.3
2025-09-22T19:46:04.0682505Z   CODEQL_ACTION_ANALYSIS_KEY: .github/workflows/security-scan.yml:trivy-security-scan
2025-09-22T19:46:04.0682920Z   CODEQL_WORKFLOW_STARTED_AT: 2025-09-22T19:45:57.333Z
2025-09-22T19:46:04.0683551Z   CODEQL_UPLOAD_SARIF__GITHUB_WORKFLOWS_SECURITY_SCAN_YML_TRIVY_SECURITY_SCAN__TRIVY: CODEQL_UPLOAD_SARIF__GITHUB_WORKFLOWS_SECURITY_SCAN_YML_TRIVY_SECURITY_SCAN__TRIVY
2025-09-22T19:46:04.0684154Z ##[endgroup]
2025-09-22T19:46:04.1504335Z Syncing repository: aquasecurity/trivy
2025-09-22T19:46:04.1510484Z ##[group]Getting Git version info
2025-09-22T19:46:04.1511660Z Working directory is '/home/runner/work/pose-coach-android-starter/pose-coach-android-starter/trivy'
2025-09-22T19:46:04.1553719Z [command]/usr/bin/git version
2025-09-22T19:46:04.1599936Z git version 2.51.0
2025-09-22T19:46:04.1621050Z ##[endgroup]
2025-09-22T19:46:04.1635859Z Temporarily overriding HOME='/home/runner/work/_temp/b6b1c850-9caf-4fa1-80dc-eb92c16a0870' before making global git config changes
2025-09-22T19:46:04.1636606Z Adding repository directory to the temporary git global config as a safe directory
2025-09-22T19:46:04.1640619Z [command]/usr/bin/git config --global --add safe.directory /home/runner/work/pose-coach-android-starter/pose-coach-android-starter/trivy
2025-09-22T19:46:04.1673559Z ##[group]Initializing the repository
2025-09-22T19:46:04.1679196Z [command]/usr/bin/git init /home/runner/work/pose-coach-android-starter/pose-coach-android-starter/trivy
2025-09-22T19:46:04.1739809Z hint: Using 'master' as the name for the initial branch. This default branch name
2025-09-22T19:46:04.1740671Z hint: is subject to change. To configure the initial branch name to use in all
2025-09-22T19:46:04.1741422Z hint: of your new repositories, which will suppress this warning, call:
2025-09-22T19:46:04.1741975Z hint:
2025-09-22T19:46:04.1742336Z hint: 	git config --global init.defaultBranch <name>
2025-09-22T19:46:04.1742790Z hint:
2025-09-22T19:46:04.1743265Z hint: Names commonly chosen instead of 'master' are 'main', 'trunk' and
2025-09-22T19:46:04.1744053Z hint: 'development'. The just-created branch can be renamed via this command:
2025-09-22T19:46:04.1744668Z hint:
2025-09-22T19:46:04.1744989Z hint: 	git branch -m <name>
2025-09-22T19:46:04.1745541Z hint:
2025-09-22T19:46:04.1746088Z hint: Disable this message with "git config set advice.defaultBranchName false"
2025-09-22T19:46:04.1747242Z Initialized empty Git repository in /home/runner/work/pose-coach-android-starter/pose-coach-android-starter/trivy/.git/
2025-09-22T19:46:04.1753161Z [command]/usr/bin/git remote add origin https://github.com/aquasecurity/trivy
2025-09-22T19:46:04.1785195Z ##[endgroup]
2025-09-22T19:46:04.1785884Z ##[group]Disabling automatic garbage collection
2025-09-22T19:46:04.1788672Z [command]/usr/bin/git config --local gc.auto 0
2025-09-22T19:46:04.1816445Z ##[endgroup]
2025-09-22T19:46:04.1816938Z ##[group]Setting up auth
2025-09-22T19:46:04.1823017Z [command]/usr/bin/git config --local --name-only --get-regexp core\.sshCommand
2025-09-22T19:46:04.1853386Z [command]/usr/bin/git submodule foreach --recursive sh -c "git config --local --name-only --get-regexp 'core\.sshCommand' && git config --local --unset-all 'core.sshCommand' || :"
2025-09-22T19:46:04.2111098Z [command]/usr/bin/git config --local --name-only --get-regexp http\.https\:\/\/github\.com\/\.extraheader
2025-09-22T19:46:04.2141280Z [command]/usr/bin/git submodule foreach --recursive sh -c "git config --local --name-only --get-regexp 'http\.https\:\/\/github\.com\/\.extraheader' && git config --local --unset-all 'http.https://github.com/.extraheader' || :"
2025-09-22T19:46:04.2368432Z [command]/usr/bin/git config --local http.https://github.com/.extraheader AUTHORIZATION: basic ***
2025-09-22T19:46:04.2406628Z ##[endgroup]
2025-09-22T19:46:04.2407288Z ##[group]Determining the default branch
2025-09-22T19:46:04.2410855Z Retrieving the default branch name
2025-09-22T19:46:04.4497977Z Default branch 'main'
2025-09-22T19:46:04.4502302Z ##[endgroup]
2025-09-22T19:46:04.4502868Z ##[group]Fetching the repository
2025-09-22T19:46:04.4508463Z [command]/usr/bin/git -c protocol.version=2 fetch --no-tags --prune --no-recurse-submodules --filter=blob:none --depth=1 origin +refs/heads/main:refs/remotes/origin/main
2025-09-22T19:46:04.6964004Z From https://github.com/aquasecurity/trivy
2025-09-22T19:46:04.6965072Z  * [new branch]      main       -> origin/main
2025-09-22T19:46:04.6997254Z ##[endgroup]
2025-09-22T19:46:04.6997834Z ##[group]Determining the checkout info
2025-09-22T19:46:04.6999121Z ##[endgroup]
2025-09-22T19:46:04.6999666Z ##[group]Setting up sparse checkout
2025-09-22T19:46:04.7005768Z [command]/usr/bin/git sparse-checkout set contrib
2025-09-22T19:46:04.7046238Z ##[endgroup]
2025-09-22T19:46:04.7046778Z ##[group]Checking out the ref
2025-09-22T19:46:04.7051942Z [command]/usr/bin/git checkout --progress --force -B main refs/remotes/origin/main
2025-09-22T19:46:04.9041788Z Switched to a new branch 'main'
2025-09-22T19:46:04.9043718Z branch 'main' set up to track 'origin/main'.
2025-09-22T19:46:04.9050714Z ##[endgroup]
2025-09-22T19:46:04.9095127Z [command]/usr/bin/git log -1 --format=%H
2025-09-22T19:46:04.9122589Z 267a9700fa233abe1a04eada8f3ea513f3ebacb3
2025-09-22T19:46:04.9245815Z ##[group]Run echo "installing Trivy binary"
2025-09-22T19:46:04.9246146Z [36;1mecho "installing Trivy binary"[0m
2025-09-22T19:46:04.9246558Z [36;1mbash ./trivy/contrib/install.sh -b /home/runner/.local/bin/trivy-bin v0.65.0[0m
2025-09-22T19:46:04.9247044Z [36;1mcp -r ./trivy/contrib /home/runner/.local/bin/trivy-bin/contrib[0m
2025-09-22T19:46:04.9247626Z [36;1mrm -rf ./trivy[0m
2025-09-22T19:46:04.9277325Z shell: /usr/bin/bash --noprofile --norc -e -o pipefail {0}
2025-09-22T19:46:04.9277640Z env:
2025-09-22T19:46:04.9277831Z   CODEQL_ACTION_FEATURE_MULTI_LANGUAGE: false
2025-09-22T19:46:04.9278116Z   CODEQL_ACTION_FEATURE_SANDWICH: false
2025-09-22T19:46:04.9278366Z   CODEQL_ACTION_FEATURE_SARIF_COMBINE: true
2025-09-22T19:46:04.9278632Z   CODEQL_ACTION_FEATURE_WILL_UPLOAD: true
2025-09-22T19:46:04.9278880Z   CODEQL_ACTION_VERSION: 3.30.3
2025-09-22T19:46:04.9279236Z   CODEQL_ACTION_ANALYSIS_KEY: .github/workflows/security-scan.yml:trivy-security-scan
2025-09-22T19:46:04.9279651Z   CODEQL_WORKFLOW_STARTED_AT: 2025-09-22T19:45:57.333Z
2025-09-22T19:46:04.9280282Z   CODEQL_UPLOAD_SARIF__GITHUB_WORKFLOWS_SECURITY_SCAN_YML_TRIVY_SECURITY_SCAN__TRIVY: CODEQL_UPLOAD_SARIF__GITHUB_WORKFLOWS_SECURITY_SCAN_YML_TRIVY_SECURITY_SCAN__TRIVY
2025-09-22T19:46:04.9280888Z ##[endgroup]
2025-09-22T19:46:04.9331181Z installing Trivy binary
2025-09-22T19:46:04.9464851Z aquasecurity/trivy info checking GitHub for tag 'v0.65.0'
2025-09-22T19:46:04.9997952Z aquasecurity/trivy info found version: 0.65.0 for v0.65.0/Linux/64bit
2025-09-22T19:46:06.3365060Z aquasecurity/trivy info installed /home/runner/.local/bin/trivy-bin/trivy
2025-09-22T19:46:06.3838110Z ##[group]Run echo /home/runner/.local/bin/trivy-bin >> $GITHUB_PATH
2025-09-22T19:46:06.3838539Z [36;1mecho /home/runner/.local/bin/trivy-bin >> $GITHUB_PATH[0m
2025-09-22T19:46:06.3868486Z shell: /usr/bin/bash --noprofile --norc -e -o pipefail {0}
2025-09-22T19:46:06.3868808Z env:
2025-09-22T19:46:06.3868999Z   CODEQL_ACTION_FEATURE_MULTI_LANGUAGE: false
2025-09-22T19:46:06.3869261Z   CODEQL_ACTION_FEATURE_SANDWICH: false
2025-09-22T19:46:06.3869513Z   CODEQL_ACTION_FEATURE_SARIF_COMBINE: true
2025-09-22T19:46:06.3869766Z   CODEQL_ACTION_FEATURE_WILL_UPLOAD: true
2025-09-22T19:46:06.3870000Z   CODEQL_ACTION_VERSION: 3.30.3
2025-09-22T19:46:06.3870373Z   CODEQL_ACTION_ANALYSIS_KEY: .github/workflows/security-scan.yml:trivy-security-scan
2025-09-22T19:46:06.3870779Z   CODEQL_WORKFLOW_STARTED_AT: 2025-09-22T19:45:57.333Z
2025-09-22T19:46:06.3871406Z   CODEQL_UPLOAD_SARIF__GITHUB_WORKFLOWS_SECURITY_SCAN_YML_TRIVY_SECURITY_SCAN__TRIVY: CODEQL_UPLOAD_SARIF__GITHUB_WORKFLOWS_SECURITY_SCAN_YML_TRIVY_SECURITY_SCAN__TRIVY
2025-09-22T19:46:06.3872006Z ##[endgroup]
2025-09-22T19:46:06.3943710Z ##[group]Run echo "date=$(date +'%Y-%m-%d')" >> $GITHUB_OUTPUT
2025-09-22T19:46:06.3944079Z [36;1mecho "date=$(date +'%Y-%m-%d')" >> $GITHUB_OUTPUT[0m
2025-09-22T19:46:06.3972907Z shell: /usr/bin/bash --noprofile --norc -e -o pipefail {0}
2025-09-22T19:46:06.3973258Z env:
2025-09-22T19:46:06.3973453Z   CODEQL_ACTION_FEATURE_MULTI_LANGUAGE: false
2025-09-22T19:46:06.3973711Z   CODEQL_ACTION_FEATURE_SANDWICH: false
2025-09-22T19:46:06.3973963Z   CODEQL_ACTION_FEATURE_SARIF_COMBINE: true
2025-09-22T19:46:06.3974206Z   CODEQL_ACTION_FEATURE_WILL_UPLOAD: true
2025-09-22T19:46:06.3974461Z   CODEQL_ACTION_VERSION: 3.30.3
2025-09-22T19:46:06.3974812Z   CODEQL_ACTION_ANALYSIS_KEY: .github/workflows/security-scan.yml:trivy-security-scan
2025-09-22T19:46:06.3975229Z   CODEQL_WORKFLOW_STARTED_AT: 2025-09-22T19:45:57.333Z
2025-09-22T19:46:06.3976081Z   CODEQL_UPLOAD_SARIF__GITHUB_WORKFLOWS_SECURITY_SCAN_YML_TRIVY_SECURITY_SCAN__TRIVY: CODEQL_UPLOAD_SARIF__GITHUB_WORKFLOWS_SECURITY_SCAN_YML_TRIVY_SECURITY_SCAN__TRIVY
2025-09-22T19:46:06.3976858Z ##[endgroup]
2025-09-22T19:46:06.4073551Z ##[group]Run actions/cache@0400d5f644dc74513175e3cd8d07132dd4860809
2025-09-22T19:46:06.4073869Z with:
2025-09-22T19:46:06.4074217Z   path: /home/runner/work/pose-coach-android-starter/pose-coach-android-starter/.cache/trivy
2025-09-22T19:46:06.4074681Z   key: cache-trivy-2025-09-22
2025-09-22T19:46:06.4074900Z   restore-keys: cache-trivy-
2025-09-22T19:46:06.4075118Z   enableCrossOsArchive: false
2025-09-22T19:46:06.4075495Z   fail-on-cache-miss: false
2025-09-22T19:46:06.4075752Z   lookup-only: false
2025-09-22T19:46:06.4076219Z   save-always: false
2025-09-22T19:46:06.4076391Z env:
2025-09-22T19:46:06.4076688Z   CODEQL_ACTION_FEATURE_MULTI_LANGUAGE: false
2025-09-22T19:46:06.4076958Z   CODEQL_ACTION_FEATURE_SANDWICH: false
2025-09-22T19:46:06.4077211Z   CODEQL_ACTION_FEATURE_SARIF_COMBINE: true
2025-09-22T19:46:06.4077470Z   CODEQL_ACTION_FEATURE_WILL_UPLOAD: true
2025-09-22T19:46:06.4077715Z   CODEQL_ACTION_VERSION: 3.30.3
2025-09-22T19:46:06.4078055Z   CODEQL_ACTION_ANALYSIS_KEY: .github/workflows/security-scan.yml:trivy-security-scan
2025-09-22T19:46:06.4078460Z   CODEQL_WORKFLOW_STARTED_AT: 2025-09-22T19:45:57.333Z
2025-09-22T19:46:06.4079102Z   CODEQL_UPLOAD_SARIF__GITHUB_WORKFLOWS_SECURITY_SCAN_YML_TRIVY_SECURITY_SCAN__TRIVY: CODEQL_UPLOAD_SARIF__GITHUB_WORKFLOWS_SECURITY_SCAN_YML_TRIVY_SECURITY_SCAN__TRIVY
2025-09-22T19:46:06.4079688Z ##[endgroup]
2025-09-22T19:46:06.6111143Z Cache not found for input keys: cache-trivy-2025-09-22, cache-trivy-
2025-09-22T19:46:06.6177596Z ##[group]Run echo "$GITHUB_ACTION_PATH" >> $GITHUB_PATH
2025-09-22T19:46:06.6177959Z [36;1mecho "$GITHUB_ACTION_PATH" >> $GITHUB_PATH[0m
2025-09-22T19:46:06.6208043Z shell: /usr/bin/bash --noprofile --norc -e -o pipefail {0}
2025-09-22T19:46:06.6208354Z env:
2025-09-22T19:46:06.6208548Z   CODEQL_ACTION_FEATURE_MULTI_LANGUAGE: false
2025-09-22T19:46:06.6208815Z   CODEQL_ACTION_FEATURE_SANDWICH: false
2025-09-22T19:46:06.6209070Z   CODEQL_ACTION_FEATURE_SARIF_COMBINE: true
2025-09-22T19:46:06.6209316Z   CODEQL_ACTION_FEATURE_WILL_UPLOAD: true
2025-09-22T19:46:06.6209560Z   CODEQL_ACTION_VERSION: 3.30.3
2025-09-22T19:46:06.6209913Z   CODEQL_ACTION_ANALYSIS_KEY: .github/workflows/security-scan.yml:trivy-security-scan
2025-09-22T19:46:06.6210324Z   CODEQL_WORKFLOW_STARTED_AT: 2025-09-22T19:45:57.333Z
2025-09-22T19:46:06.6210961Z   CODEQL_UPLOAD_SARIF__GITHUB_WORKFLOWS_SECURITY_SCAN_YML_TRIVY_SECURITY_SCAN__TRIVY: CODEQL_UPLOAD_SARIF__GITHUB_WORKFLOWS_SECURITY_SCAN_YML_TRIVY_SECURITY_SCAN__TRIVY
2025-09-22T19:46:06.6211683Z   GITHUB_ACTION_PATH: /home/runner/work/_actions/aquasecurity/trivy-action/master
2025-09-22T19:46:06.6212042Z ##[endgroup]
2025-09-22T19:46:06.6283352Z ##[group]Run rm -f trivy_envs.txt
2025-09-22T19:46:06.6283627Z [36;1mrm -f trivy_envs.txt[0m
2025-09-22T19:46:06.6283844Z [36;1mtouch trivy_envs.txt[0m
2025-09-22T19:46:06.6313055Z shell: /usr/bin/bash --noprofile --norc -e -o pipefail {0}
2025-09-22T19:46:06.6313374Z env:
2025-09-22T19:46:06.6313562Z   CODEQL_ACTION_FEATURE_MULTI_LANGUAGE: false
2025-09-22T19:46:06.6313828Z   CODEQL_ACTION_FEATURE_SANDWICH: false
2025-09-22T19:46:06.6314076Z   CODEQL_ACTION_FEATURE_SARIF_COMBINE: true
2025-09-22T19:46:06.6314335Z   CODEQL_ACTION_FEATURE_WILL_UPLOAD: true
2025-09-22T19:46:06.6314576Z   CODEQL_ACTION_VERSION: 3.30.3
2025-09-22T19:46:06.6314924Z   CODEQL_ACTION_ANALYSIS_KEY: .github/workflows/security-scan.yml:trivy-security-scan
2025-09-22T19:46:06.6315494Z   CODEQL_WORKFLOW_STARTED_AT: 2025-09-22T19:45:57.333Z
2025-09-22T19:46:06.6316177Z   CODEQL_UPLOAD_SARIF__GITHUB_WORKFLOWS_SECURITY_SCAN_YML_TRIVY_SECURITY_SCAN__TRIVY: CODEQL_UPLOAD_SARIF__GITHUB_WORKFLOWS_SECURITY_SCAN_YML_TRIVY_SECURITY_SCAN__TRIVY
2025-09-22T19:46:06.6316817Z ##[endgroup]
2025-09-22T19:46:06.6408890Z ##[group]Run # Note: There is currently no way to distinguish between undefined variables and empty strings in GitHub Actions.
2025-09-22T19:46:06.6409929Z [36;1m# Note: There is currently no way to distinguish between undefined variables and empty strings in GitHub Actions.[0m
2025-09-22T19:46:06.6410506Z [36;1m# This limitation affects how we handle default values and empty inputs.[0m
2025-09-22T19:46:06.6410987Z [36;1m# For more information, see: https://github.com/actions/runner/issues/924[0m
2025-09-22T19:46:06.6411340Z [36;1m[0m
2025-09-22T19:46:06.6411667Z [36;1m# The following logic implements the configuration priority described in the README:[0m
2025-09-22T19:46:06.6412043Z [36;1m#[0m
2025-09-22T19:46:06.6412209Z [36;1m# Inputs[0m
2025-09-22T19:46:06.6412391Z [36;1m# Environment Variables[0m
2025-09-22T19:46:06.6412773Z [36;1m# Config File[0m
2025-09-22T19:46:06.6412962Z [36;1m# Defaults[0m
2025-09-22T19:46:06.6413138Z [36;1m#[0m
2025-09-22T19:46:06.6413489Z [36;1m# As noted above defaults are awkward to handle as GitHub Actions will inject those values as the input[0m
2025-09-22T19:46:06.6414090Z [36;1m# if the caller doesn't provide them, thus if the input matches the default we don't set it as we[0m
2025-09-22T19:46:06.6414670Z [36;1m# can't tell the difference.  Plus if we did set it when it was the default value then it could potentially [0m
2025-09-22T19:46:06.6415319Z [36;1m# override an external environment variable, or something in the callers configuration file, which then wouldn't [0m
2025-09-22T19:46:06.6416238Z [36;1m# match the configuration priority that is documented.[0m
2025-09-22T19:46:06.6416567Z [36;1mset_env_var_if_provided() {[0m
2025-09-22T19:46:06.6416804Z [36;1m  local var_name="$1"[0m
2025-09-22T19:46:06.6417026Z [36;1m  local input_value="$2"[0m
2025-09-22T19:46:06.6417258Z [36;1m  local default_value="$3"[0m
2025-09-22T19:46:06.6417471Z [36;1m[0m
2025-09-22T19:46:06.6417713Z [36;1m  if [ ! -z "$input_value" ] && [ "$input_value" != "$default_value" ]; then[0m
2025-09-22T19:46:06.6418124Z [36;1m    # If action was provided with explicit input by the caller set that[0m
2025-09-22T19:46:06.6418517Z [36;1m    echo "export $var_name=$input_value" >> trivy_envs.txt[0m
2025-09-22T19:46:06.6418792Z [36;1m  fi[0m
2025-09-22T19:46:06.6418953Z [36;1m}[0m
2025-09-22T19:46:06.6419099Z [36;1m[0m
2025-09-22T19:46:06.6419351Z [36;1m# Set environment variables, handling those with default values[0m
2025-09-22T19:46:06.6419857Z [36;1m# cf. https://aquasecurity.github.io/trivy/latest/docs/configuration/#environment-variables[0m
2025-09-22T19:46:06.6420325Z [36;1mset_env_var_if_provided "TRIVY_INPUT" "" ""[0m
2025-09-22T19:46:06.6420634Z [36;1mset_env_var_if_provided "TRIVY_EXIT_CODE" "1" ""[0m
2025-09-22T19:46:06.6420983Z [36;1mset_env_var_if_provided "TRIVY_IGNORE_UNFIXED" "false" "false"[0m
2025-09-22T19:46:06.6421412Z [36;1mset_env_var_if_provided "TRIVY_PKG_TYPES" "os,library" "os,library"[0m
2025-09-22T19:46:06.6421902Z [36;1mset_env_var_if_provided "TRIVY_SEVERITY" "CRITICAL,HIGH" "UNKNOWN,LOW,MEDIUM,HIGH,CRITICAL"[0m
2025-09-22T19:46:06.6422368Z [36;1mset_env_var_if_provided "TRIVY_FORMAT" "table" "table"[0m
2025-09-22T19:46:06.6422703Z [36;1mset_env_var_if_provided "TRIVY_TEMPLATE" "" ""[0m
2025-09-22T19:46:06.6422999Z [36;1mset_env_var_if_provided "TRIVY_OUTPUT" "" ""[0m
2025-09-22T19:46:06.6423302Z [36;1mset_env_var_if_provided "TRIVY_SKIP_DIRS" "" ""[0m
2025-09-22T19:46:06.6423609Z [36;1mset_env_var_if_provided "TRIVY_SKIP_FILES" "" ""[0m
2025-09-22T19:46:06.6423919Z [36;1mset_env_var_if_provided "TRIVY_TIMEOUT" "" ""[0m
2025-09-22T19:46:06.6424225Z [36;1mset_env_var_if_provided "TRIVY_IGNORE_POLICY" "" ""[0m
2025-09-22T19:46:06.6424597Z [36;1mset_env_var_if_provided "TRIVY_QUIET" "" ""[0m
2025-09-22T19:46:06.6424991Z [36;1mset_env_var_if_provided "TRIVY_LIST_ALL_PKGS" "false" "false"[0m
2025-09-22T19:46:06.6425598Z [36;1mset_env_var_if_provided "TRIVY_SCANNERS" "" ""[0m
2025-09-22T19:46:06.6426053Z [36;1mset_env_var_if_provided "TRIVY_CONFIG" "" ""[0m
2025-09-22T19:46:06.6426438Z [36;1mset_env_var_if_provided "TRIVY_TF_VARS" "" ""[0m
2025-09-22T19:46:06.6427123Z [36;1mset_env_var_if_provided "TRIVY_DOCKER_HOST" "" ""[0m
2025-09-22T19:46:06.6456239Z shell: /usr/bin/bash --noprofile --norc -e -o pipefail {0}
2025-09-22T19:46:06.6456638Z env:
2025-09-22T19:46:06.6456955Z   CODEQL_ACTION_FEATURE_MULTI_LANGUAGE: false
2025-09-22T19:46:06.6457380Z   CODEQL_ACTION_FEATURE_SANDWICH: false
2025-09-22T19:46:06.6457694Z   CODEQL_ACTION_FEATURE_SARIF_COMBINE: true
2025-09-22T19:46:06.6458099Z   CODEQL_ACTION_FEATURE_WILL_UPLOAD: true
2025-09-22T19:46:06.6458435Z   CODEQL_ACTION_VERSION: 3.30.3
2025-09-22T19:46:06.6516731Z   CODEQL_ACTION_ANALYSIS_KEY: .github/workflows/security-scan.yml:trivy-security-scan
2025-09-22T19:46:06.6517427Z   CODEQL_WORKFLOW_STARTED_AT: 2025-09-22T19:45:57.333Z
2025-09-22T19:46:06.6518120Z   CODEQL_UPLOAD_SARIF__GITHUB_WORKFLOWS_SECURITY_SCAN_YML_TRIVY_SECURITY_SCAN__TRIVY: CODEQL_UPLOAD_SARIF__GITHUB_WORKFLOWS_SECURITY_SCAN_YML_TRIVY_SECURITY_SCAN__TRIVY
2025-09-22T19:46:06.6518788Z ##[endgroup]
2025-09-22T19:46:06.6596509Z ##[group]Run entrypoint.sh
2025-09-22T19:46:06.6596748Z [36;1mentrypoint.sh[0m
2025-09-22T19:46:06.6625209Z shell: /usr/bin/bash --noprofile --norc -e -o pipefail {0}
2025-09-22T19:46:06.6625754Z env:
2025-09-22T19:46:06.6625953Z   CODEQL_ACTION_FEATURE_MULTI_LANGUAGE: false
2025-09-22T19:46:06.6626215Z   CODEQL_ACTION_FEATURE_SANDWICH: false
2025-09-22T19:46:06.6626474Z   CODEQL_ACTION_FEATURE_SARIF_COMBINE: true
2025-09-22T19:46:06.6626727Z   CODEQL_ACTION_FEATURE_WILL_UPLOAD: true
2025-09-22T19:46:06.6626973Z   CODEQL_ACTION_VERSION: 3.30.3
2025-09-22T19:46:06.6627325Z   CODEQL_ACTION_ANALYSIS_KEY: .github/workflows/security-scan.yml:trivy-security-scan
2025-09-22T19:46:06.6627754Z   CODEQL_WORKFLOW_STARTED_AT: 2025-09-22T19:45:57.333Z
2025-09-22T19:46:06.6628398Z   CODEQL_UPLOAD_SARIF__GITHUB_WORKFLOWS_SECURITY_SCAN_YML_TRIVY_SECURITY_SCAN__TRIVY: CODEQL_UPLOAD_SARIF__GITHUB_WORKFLOWS_SECURITY_SCAN_YML_TRIVY_SECURITY_SCAN__TRIVY
2025-09-22T19:46:06.6629003Z   INPUT_SCAN_TYPE: config
2025-09-22T19:46:06.6629217Z   INPUT_IMAGE_REF: 
2025-09-22T19:46:06.6629390Z   INPUT_SCAN_REF: .
2025-09-22T19:46:06.6629569Z   INPUT_TRIVYIGNORES: 
2025-09-22T19:46:06.6629749Z   INPUT_GITHUB_PAT: 
2025-09-22T19:46:06.6629947Z   INPUT_LIMIT_SEVERITIES_FOR_SARIF: 
2025-09-22T19:46:06.6630392Z   TRIVY_CACHE_DIR: /home/runner/work/pose-coach-android-starter/pose-coach-android-starter/.cache/trivy
2025-09-22T19:46:06.6630819Z ##[endgroup]
2025-09-22T19:46:06.6693915Z Running Trivy with options: trivy config .
2025-09-22T19:46:06.7294054Z 2025-09-22T19:46:06Z	INFO	[misconfig] Misconfiguration scanning is enabled
2025-09-22T19:46:06.7294856Z 2025-09-22T19:46:06Z	INFO	[misconfig] Need to update the checks bundle
2025-09-22T19:46:06.7295810Z 2025-09-22T19:46:06Z	INFO	[misconfig] Downloading the checks bundle...
2025-09-22T19:46:08.5438580Z 165.20 KiB / 165.20 KiB [---------------------------------------------------------] 100.00% ? p/s 0s2025-09-22T19:46:08Z	INFO	Detected config files	num=1
2025-09-22T19:46:08.5443433Z 
2025-09-22T19:46:08.5443989Z 📣 [34mNotices:[0m
2025-09-22T19:46:08.5444619Z   - Version 0.66.0 of Trivy is now available, current version is 0.65.0
2025-09-22T19:46:08.5445128Z 
2025-09-22T19:46:08.5445738Z To suppress version checks, run Trivy scans with the --skip-version-check flag
2025-09-22T19:46:08.5446351Z 
2025-09-22T19:46:08.5446364Z 
2025-09-22T19:46:08.5446567Z Report Summary
2025-09-22T19:46:08.5446781Z 
2025-09-22T19:46:08.5447384Z ┌─────────────────────────┬────────────┬───────────────────┐
2025-09-22T19:46:08.5448134Z │         Target          │    Type    │ Misconfigurations │
2025-09-22T19:46:08.5448919Z ├─────────────────────────┼────────────┼───────────────────┤
2025-09-22T19:46:08.5449730Z │ docker/Dockerfile.build │ dockerfile │         8         │
2025-09-22T19:46:08.5450408Z └─────────────────────────┴────────────┴───────────────────┘
2025-09-22T19:46:08.5450813Z Legend:
2025-09-22T19:46:08.5451079Z - '-': Not scanned
2025-09-22T19:46:08.5451414Z - '0': Clean (no security findings detected)
2025-09-22T19:46:08.5452081Z 
2025-09-22T19:46:08.5452096Z 
2025-09-22T19:46:08.5452255Z docker/Dockerfile.build (dockerfile)
2025-09-22T19:46:08.5452674Z ====================================
2025-09-22T19:46:08.5453093Z Tests: 27 (SUCCESSES: 19, FAILURES: 8)
2025-09-22T19:46:08.5453528Z Failures: 8 (HIGH: 8, CRITICAL: 0)
2025-09-22T19:46:08.5453812Z 
2025-09-22T19:46:08.5454492Z AVD-DS-0029 (HIGH): '--no-install-recommends' flag is missed: 'apt-get update && apt-get install -y     aapt     && rm -rf /var/lib/apt/lists/*'
2025-09-22T19:46:08.5455806Z ════════════════════════════════════════
2025-09-22T19:46:08.5456446Z 'apt-get' install should use '--no-install-recommends' to minimize image size.
2025-09-22T19:46:08.5457217Z 
2025-09-22T19:46:08.5457417Z See https://avd.aquasec.com/misconfig/ds029
2025-09-22T19:46:08.5458004Z ────────────────────────────────────────
2025-09-22T19:46:08.5458449Z  docker/Dockerfile.build:189-191
2025-09-22T19:46:08.5458964Z ────────────────────────────────────────
2025-09-22T19:46:08.5459552Z  189 ┌ RUN apt-get update && apt-get install -y \
2025-09-22T19:46:08.5460062Z  190 │     aapt \
2025-09-22T19:46:08.5460450Z  191 └     && rm -rf /var/lib/apt/lists/*
2025-09-22T19:46:08.5460945Z ────────────────────────────────────────
2025-09-22T19:46:08.5461200Z 
2025-09-22T19:46:08.5461206Z 
2025-09-22T19:46:08.5461979Z AVD-DS-0029 (HIGH): '--no-install-recommends' flag is missed: 'apt-get update && apt-get install -y     build-essential     cmake     ninja-build     && rm -rf /var/lib/apt/lists/*'
2025-09-22T19:46:08.5463133Z ════════════════════════════════════════
2025-09-22T19:46:08.5463694Z 'apt-get' install should use '--no-install-recommends' to minimize image size.
2025-09-22T19:46:08.5464164Z 
2025-09-22T19:46:08.5464329Z See https://avd.aquasec.com/misconfig/ds029
2025-09-22T19:46:08.5464844Z ────────────────────────────────────────
2025-09-22T19:46:08.5465224Z  docker/Dockerfile.build:74-78
2025-09-22T19:46:08.5465835Z ────────────────────────────────────────
2025-09-22T19:46:08.5466345Z   74 ┌ RUN apt-get update && apt-get install -y \
2025-09-22T19:46:08.5466828Z   75 │     build-essential \
2025-09-22T19:46:08.5467187Z   76 │     cmake \
2025-09-22T19:46:08.5467516Z   77 │     ninja-build \
2025-09-22T19:46:08.5467918Z   78 └     && rm -rf /var/lib/apt/lists/*
2025-09-22T19:46:08.5468404Z ────────────────────────────────────────
2025-09-22T19:46:08.5468663Z 
2025-09-22T19:46:08.5468669Z 
2025-09-22T19:46:08.5469380Z AVD-DS-0029 (HIGH): '--no-install-recommends' flag is missed: 'apt-get update && apt-get install -y     jq     curl     git     ssh-client     rsync     && rm -rf /var/lib/apt/lists/*'
2025-09-22T19:46:08.5470452Z ════════════════════════════════════════
2025-09-22T19:46:08.5471022Z 'apt-get' install should use '--no-install-recommends' to minimize image size.
2025-09-22T19:46:08.5471471Z 
2025-09-22T19:46:08.5471644Z See https://avd.aquasec.com/misconfig/ds029
2025-09-22T19:46:08.5472156Z ────────────────────────────────────────
2025-09-22T19:46:08.5472738Z  docker/Dockerfile.build:257-263
2025-09-22T19:46:08.5473204Z ────────────────────────────────────────
2025-09-22T19:46:08.5473698Z  257 ┌ RUN apt-get update && apt-get install -y \
2025-09-22T19:46:08.5474139Z  258 │     jq \
2025-09-22T19:46:08.5474446Z  259 │     curl \
2025-09-22T19:46:08.5474741Z  260 │     git \
2025-09-22T19:46:08.5475065Z  261 │     ssh-client \
2025-09-22T19:46:08.5475540Z  262 │     rsync \
2025-09-22T19:46:08.5475921Z  263 └     && rm -rf /var/lib/apt/lists/*
2025-09-22T19:46:08.5476411Z ────────────────────────────────────────
2025-09-22T19:46:08.5476663Z 
2025-09-22T19:46:08.5476669Z 
2025-09-22T19:46:08.5477346Z AVD-DS-0029 (HIGH): '--no-install-recommends' flag is missed: 'apt-get update && apt-get install -y     vim     nano     htop     git-flow     && rm -rf /var/lib/apt/lists/*'
2025-09-22T19:46:08.5478577Z ════════════════════════════════════════
2025-09-22T19:46:08.5479125Z 'apt-get' install should use '--no-install-recommends' to minimize image size.
2025-09-22T19:46:08.5479599Z 
2025-09-22T19:46:08.5479766Z See https://avd.aquasec.com/misconfig/ds029
2025-09-22T19:46:08.5480280Z ────────────────────────────────────────
2025-09-22T19:46:08.5480657Z  docker/Dockerfile.build:227-232
2025-09-22T19:46:08.5481120Z ────────────────────────────────────────
2025-09-22T19:46:08.5481602Z  227 ┌ RUN apt-get update && apt-get install -y \
2025-09-22T19:46:08.5482040Z  228 │     vim \
2025-09-22T19:46:08.5482337Z  229 │     nano \
2025-09-22T19:46:08.5482644Z  230 │     htop \
2025-09-22T19:46:08.5482953Z  231 │     git-flow \
2025-09-22T19:46:08.5483336Z  232 └     && rm -rf /var/lib/apt/lists/*
2025-09-22T19:46:08.5483817Z ────────────────────────────────────────
2025-09-22T19:46:08.5484106Z 
2025-09-22T19:46:08.5484113Z 
2025-09-22T19:46:08.5484743Z AVD-DS-0029 (HIGH): '--no-install-recommends' flag is missed: 'apt-get update && apt-get install -y     wget     && rm -rf /var/lib/apt/lists/*'
2025-09-22T19:46:08.5485929Z ════════════════════════════════════════
2025-09-22T19:46:08.5486496Z 'apt-get' install should use '--no-install-recommends' to minimize image size.
2025-09-22T19:46:08.5486951Z 
2025-09-22T19:46:08.5487115Z See https://avd.aquasec.com/misconfig/ds029
2025-09-22T19:46:08.5487623Z ────────────────────────────────────────
2025-09-22T19:46:08.5488012Z  docker/Dockerfile.build:157-159
2025-09-22T19:46:08.5488469Z ────────────────────────────────────────
2025-09-22T19:46:08.5488954Z  157 ┌ RUN apt-get update && apt-get install -y \
2025-09-22T19:46:08.5489401Z  158 │     wget \
2025-09-22T19:46:08.5489751Z  159 └     && rm -rf /var/lib/apt/lists/*
2025-09-22T19:46:08.5490219Z ────────────────────────────────────────
2025-09-22T19:46:08.5490456Z 
2025-09-22T19:46:08.5490481Z 
2025-09-22T19:46:08.5491188Z AVD-DS-0029 (HIGH): '--no-install-recommends' flag is missed: 'apt-get update && apt-get install -y     wget     unzip     git     curl     python3     python3-pip     && rm -rf /var/lib/apt/lists/*'
2025-09-22T19:46:08.5492242Z ════════════════════════════════════════
2025-09-22T19:46:08.5492763Z 'apt-get' install should use '--no-install-recommends' to minimize image size.
2025-09-22T19:46:08.5493170Z 
2025-09-22T19:46:08.5493321Z See https://avd.aquasec.com/misconfig/ds029
2025-09-22T19:46:08.5493794Z ────────────────────────────────────────
2025-09-22T19:46:08.5494151Z  docker/Dockerfile.build:10-17
2025-09-22T19:46:08.5494578Z ────────────────────────────────────────
2025-09-22T19:46:08.5495031Z   10 ┌ RUN apt-get update && apt-get install -y \
2025-09-22T19:46:08.5495585Z   11 │     wget \
2025-09-22T19:46:08.5495880Z   12 │     unzip \
2025-09-22T19:46:08.5496186Z   13 │     git \
2025-09-22T19:46:08.5496478Z   14 │     curl \
2025-09-22T19:46:08.5496948Z   15 │     python3 \
2025-09-22T19:46:08.5497283Z   16 │     python3-pip \
2025-09-22T19:46:08.5497667Z   17 └     && rm -rf /var/lib/apt/lists/*
2025-09-22T19:46:08.5498127Z ────────────────────────────────────────
2025-09-22T19:46:08.5498370Z 
2025-09-22T19:46:08.5498376Z 
2025-09-22T19:46:08.5499214Z AVD-DS-0029 (HIGH): '--no-install-recommends' flag is missed: 'apt-get update && apt-get install -y     xvfb     libgl1-mesa-glx     libpulse0     && rm -rf /var/lib/apt/lists/*'
2025-09-22T19:46:08.5500221Z ════════════════════════════════════════
2025-09-22T19:46:08.5500747Z 'apt-get' install should use '--no-install-recommends' to minimize image size.
2025-09-22T19:46:08.5501177Z 
2025-09-22T19:46:08.5501336Z See https://avd.aquasec.com/misconfig/ds029
2025-09-22T19:46:08.5501839Z ────────────────────────────────────────
2025-09-22T19:46:08.5502217Z  docker/Dockerfile.build:133-137
2025-09-22T19:46:08.5502666Z ────────────────────────────────────────
2025-09-22T19:46:08.5503157Z  133 ┌ RUN apt-get update && apt-get install -y \
2025-09-22T19:46:08.5503613Z  134 │     xvfb \
2025-09-22T19:46:08.5503950Z  135 │     libgl1-mesa-glx \
2025-09-22T19:46:08.5504322Z  136 │     libpulse0 \
2025-09-22T19:46:08.5504707Z  137 └     && rm -rf /var/lib/apt/lists/*
2025-09-22T19:46:08.5505185Z ────────────────────────────────────────
2025-09-22T19:46:08.5505606Z 
2025-09-22T19:46:08.5505613Z 
2025-09-22T19:46:08.5507804Z AVD-DS-0029 (HIGH): '--no-install-recommends' flag is missed: 'echo "deb [signed-by=/usr/share/keyrings/cloud.google.gpg] https://packages.cloud.google.com/apt cloud-sdk main" | tee -a /etc/apt/sources.list.d/google-cloud-sdk.list &&     curl https://packages.cloud.google.com/apt/doc/apt-key.gpg | apt-key --keyring /usr/share/keyrings/cloud.google.gpg add - &&     apt-get update && apt-get install -y google-cloud-sdk &&     rm -rf /var/lib/apt/lists/*'
2025-09-22T19:46:08.5510389Z ════════════════════════════════════════
2025-09-22T19:46:08.5510937Z 'apt-get' install should use '--no-install-recommends' to minimize image size.
2025-09-22T19:46:08.5511414Z 
2025-09-22T19:46:08.5511575Z See https://avd.aquasec.com/misconfig/ds029
2025-09-22T19:46:08.5512088Z ────────────────────────────────────────
2025-09-22T19:46:08.5512468Z  docker/Dockerfile.build:266-269
2025-09-22T19:46:08.5512928Z ────────────────────────────────────────
2025-09-22T19:46:08.5514241Z  266 ┌ RUN echo "deb [signed-by=/usr/share/keyrings/cloud.google.gpg] https://packages.cloud.google.com/apt cloud-sdk main" | tee -a /etc/apt/sources.list.d/google-cloud-sdk.list && \
2025-09-22T19:46:08.5516128Z  267 │     curl https://packages.cloud.google.com/apt/doc/apt-key.gpg | apt-key --keyring /usr/share/keyrings/cloud.google.gpg add - && \
2025-09-22T19:46:08.5517205Z  268 │     apt-get update && apt-get install -y google-cloud-sdk && \
2025-09-22T19:46:08.5517772Z  269 └     rm -rf /var/lib/apt/lists/*
2025-09-22T19:46:08.5518279Z ────────────────────────────────────────
2025-09-22T19:46:08.5518547Z 
2025-09-22T19:46:08.5518553Z 
2025-09-22T19:46:08.5551768Z ##[error]Process completed with exit code 1.
2025-09-22T19:46:08.5570596Z ##[group]Run rm -f trivy_envs.txt
2025-09-22T19:46:08.5570858Z [36;1mrm -f trivy_envs.txt[0m
2025-09-22T19:46:08.5600062Z shell: /usr/bin/bash --noprofile --norc -e -o pipefail {0}
2025-09-22T19:46:08.5600365Z env:
2025-09-22T19:46:08.5600741Z   CODEQL_ACTION_FEATURE_MULTI_LANGUAGE: false
2025-09-22T19:46:08.5601007Z   CODEQL_ACTION_FEATURE_SANDWICH: false
2025-09-22T19:46:08.5601287Z   CODEQL_ACTION_FEATURE_SARIF_COMBINE: true
2025-09-22T19:46:08.5601544Z   CODEQL_ACTION_FEATURE_WILL_UPLOAD: true
2025-09-22T19:46:08.5601794Z   CODEQL_ACTION_VERSION: 3.30.3
2025-09-22T19:46:08.5602144Z   CODEQL_ACTION_ANALYSIS_KEY: .github/workflows/security-scan.yml:trivy-security-scan
2025-09-22T19:46:08.5602555Z   CODEQL_WORKFLOW_STARTED_AT: 2025-09-22T19:45:57.333Z
2025-09-22T19:46:08.5603196Z   CODEQL_UPLOAD_SARIF__GITHUB_WORKFLOWS_SECURITY_SCAN_YML_TRIVY_SECURITY_SCAN__TRIVY: CODEQL_UPLOAD_SARIF__GITHUB_WORKFLOWS_SECURITY_SCAN_YML_TRIVY_SECURITY_SCAN__TRIVY
2025-09-22T19:46:08.5603938Z ##[endgroup]
