2025-09-22T19:45:46.9467015Z Current runner version: '2.328.0'
2025-09-22T19:45:46.9493572Z ##[group]Runner Image Provisioner
2025-09-22T19:45:46.9494330Z Hosted Compute Agent
2025-09-22T19:45:46.9494970Z Version: 20250829.383
2025-09-22T19:45:46.9495694Z Commit: 27cb235aab5b0e52e153a26cd86b4742e89dac5d
2025-09-22T19:45:46.9496381Z Build Date: 2025-08-29T13:48:48Z
2025-09-22T19:45:46.9497034Z ##[endgroup]
2025-09-22T19:45:46.9497588Z ##[group]Operating System
2025-09-22T19:45:46.9498089Z Ubuntu
2025-09-22T19:45:46.9498635Z 24.04.3
2025-09-22T19:45:46.9499058Z LTS
2025-09-22T19:45:46.9499497Z ##[endgroup]
2025-09-22T19:45:46.9500048Z ##[group]Runner Image
2025-09-22T19:45:46.9500582Z Image: ubuntu-24.04
2025-09-22T19:45:46.9501056Z Version: 20250907.24.1
2025-09-22T19:45:46.9502083Z Included Software: https://github.com/actions/runner-images/blob/ubuntu24/20250907.24/images/ubuntu/Ubuntu2404-Readme.md
2025-09-22T19:45:46.9503651Z Image Release: https://github.com/actions/runner-images/releases/tag/ubuntu24%2F20250907.24
2025-09-22T19:45:46.9504690Z ##[endgroup]
2025-09-22T19:45:46.9506213Z ##[group]GITHUB_TOKEN Permissions
2025-09-22T19:45:46.9508835Z Actions: read
2025-09-22T19:45:46.9509359Z Contents: read
2025-09-22T19:45:46.9509838Z Metadata: read
2025-09-22T19:45:46.9510396Z SecurityEvents: write
2025-09-22T19:45:46.9510936Z ##[endgroup]
2025-09-22T19:45:46.9513416Z Secret source: Actions
2025-09-22T19:45:46.9514398Z Prepare workflow directory
2025-09-22T19:45:46.9855740Z Prepare all required actions
2025-09-22T19:45:46.9895618Z Getting action download info
2025-09-22T19:45:47.3061643Z Download action repository 'actions/checkout@v4' (SHA:08eba0b27e820071cde6df949e0beb9ba4906955)
2025-09-22T19:45:47.4999146Z Download action repository 'aquasecurity/trivy-action@master' (SHA:b6643a29fecd7f34b3597bc6acb0a98b03d33ff8)
2025-09-22T19:45:47.6651404Z Download action repository 'github/codeql-action@v3' (SHA:192325c86100d080feab897ff886c34abd4c83a3)
2025-09-22T19:45:48.2752913Z Getting action download info
2025-09-22T19:45:48.4312254Z Download action repository 'aquasecurity/setup-trivy@e6c2c5e321ed9123bda567646e2f96565e34abe1' (SHA:e6c2c5e321ed9123bda567646e2f96565e34abe1)
2025-09-22T19:45:48.5834039Z Download action repository 'actions/cache@0400d5f644dc74513175e3cd8d07132dd4860809' (SHA:0400d5f644dc74513175e3cd8d07132dd4860809)
2025-09-22T19:45:48.6887330Z Getting action download info
2025-09-22T19:45:48.8071374Z Download action repository 'actions/checkout@08c6903cd8c0fde910a37f88322edcfb5dd907a8' (SHA:08c6903cd8c0fde910a37f88322edcfb5dd907a8)
2025-09-22T19:45:48.9300739Z Getting action download info
2025-09-22T19:45:49.1291910Z Getting action download info
2025-09-22T19:45:49.3661203Z Complete job name: Trivy Vulnerability Scanner
2025-09-22T19:45:49.4420176Z ##[group]Run actions/checkout@v4
2025-09-22T19:45:49.4421445Z with:
2025-09-22T19:45:49.4422197Z   repository: thc1006/pose-coach-android-starter
2025-09-22T19:45:49.4423459Z   token: ***
2025-09-22T19:45:49.4424104Z   ssh-strict: true
2025-09-22T19:45:49.4424779Z   ssh-user: git
2025-09-22T19:45:49.4425746Z   persist-credentials: true
2025-09-22T19:45:49.4426552Z   clean: true
2025-09-22T19:45:49.4427248Z   sparse-checkout-cone-mode: true
2025-09-22T19:45:49.4428098Z   fetch-depth: 1
2025-09-22T19:45:49.4428771Z   fetch-tags: false
2025-09-22T19:45:49.4429464Z   show-progress: true
2025-09-22T19:45:49.4430153Z   lfs: false
2025-09-22T19:45:49.4430785Z   submodules: false
2025-09-22T19:45:49.4431495Z   set-safe-directory: true
2025-09-22T19:45:49.4432675Z ##[endgroup]
2025-09-22T19:45:49.5534950Z Syncing repository: thc1006/pose-coach-android-starter
2025-09-22T19:45:49.5537749Z ##[group]Getting Git version info
2025-09-22T19:45:49.5539419Z Working directory is '/home/runner/work/pose-coach-android-starter/pose-coach-android-starter'
2025-09-22T19:45:49.5541459Z [command]/usr/bin/git version
2025-09-22T19:45:49.5623637Z git version 2.51.0
2025-09-22T19:45:49.5651185Z ##[endgroup]
2025-09-22T19:45:49.5667223Z Temporarily overriding HOME='/home/runner/work/_temp/394f2034-c36b-480d-a061-39fba9d65728' before making global git config changes
2025-09-22T19:45:49.5669962Z Adding repository directory to the temporary git global config as a safe directory
2025-09-22T19:45:49.5681568Z [command]/usr/bin/git config --global --add safe.directory /home/runner/work/pose-coach-android-starter/pose-coach-android-starter
2025-09-22T19:45:49.5723129Z Deleting the contents of '/home/runner/work/pose-coach-android-starter/pose-coach-android-starter'
2025-09-22T19:45:49.5727194Z ##[group]Initializing the repository
2025-09-22T19:45:49.5732582Z [command]/usr/bin/git init /home/runner/work/pose-coach-android-starter/pose-coach-android-starter
2025-09-22T19:45:49.5860082Z hint: Using 'master' as the name for the initial branch. This default branch name
2025-09-22T19:45:49.5861870Z hint: is subject to change. To configure the initial branch name to use in all
2025-09-22T19:45:49.5863417Z hint: of your new repositories, which will suppress this warning, call:
2025-09-22T19:45:49.5864786Z hint:
2025-09-22T19:45:49.5866225Z hint: 	git config --global init.defaultBranch <name>
2025-09-22T19:45:49.5867842Z hint:
2025-09-22T19:45:49.5869469Z hint: Names commonly chosen instead of 'master' are 'main', 'trunk' and
2025-09-22T19:45:49.5872192Z hint: 'development'. The just-created branch can be renamed via this command:
2025-09-22T19:45:49.5874327Z hint:
2025-09-22T19:45:49.5875682Z hint: 	git branch -m <name>
2025-09-22T19:45:49.5876926Z hint:
2025-09-22T19:45:49.5878633Z hint: Disable this message with "git config set advice.defaultBranchName false"
2025-09-22T19:45:49.5882486Z Initialized empty Git repository in /home/runner/work/pose-coach-android-starter/pose-coach-android-starter/.git/
2025-09-22T19:45:49.5888359Z [command]/usr/bin/git remote add origin https://github.com/thc1006/pose-coach-android-starter
2025-09-22T19:45:49.5927141Z ##[endgroup]
2025-09-22T19:45:49.5929148Z ##[group]Disabling automatic garbage collection
2025-09-22T19:45:49.5931202Z [command]/usr/bin/git config --local gc.auto 0
2025-09-22T19:45:49.5963544Z ##[endgroup]
2025-09-22T19:45:49.5965832Z ##[group]Setting up auth
2025-09-22T19:45:49.5971919Z [command]/usr/bin/git config --local --name-only --get-regexp core\.sshCommand
2025-09-22T19:45:49.6006497Z [command]/usr/bin/git submodule foreach --recursive sh -c "git config --local --name-only --get-regexp 'core\.sshCommand' && git config --local --unset-all 'core.sshCommand' || :"
2025-09-22T19:45:49.6359204Z [command]/usr/bin/git config --local --name-only --get-regexp http\.https\:\/\/github\.com\/\.extraheader
2025-09-22T19:45:49.6390548Z [command]/usr/bin/git submodule foreach --recursive sh -c "git config --local --name-only --get-regexp 'http\.https\:\/\/github\.com\/\.extraheader' && git config --local --unset-all 'http.https://github.com/.extraheader' || :"
2025-09-22T19:45:49.6619556Z [command]/usr/bin/git config --local http.https://github.com/.extraheader AUTHORIZATION: basic ***
2025-09-22T19:45:49.6655124Z ##[endgroup]
2025-09-22T19:45:49.6657048Z ##[group]Fetching the repository
2025-09-22T19:45:49.6665171Z [command]/usr/bin/git -c protocol.version=2 fetch --no-tags --prune --no-recurse-submodules --depth=1 origin +685d758d9ae8c729893935dc590157eded077a04:refs/remotes/origin/main
2025-09-22T19:45:50.0343251Z From https://github.com/thc1006/pose-coach-android-starter
2025-09-22T19:45:50.0344811Z  * [new ref]         685d758d9ae8c729893935dc590157eded077a04 -> origin/main
2025-09-22T19:45:50.0379543Z ##[endgroup]
2025-09-22T19:45:50.0381544Z ##[group]Determining the checkout info
2025-09-22T19:45:50.0383780Z ##[endgroup]
2025-09-22T19:45:50.0387596Z [command]/usr/bin/git sparse-checkout disable
2025-09-22T19:45:50.0433852Z [command]/usr/bin/git config --local --unset-all extensions.worktreeConfig
2025-09-22T19:45:50.0465628Z ##[group]Checking out the ref
2025-09-22T19:45:50.0469224Z [command]/usr/bin/git checkout --progress --force -B main refs/remotes/origin/main
2025-09-22T19:45:50.1302709Z Switched to a new branch 'main'
2025-09-22T19:45:50.1304555Z branch 'main' set up to track 'origin/main'.
2025-09-22T19:45:50.1315064Z ##[endgroup]
2025-09-22T19:45:50.1355755Z [command]/usr/bin/git log -1 --format=%H
2025-09-22T19:45:50.1379468Z 685d758d9ae8c729893935dc590157eded077a04
2025-09-22T19:45:50.1938553Z ##[group]Run aquasecurity/trivy-action@master
2025-09-22T19:45:50.1939633Z with:
2025-09-22T19:45:50.1940292Z   scan-type: fs
2025-09-22T19:45:50.1940989Z   scan-ref: .
2025-09-22T19:45:50.1941666Z   format: sarif
2025-09-22T19:45:50.1942402Z   output: trivy-results.sarif
2025-09-22T19:45:50.1943283Z   severity: CRITICAL,HIGH,MEDIUM
2025-09-22T19:45:50.1944145Z   ignore-unfixed: false
2025-09-22T19:45:50.1944909Z   vuln-type: os,library
2025-09-22T19:45:50.1946526Z   cache-dir: /home/runner/work/pose-coach-android-starter/pose-coach-android-starter/.cache/trivy
2025-09-22T19:45:50.1948090Z   list-all-pkgs: false
2025-09-22T19:45:50.1948843Z   version: v0.65.0
2025-09-22T19:45:50.1949535Z   cache: true
2025-09-22T19:45:50.1950231Z   skip-setup-trivy: false
2025-09-22T19:45:50.1951443Z   token-setup-trivy: ***
2025-09-22T19:45:50.1952246Z ##[endgroup]
2025-09-22T19:45:50.2197429Z ##[group]Run aquasecurity/setup-trivy@e6c2c5e321ed9123bda567646e2f96565e34abe1
2025-09-22T19:45:50.2198729Z with:
2025-09-22T19:45:50.2199315Z   version: v0.65.0
2025-09-22T19:45:50.2199950Z   cache: true
2025-09-22T19:45:50.2200893Z   token: ***
2025-09-22T19:45:50.2201523Z   path: $HOME/.local/bin
2025-09-22T19:45:50.2202312Z   github-server-url: https://github.com
2025-09-22T19:45:50.2203164Z ##[endgroup]
2025-09-22T19:45:50.2257283Z ##[group]Run echo "dir=$HOME/.local/bin/trivy-bin" >> $GITHUB_OUTPUT
2025-09-22T19:45:50.2258694Z [36;1mecho "dir=$HOME/.local/bin/trivy-bin" >> $GITHUB_OUTPUT[0m
2025-09-22T19:45:50.2320255Z shell: /usr/bin/bash --noprofile --norc -e -o pipefail {0}
2025-09-22T19:45:50.2321324Z ##[endgroup]
2025-09-22T19:45:50.2575831Z ##[group]Run actions/cache@0400d5f644dc74513175e3cd8d07132dd4860809
2025-09-22T19:45:50.2576972Z with:
2025-09-22T19:45:50.2577626Z   path: /home/runner/.local/bin/trivy-bin
2025-09-22T19:45:50.2578593Z   key: trivy-binary-v0.65.0-Linux-X64
2025-09-22T19:45:50.2579490Z   enableCrossOsArchive: false
2025-09-22T19:45:50.2580287Z   fail-on-cache-miss: false
2025-09-22T19:45:50.2581030Z   lookup-only: false
2025-09-22T19:45:50.2581697Z   save-always: false
2025-09-22T19:45:50.2582353Z ##[endgroup]
2025-09-22T19:45:50.4609291Z Cache not found for input keys: trivy-binary-v0.65.0-Linux-X64
2025-09-22T19:45:50.4796364Z ##[group]Run actions/checkout@08c6903cd8c0fde910a37f88322edcfb5dd907a8
2025-09-22T19:45:50.4797494Z with:
2025-09-22T19:45:50.4798119Z   repository: aquasecurity/trivy
2025-09-22T19:45:50.4798930Z   sparse-checkout: contrib

2025-09-22T19:45:50.4799659Z   path: trivy
2025-09-22T19:45:50.4800267Z   fetch-depth: 1
2025-09-22T19:45:50.4800971Z   github-server-url: https://github.com
2025-09-22T19:45:50.4802153Z   token: ***
2025-09-22T19:45:50.4802761Z   ssh-strict: true
2025-09-22T19:45:50.4803400Z   ssh-user: git
2025-09-22T19:45:50.4804056Z   persist-credentials: true
2025-09-22T19:45:50.4804799Z   clean: true
2025-09-22T19:45:50.4805570Z   sparse-checkout-cone-mode: true
2025-09-22T19:45:50.4806372Z   fetch-tags: false
2025-09-22T19:45:50.4807036Z   show-progress: true
2025-09-22T19:45:50.4807691Z   lfs: false
2025-09-22T19:45:50.4808292Z   submodules: false
2025-09-22T19:45:50.4808958Z   set-safe-directory: true
2025-09-22T19:45:50.4809674Z ##[endgroup]
2025-09-22T19:45:50.5625964Z Syncing repository: aquasecurity/trivy
2025-09-22T19:45:50.5632671Z ##[group]Getting Git version info
2025-09-22T19:45:50.5635786Z Working directory is '/home/runner/work/pose-coach-android-starter/pose-coach-android-starter/trivy'
2025-09-22T19:45:50.5668394Z [command]/usr/bin/git version
2025-09-22T19:45:50.5704992Z git version 2.51.0
2025-09-22T19:45:50.5727523Z ##[endgroup]
2025-09-22T19:45:50.5741218Z Temporarily overriding HOME='/home/runner/work/_temp/6317539c-2fab-41f9-9291-e24c71dd57f1' before making global git config changes
2025-09-22T19:45:50.5743724Z Adding repository directory to the temporary git global config as a safe directory
2025-09-22T19:45:50.5748057Z [command]/usr/bin/git config --global --add safe.directory /home/runner/work/pose-coach-android-starter/pose-coach-android-starter/trivy
2025-09-22T19:45:50.5781183Z ##[group]Initializing the repository
2025-09-22T19:45:50.5786640Z [command]/usr/bin/git init /home/runner/work/pose-coach-android-starter/pose-coach-android-starter/trivy
2025-09-22T19:45:50.5824972Z hint: Using 'master' as the name for the initial branch. This default branch name
2025-09-22T19:45:50.5827998Z hint: is subject to change. To configure the initial branch name to use in all
2025-09-22T19:45:50.5830751Z hint: of your new repositories, which will suppress this warning, call:
2025-09-22T19:45:50.5832746Z hint:
2025-09-22T19:45:50.5834008Z hint: 	git config --global init.defaultBranch <name>
2025-09-22T19:45:50.5835863Z hint:
2025-09-22T19:45:50.5837519Z hint: Names commonly chosen instead of 'master' are 'main', 'trunk' and
2025-09-22T19:45:50.5840214Z hint: 'development'. The just-created branch can be renamed via this command:
2025-09-22T19:45:50.5842260Z hint:
2025-09-22T19:45:50.5843259Z hint: 	git branch -m <name>
2025-09-22T19:45:50.5844459Z hint:
2025-09-22T19:45:50.5845997Z hint: Disable this message with "git config set advice.defaultBranchName false"
2025-09-22T19:45:50.5848216Z Initialized empty Git repository in /home/runner/work/pose-coach-android-starter/pose-coach-android-starter/trivy/.git/
2025-09-22T19:45:50.5851961Z [command]/usr/bin/git remote add origin https://github.com/aquasecurity/trivy
2025-09-22T19:45:50.5874695Z ##[endgroup]
2025-09-22T19:45:50.5877475Z ##[group]Disabling automatic garbage collection
2025-09-22T19:45:50.5879486Z [command]/usr/bin/git config --local gc.auto 0
2025-09-22T19:45:50.5909575Z ##[endgroup]
2025-09-22T19:45:50.5911466Z ##[group]Setting up auth
2025-09-22T19:45:50.5916974Z [command]/usr/bin/git config --local --name-only --get-regexp core\.sshCommand
2025-09-22T19:45:50.5951213Z [command]/usr/bin/git submodule foreach --recursive sh -c "git config --local --name-only --get-regexp 'core\.sshCommand' && git config --local --unset-all 'core.sshCommand' || :"
2025-09-22T19:45:50.6178652Z [command]/usr/bin/git config --local --name-only --get-regexp http\.https\:\/\/github\.com\/\.extraheader
2025-09-22T19:45:50.6212025Z [command]/usr/bin/git submodule foreach --recursive sh -c "git config --local --name-only --get-regexp 'http\.https\:\/\/github\.com\/\.extraheader' && git config --local --unset-all 'http.https://github.com/.extraheader' || :"
2025-09-22T19:45:50.6455995Z [command]/usr/bin/git config --local http.https://github.com/.extraheader AUTHORIZATION: basic ***
2025-09-22T19:45:50.6493843Z ##[endgroup]
2025-09-22T19:45:50.6496025Z ##[group]Determining the default branch
2025-09-22T19:45:50.6498379Z Retrieving the default branch name
2025-09-22T19:45:50.8687840Z Default branch 'main'
2025-09-22T19:45:50.8691172Z ##[endgroup]
2025-09-22T19:45:50.8693868Z ##[group]Fetching the repository
2025-09-22T19:45:50.8700026Z [command]/usr/bin/git -c protocol.version=2 fetch --no-tags --prune --no-recurse-submodules --filter=blob:none --depth=1 origin +refs/heads/main:refs/remotes/origin/main
2025-09-22T19:45:51.1137252Z From https://github.com/aquasecurity/trivy
2025-09-22T19:45:51.1138761Z  * [new branch]      main       -> origin/main
2025-09-22T19:45:51.1168059Z ##[endgroup]
2025-09-22T19:45:51.1168794Z ##[group]Determining the checkout info
2025-09-22T19:45:51.1170735Z ##[endgroup]
2025-09-22T19:45:51.1171462Z ##[group]Setting up sparse checkout
2025-09-22T19:45:51.1176953Z [command]/usr/bin/git sparse-checkout set contrib
2025-09-22T19:45:51.1216191Z ##[endgroup]
2025-09-22T19:45:51.1216897Z ##[group]Checking out the ref
2025-09-22T19:45:51.1221635Z [command]/usr/bin/git checkout --progress --force -B main refs/remotes/origin/main
2025-09-22T19:45:51.3246267Z Switched to a new branch 'main'
2025-09-22T19:45:51.3247696Z branch 'main' set up to track 'origin/main'.
2025-09-22T19:45:51.3257941Z ##[endgroup]
2025-09-22T19:45:51.3322894Z [command]/usr/bin/git log -1 --format=%H
2025-09-22T19:45:51.3360279Z 267a9700fa233abe1a04eada8f3ea513f3ebacb3
2025-09-22T19:45:51.3557411Z ##[group]Run echo "installing Trivy binary"
2025-09-22T19:45:51.3557819Z [36;1mecho "installing Trivy binary"[0m
2025-09-22T19:45:51.3558265Z [36;1mbash ./trivy/contrib/install.sh -b /home/runner/.local/bin/trivy-bin v0.65.0[0m
2025-09-22T19:45:51.3558796Z [36;1mcp -r ./trivy/contrib /home/runner/.local/bin/trivy-bin/contrib[0m
2025-09-22T19:45:51.3559189Z [36;1mrm -rf ./trivy[0m
2025-09-22T19:45:51.3589370Z shell: /usr/bin/bash --noprofile --norc -e -o pipefail {0}
2025-09-22T19:45:51.3589745Z ##[endgroup]
2025-09-22T19:45:51.3640329Z installing Trivy binary
2025-09-22T19:45:51.3773394Z aquasecurity/trivy info checking GitHub for tag 'v0.65.0'
2025-09-22T19:45:51.5904940Z aquasecurity/trivy info found version: 0.65.0 for v0.65.0/Linux/64bit
2025-09-22T19:45:52.8934465Z aquasecurity/trivy info installed /home/runner/.local/bin/trivy-bin/trivy
2025-09-22T19:45:52.9414022Z ##[group]Run echo /home/runner/.local/bin/trivy-bin >> $GITHUB_PATH
2025-09-22T19:45:52.9414487Z [36;1mecho /home/runner/.local/bin/trivy-bin >> $GITHUB_PATH[0m
2025-09-22T19:45:52.9444321Z shell: /usr/bin/bash --noprofile --norc -e -o pipefail {0}
2025-09-22T19:45:52.9444658Z ##[endgroup]
2025-09-22T19:45:52.9525837Z ##[group]Run echo "date=$(date +'%Y-%m-%d')" >> $GITHUB_OUTPUT
2025-09-22T19:45:52.9526242Z [36;1mecho "date=$(date +'%Y-%m-%d')" >> $GITHUB_OUTPUT[0m
2025-09-22T19:45:52.9557037Z shell: /usr/bin/bash --noprofile --norc -e -o pipefail {0}
2025-09-22T19:45:52.9557374Z ##[endgroup]
2025-09-22T19:45:52.9669943Z ##[group]Run actions/cache@0400d5f644dc74513175e3cd8d07132dd4860809
2025-09-22T19:45:52.9670272Z with:
2025-09-22T19:45:52.9670637Z   path: /home/runner/work/pose-coach-android-starter/pose-coach-android-starter/.cache/trivy
2025-09-22T19:45:52.9671069Z   key: cache-trivy-2025-09-22
2025-09-22T19:45:52.9671300Z   restore-keys: cache-trivy-
2025-09-22T19:45:52.9671539Z   enableCrossOsArchive: false
2025-09-22T19:45:52.9671810Z   fail-on-cache-miss: false
2025-09-22T19:45:52.9672031Z   lookup-only: false
2025-09-22T19:45:52.9672221Z   save-always: false
2025-09-22T19:45:52.9672426Z ##[endgroup]
2025-09-22T19:45:53.1799579Z Cache not found for input keys: cache-trivy-2025-09-22, cache-trivy-
2025-09-22T19:45:53.1873730Z ##[group]Run echo "$GITHUB_ACTION_PATH" >> $GITHUB_PATH
2025-09-22T19:45:53.1874101Z [36;1mecho "$GITHUB_ACTION_PATH" >> $GITHUB_PATH[0m
2025-09-22T19:45:53.1903962Z shell: /usr/bin/bash --noprofile --norc -e -o pipefail {0}
2025-09-22T19:45:53.1904298Z env:
2025-09-22T19:45:53.1904617Z   GITHUB_ACTION_PATH: /home/runner/work/_actions/aquasecurity/trivy-action/master
2025-09-22T19:45:53.1904975Z ##[endgroup]
2025-09-22T19:45:53.1976001Z ##[group]Run rm -f trivy_envs.txt
2025-09-22T19:45:53.1976292Z [36;1mrm -f trivy_envs.txt[0m
2025-09-22T19:45:53.1976525Z [36;1mtouch trivy_envs.txt[0m
2025-09-22T19:45:53.2005206Z shell: /usr/bin/bash --noprofile --norc -e -o pipefail {0}
2025-09-22T19:45:53.2005833Z ##[endgroup]
2025-09-22T19:45:53.2100513Z ##[group]Run # Note: There is currently no way to distinguish between undefined variables and empty strings in GitHub Actions.
2025-09-22T19:45:53.2101326Z [36;1m# Note: There is currently no way to distinguish between undefined variables and empty strings in GitHub Actions.[0m
2025-09-22T19:45:53.2101902Z [36;1m# This limitation affects how we handle default values and empty inputs.[0m
2025-09-22T19:45:53.2102403Z [36;1m# For more information, see: https://github.com/actions/runner/issues/924[0m
2025-09-22T19:45:53.2102754Z [36;1m[0m
2025-09-22T19:45:53.2103084Z [36;1m# The following logic implements the configuration priority described in the README:[0m
2025-09-22T19:45:53.2103461Z [36;1m#[0m
2025-09-22T19:45:53.2103626Z [36;1m# Inputs[0m
2025-09-22T19:45:53.2103821Z [36;1m# Environment Variables[0m
2025-09-22T19:45:53.2104045Z [36;1m# Config File[0m
2025-09-22T19:45:53.2104243Z [36;1m# Defaults[0m
2025-09-22T19:45:53.2104591Z [36;1m#[0m
2025-09-22T19:45:53.2104968Z [36;1m# As noted above defaults are awkward to handle as GitHub Actions will inject those values as the input[0m
2025-09-22T19:45:53.2106046Z [36;1m# if the caller doesn't provide them, thus if the input matches the default we don't set it as we[0m
2025-09-22T19:45:53.2106651Z [36;1m# can't tell the difference.  Plus if we did set it when it was the default value then it could potentially [0m
2025-09-22T19:45:53.2107298Z [36;1m# override an external environment variable, or something in the callers configuration file, which then wouldn't [0m
2025-09-22T19:45:53.2107824Z [36;1m# match the configuration priority that is documented.[0m
2025-09-22T19:45:53.2108138Z [36;1mset_env_var_if_provided() {[0m
2025-09-22T19:45:53.2108379Z [36;1m  local var_name="$1"[0m
2025-09-22T19:45:53.2108597Z [36;1m  local input_value="$2"[0m
2025-09-22T19:45:53.2108833Z [36;1m  local default_value="$3"[0m
2025-09-22T19:45:53.2109046Z [36;1m[0m
2025-09-22T19:45:53.2109314Z [36;1m  if [ ! -z "$input_value" ] && [ "$input_value" != "$default_value" ]; then[0m
2025-09-22T19:45:53.2109733Z [36;1m    # If action was provided with explicit input by the caller set that[0m
2025-09-22T19:45:53.2110127Z [36;1m    echo "export $var_name=$input_value" >> trivy_envs.txt[0m
2025-09-22T19:45:53.2110411Z [36;1m  fi[0m
2025-09-22T19:45:53.2110569Z [36;1m}[0m
2025-09-22T19:45:53.2110728Z [36;1m[0m
2025-09-22T19:45:53.2110975Z [36;1m# Set environment variables, handling those with default values[0m
2025-09-22T19:45:53.2111494Z [36;1m# cf. https://aquasecurity.github.io/trivy/latest/docs/configuration/#environment-variables[0m
2025-09-22T19:45:53.2111949Z [36;1mset_env_var_if_provided "TRIVY_INPUT" "" ""[0m
2025-09-22T19:45:53.2112262Z [36;1mset_env_var_if_provided "TRIVY_EXIT_CODE" "" ""[0m
2025-09-22T19:45:53.2112615Z [36;1mset_env_var_if_provided "TRIVY_IGNORE_UNFIXED" "false" "false"[0m
2025-09-22T19:45:53.2113022Z [36;1mset_env_var_if_provided "TRIVY_PKG_TYPES" "os,library" "os,library"[0m
2025-09-22T19:45:53.2113560Z [36;1mset_env_var_if_provided "TRIVY_SEVERITY" "CRITICAL,HIGH,MEDIUM" "UNKNOWN,LOW,MEDIUM,HIGH,CRITICAL"[0m
2025-09-22T19:45:53.2114054Z [36;1mset_env_var_if_provided "TRIVY_FORMAT" "sarif" "table"[0m
2025-09-22T19:45:53.2114395Z [36;1mset_env_var_if_provided "TRIVY_TEMPLATE" "" ""[0m
2025-09-22T19:45:53.2114754Z [36;1mset_env_var_if_provided "TRIVY_OUTPUT" "trivy-results.sarif" ""[0m
2025-09-22T19:45:53.2115112Z [36;1mset_env_var_if_provided "TRIVY_SKIP_DIRS" "" ""[0m
2025-09-22T19:45:53.2115650Z [36;1mset_env_var_if_provided "TRIVY_SKIP_FILES" "" ""[0m
2025-09-22T19:45:53.2115974Z [36;1mset_env_var_if_provided "TRIVY_TIMEOUT" "" ""[0m
2025-09-22T19:45:53.2116297Z [36;1mset_env_var_if_provided "TRIVY_IGNORE_POLICY" "" ""[0m
2025-09-22T19:45:53.2116611Z [36;1mset_env_var_if_provided "TRIVY_QUIET" "" ""[0m
2025-09-22T19:45:53.2116945Z [36;1mset_env_var_if_provided "TRIVY_LIST_ALL_PKGS" "false" "false"[0m
2025-09-22T19:45:53.2117299Z [36;1mset_env_var_if_provided "TRIVY_SCANNERS" "" ""[0m
2025-09-22T19:45:53.2117596Z [36;1mset_env_var_if_provided "TRIVY_CONFIG" "" ""[0m
2025-09-22T19:45:53.2117899Z [36;1mset_env_var_if_provided "TRIVY_TF_VARS" "" ""[0m
2025-09-22T19:45:53.2118197Z [36;1mset_env_var_if_provided "TRIVY_DOCKER_HOST" "" ""[0m
2025-09-22T19:45:53.2146896Z shell: /usr/bin/bash --noprofile --norc -e -o pipefail {0}
2025-09-22T19:45:53.2147218Z ##[endgroup]
2025-09-22T19:45:53.2234975Z ##[group]Run entrypoint.sh
2025-09-22T19:45:53.2235227Z [36;1mentrypoint.sh[0m
2025-09-22T19:45:53.2263378Z shell: /usr/bin/bash --noprofile --norc -e -o pipefail {0}
2025-09-22T19:45:53.2263687Z env:
2025-09-22T19:45:53.2263970Z   INPUT_SCAN_TYPE: fs
2025-09-22T19:45:53.2264212Z   INPUT_IMAGE_REF: 
2025-09-22T19:45:53.2264396Z   INPUT_SCAN_REF: .
2025-09-22T19:45:53.2264580Z   INPUT_TRIVYIGNORES: 
2025-09-22T19:45:53.2264768Z   INPUT_GITHUB_PAT: 
2025-09-22T19:45:53.2264980Z   INPUT_LIMIT_SEVERITIES_FOR_SARIF: 
2025-09-22T19:45:53.2265834Z   TRIVY_CACHE_DIR: /home/runner/work/pose-coach-android-starter/pose-coach-android-starter/.cache/trivy
2025-09-22T19:45:53.2266287Z ##[endgroup]
2025-09-22T19:45:53.2331870Z Building SARIF report with all severities
2025-09-22T19:45:53.2332513Z Running Trivy with options: trivy fs .
2025-09-22T19:45:53.2917123Z 2025-09-22T19:45:53Z	INFO	[vulndb] Need to update DB
2025-09-22T19:45:53.2917640Z 2025-09-22T19:45:53Z	INFO	[vulndb] Downloading vulnerability DB...
2025-09-22T19:45:53.2918141Z 2025-09-22T19:45:53Z	INFO	[vulndb] Downloading artifact...	repo="mirror.gcr.io/aquasec/trivy-db:2"
2025-09-22T19:45:56.4591966Z 30.51 MiB / 71.28 MiB [-------------------------->__________________________________] 42.81% ? p/s ?60.55 MiB / 71.28 MiB [--------------------------------------------------->_________] 84.95% ? p/s ?71.28 MiB / 71.28 MiB [----------------------------------------------------------->] 100.00% ? p/s ?71.28 MiB / 71.28 MiB [---------------------------------------------->] 100.00% 67.86 MiB p/s ETA 0s71.28 MiB / 71.28 MiB [---------------------------------------------->] 100.00% 67.86 MiB p/s ETA 0s71.28 MiB / 71.28 MiB [---------------------------------------------->] 100.00% 67.86 MiB p/s ETA 0s71.28 MiB / 71.28 MiB [---------------------------------------------->] 100.00% 63.48 MiB p/s ETA 0s71.28 MiB / 71.28 MiB [---------------------------------------------->] 100.00% 63.48 MiB p/s ETA 0s71.28 MiB / 71.28 MiB [---------------------------------------------->] 100.00% 63.48 MiB p/s ETA 0s71.28 MiB / 71.28 MiB [---------------------------------------------->] 100.00% 59.39 MiB p/s ETA 0s71.28 MiB / 71.28 MiB [---------------------------------------------->] 100.00% 59.39 MiB p/s ETA 0s71.28 MiB / 71.28 MiB [---------------------------------------------->] 100.00% 59.39 MiB p/s ETA 0s71.28 MiB / 71.28 MiB [-------------------------------------------------] 100.00% 31.11 MiB p/s 2.5s2025-09-22T19:45:56Z	INFO	[vulndb] Artifact successfully downloaded	repo="mirror.gcr.io/aquasec/trivy-db:2"
2025-09-22T19:45:56.4598349Z 2025-09-22T19:45:56Z	INFO	[vuln] Vulnerability scanning is enabled
2025-09-22T19:45:56.4601026Z 2025-09-22T19:45:56Z	INFO	[secret] Secret scanning is enabled
2025-09-22T19:45:56.4602145Z 2025-09-22T19:45:56Z	INFO	[secret] If your scanning is slow, please try '--scanners vuln' to disable secret scanning
2025-09-22T19:45:56.4603058Z 2025-09-22T19:45:56Z	INFO	[secret] Please see also https://trivy.dev/v0.65/docs/scanner/secret#recommendation for faster secret detection
2025-09-22T19:45:57.1581913Z 2025-09-22T19:45:57Z	WARN	[pip] Unable to find python `site-packages` directory. License detection is skipped.	err="site-packages directory not found"
2025-09-22T19:45:57.1584507Z 2025-09-22T19:45:57Z	INFO	Number of language-specific files	num=0
2025-09-22T19:45:57.1593359Z 
2025-09-22T19:45:57.1594915Z 📣 [34mNotices:[0m
2025-09-22T19:45:57.1595583Z   - Version 0.66.0 of Trivy is now available, current version is 0.65.0
2025-09-22T19:45:57.1595903Z 
2025-09-22T19:45:57.1596143Z To suppress version checks, run Trivy scans with the --skip-version-check flag
2025-09-22T19:45:57.1596480Z 
2025-09-22T19:45:57.1680512Z ##[group]Run rm -f trivy_envs.txt
2025-09-22T19:45:57.1680800Z [36;1mrm -f trivy_envs.txt[0m
2025-09-22T19:45:57.1710554Z shell: /usr/bin/bash --noprofile --norc -e -o pipefail {0}
2025-09-22T19:45:57.1710864Z ##[endgroup]
2025-09-22T19:45:57.1829764Z ##[group]Run github/codeql-action/upload-sarif@v3
2025-09-22T19:45:57.1830065Z with:
2025-09-22T19:45:57.1830243Z   sarif_file: trivy-results.sarif
2025-09-22T19:45:57.1830649Z   checkout_path: /home/runner/work/pose-coach-android-starter/pose-coach-android-starter
2025-09-22T19:45:57.1831218Z   token: ***
2025-09-22T19:45:57.1831390Z   matrix: null
2025-09-22T19:45:57.1831577Z   wait-for-processing: true
2025-09-22T19:45:57.1831785Z ##[endgroup]
2025-09-22T19:45:57.8026827Z ##[group]Uploading code scanning results
2025-09-22T19:45:57.8027416Z Processing sarif files: ["trivy-results.sarif"]
2025-09-22T19:45:57.8028978Z Validating trivy-results.sarif
2025-09-22T19:45:57.8242868Z Adding fingerprints to SARIF file. See https://docs.github.com/en/enterprise-cloud@latest/code-security/code-scanning/integrating-with-code-scanning/sarif-support-for-code-scanning#providing-data-to-track-code-scanning-alerts-across-runs for more information.
2025-09-22T19:45:57.8341492Z Uploading results
2025-09-22T19:45:58.4191604Z Successfully uploaded results
2025-09-22T19:45:58.4192366Z ##[endgroup]
2025-09-22T19:45:58.4198086Z ##[group]Waiting for processing to finish
2025-09-22T19:45:58.5664485Z Analysis upload status is pending.
2025-09-22T19:46:03.7044572Z Analysis upload status is complete.
2025-09-22T19:46:03.7045697Z ##[endgroup]
2025-09-22T19:46:03.8304261Z ##[group]Run aquasecurity/trivy-action@master
2025-09-22T19:46:03.8304544Z with:
2025-09-22T19:46:03.8304720Z   scan-type: config
2025-09-22T19:46:03.8304897Z   scan-ref: .
2025-09-22T19:46:03.8305068Z   format: table
2025-09-22T19:46:03.8305240Z   exit-code: 1
2025-09-22T19:46:03.8305569Z   severity: CRITICAL,HIGH
2025-09-22T19:46:03.8305787Z   ignore-unfixed: false
2025-09-22T19:46:03.8305977Z   vuln-type: os,library
2025-09-22T19:46:03.8306376Z   cache-dir: /home/runner/work/pose-coach-android-starter/pose-coach-android-starter/.cache/trivy
2025-09-22T19:46:03.8306804Z   list-all-pkgs: false
2025-09-22T19:46:03.8307000Z   version: v0.65.0
2025-09-22T19:46:03.8307170Z   cache: true
2025-09-22T19:46:03.8307348Z   skip-setup-trivy: false
2025-09-22T19:46:03.8307818Z   token-setup-trivy: ***
2025-09-22T19:46:03.8308018Z env:
2025-09-22T19:46:03.8308204Z   CODEQL_ACTION_FEATURE_MULTI_LANGUAGE: false
2025-09-22T19:46:03.8308459Z   CODEQL_ACTION_FEATURE_SANDWICH: false
2025-09-22T19:46:03.8308748Z   CODEQL_ACTION_FEATURE_SARIF_COMBINE: true
2025-09-22T19:46:03.8309000Z   CODEQL_ACTION_FEATURE_WILL_UPLOAD: true
2025-09-22T19:46:03.8309250Z   CODEQL_ACTION_VERSION: 3.30.3
2025-09-22T19:46:03.8309593Z   CODEQL_ACTION_ANALYSIS_KEY: .github/workflows/security-scan.yml:trivy-security-scan
2025-09-22T19:46:03.8309999Z   CODEQL_WORKFLOW_STARTED_AT: 2025-09-22T19:45:57.333Z
2025-09-22T19:46:03.8310642Z   CODEQL_UPLOAD_SARIF__GITHUB_WORKFLOWS_SECURITY_SCAN_YML_TRIVY_SECURITY_SCAN__TRIVY: CODEQL_UPLOAD_SARIF__GITHUB_WORKFLOWS_SECURITY_SCAN_YML_TRIVY_SECURITY_SCAN__TRIVY
2025-09-22T19:46:03.8311229Z ##[endgroup]
2025-09-22T19:46:03.8364054Z ##[group]Run aquasecurity/setup-trivy@e6c2c5e321ed9123bda567646e2f96565e34abe1
2025-09-22T19:46:03.8364398Z with:
2025-09-22T19:46:03.8364553Z   version: v0.65.0
2025-09-22T19:46:03.8364727Z   cache: true
2025-09-22T19:46:03.8365010Z   token: ***
2025-09-22T19:46:03.8365192Z   path: $HOME/.local/bin
2025-09-22T19:46:03.8365721Z   github-server-url: https://github.com
2025-09-22T19:46:03.8366034Z env:
2025-09-22T19:46:03.8366221Z   CODEQL_ACTION_FEATURE_MULTI_LANGUAGE: false
2025-09-22T19:46:03.8366476Z   CODEQL_ACTION_FEATURE_SANDWICH: false
2025-09-22T19:46:03.8366723Z   CODEQL_ACTION_FEATURE_SARIF_COMBINE: true
2025-09-22T19:46:03.8366972Z   CODEQL_ACTION_FEATURE_WILL_UPLOAD: true
2025-09-22T19:46:03.8367222Z   CODEQL_ACTION_VERSION: 3.30.3
2025-09-22T19:46:03.8367565Z   CODEQL_ACTION_ANALYSIS_KEY: .github/workflows/security-scan.yml:trivy-security-scan
2025-09-22T19:46:03.8367971Z   CODEQL_WORKFLOW_STARTED_AT: 2025-09-22T19:45:57.333Z
2025-09-22T19:46:03.8368601Z   CODEQL_UPLOAD_SARIF__GITHUB_WORKFLOWS_SECURITY_SCAN_YML_TRIVY_SECURITY_SCAN__TRIVY: CODEQL_UPLOAD_SARIF__GITHUB_WORKFLOWS_SECURITY_SCAN_YML_TRIVY_SECURITY_SCAN__TRIVY
2025-09-22T19:46:03.8369183Z ##[endgroup]
2025-09-22T19:46:03.8383709Z ##[group]Run echo "dir=$HOME/.local/bin/trivy-bin" >> $GITHUB_OUTPUT
2025-09-22T19:46:03.8384202Z [36;1mecho "dir=$HOME/.local/bin/trivy-bin" >> $GITHUB_OUTPUT[0m
2025-09-22T19:46:03.8413696Z shell: /usr/bin/bash --noprofile --norc -e -o pipefail {0}
2025-09-22T19:46:03.8414001Z env:
2025-09-22T19:46:03.8414192Z   CODEQL_ACTION_FEATURE_MULTI_LANGUAGE: false
2025-09-22T19:46:03.8414459Z   CODEQL_ACTION_FEATURE_SANDWICH: false
2025-09-22T19:46:03.8414707Z   CODEQL_ACTION_FEATURE_SARIF_COMBINE: true
2025-09-22T19:46:03.8415212Z   CODEQL_ACTION_FEATURE_WILL_UPLOAD: true
2025-09-22T19:46:03.8415577Z   CODEQL_ACTION_VERSION: 3.30.3
2025-09-22T19:46:03.8415924Z   CODEQL_ACTION_ANALYSIS_KEY: .github/workflows/security-scan.yml:trivy-security-scan
2025-09-22T19:46:03.8416329Z   CODEQL_WORKFLOW_STARTED_AT: 2025-09-22T19:45:57.333Z
2025-09-22T19:46:03.8416956Z   CODEQL_UPLOAD_SARIF__GITHUB_WORKFLOWS_SECURITY_SCAN_YML_TRIVY_SECURITY_SCAN__TRIVY: CODEQL_UPLOAD_SARIF__GITHUB_WORKFLOWS_SECURITY_SCAN_YML_TRIVY_SECURITY_SCAN__TRIVY
2025-09-22T19:46:03.8417549Z ##[endgroup]
2025-09-22T19:46:03.8504601Z ##[group]Run actions/cache@0400d5f644dc74513175e3cd8d07132dd4860809
2025-09-22T19:46:03.8505088Z with:
2025-09-22T19:46:03.8505287Z   path: /home/runner/.local/bin/trivy-bin
2025-09-22T19:46:03.8505803Z   key: trivy-binary-v0.65.0-Linux-X64
2025-09-22T19:46:03.8506045Z   enableCrossOsArchive: false
2025-09-22T19:46:03.8506268Z   fail-on-cache-miss: false
2025-09-22T19:46:03.8506467Z   lookup-only: false
2025-09-22T19:46:03.8506658Z   save-always: false
2025-09-22T19:46:03.8506829Z env:
2025-09-22T19:46:03.8507017Z   CODEQL_ACTION_FEATURE_MULTI_LANGUAGE: false
2025-09-22T19:46:03.8507270Z   CODEQL_ACTION_FEATURE_SANDWICH: false
2025-09-22T19:46:03.8507521Z   CODEQL_ACTION_FEATURE_SARIF_COMBINE: true
2025-09-22T19:46:03.8507769Z   CODEQL_ACTION_FEATURE_WILL_UPLOAD: true
2025-09-22T19:46:03.8508012Z   CODEQL_ACTION_VERSION: 3.30.3
2025-09-22T19:46:03.8508367Z   CODEQL_ACTION_ANALYSIS_KEY: .github/workflows/security-scan.yml:trivy-security-scan
2025-09-22T19:46:03.8508774Z   CODEQL_WORKFLOW_STARTED_AT: 2025-09-22T19:45:57.333Z
2025-09-22T19:46:03.8509416Z   CODEQL_UPLOAD_SARIF__GITHUB_WORKFLOWS_SECURITY_SCAN_YML_TRIVY_SECURITY_SCAN__TRIVY: CODEQL_UPLOAD_SARIF__GITHUB_WORKFLOWS_SECURITY_SCAN_YML_TRIVY_SECURITY_SCAN__TRIVY
2025-09-22T19:46:03.8510006Z ##[endgroup]
2025-09-22T19:46:04.0569319Z Cache not found for input keys: trivy-binary-v0.65.0-Linux-X64
2025-09-22T19:46:04.0677014Z ##[group]Run actions/checkout@08c6903cd8c0fde910a37f88322edcfb5dd907a8
2025-09-22T19:46:04.0677356Z with:
2025-09-22T19:46:04.0677532Z   repository: aquasecurity/trivy
2025-09-22T19:46:04.0677760Z   sparse-checkout: contrib

2025-09-22T19:46:04.0677960Z   path: trivy
2025-09-22T19:46:04.0678132Z   fetch-depth: 1
2025-09-22T19:46:04.0678338Z   github-server-url: https://github.com
2025-09-22T19:46:04.0678814Z   token: ***
2025-09-22T19:46:04.0678994Z   ssh-strict: true
2025-09-22T19:46:04.0679178Z   ssh-user: git
2025-09-22T19:46:04.0679370Z   persist-credentials: true
2025-09-22T19:46:04.0679573Z   clean: true
2025-09-22T19:46:04.0679770Z   sparse-checkout-cone-mode: true
2025-09-22T19:46:04.0679995Z   fetch-tags: false
2025-09-22T19:46:04.0680192Z   show-progress: true
2025-09-22T19:46:04.0680372Z   lfs: false
2025-09-22T19:46:04.0680540Z   submodules: false
2025-09-22T19:46:04.0680725Z   set-safe-directory: true
2025-09-22T19:46:04.0680927Z env:
2025-09-22T19:46:04.0681112Z   CODEQL_ACTION_FEATURE_MULTI_LANGUAGE: false
2025-09-22T19:46:04.0681383Z   CODEQL_ACTION_FEATURE_SANDWICH: false
2025-09-22T19:46:04.0681653Z   CODEQL_ACTION_FEATURE_SARIF_COMBINE: true
2025-09-22T19:46:04.0681910Z   CODEQL_ACTION_FEATURE_WILL_UPLOAD: true
2025-09-22T19:46:04.0682156Z   CODEQL_ACTION_VERSION: 3.30.3
2025-09-22T19:46:04.0682508Z   CODEQL_ACTION_ANALYSIS_KEY: .github/workflows/security-scan.yml:trivy-security-scan
2025-09-22T19:46:04.0682922Z   CODEQL_WORKFLOW_STARTED_AT: 2025-09-22T19:45:57.333Z
2025-09-22T19:46:04.0683554Z   CODEQL_UPLOAD_SARIF__GITHUB_WORKFLOWS_SECURITY_SCAN_YML_TRIVY_SECURITY_SCAN__TRIVY: CODEQL_UPLOAD_SARIF__GITHUB_WORKFLOWS_SECURITY_SCAN_YML_TRIVY_SECURITY_SCAN__TRIVY
2025-09-22T19:46:04.0684156Z ##[endgroup]
2025-09-22T19:46:04.1504394Z Syncing repository: aquasecurity/trivy
2025-09-22T19:46:04.1510496Z ##[group]Getting Git version info
2025-09-22T19:46:04.1511677Z Working directory is '/home/runner/work/pose-coach-android-starter/pose-coach-android-starter/trivy'
2025-09-22T19:46:04.1553733Z [command]/usr/bin/git version
2025-09-22T19:46:04.1599952Z git version 2.51.0
2025-09-22T19:46:04.1621064Z ##[endgroup]
2025-09-22T19:46:04.1635881Z Temporarily overriding HOME='/home/runner/work/_temp/b6b1c850-9caf-4fa1-80dc-eb92c16a0870' before making global git config changes
2025-09-22T19:46:04.1636610Z Adding repository directory to the temporary git global config as a safe directory
2025-09-22T19:46:04.1640635Z [command]/usr/bin/git config --global --add safe.directory /home/runner/work/pose-coach-android-starter/pose-coach-android-starter/trivy
2025-09-22T19:46:04.1673584Z ##[group]Initializing the repository
2025-09-22T19:46:04.1679522Z [command]/usr/bin/git init /home/runner/work/pose-coach-android-starter/pose-coach-android-starter/trivy
2025-09-22T19:46:04.1739826Z hint: Using 'master' as the name for the initial branch. This default branch name
2025-09-22T19:46:04.1740681Z hint: is subject to change. To configure the initial branch name to use in all
2025-09-22T19:46:04.1741426Z hint: of your new repositories, which will suppress this warning, call:
2025-09-22T19:46:04.1741979Z hint:
2025-09-22T19:46:04.1742341Z hint: 	git config --global init.defaultBranch <name>
2025-09-22T19:46:04.1742795Z hint:
2025-09-22T19:46:04.1743272Z hint: Names commonly chosen instead of 'master' are 'main', 'trunk' and
2025-09-22T19:46:04.1744061Z hint: 'development'. The just-created branch can be renamed via this command:
2025-09-22T19:46:04.1744675Z hint:
2025-09-22T19:46:04.1744998Z hint: 	git branch -m <name>
2025-09-22T19:46:04.1745551Z hint:
2025-09-22T19:46:04.1746096Z hint: Disable this message with "git config set advice.defaultBranchName false"
2025-09-22T19:46:04.1747271Z Initialized empty Git repository in /home/runner/work/pose-coach-android-starter/pose-coach-android-starter/trivy/.git/
2025-09-22T19:46:04.1753175Z [command]/usr/bin/git remote add origin https://github.com/aquasecurity/trivy
2025-09-22T19:46:04.1785220Z ##[endgroup]
2025-09-22T19:46:04.1785887Z ##[group]Disabling automatic garbage collection
2025-09-22T19:46:04.1788683Z [command]/usr/bin/git config --local gc.auto 0
2025-09-22T19:46:04.1816456Z ##[endgroup]
2025-09-22T19:46:04.1816942Z ##[group]Setting up auth
2025-09-22T19:46:04.1823030Z [command]/usr/bin/git config --local --name-only --get-regexp core\.sshCommand
2025-09-22T19:46:04.1853403Z [command]/usr/bin/git submodule foreach --recursive sh -c "git config --local --name-only --get-regexp 'core\.sshCommand' && git config --local --unset-all 'core.sshCommand' || :"
2025-09-22T19:46:04.2111129Z [command]/usr/bin/git config --local --name-only --get-regexp http\.https\:\/\/github\.com\/\.extraheader
2025-09-22T19:46:04.2141344Z [command]/usr/bin/git submodule foreach --recursive sh -c "git config --local --name-only --get-regexp 'http\.https\:\/\/github\.com\/\.extraheader' && git config --local --unset-all 'http.https://github.com/.extraheader' || :"
2025-09-22T19:46:04.2368468Z [command]/usr/bin/git config --local http.https://github.com/.extraheader AUTHORIZATION: basic ***
2025-09-22T19:46:04.2406657Z ##[endgroup]
2025-09-22T19:46:04.2407297Z ##[group]Determining the default branch
2025-09-22T19:46:04.2410870Z Retrieving the default branch name
2025-09-22T19:46:04.4498009Z Default branch 'main'
2025-09-22T19:46:04.4502312Z ##[endgroup]
2025-09-22T19:46:04.4502872Z ##[group]Fetching the repository
2025-09-22T19:46:04.4508474Z [command]/usr/bin/git -c protocol.version=2 fetch --no-tags --prune --no-recurse-submodules --filter=blob:none --depth=1 origin +refs/heads/main:refs/remotes/origin/main
2025-09-22T19:46:04.6964045Z From https://github.com/aquasecurity/trivy
2025-09-22T19:46:04.6965084Z  * [new branch]      main       -> origin/main
2025-09-22T19:46:04.6997269Z ##[endgroup]
2025-09-22T19:46:04.6997865Z ##[group]Determining the checkout info
2025-09-22T19:46:04.6999127Z ##[endgroup]
2025-09-22T19:46:04.6999673Z ##[group]Setting up sparse checkout
2025-09-22T19:46:04.7005784Z [command]/usr/bin/git sparse-checkout set contrib
2025-09-22T19:46:04.7046251Z ##[endgroup]
2025-09-22T19:46:04.7046782Z ##[group]Checking out the ref
2025-09-22T19:46:04.7051955Z [command]/usr/bin/git checkout --progress --force -B main refs/remotes/origin/main
2025-09-22T19:46:04.9041833Z Switched to a new branch 'main'
2025-09-22T19:46:04.9043734Z branch 'main' set up to track 'origin/main'.
2025-09-22T19:46:04.9050726Z ##[endgroup]
2025-09-22T19:46:04.9095146Z [command]/usr/bin/git log -1 --format=%H
2025-09-22T19:46:04.9122604Z 267a9700fa233abe1a04eada8f3ea513f3ebacb3
2025-09-22T19:46:04.9245830Z ##[group]Run echo "installing Trivy binary"
2025-09-22T19:46:04.9246149Z [36;1mecho "installing Trivy binary"[0m
2025-09-22T19:46:04.9246562Z [36;1mbash ./trivy/contrib/install.sh -b /home/runner/.local/bin/trivy-bin v0.65.0[0m
2025-09-22T19:46:04.9247293Z [36;1mcp -r ./trivy/contrib /home/runner/.local/bin/trivy-bin/contrib[0m
2025-09-22T19:46:04.9247629Z [36;1mrm -rf ./trivy[0m
2025-09-22T19:46:04.9277332Z shell: /usr/bin/bash --noprofile --norc -e -o pipefail {0}
2025-09-22T19:46:04.9277642Z env:
2025-09-22T19:46:04.9277834Z   CODEQL_ACTION_FEATURE_MULTI_LANGUAGE: false
2025-09-22T19:46:04.9278118Z   CODEQL_ACTION_FEATURE_SANDWICH: false
2025-09-22T19:46:04.9278374Z   CODEQL_ACTION_FEATURE_SARIF_COMBINE: true
2025-09-22T19:46:04.9278634Z   CODEQL_ACTION_FEATURE_WILL_UPLOAD: true
2025-09-22T19:46:04.9278883Z   CODEQL_ACTION_VERSION: 3.30.3
2025-09-22T19:46:04.9279239Z   CODEQL_ACTION_ANALYSIS_KEY: .github/workflows/security-scan.yml:trivy-security-scan
2025-09-22T19:46:04.9279654Z   CODEQL_WORKFLOW_STARTED_AT: 2025-09-22T19:45:57.333Z
2025-09-22T19:46:04.9280288Z   CODEQL_UPLOAD_SARIF__GITHUB_WORKFLOWS_SECURITY_SCAN_YML_TRIVY_SECURITY_SCAN__TRIVY: CODEQL_UPLOAD_SARIF__GITHUB_WORKFLOWS_SECURITY_SCAN_YML_TRIVY_SECURITY_SCAN__TRIVY
2025-09-22T19:46:04.9280897Z ##[endgroup]
2025-09-22T19:46:04.9331192Z installing Trivy binary
2025-09-22T19:46:04.9464875Z aquasecurity/trivy info checking GitHub for tag 'v0.65.0'
2025-09-22T19:46:04.9997994Z aquasecurity/trivy info found version: 0.65.0 for v0.65.0/Linux/64bit
2025-09-22T19:46:06.3365104Z aquasecurity/trivy info installed /home/runner/.local/bin/trivy-bin/trivy
2025-09-22T19:46:06.3838125Z ##[group]Run echo /home/runner/.local/bin/trivy-bin >> $GITHUB_PATH
2025-09-22T19:46:06.3838542Z [36;1mecho /home/runner/.local/bin/trivy-bin >> $GITHUB_PATH[0m
2025-09-22T19:46:06.3868496Z shell: /usr/bin/bash --noprofile --norc -e -o pipefail {0}
2025-09-22T19:46:06.3868811Z env:
2025-09-22T19:46:06.3869002Z   CODEQL_ACTION_FEATURE_MULTI_LANGUAGE: false
2025-09-22T19:46:06.3869264Z   CODEQL_ACTION_FEATURE_SANDWICH: false
2025-09-22T19:46:06.3869517Z   CODEQL_ACTION_FEATURE_SARIF_COMBINE: true
2025-09-22T19:46:06.3869768Z   CODEQL_ACTION_FEATURE_WILL_UPLOAD: true
2025-09-22T19:46:06.3870019Z   CODEQL_ACTION_VERSION: 3.30.3
2025-09-22T19:46:06.3870376Z   CODEQL_ACTION_ANALYSIS_KEY: .github/workflows/security-scan.yml:trivy-security-scan
2025-09-22T19:46:06.3870781Z   CODEQL_WORKFLOW_STARTED_AT: 2025-09-22T19:45:57.333Z
2025-09-22T19:46:06.3871409Z   CODEQL_UPLOAD_SARIF__GITHUB_WORKFLOWS_SECURITY_SCAN_YML_TRIVY_SECURITY_SCAN__TRIVY: CODEQL_UPLOAD_SARIF__GITHUB_WORKFLOWS_SECURITY_SCAN_YML_TRIVY_SECURITY_SCAN__TRIVY
2025-09-22T19:46:06.3872009Z ##[endgroup]
2025-09-22T19:46:06.3943721Z ##[group]Run echo "date=$(date +'%Y-%m-%d')" >> $GITHUB_OUTPUT
2025-09-22T19:46:06.3944081Z [36;1mecho "date=$(date +'%Y-%m-%d')" >> $GITHUB_OUTPUT[0m
2025-09-22T19:46:06.3972916Z shell: /usr/bin/bash --noprofile --norc -e -o pipefail {0}
2025-09-22T19:46:06.3973261Z env:
2025-09-22T19:46:06.3973456Z   CODEQL_ACTION_FEATURE_MULTI_LANGUAGE: false
2025-09-22T19:46:06.3973714Z   CODEQL_ACTION_FEATURE_SANDWICH: false
2025-09-22T19:46:06.3973965Z   CODEQL_ACTION_FEATURE_SARIF_COMBINE: true
2025-09-22T19:46:06.3974225Z   CODEQL_ACTION_FEATURE_WILL_UPLOAD: true
2025-09-22T19:46:06.3974464Z   CODEQL_ACTION_VERSION: 3.30.3
2025-09-22T19:46:06.3974815Z   CODEQL_ACTION_ANALYSIS_KEY: .github/workflows/security-scan.yml:trivy-security-scan
2025-09-22T19:46:06.3975231Z   CODEQL_WORKFLOW_STARTED_AT: 2025-09-22T19:45:57.333Z
2025-09-22T19:46:06.3976087Z   CODEQL_UPLOAD_SARIF__GITHUB_WORKFLOWS_SECURITY_SCAN_YML_TRIVY_SECURITY_SCAN__TRIVY: CODEQL_UPLOAD_SARIF__GITHUB_WORKFLOWS_SECURITY_SCAN_YML_TRIVY_SECURITY_SCAN__TRIVY
2025-09-22T19:46:06.3976862Z ##[endgroup]
2025-09-22T19:46:06.4073563Z ##[group]Run actions/cache@0400d5f644dc74513175e3cd8d07132dd4860809
2025-09-22T19:46:06.4073872Z with:
2025-09-22T19:46:06.4074220Z   path: /home/runner/work/pose-coach-android-starter/pose-coach-android-starter/.cache/trivy
2025-09-22T19:46:06.4074684Z   key: cache-trivy-2025-09-22
2025-09-22T19:46:06.4074903Z   restore-keys: cache-trivy-
2025-09-22T19:46:06.4075120Z   enableCrossOsArchive: false
2025-09-22T19:46:06.4075501Z   fail-on-cache-miss: false
2025-09-22T19:46:06.4076036Z   lookup-only: false
2025-09-22T19:46:06.4076222Z   save-always: false
2025-09-22T19:46:06.4076393Z env:
2025-09-22T19:46:06.4076691Z   CODEQL_ACTION_FEATURE_MULTI_LANGUAGE: false
2025-09-22T19:46:06.4076961Z   CODEQL_ACTION_FEATURE_SANDWICH: false
2025-09-22T19:46:06.4077213Z   CODEQL_ACTION_FEATURE_SARIF_COMBINE: true
2025-09-22T19:46:06.4077472Z   CODEQL_ACTION_FEATURE_WILL_UPLOAD: true
2025-09-22T19:46:06.4077718Z   CODEQL_ACTION_VERSION: 3.30.3
2025-09-22T19:46:06.4078058Z   CODEQL_ACTION_ANALYSIS_KEY: .github/workflows/security-scan.yml:trivy-security-scan
2025-09-22T19:46:06.4078463Z   CODEQL_WORKFLOW_STARTED_AT: 2025-09-22T19:45:57.333Z
2025-09-22T19:46:06.4079106Z   CODEQL_UPLOAD_SARIF__GITHUB_WORKFLOWS_SECURITY_SCAN_YML_TRIVY_SECURITY_SCAN__TRIVY: CODEQL_UPLOAD_SARIF__GITHUB_WORKFLOWS_SECURITY_SCAN_YML_TRIVY_SECURITY_SCAN__TRIVY
2025-09-22T19:46:06.4079691Z ##[endgroup]
2025-09-22T19:46:06.6111184Z Cache not found for input keys: cache-trivy-2025-09-22, cache-trivy-
2025-09-22T19:46:06.6177623Z ##[group]Run echo "$GITHUB_ACTION_PATH" >> $GITHUB_PATH
2025-09-22T19:46:06.6177962Z [36;1mecho "$GITHUB_ACTION_PATH" >> $GITHUB_PATH[0m
2025-09-22T19:46:06.6208052Z shell: /usr/bin/bash --noprofile --norc -e -o pipefail {0}
2025-09-22T19:46:06.6208357Z env:
2025-09-22T19:46:06.6208550Z   CODEQL_ACTION_FEATURE_MULTI_LANGUAGE: false
2025-09-22T19:46:06.6208818Z   CODEQL_ACTION_FEATURE_SANDWICH: false
2025-09-22T19:46:06.6209072Z   CODEQL_ACTION_FEATURE_SARIF_COMBINE: true
2025-09-22T19:46:06.6209318Z   CODEQL_ACTION_FEATURE_WILL_UPLOAD: true
2025-09-22T19:46:06.6209563Z   CODEQL_ACTION_VERSION: 3.30.3
2025-09-22T19:46:06.6209917Z   CODEQL_ACTION_ANALYSIS_KEY: .github/workflows/security-scan.yml:trivy-security-scan
2025-09-22T19:46:06.6210330Z   CODEQL_WORKFLOW_STARTED_AT: 2025-09-22T19:45:57.333Z
2025-09-22T19:46:06.6210965Z   CODEQL_UPLOAD_SARIF__GITHUB_WORKFLOWS_SECURITY_SCAN_YML_TRIVY_SECURITY_SCAN__TRIVY: CODEQL_UPLOAD_SARIF__GITHUB_WORKFLOWS_SECURITY_SCAN_YML_TRIVY_SECURITY_SCAN__TRIVY
2025-09-22T19:46:06.6211696Z   GITHUB_ACTION_PATH: /home/runner/work/_actions/aquasecurity/trivy-action/master
2025-09-22T19:46:06.6212045Z ##[endgroup]
2025-09-22T19:46:06.6283362Z ##[group]Run rm -f trivy_envs.txt
2025-09-22T19:46:06.6283630Z [36;1mrm -f trivy_envs.txt[0m
2025-09-22T19:46:06.6283846Z [36;1mtouch trivy_envs.txt[0m
2025-09-22T19:46:06.6313062Z shell: /usr/bin/bash --noprofile --norc -e -o pipefail {0}
2025-09-22T19:46:06.6313377Z env:
2025-09-22T19:46:06.6313566Z   CODEQL_ACTION_FEATURE_MULTI_LANGUAGE: false
2025-09-22T19:46:06.6313830Z   CODEQL_ACTION_FEATURE_SANDWICH: false
2025-09-22T19:46:06.6314078Z   CODEQL_ACTION_FEATURE_SARIF_COMBINE: true
2025-09-22T19:46:06.6314337Z   CODEQL_ACTION_FEATURE_WILL_UPLOAD: true
2025-09-22T19:46:06.6314579Z   CODEQL_ACTION_VERSION: 3.30.3
2025-09-22T19:46:06.6314927Z   CODEQL_ACTION_ANALYSIS_KEY: .github/workflows/security-scan.yml:trivy-security-scan
2025-09-22T19:46:06.6315498Z   CODEQL_WORKFLOW_STARTED_AT: 2025-09-22T19:45:57.333Z
2025-09-22T19:46:06.6316192Z   CODEQL_UPLOAD_SARIF__GITHUB_WORKFLOWS_SECURITY_SCAN_YML_TRIVY_SECURITY_SCAN__TRIVY: CODEQL_UPLOAD_SARIF__GITHUB_WORKFLOWS_SECURITY_SCAN_YML_TRIVY_SECURITY_SCAN__TRIVY
2025-09-22T19:46:06.6316820Z ##[endgroup]
2025-09-22T19:46:06.6408905Z ##[group]Run # Note: There is currently no way to distinguish between undefined variables and empty strings in GitHub Actions.
2025-09-22T19:46:06.6409934Z [36;1m# Note: There is currently no way to distinguish between undefined variables and empty strings in GitHub Actions.[0m
2025-09-22T19:46:06.6410508Z [36;1m# This limitation affects how we handle default values and empty inputs.[0m
2025-09-22T19:46:06.6410990Z [36;1m# For more information, see: https://github.com/actions/runner/issues/924[0m
2025-09-22T19:46:06.6411342Z [36;1m[0m
2025-09-22T19:46:06.6411670Z [36;1m# The following logic implements the configuration priority described in the README:[0m
2025-09-22T19:46:06.6412045Z [36;1m#[0m
2025-09-22T19:46:06.6412212Z [36;1m# Inputs[0m
2025-09-22T19:46:06.6412541Z [36;1m# Environment Variables[0m
2025-09-22T19:46:06.6412775Z [36;1m# Config File[0m
2025-09-22T19:46:06.6412964Z [36;1m# Defaults[0m
2025-09-22T19:46:06.6413140Z [36;1m#[0m
2025-09-22T19:46:06.6413499Z [36;1m# As noted above defaults are awkward to handle as GitHub Actions will inject those values as the input[0m
2025-09-22T19:46:06.6414092Z [36;1m# if the caller doesn't provide them, thus if the input matches the default we don't set it as we[0m
2025-09-22T19:46:06.6414673Z [36;1m# can't tell the difference.  Plus if we did set it when it was the default value then it could potentially [0m
2025-09-22T19:46:06.6415322Z [36;1m# override an external environment variable, or something in the callers configuration file, which then wouldn't [0m
2025-09-22T19:46:06.6416242Z [36;1m# match the configuration priority that is documented.[0m
2025-09-22T19:46:06.6416569Z [36;1mset_env_var_if_provided() {[0m
2025-09-22T19:46:06.6416807Z [36;1m  local var_name="$1"[0m
2025-09-22T19:46:06.6417036Z [36;1m  local input_value="$2"[0m
2025-09-22T19:46:06.6417260Z [36;1m  local default_value="$3"[0m
2025-09-22T19:46:06.6417473Z [36;1m[0m
2025-09-22T19:46:06.6417715Z [36;1m  if [ ! -z "$input_value" ] && [ "$input_value" != "$default_value" ]; then[0m
2025-09-22T19:46:06.6418126Z [36;1m    # If action was provided with explicit input by the caller set that[0m
2025-09-22T19:46:06.6418519Z [36;1m    echo "export $var_name=$input_value" >> trivy_envs.txt[0m
2025-09-22T19:46:06.6418794Z [36;1m  fi[0m
2025-09-22T19:46:06.6418955Z [36;1m}[0m
2025-09-22T19:46:06.6419101Z [36;1m[0m
2025-09-22T19:46:06.6419353Z [36;1m# Set environment variables, handling those with default values[0m
2025-09-22T19:46:06.6419860Z [36;1m# cf. https://aquasecurity.github.io/trivy/latest/docs/configuration/#environment-variables[0m
2025-09-22T19:46:06.6420328Z [36;1mset_env_var_if_provided "TRIVY_INPUT" "" ""[0m
2025-09-22T19:46:06.6420637Z [36;1mset_env_var_if_provided "TRIVY_EXIT_CODE" "1" ""[0m
2025-09-22T19:46:06.6421007Z [36;1mset_env_var_if_provided "TRIVY_IGNORE_UNFIXED" "false" "false"[0m
2025-09-22T19:46:06.6421415Z [36;1mset_env_var_if_provided "TRIVY_PKG_TYPES" "os,library" "os,library"[0m
2025-09-22T19:46:06.6421904Z [36;1mset_env_var_if_provided "TRIVY_SEVERITY" "CRITICAL,HIGH" "UNKNOWN,LOW,MEDIUM,HIGH,CRITICAL"[0m
2025-09-22T19:46:06.6422371Z [36;1mset_env_var_if_provided "TRIVY_FORMAT" "table" "table"[0m
2025-09-22T19:46:06.6422705Z [36;1mset_env_var_if_provided "TRIVY_TEMPLATE" "" ""[0m
2025-09-22T19:46:06.6423001Z [36;1mset_env_var_if_provided "TRIVY_OUTPUT" "" ""[0m
2025-09-22T19:46:06.6423304Z [36;1mset_env_var_if_provided "TRIVY_SKIP_DIRS" "" ""[0m
2025-09-22T19:46:06.6423611Z [36;1mset_env_var_if_provided "TRIVY_SKIP_FILES" "" ""[0m
2025-09-22T19:46:06.6423921Z [36;1mset_env_var_if_provided "TRIVY_TIMEOUT" "" ""[0m
2025-09-22T19:46:06.6424227Z [36;1mset_env_var_if_provided "TRIVY_IGNORE_POLICY" "" ""[0m
2025-09-22T19:46:06.6424605Z [36;1mset_env_var_if_provided "TRIVY_QUIET" "" ""[0m
2025-09-22T19:46:06.6424994Z [36;1mset_env_var_if_provided "TRIVY_LIST_ALL_PKGS" "false" "false"[0m
2025-09-22T19:46:06.6425601Z [36;1mset_env_var_if_provided "TRIVY_SCANNERS" "" ""[0m
2025-09-22T19:46:06.6426055Z [36;1mset_env_var_if_provided "TRIVY_CONFIG" "" ""[0m
2025-09-22T19:46:06.6426442Z [36;1mset_env_var_if_provided "TRIVY_TF_VARS" "" ""[0m
2025-09-22T19:46:06.6427125Z [36;1mset_env_var_if_provided "TRIVY_DOCKER_HOST" "" ""[0m
2025-09-22T19:46:06.6456246Z shell: /usr/bin/bash --noprofile --norc -e -o pipefail {0}
2025-09-22T19:46:06.6456641Z env:
2025-09-22T19:46:06.6456958Z   CODEQL_ACTION_FEATURE_MULTI_LANGUAGE: false
2025-09-22T19:46:06.6457383Z   CODEQL_ACTION_FEATURE_SANDWICH: false
2025-09-22T19:46:06.6457696Z   CODEQL_ACTION_FEATURE_SARIF_COMBINE: true
2025-09-22T19:46:06.6458101Z   CODEQL_ACTION_FEATURE_WILL_UPLOAD: true
2025-09-22T19:46:06.6458437Z   CODEQL_ACTION_VERSION: 3.30.3
2025-09-22T19:46:06.6516955Z   CODEQL_ACTION_ANALYSIS_KEY: .github/workflows/security-scan.yml:trivy-security-scan
2025-09-22T19:46:06.6517431Z   CODEQL_WORKFLOW_STARTED_AT: 2025-09-22T19:45:57.333Z
2025-09-22T19:46:06.6518127Z   CODEQL_UPLOAD_SARIF__GITHUB_WORKFLOWS_SECURITY_SCAN_YML_TRIVY_SECURITY_SCAN__TRIVY: CODEQL_UPLOAD_SARIF__GITHUB_WORKFLOWS_SECURITY_SCAN_YML_TRIVY_SECURITY_SCAN__TRIVY
2025-09-22T19:46:06.6518791Z ##[endgroup]
2025-09-22T19:46:06.6596516Z ##[group]Run entrypoint.sh
2025-09-22T19:46:06.6596751Z [36;1mentrypoint.sh[0m
2025-09-22T19:46:06.6625215Z shell: /usr/bin/bash --noprofile --norc -e -o pipefail {0}
2025-09-22T19:46:06.6625758Z env:
2025-09-22T19:46:06.6625955Z   CODEQL_ACTION_FEATURE_MULTI_LANGUAGE: false
2025-09-22T19:46:06.6626218Z   CODEQL_ACTION_FEATURE_SANDWICH: false
2025-09-22T19:46:06.6626476Z   CODEQL_ACTION_FEATURE_SARIF_COMBINE: true
2025-09-22T19:46:06.6626728Z   CODEQL_ACTION_FEATURE_WILL_UPLOAD: true
2025-09-22T19:46:06.6626975Z   CODEQL_ACTION_VERSION: 3.30.3
2025-09-22T19:46:06.6627338Z   CODEQL_ACTION_ANALYSIS_KEY: .github/workflows/security-scan.yml:trivy-security-scan
2025-09-22T19:46:06.6627756Z   CODEQL_WORKFLOW_STARTED_AT: 2025-09-22T19:45:57.333Z
2025-09-22T19:46:06.6628401Z   CODEQL_UPLOAD_SARIF__GITHUB_WORKFLOWS_SECURITY_SCAN_YML_TRIVY_SECURITY_SCAN__TRIVY: CODEQL_UPLOAD_SARIF__GITHUB_WORKFLOWS_SECURITY_SCAN_YML_TRIVY_SECURITY_SCAN__TRIVY
2025-09-22T19:46:06.6629005Z   INPUT_SCAN_TYPE: config
2025-09-22T19:46:06.6629219Z   INPUT_IMAGE_REF: 
2025-09-22T19:46:06.6629392Z   INPUT_SCAN_REF: .
2025-09-22T19:46:06.6629570Z   INPUT_TRIVYIGNORES: 
2025-09-22T19:46:06.6629751Z   INPUT_GITHUB_PAT: 
2025-09-22T19:46:06.6629949Z   INPUT_LIMIT_SEVERITIES_FOR_SARIF: 
2025-09-22T19:46:06.6630394Z   TRIVY_CACHE_DIR: /home/runner/work/pose-coach-android-starter/pose-coach-android-starter/.cache/trivy
2025-09-22T19:46:06.6630821Z ##[endgroup]
2025-09-22T19:46:06.6693930Z Running Trivy with options: trivy config .
2025-09-22T19:46:06.7294093Z 2025-09-22T19:46:06Z	INFO	[misconfig] Misconfiguration scanning is enabled
2025-09-22T19:46:06.7294889Z 2025-09-22T19:46:06Z	INFO	[misconfig] Need to update the checks bundle
2025-09-22T19:46:06.7295818Z 2025-09-22T19:46:06Z	INFO	[misconfig] Downloading the checks bundle...
2025-09-22T19:46:08.5438623Z 165.20 KiB / 165.20 KiB [---------------------------------------------------------] 100.00% ? p/s 0s2025-09-22T19:46:08Z	INFO	Detected config files	num=1
2025-09-22T19:46:08.5443453Z 
2025-09-22T19:46:08.5443999Z 📣 [34mNotices:[0m
2025-09-22T19:46:08.5444628Z   - Version 0.66.0 of Trivy is now available, current version is 0.65.0
2025-09-22T19:46:08.5445133Z 
2025-09-22T19:46:08.5445759Z To suppress version checks, run Trivy scans with the --skip-version-check flag
2025-09-22T19:46:08.5446356Z 
2025-09-22T19:46:08.5446367Z 
2025-09-22T19:46:08.5446572Z Report Summary
2025-09-22T19:46:08.5446789Z 
2025-09-22T19:46:08.5447393Z ┌─────────────────────────┬────────────┬───────────────────┐
2025-09-22T19:46:08.5448140Z │         Target          │    Type    │ Misconfigurations │
2025-09-22T19:46:08.5449007Z ├─────────────────────────┼────────────┼───────────────────┤
2025-09-22T19:46:08.5449735Z │ docker/Dockerfile.build │ dockerfile │         8         │
2025-09-22T19:46:08.5450412Z └─────────────────────────┴────────────┴───────────────────┘
2025-09-22T19:46:08.5450817Z Legend:
2025-09-22T19:46:08.5451083Z - '-': Not scanned
2025-09-22T19:46:08.5451418Z - '0': Clean (no security findings detected)
2025-09-22T19:46:08.5452093Z 
2025-09-22T19:46:08.5452099Z 
2025-09-22T19:46:08.5452258Z docker/Dockerfile.build (dockerfile)
2025-09-22T19:46:08.5452677Z ====================================
2025-09-22T19:46:08.5453096Z Tests: 27 (SUCCESSES: 19, FAILURES: 8)
2025-09-22T19:46:08.5453531Z Failures: 8 (HIGH: 8, CRITICAL: 0)
2025-09-22T19:46:08.5453814Z 
2025-09-22T19:46:08.5454497Z AVD-DS-0029 (HIGH): '--no-install-recommends' flag is missed: 'apt-get update && apt-get install -y     aapt     && rm -rf /var/lib/apt/lists/*'
2025-09-22T19:46:08.5455811Z ════════════════════════════════════════
2025-09-22T19:46:08.5456689Z 'apt-get' install should use '--no-install-recommends' to minimize image size.
2025-09-22T19:46:08.5457220Z 
2025-09-22T19:46:08.5457421Z See https://avd.aquasec.com/misconfig/ds029
2025-09-22T19:46:08.5458007Z ────────────────────────────────────────
2025-09-22T19:46:08.5458452Z  docker/Dockerfile.build:189-191
2025-09-22T19:46:08.5458974Z ────────────────────────────────────────
2025-09-22T19:46:08.5459556Z  189 ┌ RUN apt-get update && apt-get install -y \
2025-09-22T19:46:08.5460066Z  190 │     aapt \
2025-09-22T19:46:08.5460454Z  191 └     && rm -rf /var/lib/apt/lists/*
2025-09-22T19:46:08.5460948Z ────────────────────────────────────────
2025-09-22T19:46:08.5461203Z 
2025-09-22T19:46:08.5461209Z 
2025-09-22T19:46:08.5461985Z AVD-DS-0029 (HIGH): '--no-install-recommends' flag is missed: 'apt-get update && apt-get install -y     build-essential     cmake     ninja-build     && rm -rf /var/lib/apt/lists/*'
2025-09-22T19:46:08.5463137Z ════════════════════════════════════════
2025-09-22T19:46:08.5463718Z 'apt-get' install should use '--no-install-recommends' to minimize image size.
2025-09-22T19:46:08.5464167Z 
2025-09-22T19:46:08.5464333Z See https://avd.aquasec.com/misconfig/ds029
2025-09-22T19:46:08.5464847Z ────────────────────────────────────────
2025-09-22T19:46:08.5465227Z  docker/Dockerfile.build:74-78
2025-09-22T19:46:08.5465839Z ────────────────────────────────────────
2025-09-22T19:46:08.5466349Z   74 ┌ RUN apt-get update && apt-get install -y \
2025-09-22T19:46:08.5466832Z   75 │     build-essential \
2025-09-22T19:46:08.5467191Z   76 │     cmake \
2025-09-22T19:46:08.5467520Z   77 │     ninja-build \
2025-09-22T19:46:08.5467922Z   78 └     && rm -rf /var/lib/apt/lists/*
2025-09-22T19:46:08.5468409Z ────────────────────────────────────────
2025-09-22T19:46:08.5468666Z 
2025-09-22T19:46:08.5468671Z 
2025-09-22T19:46:08.5469384Z AVD-DS-0029 (HIGH): '--no-install-recommends' flag is missed: 'apt-get update && apt-get install -y     jq     curl     git     ssh-client     rsync     && rm -rf /var/lib/apt/lists/*'
2025-09-22T19:46:08.5470474Z ════════════════════════════════════════
2025-09-22T19:46:08.5471026Z 'apt-get' install should use '--no-install-recommends' to minimize image size.
2025-09-22T19:46:08.5471474Z 
2025-09-22T19:46:08.5471647Z See https://avd.aquasec.com/misconfig/ds029
2025-09-22T19:46:08.5472160Z ────────────────────────────────────────
2025-09-22T19:46:08.5472742Z  docker/Dockerfile.build:257-263
2025-09-22T19:46:08.5473207Z ────────────────────────────────────────
2025-09-22T19:46:08.5473702Z  257 ┌ RUN apt-get update && apt-get install -y \
2025-09-22T19:46:08.5474142Z  258 │     jq \
2025-09-22T19:46:08.5474449Z  259 │     curl \
2025-09-22T19:46:08.5474744Z  260 │     git \
2025-09-22T19:46:08.5475068Z  261 │     ssh-client \
2025-09-22T19:46:08.5475544Z  262 │     rsync \
2025-09-22T19:46:08.5475924Z  263 └     && rm -rf /var/lib/apt/lists/*
2025-09-22T19:46:08.5476414Z ────────────────────────────────────────
2025-09-22T19:46:08.5476666Z 
2025-09-22T19:46:08.5476671Z 
2025-09-22T19:46:08.5477523Z AVD-DS-0029 (HIGH): '--no-install-recommends' flag is missed: 'apt-get update && apt-get install -y     vim     nano     htop     git-flow     && rm -rf /var/lib/apt/lists/*'
2025-09-22T19:46:08.5478581Z ════════════════════════════════════════
2025-09-22T19:46:08.5479128Z 'apt-get' install should use '--no-install-recommends' to minimize image size.
2025-09-22T19:46:08.5479602Z 
2025-09-22T19:46:08.5479769Z See https://avd.aquasec.com/misconfig/ds029
2025-09-22T19:46:08.5480283Z ────────────────────────────────────────
2025-09-22T19:46:08.5480660Z  docker/Dockerfile.build:227-232
2025-09-22T19:46:08.5481123Z ────────────────────────────────────────
2025-09-22T19:46:08.5481605Z  227 ┌ RUN apt-get update && apt-get install -y \
2025-09-22T19:46:08.5482043Z  228 │     vim \
2025-09-22T19:46:08.5482340Z  229 │     nano \
2025-09-22T19:46:08.5482647Z  230 │     htop \
2025-09-22T19:46:08.5482956Z  231 │     git-flow \
2025-09-22T19:46:08.5483339Z  232 └     && rm -rf /var/lib/apt/lists/*
2025-09-22T19:46:08.5483839Z ────────────────────────────────────────
2025-09-22T19:46:08.5484110Z 
2025-09-22T19:46:08.5484115Z 
2025-09-22T19:46:08.5484752Z AVD-DS-0029 (HIGH): '--no-install-recommends' flag is missed: 'apt-get update && apt-get install -y     wget     && rm -rf /var/lib/apt/lists/*'
2025-09-22T19:46:08.5485934Z ════════════════════════════════════════
2025-09-22T19:46:08.5486499Z 'apt-get' install should use '--no-install-recommends' to minimize image size.
2025-09-22T19:46:08.5486954Z 
2025-09-22T19:46:08.5487118Z See https://avd.aquasec.com/misconfig/ds029
2025-09-22T19:46:08.5487626Z ────────────────────────────────────────
2025-09-22T19:46:08.5488015Z  docker/Dockerfile.build:157-159
2025-09-22T19:46:08.5488472Z ────────────────────────────────────────
2025-09-22T19:46:08.5488958Z  157 ┌ RUN apt-get update && apt-get install -y \
2025-09-22T19:46:08.5489404Z  158 │     wget \
2025-09-22T19:46:08.5489754Z  159 └     && rm -rf /var/lib/apt/lists/*
2025-09-22T19:46:08.5490222Z ────────────────────────────────────────
2025-09-22T19:46:08.5490478Z 
2025-09-22T19:46:08.5490483Z 
2025-09-22T19:46:08.5491192Z AVD-DS-0029 (HIGH): '--no-install-recommends' flag is missed: 'apt-get update && apt-get install -y     wget     unzip     git     curl     python3     python3-pip     && rm -rf /var/lib/apt/lists/*'
2025-09-22T19:46:08.5492245Z ════════════════════════════════════════
2025-09-22T19:46:08.5492766Z 'apt-get' install should use '--no-install-recommends' to minimize image size.
2025-09-22T19:46:08.5493173Z 
2025-09-22T19:46:08.5493323Z See https://avd.aquasec.com/misconfig/ds029
2025-09-22T19:46:08.5493798Z ────────────────────────────────────────
2025-09-22T19:46:08.5494154Z  docker/Dockerfile.build:10-17
2025-09-22T19:46:08.5494581Z ────────────────────────────────────────
2025-09-22T19:46:08.5495035Z   10 ┌ RUN apt-get update && apt-get install -y \
2025-09-22T19:46:08.5495589Z   11 │     wget \
2025-09-22T19:46:08.5495884Z   12 │     unzip \
2025-09-22T19:46:08.5496189Z   13 │     git \
2025-09-22T19:46:08.5496651Z   14 │     curl \
2025-09-22T19:46:08.5496951Z   15 │     python3 \
2025-09-22T19:46:08.5497286Z   16 │     python3-pip \
2025-09-22T19:46:08.5497670Z   17 └     && rm -rf /var/lib/apt/lists/*
2025-09-22T19:46:08.5498130Z ────────────────────────────────────────
2025-09-22T19:46:08.5498373Z 
2025-09-22T19:46:08.5498378Z 
2025-09-22T19:46:08.5499217Z AVD-DS-0029 (HIGH): '--no-install-recommends' flag is missed: 'apt-get update && apt-get install -y     xvfb     libgl1-mesa-glx     libpulse0     && rm -rf /var/lib/apt/lists/*'
2025-09-22T19:46:08.5500224Z ════════════════════════════════════════
2025-09-22T19:46:08.5500750Z 'apt-get' install should use '--no-install-recommends' to minimize image size.
2025-09-22T19:46:08.5501180Z 
2025-09-22T19:46:08.5501339Z See https://avd.aquasec.com/misconfig/ds029
2025-09-22T19:46:08.5501842Z ────────────────────────────────────────
2025-09-22T19:46:08.5502220Z  docker/Dockerfile.build:133-137
2025-09-22T19:46:08.5502670Z ────────────────────────────────────────
2025-09-22T19:46:08.5503179Z  133 ┌ RUN apt-get update && apt-get install -y \
2025-09-22T19:46:08.5503617Z  134 │     xvfb \
2025-09-22T19:46:08.5503954Z  135 │     libgl1-mesa-glx \
2025-09-22T19:46:08.5504326Z  136 │     libpulse0 \
2025-09-22T19:46:08.5504711Z  137 └     && rm -rf /var/lib/apt/lists/*
2025-09-22T19:46:08.5505189Z ────────────────────────────────────────
2025-09-22T19:46:08.5505609Z 
2025-09-22T19:46:08.5505615Z 
2025-09-22T19:46:08.5507809Z AVD-DS-0029 (HIGH): '--no-install-recommends' flag is missed: 'echo "deb [signed-by=/usr/share/keyrings/cloud.google.gpg] https://packages.cloud.google.com/apt cloud-sdk main" | tee -a /etc/apt/sources.list.d/google-cloud-sdk.list &&     curl https://packages.cloud.google.com/apt/doc/apt-key.gpg | apt-key --keyring /usr/share/keyrings/cloud.google.gpg add - &&     apt-get update && apt-get install -y google-cloud-sdk &&     rm -rf /var/lib/apt/lists/*'
2025-09-22T19:46:08.5510393Z ════════════════════════════════════════
2025-09-22T19:46:08.5510958Z 'apt-get' install should use '--no-install-recommends' to minimize image size.
2025-09-22T19:46:08.5511417Z 
2025-09-22T19:46:08.5511578Z See https://avd.aquasec.com/misconfig/ds029
2025-09-22T19:46:08.5512092Z ────────────────────────────────────────
2025-09-22T19:46:08.5512471Z  docker/Dockerfile.build:266-269
2025-09-22T19:46:08.5512931Z ────────────────────────────────────────
2025-09-22T19:46:08.5514246Z  266 ┌ RUN echo "deb [signed-by=/usr/share/keyrings/cloud.google.gpg] https://packages.cloud.google.com/apt cloud-sdk main" | tee -a /etc/apt/sources.list.d/google-cloud-sdk.list && \
2025-09-22T19:46:08.5516135Z  267 │     curl https://packages.cloud.google.com/apt/doc/apt-key.gpg | apt-key --keyring /usr/share/keyrings/cloud.google.gpg add - && \
2025-09-22T19:46:08.5517209Z  268 │     apt-get update && apt-get install -y google-cloud-sdk && \
2025-09-22T19:46:08.5517775Z  269 └     rm -rf /var/lib/apt/lists/*
2025-09-22T19:46:08.5518289Z ────────────────────────────────────────
2025-09-22T19:46:08.5518550Z 
2025-09-22T19:46:08.5518572Z 
2025-09-22T19:46:08.5551780Z ##[error]Process completed with exit code 1.
2025-09-22T19:46:08.5570602Z ##[group]Run rm -f trivy_envs.txt
2025-09-22T19:46:08.5570860Z [36;1mrm -f trivy_envs.txt[0m
2025-09-22T19:46:08.5600068Z shell: /usr/bin/bash --noprofile --norc -e -o pipefail {0}
2025-09-22T19:46:08.5600368Z env:
2025-09-22T19:46:08.5600744Z   CODEQL_ACTION_FEATURE_MULTI_LANGUAGE: false
2025-09-22T19:46:08.5601009Z   CODEQL_ACTION_FEATURE_SANDWICH: false
2025-09-22T19:46:08.5601289Z   CODEQL_ACTION_FEATURE_SARIF_COMBINE: true
2025-09-22T19:46:08.5601546Z   CODEQL_ACTION_FEATURE_WILL_UPLOAD: true
2025-09-22T19:46:08.5601796Z   CODEQL_ACTION_VERSION: 3.30.3
2025-09-22T19:46:08.5602147Z   CODEQL_ACTION_ANALYSIS_KEY: .github/workflows/security-scan.yml:trivy-security-scan
2025-09-22T19:46:08.5602557Z   CODEQL_WORKFLOW_STARTED_AT: 2025-09-22T19:45:57.333Z
2025-09-22T19:46:08.5603331Z   CODEQL_UPLOAD_SARIF__GITHUB_WORKFLOWS_SECURITY_SCAN_YML_TRIVY_SECURITY_SCAN__TRIVY: CODEQL_UPLOAD_SARIF__GITHUB_WORKFLOWS_SECURITY_SCAN_YML_TRIVY_SECURITY_SCAN__TRIVY
2025-09-22T19:46:08.5603940Z ##[endgroup]
2025-09-22T19:46:08.5788714Z Post job cleanup.
2025-09-22T19:46:08.5839066Z Post job cleanup.
2025-09-22T19:46:08.5872264Z Post job cleanup.
2025-09-22T19:46:08.6721658Z Post job cleanup.
2025-09-22T19:46:08.8701531Z ##[group]Uploading combined SARIF debug artifact
2025-09-22T19:46:08.8703982Z ##[endgroup]
2025-09-22T19:46:08.8909245Z Post job cleanup.
2025-09-22T19:46:08.8957390Z Post job cleanup.
2025-09-22T19:46:08.8989673Z Post job cleanup.
2025-09-22T19:46:08.9859100Z Post job cleanup.
2025-09-22T19:46:09.0823857Z [command]/usr/bin/git version
2025-09-22T19:46:09.0863512Z git version 2.51.0
2025-09-22T19:46:09.0909675Z Temporarily overriding HOME='/home/runner/work/_temp/bed5df43-1768-4e32-a6d0-96804a1da90c' before making global git config changes
2025-09-22T19:46:09.0910932Z Adding repository directory to the temporary git global config as a safe directory
2025-09-22T19:46:09.0924402Z [command]/usr/bin/git config --global --add safe.directory /home/runner/work/pose-coach-android-starter/pose-coach-android-starter
2025-09-22T19:46:09.0963165Z [command]/usr/bin/git config --local --name-only --get-regexp core\.sshCommand
2025-09-22T19:46:09.0998200Z [command]/usr/bin/git submodule foreach --recursive sh -c "git config --local --name-only --get-regexp 'core\.sshCommand' && git config --local --unset-all 'core.sshCommand' || :"
2025-09-22T19:46:09.1217775Z fatal: No url found for submodule path 'pose-coach-skeleton' in .gitmodules
2025-09-22T19:46:09.1263443Z ##[warning]The process '/usr/bin/git' failed with exit code 128
2025-09-22T19:46:09.1343554Z Cleaning up orphan processes
