2025-09-22T19:45:42.6097461Z Current runner version: '2.328.0'
2025-09-22T19:45:42.6121637Z ##[group]Runner Image Provisioner
2025-09-22T19:45:42.6122434Z Hosted Compute Agent
2025-09-22T19:45:42.6122992Z Version: 20250829.383
2025-09-22T19:45:42.6123560Z Commit: 27cb235aab5b0e52e153a26cd86b4742e89dac5d
2025-09-22T19:45:42.6124343Z Build Date: 2025-08-29T13:48:48Z
2025-09-22T19:45:42.6124906Z ##[endgroup]
2025-09-22T19:45:42.6125464Z ##[group]Operating System
2025-09-22T19:45:42.6126471Z Ubuntu
2025-09-22T19:45:42.6126936Z 24.04.3
2025-09-22T19:45:42.6127400Z LTS
2025-09-22T19:45:42.6127890Z ##[endgroup]
2025-09-22T19:45:42.6128388Z ##[group]Runner Image
2025-09-22T19:45:42.6128931Z Image: ubuntu-24.04
2025-09-22T19:45:42.6129487Z Version: 20250907.24.1
2025-09-22T19:45:42.6130473Z Included Software: https://github.com/actions/runner-images/blob/ubuntu24/20250907.24/images/ubuntu/Ubuntu2404-Readme.md
2025-09-22T19:45:42.6132081Z Image Release: https://github.com/actions/runner-images/releases/tag/ubuntu24%2F20250907.24
2025-09-22T19:45:42.6133028Z ##[endgroup]
2025-09-22T19:45:42.6134146Z ##[group]GITHUB_TOKEN Permissions
2025-09-22T19:45:42.6136145Z Contents: read
2025-09-22T19:45:42.6136693Z Metadata: read
2025-09-22T19:45:42.6137231Z Packages: read
2025-09-22T19:45:42.6137737Z ##[endgroup]
2025-09-22T19:45:42.6139779Z Secret source: Actions
2025-09-22T19:45:42.6140545Z Prepare workflow directory
2025-09-22T19:45:42.6457609Z Prepare all required actions
2025-09-22T19:45:42.6493692Z Getting action download info
2025-09-22T19:45:43.1357613Z Download action repository 'actions/checkout@v4' (SHA:08eba0b27e820071cde6df949e0beb9ba4906955)
2025-09-22T19:45:43.3398202Z Download action repository 'actions/setup-java@v4' (SHA:c5195efecf7bdfc987ee8bae7a71cb8b11521c00)
2025-09-22T19:45:44.2191246Z Download action repository 'android-actions/setup-android@v3' (SHA:9fc6c4e9069bf8d3d10b2204b1fb8f6ef7065407)
2025-09-22T19:45:44.7895197Z Complete job name: Performance Quality Gate
2025-09-22T19:45:44.8592830Z ##[group]Run actions/checkout@v4
2025-09-22T19:45:44.8593709Z with:
2025-09-22T19:45:44.8594187Z   repository: thc1006/pose-coach-android-starter
2025-09-22T19:45:44.8594960Z   token: ***
2025-09-22T19:45:44.8595365Z   ssh-strict: true
2025-09-22T19:45:44.8595962Z   ssh-user: git
2025-09-22T19:45:44.8596393Z   persist-credentials: true
2025-09-22T19:45:44.8596853Z   clean: true
2025-09-22T19:45:44.8597274Z   sparse-checkout-cone-mode: true
2025-09-22T19:45:44.8597784Z   fetch-depth: 1
2025-09-22T19:45:44.8598208Z   fetch-tags: false
2025-09-22T19:45:44.8598621Z   show-progress: true
2025-09-22T19:45:44.8599049Z   lfs: false
2025-09-22T19:45:44.8599447Z   submodules: false
2025-09-22T19:45:44.8599874Z   set-safe-directory: true
2025-09-22T19:45:44.8600587Z ##[endgroup]
2025-09-22T19:45:44.9656969Z Syncing repository: thc1006/pose-coach-android-starter
2025-09-22T19:45:44.9658848Z ##[group]Getting Git version info
2025-09-22T19:45:44.9659895Z Working directory is '/home/runner/work/pose-coach-android-starter/pose-coach-android-starter'
2025-09-22T19:45:44.9661115Z [command]/usr/bin/git version
2025-09-22T19:45:44.9731942Z git version 2.51.0
2025-09-22T19:45:44.9757896Z ##[endgroup]
2025-09-22T19:45:44.9771181Z Temporarily overriding HOME='/home/runner/work/_temp/850d8d65-8cf8-42e1-b947-aed9c76833cf' before making global git config changes
2025-09-22T19:45:44.9782960Z Adding repository directory to the temporary git global config as a safe directory
2025-09-22T19:45:44.9784378Z [command]/usr/bin/git config --global --add safe.directory /home/runner/work/pose-coach-android-starter/pose-coach-android-starter
2025-09-22T19:45:44.9819067Z Deleting the contents of '/home/runner/work/pose-coach-android-starter/pose-coach-android-starter'
2025-09-22T19:45:44.9822276Z ##[group]Initializing the repository
2025-09-22T19:45:44.9826456Z [command]/usr/bin/git init /home/runner/work/pose-coach-android-starter/pose-coach-android-starter
2025-09-22T19:45:45.0008160Z hint: Using 'master' as the name for the initial branch. This default branch name
2025-09-22T19:45:45.0009384Z hint: is subject to change. To configure the initial branch name to use in all
2025-09-22T19:45:45.0010768Z hint: of your new repositories, which will suppress this warning, call:
2025-09-22T19:45:45.0011488Z hint:
2025-09-22T19:45:45.0012034Z hint: 	git config --global init.defaultBranch <name>
2025-09-22T19:45:45.0012648Z hint:
2025-09-22T19:45:45.0013369Z hint: Names commonly chosen instead of 'master' are 'main', 'trunk' and
2025-09-22T19:45:45.0014767Z hint: 'development'. The just-created branch can be renamed via this command:
2025-09-22T19:45:45.0015536Z hint:
2025-09-22T19:45:45.0016208Z hint: 	git branch -m <name>
2025-09-22T19:45:45.0016689Z hint:
2025-09-22T19:45:45.0017323Z hint: Disable this message with "git config set advice.defaultBranchName false"
2025-09-22T19:45:45.0018648Z Initialized empty Git repository in /home/runner/work/pose-coach-android-starter/pose-coach-android-starter/.git/
2025-09-22T19:45:45.0025084Z [command]/usr/bin/git remote add origin https://github.com/thc1006/pose-coach-android-starter
2025-09-22T19:45:45.0062358Z ##[endgroup]
2025-09-22T19:45:45.0063614Z ##[group]Disabling automatic garbage collection
2025-09-22T19:45:45.0067252Z [command]/usr/bin/git config --local gc.auto 0
2025-09-22T19:45:45.0096234Z ##[endgroup]
2025-09-22T19:45:45.0097530Z ##[group]Setting up auth
2025-09-22T19:45:45.0103779Z [command]/usr/bin/git config --local --name-only --get-regexp core\.sshCommand
2025-09-22T19:45:45.0134480Z [command]/usr/bin/git submodule foreach --recursive sh -c "git config --local --name-only --get-regexp 'core\.sshCommand' && git config --local --unset-all 'core.sshCommand' || :"
2025-09-22T19:45:45.0459034Z [command]/usr/bin/git config --local --name-only --get-regexp http\.https\:\/\/github\.com\/\.extraheader
2025-09-22T19:45:45.0490327Z [command]/usr/bin/git submodule foreach --recursive sh -c "git config --local --name-only --get-regexp 'http\.https\:\/\/github\.com\/\.extraheader' && git config --local --unset-all 'http.https://github.com/.extraheader' || :"
2025-09-22T19:45:45.0708763Z [command]/usr/bin/git config --local http.https://github.com/.extraheader AUTHORIZATION: basic ***
2025-09-22T19:45:45.0743388Z ##[endgroup]
2025-09-22T19:45:45.0744422Z ##[group]Fetching the repository
2025-09-22T19:45:45.0760792Z [command]/usr/bin/git -c protocol.version=2 fetch --no-tags --prune --no-recurse-submodules --depth=1 origin +685d758d9ae8c729893935dc590157eded077a04:refs/remotes/origin/main
2025-09-22T19:45:45.7872476Z From https://github.com/thc1006/pose-coach-android-starter
2025-09-22T19:45:45.7873873Z  * [new ref]         685d758d9ae8c729893935dc590157eded077a04 -> origin/main
2025-09-22T19:45:45.7902837Z ##[endgroup]
2025-09-22T19:45:45.7904806Z ##[group]Determining the checkout info
2025-09-22T19:45:45.7907333Z ##[endgroup]
2025-09-22T19:45:45.7911354Z [command]/usr/bin/git sparse-checkout disable
2025-09-22T19:45:45.7953458Z [command]/usr/bin/git config --local --unset-all extensions.worktreeConfig
2025-09-22T19:45:45.7981956Z ##[group]Checking out the ref
2025-09-22T19:45:45.7986008Z [command]/usr/bin/git checkout --progress --force -B main refs/remotes/origin/main
2025-09-22T19:45:45.8806960Z Switched to a new branch 'main'
2025-09-22T19:45:45.8808515Z branch 'main' set up to track 'origin/main'.
2025-09-22T19:45:45.8819755Z ##[endgroup]
2025-09-22T19:45:45.8856730Z [command]/usr/bin/git log -1 --format=%H
2025-09-22T19:45:45.8878494Z 685d758d9ae8c729893935dc590157eded077a04
2025-09-22T19:45:45.9210634Z ##[group]Run actions/setup-java@v4
2025-09-22T19:45:45.9211637Z with:
2025-09-22T19:45:45.9212322Z   java-version: 17
2025-09-22T19:45:45.9213116Z   distribution: temurin
2025-09-22T19:45:45.9213920Z   cache: gradle
2025-09-22T19:45:45.9214671Z   java-package: jdk
2025-09-22T19:45:45.9215460Z   check-latest: false
2025-09-22T19:45:45.9216438Z   server-id: github
2025-09-22T19:45:45.9217259Z   server-username: GITHUB_ACTOR
2025-09-22T19:45:45.9218257Z   server-password: GITHUB_TOKEN
2025-09-22T19:45:45.9219227Z   overwrite-settings: true
2025-09-22T19:45:45.9220126Z   job-status: success
2025-09-22T19:45:45.9221422Z   token: ***
2025-09-22T19:45:45.9222124Z ##[endgroup]
2025-09-22T19:45:46.1148489Z ##[group]Installed distributions
2025-09-22T19:45:46.1484025Z Resolved Java 17.0.16+8 from tool-cache
2025-09-22T19:45:46.1485493Z Setting Java 17.0.16+8 as the default
2025-09-22T19:45:46.1497598Z Creating toolchains.xml for JDK version 17 from temurin
2025-09-22T19:45:46.1573222Z Writing to /home/runner/.m2/toolchains.xml
2025-09-22T19:45:46.1574525Z 
2025-09-22T19:45:46.1575123Z Java configuration:
2025-09-22T19:45:46.1576317Z   Distribution: temurin
2025-09-22T19:45:46.1577749Z   Version: 17.0.16+8
2025-09-22T19:45:46.1579166Z   Path: /opt/hostedtoolcache/Java_Temurin-Hotspot_jdk/17.0.16-8/x64
2025-09-22T19:45:46.1580820Z 
2025-09-22T19:45:46.1582014Z ##[endgroup]
2025-09-22T19:45:46.1596520Z Creating settings.xml with server-id: github
2025-09-22T19:45:46.1598442Z Writing to /home/runner/.m2/settings.xml
2025-09-22T19:45:46.5743958Z gradle cache is not found
2025-09-22T19:45:46.5937331Z ##[group]Run android-actions/setup-android@v3
2025-09-22T19:45:46.5938592Z with:
2025-09-22T19:45:46.5939356Z   cmdline-tools-version: 12266719
2025-09-22T19:45:46.5940375Z   accept-android-sdk-licenses: true
2025-09-22T19:45:46.5941571Z   log-accepted-android-sdk-licenses: true
2025-09-22T19:45:46.5942721Z   packages: tools platform-tools
2025-09-22T19:45:46.5943648Z env:
2025-09-22T19:45:46.5944785Z   JAVA_HOME: /opt/hostedtoolcache/Java_Temurin-Hotspot_jdk/17.0.16-8/x64
2025-09-22T19:45:46.5946808Z   JAVA_HOME_17_X64: /opt/hostedtoolcache/Java_Temurin-Hotspot_jdk/17.0.16-8/x64
2025-09-22T19:45:46.5948271Z ##[endgroup]
2025-09-22T19:45:46.7083825Z Found preinstalled sdkmanager in /usr/local/lib/android/sdk/cmdline-tools/latest with following source.properties:
2025-09-22T19:45:46.7087433Z Pkg.Revision=12.0
2025-09-22T19:45:46.7088643Z Pkg.Path=cmdline-tools;12.0
2025-09-22T19:45:46.7090247Z Pkg.Desc=Android SDK Command-line Tools
2025-09-22T19:45:46.7091266Z 
2025-09-22T19:45:46.7092001Z Wrong version in preinstalled sdkmanager
2025-09-22T19:45:46.7094745Z Downloading commandline tools from https://dl.google.com/android/repository/commandlinetools-linux-12266719_latest.zip
2025-09-22T19:45:48.3643908Z [command]/usr/bin/unzip -o -q /home/runner/work/_temp/c0803e7b-675d-4f5f-827f-c8338ffaa835
2025-09-22T19:45:49.2282004Z Accepting Android SDK licenses
2025-09-22T19:45:49.2283137Z [command]/usr/local/lib/android/sdk/cmdline-tools/16.0/bin/sdkmanager --licenses
2025-09-22T19:45:53.6359241Z Loading local repository...                                                     
2025-09-22T19:45:53.6360006Z [=========                              ] 25% Loading local repository...       
2025-09-22T19:45:55.9004985Z [=========                              ] 25% Fetch remote repository...        
2025-09-22T19:45:56.3904819Z [==========                             ] 26% Fetch remote repository...        
2025-09-22T19:45:56.3905522Z [============                           ] 31% Fetch remote repository...        
2025-09-22T19:45:56.4161689Z [============                           ] 32% Fetch remote repository...        
2025-09-22T19:45:56.4164484Z [=============                          ] 33% Fetch remote repository...        
2025-09-22T19:45:56.4520183Z [=============                          ] 35% Fetch remote repository...        
2025-09-22T19:45:56.4522696Z [==============                         ] 36% Fetch remote repository...        
2025-09-22T19:45:56.4695828Z [==============                         ] 37% Fetch remote repository...        
2025-09-22T19:45:56.4699431Z [===============                        ] 38% Fetch remote repository...        
2025-09-22T19:45:56.4883738Z [===============                        ] 39% Fetch remote repository...        
2025-09-22T19:45:56.4884535Z [================                       ] 40% Fetch remote repository...        
2025-09-22T19:45:56.4979467Z [================                       ] 41% Fetch remote repository...        
2025-09-22T19:45:56.4991209Z [================                       ] 42% Fetch remote repository...        
2025-09-22T19:45:56.5101106Z [=================                      ] 44% Fetch remote repository...        
2025-09-22T19:45:56.5103081Z [=================                      ] 45% Fetch remote repository...        
2025-09-22T19:45:56.5225062Z [==================                     ] 46% Fetch remote repository...        
2025-09-22T19:45:56.5239763Z [==================                     ] 47% Fetch remote repository...        
2025-09-22T19:45:56.5322283Z [===================                    ] 48% Fetch remote repository...        
2025-09-22T19:45:56.5324589Z [===================                    ] 49% Fetch remote repository...        
2025-09-22T19:45:56.5439553Z [====================                   ] 50% Fetch remote repository...        
2025-09-22T19:45:56.5440173Z [====================                   ] 51% Fetch remote repository...        
2025-09-22T19:45:56.5570056Z [====================                   ] 53% Fetch remote repository...        
2025-09-22T19:45:56.5573874Z [=====================                  ] 54% Fetch remote repository...        
2025-09-22T19:45:56.5814313Z [=====================                  ] 55% Fetch remote repository...        
2025-09-22T19:45:56.5846338Z [======================                 ] 56% Fetch remote repository...        
2025-09-22T19:45:56.6015952Z [======================                 ] 57% Fetch remote repository...        
2025-09-22T19:45:56.6016570Z [=======================                ] 58% Fetch remote repository...        
2025-09-22T19:45:56.6178716Z [=======================                ] 59% Fetch remote repository...        
2025-09-22T19:45:56.6226354Z [========================               ] 60% Fetch remote repository...        
2025-09-22T19:45:56.7322491Z [========================               ] 61% Fetch remote repository...        
2025-09-22T19:45:56.7324272Z [=========================              ] 63% Fetch remote repository...        
2025-09-22T19:45:56.7487080Z [=========================              ] 64% Fetch remote repository...        
2025-09-22T19:45:56.7489726Z [=========================              ] 65% Fetch remote repository...        
2025-09-22T19:45:56.7795984Z [==========================             ] 66% Fetch remote repository...        
2025-09-22T19:45:56.7800979Z [==========================             ] 67% Fetch remote repository...        
2025-09-22T19:45:56.8094990Z [===========================            ] 68% Fetch remote repository...        
2025-09-22T19:45:56.8103747Z [===========================            ] 69% Fetch remote repository...        
2025-09-22T19:45:56.8751620Z [============================           ] 70% Fetch remote repository...        
2025-09-22T19:45:56.8754233Z [============================           ] 72% Fetch remote repository...        
2025-09-22T19:45:56.8994388Z [=============================          ] 73% Fetch remote repository...        
2025-09-22T19:45:56.8996509Z [=============================          ] 74% Fetch remote repository...        
2025-09-22T19:45:56.9087003Z [=============================          ] 75% Fetch remote repository...        
2025-09-22T19:45:56.9206905Z [=============================          ] 75% Computing updates...              
2025-09-22T19:45:56.9208709Z [=======================================] 100% Computing updates...             
2025-09-22T19:45:56.9613730Z 6 of 7 SDK package licenses not accepted.
2025-09-22T19:45:56.9617352Z Review licenses that have not been accepted (y/N)? 
2025-09-22T19:45:56.9619061Z 1/6: License android-googletv-license:
2025-09-22T19:45:56.9620653Z ---------------------------------------
2025-09-22T19:45:56.9624047Z Terms and Conditions
2025-09-22T19:45:56.9646366Z 
2025-09-22T19:45:56.9646778Z This is the Google TV Add-on for the Android Software Development Kit License Agreement.
2025-09-22T19:45:56.9647286Z 
2025-09-22T19:45:56.9647413Z 1. Introduction
2025-09-22T19:45:56.9647592Z 
2025-09-22T19:45:56.9649901Z 1.1 The Google TV Add-on for the Android Software Development Kit (referred to in this License Agreement as the "Google TV Add-on" and specifically including the Android system files, packaged APIs, and Google APIs add-ons) is licensed to you subject to the terms of this License Agreement. This License Agreement forms a legally binding contract between you and Google in relation to your use of the Google TV Add-on.
2025-09-22T19:45:56.9652078Z 
2025-09-22T19:45:56.9652818Z 1.2 "Google" means Google Inc., a Delaware corporation with principal place of business at 1600 Amphitheatre Parkway, Mountain View, CA 94043, United States.
2025-09-22T19:45:56.9653696Z 
2025-09-22T19:45:56.9653848Z 2. Accepting this License Agreement
2025-09-22T19:45:56.9654119Z 
2025-09-22T19:45:56.9654839Z 2.1 In order to use the Google TV Add-on, you must first agree to this License Agreement. You may not use the Google TV Add-on if you do not accept this License Agreement.
2025-09-22T19:45:56.9655870Z 
2025-09-22T19:45:56.9656261Z 2.2 You can accept this License Agreement by:
2025-09-22T19:45:56.9662816Z 
2025-09-22T19:45:56.9663503Z (A) clicking to accept or agree to this License Agreement, where this option is made available to you; or
2025-09-22T19:45:56.9668483Z 
2025-09-22T19:45:56.9669474Z (B) by actually using the Google TV Add-on. In this case, you agree that use of the Google TV Add-on constitutes acceptance of the License Agreement from that point onwards.
2025-09-22T19:45:56.9670542Z 
2025-09-22T19:45:56.9679275Z 2.3 You may not use the Google TV Add-on and may not accept the Licensing Agreement if you are a person barred from receiving the Google TV Add-on under the laws of the United States or other countries including the country in which you are resident or from which you use the Google TV Add-on.
2025-09-22T19:45:56.9680900Z 
2025-09-22T19:45:56.9682846Z 2.4 If you are agreeing to be bound by this License Agreement on behalf of your employer or other entity, you represent and warrant that you have full legal authority to bind your employer or such entity to this License Agreement. If you do not have the requisite authority, you may not accept the Licensing Agreement or use the Google TV Add-on on behalf of your employer or other entity.
2025-09-22T19:45:56.9685527Z 
2025-09-22T19:45:56.9686134Z 3. Google TV Add-on License from Google
2025-09-22T19:45:56.9687024Z 
2025-09-22T19:45:56.9688464Z 3.1 Subject to the terms of this License Agreement, Google grants you a limited, worldwide, royalty-free, non- assignable and non-exclusive license to use the Google TV Add-on solely to develop applications to run on the Google TV platform.
2025-09-22T19:45:56.9690345Z 
2025-09-22T19:45:56.9693558Z 3.2 You agree that Google or third parties own all legal right, title and interest in and to the Google TV Add-on, including any Intellectual Property Rights that subsist in the Google TV Add-on. "Intellectual Property Rights" means any and all rights under patent law, copyright law, trade secret law, trademark law, and any and all other proprietary rights. Google reserves all rights not expressly granted to you.
2025-09-22T19:45:56.9708119Z 
2025-09-22T19:45:56.9711892Z 3.3 Except to the extent required by applicable third party licenses, you may not copy (except for backup purposes), modify, adapt, redistribute, decompile, reverse engineer, disassemble, or create derivative works of the Google TV Add-on or any part of the Google TV Add-on. Except to the extent required by applicable third party licenses, you may not load any part of the Google TV Add-on onto a mobile handset, television, or any other hardware device except a personal computer, combine any part of the Google TV Add-on with other software, or distribute any software or device incorporating a part of the Google TV Add-on.
2025-09-22T19:45:56.9715305Z 
2025-09-22T19:45:56.9716742Z 3.4 Use, reproduction and distribution of components of the Google TV Add-on licensed under an open source software license are governed solely by the terms of that open source software license and not this License Agreement.
2025-09-22T19:45:56.9718379Z 
2025-09-22T19:45:56.9720772Z 3.5 You agree that the form and nature of the Google TV Add-on that Google provides may change without prior notice to you and that future versions of the Google TV Add-on may be incompatible with applications developed on previous versions of the Google TV Add-on. You agree that Google may stop (permanently or temporarily) providing the Google TV Add-on (or any features within the Google TV Add-on) to you or to users generally at Google's sole discretion, without prior notice to you.
2025-09-22T19:45:56.9723857Z 
2025-09-22T19:45:56.9726058Z 3.6 Nothing in this License Agreement gives you a right to use any of Google's or it’s licensors’ trade names, trademarks, service marks, logos, domain names, or other distinctive brand features.
2025-09-22T19:45:56.9727822Z 
2025-09-22T19:45:56.9729244Z 3.7 You agree that you will not remove, obscure, or alter any proprietary rights notices (including copyright and trademark notices) that may be affixed to or contained within the Google TV Add-on.
2025-09-22T19:45:56.9730594Z 
2025-09-22T19:45:56.9730864Z 4. Use of the Google TV Add-on by You
2025-09-22T19:45:56.9731682Z 
2025-09-22T19:45:56.9733193Z 4.1 Google agrees that it obtains no right, title or interest from you (or your licensors) under this License Agreement in or to any software applications that you develop using the Google TV Add-on, including any intellectual property rights that subsist in those applications.
2025-09-22T19:45:56.9734882Z 
2025-09-22T19:45:56.9736886Z 4.2 You agree to use the Google TV Add-on and write applications only for purposes that are permitted by (a) this License Agreement and (b) any applicable law, regulation or generally accepted practices or guidelines in the relevant jurisdictions (including any laws regarding the export of data or software to and from the United States or other relevant countries).
2025-09-22T19:45:56.9739288Z 
2025-09-22T19:45:56.9743413Z 4.3 You agree that if you use the Google TV Add-on to develop applications for general public users, you will protect the privacy and legal rights of those users. If the users provide you with user names, passwords, or other login information or personal information, your must make the users aware that the information will be available to your application, and you must provide legally adequate privacy notice and protection for those users. If your application stores personal or sensitive information provided by users, it must do so securely. If the user provides your application with Google Account information, your application may only use that information to access the user's Google Account when, and for the limited purposes for which, the user has given you explicit permission to do so.
2025-09-22T19:45:56.9748359Z 
2025-09-22T19:45:56.9751128Z 4.4 You agree that you will not engage in any activity with the Google TV Add-on, including the development or distribution of an application, that interferes with, disrupts, damages, or accesses in an unauthorized manner the servers, networks, or other properties or services of any third party including, but not limited to, Google, Multichannel Video Program Distributors or any mobile communications carrier.
2025-09-22T19:45:56.9759389Z 
2025-09-22T19:45:56.9762024Z 4.5 You agree that you are solely responsible for (and that Google has no responsibility to you or to any third party for) any data, content, or resources that you create, transmit or display through the Google TV platform and/or applications for the Google TV platform, and for the consequences of your actions (including any loss or damage which Google may suffer) by doing so.
2025-09-22T19:45:56.9764771Z 
2025-09-22T19:45:56.9767254Z 4.6 You agree that you are solely responsible for (and that Google has no responsibility to you or to any third party for) any breach of your obligations under this License Agreement, any applicable third party contract or Terms of Service, or any applicable law or regulation, and for the consequences (including any loss or damage which Google or any third party may suffer) of any such breach.
2025-09-22T19:45:56.9769967Z 
2025-09-22T19:45:56.9770253Z 5. Your Developer Credentials
2025-09-22T19:45:56.9770605Z 
2025-09-22T19:45:56.9772062Z 5.1 You agree that you are responsible for maintaining the confidentiality of any developer credentials that may be issued to you by Google or which you may choose yourself and that you will be solely responsible for all applications that are developed under your developer credentials.
2025-09-22T19:45:56.9774187Z 
2025-09-22T19:45:56.9775043Z 6. Privacy and Information
2025-09-22T19:45:56.9780182Z 
2025-09-22T19:45:56.9782836Z 6.1 In order to continually innovate and improve the Google TV Add-on, Google may collect certain usage statistics from the software including but not limited to a unique identifier, associated IP address, version number of the software, and information on which tools and/or services in the Google TV Add-on are being used and how they are being used. Before any of this information is collected, the Google TV Add-on will notify you and seek your consent. If you withhold consent, the information will not be collected.
2025-09-22T19:45:56.9785485Z 
2025-09-22T19:45:56.9786483Z 6.2 The data collected is examined in the aggregate to improve the Google TV Add-on and is maintained in accordance with Google's Privacy Policy.
2025-09-22T19:45:56.9787322Z 
2025-09-22T19:45:56.9787547Z 7. Third Party Applications for the Google TV Platform
2025-09-22T19:45:56.9787962Z 
2025-09-22T19:45:56.9790913Z 7.1 If you use the Google TV Add-on to run applications developed by a third party or that access data, content or resources provided by a third party, you agree that Google is not responsible for those applications, data, content, or resources. You understand that all data, content or resources which you may access through such third party applications are the sole responsibility of the person from which they originated and that Google is not liable for any loss or damage that you may experience as a result of the use or access of any of those third party applications, data, content, or resources.
2025-09-22T19:45:56.9801181Z 
2025-09-22T19:45:56.9803645Z 7.2 You should be aware the data, content, and resources presented to you through such a third party application may be protected by intellectual property rights which are owned by the providers (or by other persons or companies on their behalf). You may not modify, rent, lease, loan, sell, distribute or create derivative works based on these data, content, or resources (either in whole or in part) unless you have been specifically given permission to do so by the relevant owners.
2025-09-22T19:45:56.9806381Z 
2025-09-22T19:45:56.9807699Z 7.3 You acknowledge that your use of such third party applications, data, content, or resources may be subject to separate terms between you and the relevant third party. In that case, this License Agreement does not affect your legal relationship with these third parties.
2025-09-22T19:45:56.9809158Z 
2025-09-22T19:45:56.9809294Z 8. Using Google TV APIs
2025-09-22T19:45:56.9809524Z 
2025-09-22T19:45:56.9813579Z 8.1 If you use any Google TV API to retrieve data from Google, you acknowledge that the data (“Google TV API Content”) may be protected by intellectual property rights which are owned by Google or those parties that provide the data (or by other persons or companies on their behalf). Your use of any such API may be subject to additional Terms of Service. You may not modify, rent, lease, loan, sell, distribute or create derivative works based on this data (either in whole or in part) unless allowed by the relevant Terms of Service. Some portions of the Google TV API Content are licensed to Google by third parties, including but not limited to Tribune Media Services
2025-09-22T19:45:56.9815526Z 
2025-09-22T19:45:56.9816467Z 8.2 If you use any API to retrieve a user's data from Google, you acknowledge and agree that you shall retrieve data only with the user's explicit consent and only when, and for the limited purposes for which, the user has given you permission to do so.
2025-09-22T19:45:56.9817470Z 
2025-09-22T19:45:56.9817736Z 8.3 Except as explicitly permitted in Section 3 (Google TV Add-on License from Google), you must:
2025-09-22T19:45:56.9818070Z 
2025-09-22T19:45:56.9818558Z (a) not modify nor format the Google TV API Content except to the extent reasonably and technically necessary to optimize the display such Google TV API Content in your application;
2025-09-22T19:45:56.9819139Z 
2025-09-22T19:45:56.9819664Z (b) not edit the Google TV API Content in a manner that renders the Google TV API Content inaccurate of alters its inherent meaning (provided that displaying excerpts will not violate the foregoing); or
2025-09-22T19:45:56.9820268Z 
2025-09-22T19:45:56.9820527Z (c) not create any commercial audience measurement tool or service using the Google TV API Content
2025-09-22T19:45:56.9820858Z 
2025-09-22T19:45:56.9820950Z 9. Terminating this License Agreement
2025-09-22T19:45:56.9821232Z 
2025-09-22T19:45:56.9821517Z 9.1 This License Agreement will continue to apply until terminated by either you or Google as set out below.
2025-09-22T19:45:56.9821875Z 
2025-09-22T19:45:56.9822245Z 9.2 If you want to terminate this License Agreement, you may do so by ceasing your use of the Google TV Add-on and any relevant developer credentials.
2025-09-22T19:45:56.9822685Z 
2025-09-22T19:45:56.9822846Z 9.3 Google may at any time, terminate this License Agreement with you if:
2025-09-22T19:45:56.9823099Z 
2025-09-22T19:45:56.9823247Z (A) you have breached any provision of this License Agreement; or
2025-09-22T19:45:56.9823470Z 
2025-09-22T19:45:56.9823566Z (B) Google is required to do so by law; or
2025-09-22T19:45:56.9823736Z 
2025-09-22T19:45:56.9824269Z (C) the partner with whom Google offered certain parts of Google TV Add-on (such as APIs) to you has terminated its relationship with Google or ceased to offer certain parts of the Google TV Add-on to you; or
2025-09-22T19:45:56.9824904Z 
2025-09-22T19:45:56.9825890Z (D) Google decides to no longer providing the Google TV Add-on or certain parts of the Google TV Add-on to users in the country in which you are resident or from which you use the service, or the provision of the Google TV Add-on or certain Google TV Add-on services to you by Google is, in Google's sole discretion, no longer commercially viable.
2025-09-22T19:45:56.9826913Z 
2025-09-22T19:45:56.9828138Z 9.4 When this License Agreement comes to an end, all of the legal rights, obligations and liabilities that you and Google have benefited from, been subject to (or which have accrued over time whilst this License Agreement has been in force) or which are expressed to continue indefinitely, shall be unaffected by this cessation, and the provisions of paragraph 14.7 shall continue to apply to such rights, obligations and liabilities indefinitely.
2025-09-22T19:45:56.9829425Z 
2025-09-22T19:45:56.9829506Z 10. DISCLAIMER OF WARRANTIES
2025-09-22T19:45:56.9829646Z 
2025-09-22T19:45:56.9830154Z 10.1 YOU EXPRESSLY UNDERSTAND AND AGREE THAT YOUR USE OF THE GOOGLE TV ADD-ON IS AT YOUR SOLE RISK AND THAT THE GOOGLE TV ADD-ON IS PROVIDED "AS IS" AND "AS AVAILABLE" WITHOUT WARRANTY OF ANY KIND FROM GOOGLE.
2025-09-22T19:45:56.9830733Z 
2025-09-22T19:45:56.9831477Z 10.2 YOUR USE OF THE GOOGLE TV ADD-ON AND ANY MATERIAL DOWNLOADED OR OTHERWISE OBTAINED THROUGH THE USE OF THE GOOGLE TV ADD-ON IS AT YOUR OWN DISCRETION AND RISK AND YOU ARE SOLELY RESPONSIBLE FOR ANY DAMAGE TO YOUR COMPUTER SYSTEM OR OTHER DEVICE OR LOSS OF DATA THAT RESULTS FROM SUCH USE.
2025-09-22T19:45:56.9832306Z 
2025-09-22T19:45:56.9833023Z 10.3 GOOGLE FURTHER EXPRESSLY DISCLAIMS ALL WARRANTIES AND CONDITIONS OF ANY KIND, WHETHER EXPRESS OR IMPLIED, INCLUDING, BUT NOT LIMITED TO THE IMPLIED WARRANTIES AND CONDITIONS OF MERCHANTABILITY, FITNESS FOR A PARTICULAR PURPOSE AND NON-INFRINGEMENT.
2025-09-22T19:45:56.9833809Z 
2025-09-22T19:45:56.9833890Z 11. LIMITATION OF LIABILITY
2025-09-22T19:45:56.9834022Z 
2025-09-22T19:45:56.9835223Z 11.1 YOU EXPRESSLY UNDERSTAND AND AGREE THAT GOOGLE, ITS SUBSIDIARIES AND AFFILIATES, AND ITS LICENSORS SHALL NOT BE LIABLE TO YOU UNDER ANY THEORY OF LIABILITY FOR ANY DIRECT, INDIRECT, INCIDENTAL, SPECIAL CONSEQUENTIAL OR EXEMPLARY DAMAGES THAT MAY BE INCURRED BY YOU, INCLUDING ANY LOSS OF DATA, WHETHER OR NOT GOOGLE OR ITS REPRESENTATIVES HAVE BEEN ADVISED OF OR SHOULD HAVE BEEN AWARE OF THE POSSIBILITY OF ANY SUCH LOSSES ARISING.
2025-09-22T19:45:56.9836783Z 
2025-09-22T19:45:56.9836855Z 12. Indemnification
2025-09-22T19:45:56.9836971Z 
2025-09-22T19:45:56.9839144Z 12.1 To the maximum extent permitted by law, you agree to defend, indemnify and hold harmless Google, its affiliates and their respective directors, officers, employees and agents from and against any and all claims, actions, suits or proceedings, as well as any and all losses, liabilities, damages, costs and expenses (including reasonable attorneys fees) arising out of or accruing from (a) your use of the Google TV Add-on, (b) any application you develop on the Google TV Add-on that infringes any copyright, trademark, trade secret, trade dress, patent or other intellectual property right of any person or defames any person or violates their rights of publicity or privacy, and (c) any non-compliance by you with this License Agreement.
2025-09-22T19:45:56.9841284Z 
2025-09-22T19:45:56.9841369Z 13. Changes to the License Agreement
2025-09-22T19:45:56.9841526Z 
2025-09-22T19:45:56.9841800Z 13.1 Google may make changes to the License Agreement as it distributes new versions of the Google TV Add-on.
2025-09-22T19:45:56.9842149Z 
2025-09-22T19:45:56.9842220Z 14. General Legal Terms
2025-09-22T19:45:56.9842345Z 
2025-09-22T19:45:56.9843251Z 14.1 This License Agreement constitute the whole legal agreement between you and Google and govern your use of the Google TV Add-on (excluding any services which Google may provide to you under a separate written agreement), and completely replace any prior agreements between you and Google in relation to the Google TV Add-on.
2025-09-22T19:45:56.9844228Z 
2025-09-22T19:45:56.9845069Z 14.2 You agree that if Google does not exercise or enforce any legal right or remedy which is contained in this License Agreement (or which Google has the benefit of under any applicable law), this will not be taken to be a formal waiver of Google's rights and that those rights or remedies will still be available to Google.
2025-09-22T19:45:56.9846136Z 
2025-09-22T19:45:56.9847092Z 14.3 If any court of law, having the jurisdiction to decide on this matter, rules that any provision of this License Agreement is invalid, then that provision will be removed from this License Agreement without affecting the rest of this License Agreement. The remaining provisions of this License Agreement will continue to be valid and enforceable.
2025-09-22T19:45:56.9848118Z 
2025-09-22T19:45:56.9849753Z 14.4 You acknowledge and agree that Google’s API data licensors and each member of the group of companies of which Google is the parent shall be third party beneficiaries to this License Agreement and that such other companies shall be entitled to directly enforce, and rely upon, any provision of this License Agreement that confers a benefit on (or rights in favor of) them. Other than this, no other person or company shall be third party beneficiaries to this License Agreement.
2025-09-22T19:45:56.9851148Z 
2025-09-22T19:45:56.9851936Z 14.5 EXPORT RESTRICTIONS. THE GOOGLE TV ADD-ON IS SUBJECT TO UNITED STATES EXPORT LAWS AND REGULATIONS. YOU MUST COMPLY WITH ALL DOMESTIC AND INTERNATIONAL EXPORT LAWS AND REGULATIONS THAT APPLY TO THE GOOGLE TV ADD-ON. THESE LAWS INCLUDE RESTRICTIONS ON DESTINATIONS, END USERS AND END USE.
2025-09-22T19:45:56.9852813Z 
2025-09-22T19:45:56.9853764Z 14.6 The rights granted in this License Agreement may not be assigned or transferred by either you or Google without the prior written approval of the other party. Neither you nor Google shall be permitted to delegate their responsibilities or obligations under this License Agreement without the prior written approval of the other party.
2025-09-22T19:45:56.9854911Z 
2025-09-22T19:45:56.9856700Z 14.7 This License Agreement, and your relationship with Google under this License Agreement, shall be governed by the laws of the State of California without regard to its conflict of laws provisions. You and Google agree to submit to the exclusive jurisdiction of the courts located within the county of Santa Clara, California to resolve any legal matter arising from this License Agreement. Notwithstanding this, you agree that Google shall still be allowed to apply for injunctive remedies (or an equivalent type of urgent legal relief) in any jurisdiction.
2025-09-22T19:45:56.9858350Z 
2025-09-22T19:45:56.9858360Z 
2025-09-22T19:45:56.9858430Z August 15, 2011
2025-09-22T19:45:56.9858611Z ---------------------------------------
2025-09-22T19:45:56.9858844Z Accept? (y/N): 
2025-09-22T19:45:56.9859039Z 2/6: License android-googlexr-license:
2025-09-22T19:45:56.9859400Z ---------------------------------------
2025-09-22T19:45:56.9860248Z To get started with the Android XR Emulator System Image SDK, you must agree to the following terms and conditions. As described below, please note that this is a preview, emulated version of the Android XR OS, subject to change, that you use at your own risk.
2025-09-22T19:45:56.9861006Z 
2025-09-22T19:45:56.9861153Z This is the Android XR Emulator System Image SDK License Agreement
2025-09-22T19:45:56.9861401Z 
2025-09-22T19:45:56.9861468Z 1. Introduction
2025-09-22T19:45:56.9861568Z 
2025-09-22T19:45:56.9862781Z 1.1 The Android Android XR Emulator System Image SDK (referred to in the License Agreement as the "SDK" and specifically including the Android system files,, packaged APIs, library files (if and when they are made available), and Google applications and APIs add-ons) is licensed to you subject to the terms of the License Agreement. The License Agreement forms a legally binding contract between you and Google in relation to your use of the SDK.
2025-09-22T19:45:56.9864067Z 
2025-09-22T19:45:56.9864702Z 1.2 "Android" means the Android software stack for devices, as made available under the Android Open Source Project, which is located at the following URL: https://source.android.com/, as updated from time to time.
2025-09-22T19:45:56.9865369Z 
2025-09-22T19:45:56.9866036Z 1.3 "Google" means Google LLC, organized under the laws of the State of Delaware, USA, and operating under the laws of the USA with principal place of business at 1600 Amphitheatre Parkway, Mountain View, CA 94043, USA.
2025-09-22T19:45:56.9866673Z 
2025-09-22T19:45:56.9866764Z 2. Accepting this License Agreement
2025-09-22T19:45:56.9866918Z 
2025-09-22T19:45:56.9867249Z 2.1 In order to use the SDK, you must first agree to the License Agreement. You may not use the SDK if you do not accept the License Agreement.
2025-09-22T19:45:56.9867666Z 
2025-09-22T19:45:56.9867908Z 2.2 By clicking to accept and/or using this SDK, you hereby agree to the terms of the License Agreement.
2025-09-22T19:45:56.9868228Z 
2025-09-22T19:45:56.9868883Z 2.3 You may not use the SDK and may not accept the License Agreement if you are a person barred from receiving the SDK under the laws of the United States or other countries, including the country in which you are resident or from which you use the SDK.
2025-09-22T19:45:56.9869604Z 
2025-09-22T19:45:56.9870576Z 2.4 If you are agreeing to be bound by the License Agreement on behalf of your employer or other entity, you represent and warrant that you have full legal authority to bind your employer or such entity to the License Agreement. If you do not have the requisite authority, you may not accept the License Agreement or use the SDK on behalf of your employer or other entity.
2025-09-22T19:45:56.9871611Z 
2025-09-22T19:45:56.9871688Z 3. SDK License from Google
2025-09-22T19:45:56.9871825Z 
2025-09-22T19:45:56.9872458Z 3.1 Subject to the terms of the License Agreement, Google grants you a limited, worldwide, royalty-free, non-assignable, non-exclusive, and non-sublicensable license to use the SDK solely to develop applications for Android XR.
2025-09-22T19:45:56.9873282Z 
2025-09-22T19:45:56.9873867Z 3.2 You may not use this SDK to develop applications for other platforms or to develop another SDK. You are of course free to develop applications for other platforms provided that this SDK is not used for that purpose.
2025-09-22T19:45:56.9874521Z 
2025-09-22T19:45:56.9875677Z 3.3 You agree that Google or third parties own all legal right, title and interest in and to the SDK, including any Intellectual Property Rights that subsist in the SDK. "Intellectual Property Rights" means any and all rights under patent law, copyright law, trade secret law, trademark law, and any and all other proprietary rights. Google reserves all rights not expressly granted to you.
2025-09-22T19:45:56.9876821Z 
2025-09-22T19:45:56.9878483Z 3.4 You may not use the SDK for any purpose not expressly permitted by the License Agreement. Except to the extent required by applicable third party licenses, you may not (a) copy (except for backup purposes), modify, adapt, redistribute, decompile, reverse engineer, disassemble, or create derivative works of the SDK or any part of the SDK; or (b) load any part of the SDK onto a mobile handset or any other hardware device except a personal computer, combine any part of the SDK with other software, or distribute any software or device incorporating a part of the SDK.
2025-09-22T19:45:56.9880108Z 
2025-09-22T19:45:56.9881258Z 3.5 Use, reproduction and distribution of components of the SDK licensed under an open source software license are governed solely by the terms of that open source software license and not the License Agreement. You agree to remain a licensee in good standing in regard to such open source software licenses under all the rights granted and to refrain from any actions that may terminate, suspend, or breach such rights.
2025-09-22T19:45:56.9882482Z 
2025-09-22T19:45:56.9883623Z 3.6 You agree that the form and nature of the SDK that Google provides may change without prior notice to you and that future versions of the SDK may be incompatible with applications developed on previous versions of the SDK. You agree that Google may stop (permanently or temporarily) providing the SDK (or any features within the SDK) to you or to users generally at Google's sole discretion, without prior notice to you.
2025-09-22T19:45:56.9884843Z 
2025-09-22T19:45:56.9885286Z 3.7 Nothing in the License Agreement gives you a right to use any of Google's trade names, trademarks, service marks, logos, domain names, or other distinctive brand features.
2025-09-22T19:45:56.9885978Z 
2025-09-22T19:45:56.9886478Z 3.8 You agree that you will not remove, obscure, or alter any proprietary rights notices (including copyright and trademark notices) that may be affixed to or contained within the SDK.
2025-09-22T19:45:56.9887049Z 
2025-09-22T19:45:56.9887123Z 4. Use of the SDK by You
2025-09-22T19:45:56.9887255Z 
2025-09-22T19:45:56.9887969Z 4.1 Google agrees that it obtains no right, title or interest from you (or your licensors) under the License Agreement in or to any software applications that you develop using the SDK, including any intellectual property rights that subsist in those applications.
2025-09-22T19:45:56.9888759Z 
2025-09-22T19:45:56.9889721Z 4.2 You agree to use the SDK and write applications only for purposes that are permitted by (a) the License Agreement and (b) any applicable law, regulation or generally accepted practices or guidelines in the relevant jurisdictions (including any laws regarding the export of data or software to and from the United States or other relevant countries).
2025-09-22T19:45:56.9890756Z 
2025-09-22T19:45:56.9892954Z 4.3 You agree that if you use the SDK to develop applications for general public users, you will protect the privacy and legal rights of those users. If the users provide you with user names, passwords, or other login information or personal information, you must make the users aware that the information will be available to your application, and you must provide legally adequate privacy notice and protection for those users. If your application stores personal or sensitive information provided by users, it must do so securely. If the user provides your application with Google Account information, your application may only use that information to access the user's Google Account when, and for the limited purposes for which, the user has given you permission to do so.
2025-09-22T19:45:56.9895319Z 
2025-09-22T19:45:56.9896482Z 4.4 You agree that you will not engage in any activity with the SDK, including the development or distribution of an application, that interferes with, disrupts, damages, or accesses in an unauthorized manner the servers, networks, or other properties or services of any third party including, but not limited to, Google or any mobile communications carrier.
2025-09-22T19:45:56.9897535Z 
2025-09-22T19:45:56.9898587Z 4.5 You agree that you are solely responsible for (and that Google has no responsibility to you or to any third party for) any data, content, or resources that you create, transmit or display through Android and/or applications for Android, and for the consequences of your actions (including any loss or damage which Google may suffer) by doing so.
2025-09-22T19:45:56.9899608Z 
2025-09-22T19:45:56.9900668Z 4.6 You agree that you are solely responsible for (and that Google has no responsibility to you or to any third party for) any breach of your obligations under the License Agreement, any applicable third party contract or Terms of Service, or any applicable law or regulation, and for the consequences (including any loss or damage which Google or any third party may suffer) of any such breach.
2025-09-22T19:45:56.9901811Z 
2025-09-22T19:45:56.9902612Z 4.7 The SDK is in development, and your testing and feedback are an important part of the development process. By using the SDK, you acknowledge that implementation of some features are still under development and that you should not rely on the SDK having the full functionality of a stable release.
2025-09-22T19:45:56.9903501Z 
2025-09-22T19:45:56.9903584Z 5. Your Developer Credentials
2025-09-22T19:45:56.9903730Z 
2025-09-22T19:45:56.9904502Z 5.1 You agree that you are responsible for maintaining the confidentiality of any developer credentials that may be issued to you by Google or which you may choose yourself and that you will be solely responsible for all applications that are developed under your developer credentials.
2025-09-22T19:45:56.9905343Z 
2025-09-22T19:45:56.9905420Z 6. Privacy and Information
2025-09-22T19:45:56.9905652Z 
2025-09-22T19:45:56.9906976Z 6.1 In order to continually innovate and improve the SDK, Google may collect certain usage statistics from the software including but not limited to a unique identifier, associated IP address, version number of the software, and information on which tools and/or services in the SDK are being used and how they are being used. Before any of this information is collected, the SDK will notify you and seek your consent. If you withhold consent, the information will not be collected.
2025-09-22T19:45:56.9908365Z 
2025-09-22T19:45:56.9908919Z 6.2 The data collected is examined in the aggregate to improve the SDK and is maintained in accordance with Google's Privacy Policy, which is located at the following URL: https://policies.google.com/privacy
2025-09-22T19:45:56.9909547Z 
2025-09-22T19:45:56.9909800Z 6.3 Anonymized and aggregated sets of the data may be shared with Google partners to improve the SDK.
2025-09-22T19:45:56.9910131Z 
2025-09-22T19:45:56.9910210Z 7. Third Party Applications
2025-09-22T19:45:56.9910352Z 
2025-09-22T19:45:56.9911969Z 7.1 If you use the SDK to run applications developed by a third party or that access data, content or resources provided by a third party, you agree that Google is not responsible for those applications, data, content, or resources. You understand that all data, content or resources which you may access through such third party applications are the sole responsibility of the person from which they originated and that Google is not liable for any loss or damage that you may experience as a result of the use or access of any of those third party applications, data, content, or resources.
2025-09-22T19:45:56.9913762Z 
2025-09-22T19:45:56.9915097Z 7.2 You should be aware that the data, content, and resources presented to you through such a third party application may be protected by intellectual property rights which are owned by the providers (or by other persons or companies on their behalf). You may not modify, rent, lease, loan, sell, distribute or create derivative works based on these data, content, or resources (either in whole or in part) unless you have been specifically given permission to do so by the relevant owners.
2025-09-22T19:45:56.9916606Z 
2025-09-22T19:45:56.9917440Z 7.3 You acknowledge that your use of such third party applications, data, content, or resources may be subject to separate terms between you and the relevant third party. In that case, the License Agreement does not affect your legal relationship with these third parties.
2025-09-22T19:45:56.9918253Z 
2025-09-22T19:45:56.9918331Z 8. Using Android APIs
2025-09-22T19:45:56.9918448Z 
2025-09-22T19:45:56.9918517Z 8.1 Google Data APIs
2025-09-22T19:45:56.9918629Z 
2025-09-22T19:45:56.9919966Z 8.1.1 If you use any API to retrieve data from Google, you acknowledge that the data may be protected by intellectual property rights which are owned by Google or those parties that provide the data (or by other persons or companies on their behalf). Your use of any such API may be subject to additional Terms of Service. You may not modify, rent, lease, loan, sell, distribute or create derivative works based on this data (either in whole or in part) unless allowed by the relevant Terms of Service.
2025-09-22T19:45:56.9921369Z 
2025-09-22T19:45:56.9925937Z 8.1.2 If you use any API to retrieve a user's data from Google, you acknowledge and agree that you shall retrieve data only with the user's explicit consent and only when, and for the limited purposes for which, the user has given you permission to do so. If you use the Android Recognition Service API, documented at the following URL: https://developer.android.com/reference/android/speech/RecognitionService, as updated from time to time, you acknowledge that the use of the API is subject to the Data Processing Addendum for Products where Google is a Data Processor, which is located at the following URL: https://privacy.google.com/businesses/gdprprocessorterms/, as updated from time to time. By clicking to accept, you hereby agree to the terms of the Data Processing Addendum for Products where Google is a Data Processor.
2025-09-22T19:45:56.9930214Z 
2025-09-22T19:45:56.9930372Z 9. Terminating this License Agreement
2025-09-22T19:45:56.9930649Z 
2025-09-22T19:45:56.9931119Z 9.1 The License Agreement will continue to apply until terminated by either you or Google as set out below.
2025-09-22T19:45:56.9931743Z 
2025-09-22T19:45:56.9932307Z 9.2 If you want to terminate the License Agreement, you may do so by ceasing your use of the SDK and any relevant developer credentials.
2025-09-22T19:45:56.9933006Z 
2025-09-22T19:45:56.9936053Z 9.3 Google may at any time, terminate the License Agreement with you if: (A) you have breached any provision of the License Agreement; or (B) Google is required to do so by law; or (C) the partner with whom Google offered certain parts of SDK (such as APIs) to you has terminated its relationship with Google or ceased to offer certain parts of the SDK to you; or (D) Google decides to no longer provide the SDK or certain parts of the SDK to users in the country in which you are resident or from which you use the service, or the provision of the SDK or certain SDK services to you by Google is, in Google's sole discretion, no longer commercially viable.
2025-09-22T19:45:56.9939098Z 
2025-09-22T19:45:56.9941299Z 9.4 When the License Agreement comes to an end, all of the legal rights, obligations and liabilities that you and Google have benefited from, been subject to (or which have accrued over time whilst the License Agreement has been in force) or which are expressed to continue indefinitely, shall be unaffected by this cessation, and the provisions of paragraph 14.7 shall continue to apply to such rights, obligations and liabilities indefinitely.
2025-09-22T19:45:56.9943822Z 
2025-09-22T19:45:56.9943964Z 10. DISCLAIMER OF WARRANTIES
2025-09-22T19:45:56.9944201Z 
2025-09-22T19:45:56.9944970Z 10.1 YOU EXPRESSLY UNDERSTAND AND AGREE THAT YOUR USE OF THE SDK IS AT YOUR SOLE RISK AND THAT THE SDK IS PROVIDED "AS IS" AND "AS AVAILABLE" WITHOUT WARRANTY OF ANY KIND FROM GOOGLE.
2025-09-22T19:45:56.9946037Z 
2025-09-22T19:45:56.9947275Z 10.2 YOUR USE OF THE SDK AND ANY MATERIAL DOWNLOADED OR OTHERWISE OBTAINED THROUGH THE USE OF THE SDK IS AT YOUR OWN DISCRETION AND RISK AND YOU ARE SOLELY RESPONSIBLE FOR ANY DAMAGE TO YOUR COMPUTER SYSTEM OR OTHER DEVICE OR LOSS OF DATA THAT RESULTS FROM SUCH USE.
2025-09-22T19:45:56.9948665Z 
2025-09-22T19:45:56.9950102Z 10.3 GOOGLE FURTHER EXPRESSLY DISCLAIMS ALL WARRANTIES AND CONDITIONS OF ANY KIND, WHETHER EXPRESS OR IMPLIED, INCLUDING, BUT NOT LIMITED TO THE IMPLIED WARRANTIES AND CONDITIONS OF MERCHANTABILITY, FITNESS FOR A PARTICULAR PURPOSE AND NON-INFRINGEMENT.
2025-09-22T19:45:56.9951504Z 
2025-09-22T19:45:56.9951638Z 11. LIMITATION OF LIABILITY
2025-09-22T19:45:56.9951861Z 
2025-09-22T19:45:56.9953986Z 11.1 YOU EXPRESSLY UNDERSTAND AND AGREE THAT GOOGLE, ITS SUBSIDIARIES AND AFFILIATES, AND ITS LICENSORS SHALL NOT BE LIABLE TO YOU UNDER ANY THEORY OF LIABILITY FOR ANY DIRECT, INDIRECT, INCIDENTAL, SPECIAL, CONSEQUENTIAL OR EXEMPLARY DAMAGES THAT MAY BE INCURRED BY YOU, INCLUDING ANY LOSS OF DATA, WHETHER OR NOT GOOGLE OR ITS REPRESENTATIVES HAVE BEEN ADVISED OF OR SHOULD HAVE BEEN AWARE OF THE POSSIBILITY OF ANY SUCH LOSSES ARISING.
2025-09-22T19:45:56.9956444Z 
2025-09-22T19:45:56.9956564Z 12. Indemnification
2025-09-22T19:45:56.9956749Z 
2025-09-22T19:45:56.9960332Z 12.1 To the maximum extent permitted by law, you agree to defend, indemnify and hold harmless Google, its affiliates and their respective directors, officers, employees and agents from and against any and all claims, actions, suits or proceedings, as well as any and all losses, liabilities, damages, costs and expenses (including reasonable attorneys fees) arising out of or accruing from (a) your use of the SDK, (b) any application you develop on the SDK that infringes any copyright, trademark, trade secret, trade dress, patent or other intellectual property right of any person or defames any person or violates their rights of publicity or privacy, and (c) any non-compliance by you with the License Agreement.
2025-09-22T19:45:56.9964004Z 
2025-09-22T19:45:56.9964150Z 13. Changes to the License Agreement
2025-09-22T19:45:56.9964415Z 
2025-09-22T19:45:56.9965523Z 13.1 Google may make changes to the License Agreement as it distributes new versions of the SDK. When these changes are made, Google will make a new version of the License Agreement available on the website where the SDK is made available.
2025-09-22T19:45:56.9966891Z 
2025-09-22T19:45:56.9967011Z 14. General Legal Terms
2025-09-22T19:45:56.9967212Z 
2025-09-22T19:45:56.9968695Z 14.1 The License Agreement constitutes the whole legal agreement between you and Google and governs your use of the SDK (excluding any services which Google may provide to you under a separate written agreement), and completely replaces any prior agreements between you and Google in relation to the SDK.
2025-09-22T19:45:56.9970308Z 
2025-09-22T19:45:56.9971810Z 14.2 You agree that if Google does not exercise or enforce any legal right or remedy which is contained in the License Agreement (or which Google has the benefit of under any applicable law), this will not be taken to be a formal waiver of Google's rights and that those rights or remedies will still be available to Google.
2025-09-22T19:45:56.9973407Z 
2025-09-22T19:45:56.9975072Z 14.3 If any court of law, having the jurisdiction to decide on this matter, rules that any provision of the License Agreement is invalid, then that provision will be removed from the License Agreement without affecting the rest of the License Agreement. The remaining provisions of the License Agreement will continue to be valid and enforceable.
2025-09-22T19:45:56.9977194Z 
2025-09-22T19:45:56.9979233Z 14.4 You acknowledge and agree that each member of the group of companies of which Google is the parent shall be third party beneficiaries to the License Agreement and that such other companies shall be entitled to directly enforce, and rely upon, any provision of the License Agreement that confers a benefit on (or rights in favor of) them. Other than this, no other person or company shall be third party beneficiaries to the License Agreement.
2025-09-22T19:45:56.9981443Z 
2025-09-22T19:45:56.9982829Z 14.5 EXPORT RESTRICTIONS. THE SDK IS SUBJECT TO UNITED STATES EXPORT LAWS AND REGULATIONS. YOU MUST COMPLY WITH ALL DOMESTIC AND INTERNATIONAL EXPORT LAWS AND REGULATIONS THAT APPLY TO THE SDK. THESE LAWS INCLUDE RESTRICTIONS ON DESTINATIONS, END USERS AND END USE.
2025-09-22T19:45:56.9984215Z 
2025-09-22T19:45:56.9985991Z 14.6 The rights granted in the License Agreement may not be assigned or transferred by either you or Google without the prior written approval of the other party. Neither you nor Google shall be permitted to delegate their responsibilities or obligations under the License Agreement without the prior written approval of the other party.
2025-09-22T19:45:56.9987776Z 
2025-09-22T19:45:56.9990531Z 14.7 The License Agreement, and your relationship with Google under the License Agreement, shall be governed by the laws of the State of California without regard to its conflict of laws provisions. You and Google agree to submit to the exclusive jurisdiction of the courts located within the county of Santa Clara, California to resolve any legal matter arising from the License Agreement. Notwithstanding this, you agree that Google shall still be allowed to apply for injunctive remedies (or an equivalent type of urgent legal relief) in any jurisdiction.
2025-09-22T19:45:56.9993611Z ---------------------------------------
2025-09-22T19:45:56.9993991Z Accept? (y/N): 
2025-09-22T19:45:56.9994329Z 3/6: License android-sdk-arm-dbt-license:
2025-09-22T19:45:56.9994743Z ---------------------------------------
2025-09-22T19:45:56.9995115Z Terms and Conditions
2025-09-22T19:45:56.9995308Z 
2025-09-22T19:45:56.9995545Z This is the Android Software Development Kit License Agreement
2025-09-22T19:45:56.9996085Z 
2025-09-22T19:45:56.9996197Z 1. Introduction
2025-09-22T19:45:56.9996366Z 
2025-09-22T19:45:56.9998122Z 1.1 The Android Software Development Kit (referred to in the License Agreement as the "SDK" and specifically including the Android system files, packaged APIs, and Google APIs add-ons) is licensed to you subject to the terms of the License Agreement. The License Agreement forms a legally binding contract between you and Google in relation to your use of the SDK.
2025-09-22T19:45:57.0000019Z 
2025-09-22T19:45:57.0001024Z 1.2 "Android" means the Android software stack for devices, as made available under the Android Open Source Project, which is located at the following URL: http://source.android.com/, as updated from time to time.
2025-09-22T19:45:57.0002168Z 
2025-09-22T19:45:57.0003911Z 1.3 A "compatible implementation" means any Android device that (i) complies with the Android Compatibility Definition document, which can be found at the Android compatibility website (http://source.android.com/compatibility) and which may be updated from time to time; and (ii) successfully passes the Android Compatibility Test Suite (CTS).
2025-09-22T19:45:57.0005938Z 
2025-09-22T19:45:57.0006659Z 1.4 "Google" means Google Inc., a Delaware corporation with principal place of business at 1600 Amphitheatre Parkway, Mountain View, CA 94043, United States.
2025-09-22T19:45:57.0007522Z 
2025-09-22T19:45:57.0007529Z 
2025-09-22T19:45:57.0007675Z 2. Accepting the License Agreement
2025-09-22T19:45:57.0007934Z 
2025-09-22T19:45:57.0008517Z 2.1 In order to use the SDK, you must first agree to the License Agreement. You may not use the SDK if you do not accept the License Agreement.
2025-09-22T19:45:57.0009403Z 
2025-09-22T19:45:57.0009717Z 2.2 By clicking to accept, you hereby agree to the terms of the License Agreement.
2025-09-22T19:45:57.0010184Z 
2025-09-22T19:45:57.0011322Z 2.3 You may not use the SDK and may not accept the License Agreement if you are a person barred from receiving the SDK under the laws of the United States or other countries, including the country in which you are resident or from which you use the SDK.
2025-09-22T19:45:57.0012593Z 
2025-09-22T19:45:57.0014347Z 2.4 If you are agreeing to be bound by the License Agreement on behalf of your employer or other entity, you represent and warrant that you have full legal authority to bind your employer or such entity to the License Agreement. If you do not have the requisite authority, you may not accept the License Agreement or use the SDK on behalf of your employer or other entity.
2025-09-22T19:45:57.0016474Z 
2025-09-22T19:45:57.0016482Z 
2025-09-22T19:45:57.0016658Z 3. SDK License from Google
2025-09-22T19:45:57.0016885Z 
2025-09-22T19:45:57.0018137Z 3.1 Subject to the terms of the License Agreement, Google grants you a limited, worldwide, royalty-free, non-assignable, non-exclusive, and non-sublicensable license to use the SDK solely to develop applications for compatible implementations of Android.
2025-09-22T19:45:57.0019510Z 
2025-09-22T19:45:57.0021169Z 3.2 You may not use this SDK to develop applications for other platforms (including non-compatible implementations of Android) or to develop another SDK. You are of course free to develop applications for other platforms, including non-compatible implementations of Android, provided that this SDK is not used for that purpose.
2025-09-22T19:45:57.0022948Z 
2025-09-22T19:45:57.0024835Z 3.3 You agree that Google or third parties own all legal right, title and interest in and to the SDK, including any Intellectual Property Rights that subsist in the SDK. "Intellectual Property Rights" means any and all rights under patent law, copyright law, trade secret law, trademark law, and any and all other proprietary rights. Google reserves all rights not expressly granted to you.
2025-09-22T19:45:57.0026972Z 
2025-09-22T19:45:57.0028606Z 3.4 You may not use the SDK for any purpose not expressly permitted by the License Agreement. Except to the extent required by applicable third party licenses, you may not copy (except for backup purposes), modify, adapt, redistribute, decompile, reverse engineer, disassemble, or create derivative works of the SDK or any part of the SDK.
2025-09-22T19:45:57.0030384Z 
2025-09-22T19:45:57.0031370Z 3.5 Use, reproduction and distribution of components of the SDK licensed under an open source software license are governed solely by the terms of that open source software license and not the License Agreement.
2025-09-22T19:45:57.0032506Z 
2025-09-22T19:45:57.0034559Z 3.6 You agree that the form and nature of the SDK that Google provides may change without prior notice to you and that future versions of the SDK may be incompatible with applications developed on previous versions of the SDK. You agree that Google may stop (permanently or temporarily) providing the SDK (or any features within the SDK) to you or to users generally at Google's sole discretion, without prior notice to you.
2025-09-22T19:45:57.0036827Z 
2025-09-22T19:45:57.0037612Z 3.7 Nothing in the License Agreement gives you a right to use any of Google's trade names, trademarks, service marks, logos, domain names, or other distinctive brand features.
2025-09-22T19:45:57.0038528Z 
2025-09-22T19:45:57.0039380Z 3.8 You agree that you will not remove, obscure, or alter any proprietary rights notices (including copyright and trademark notices) that may be affixed to or contained within the SDK.
2025-09-22T19:45:57.0040398Z 
2025-09-22T19:45:57.0040404Z 
2025-09-22T19:45:57.0040527Z 4. Use of the SDK by You
2025-09-22T19:45:57.0040735Z 
2025-09-22T19:45:57.0042003Z 4.1 Google agrees that it obtains no right, title or interest from you (or your licensors) under the License Agreement in or to any software applications that you develop using the SDK, including any intellectual property rights that subsist in those applications.
2025-09-22T19:45:57.0043554Z 
2025-09-22T19:45:57.0045258Z 4.2 You agree to use the SDK and write applications only for purposes that are permitted by (a) the License Agreement and (b) any applicable law, regulation or generally accepted practices or guidelines in the relevant jurisdictions (including any laws regarding the export of data or software to and from the United States or other relevant countries).
2025-09-22T19:45:57.0046949Z 
2025-09-22T19:45:57.0049523Z 4.3 You agree that if you use the SDK to develop applications for general public users, you will protect the privacy and legal rights of those users. If the users provide you with user names, passwords, or other login information or personal information, you must make the users aware that the information will be available to your application, and you must provide legally adequate privacy notice and protection for those users. If your application stores personal or sensitive information provided by users, it must do so securely. If the user provides your application with Google Account information, your application may only use that information to access the user's Google Account when, and for the limited purposes for which, the user has given you permission to do so.
2025-09-22T19:45:57.0053382Z 
2025-09-22T19:45:57.0054465Z 4.4 You agree that you will not engage in any activity with the SDK, including the development or distribution of an application, that interferes with, disrupts, damages, or accesses in an unauthorized manner the servers, networks, or other properties or services of any third party including, but not limited to, Google or any mobile communications carrier.
2025-09-22T19:45:57.0055837Z 
2025-09-22T19:45:57.0056859Z 4.5 You agree that you are solely responsible for (and that Google has no responsibility to you or to any third party for) any data, content, or resources that you create, transmit or display through Android and/or applications for Android, and for the consequences of your actions (including any loss or damage which Google may suffer) by doing so.
2025-09-22T19:45:57.0058553Z 
2025-09-22T19:45:57.0060318Z 4.6 You agree that you are solely responsible for (and that Google has no responsibility to you or to any third party for) any breach of your obligations under the License Agreement, any applicable third party contract or Terms of Service, or any applicable law or regulation, and for the consequences (including any loss or damage which Google or any third party may suffer) of any such breach.
2025-09-22T19:45:57.0062378Z 
2025-09-22T19:45:57.0064719Z 4.7 This software enables the execution of intellectual property owned by Arm Limited. You agree that your use of the software, that allows execution of ARM Instruction Set Architecture (“ISA”) compliant executables for application development and debug only on x86 desktop, laptop, customer on-premise servers, and customer-procured cloud-based environments.
2025-09-22T19:45:57.0067474Z 
2025-09-22T19:45:57.0067639Z 5. Your Developer Credentials
2025-09-22T19:45:57.0067898Z 
2025-09-22T19:45:57.0069167Z 5.1 You agree that you are responsible for maintaining the confidentiality of any developer credentials that may be issued to you by Google or which you may choose yourself and that you will be solely responsible for all applications that are developed under your developer credentials.
2025-09-22T19:45:57.0070534Z 
2025-09-22T19:45:57.0070654Z 6. Privacy and Information
2025-09-22T19:45:57.0070855Z 
2025-09-22T19:45:57.0073205Z 6.1 In order to continually innovate and improve the SDK, Google may collect certain usage statistics from the software including but not limited to a unique identifier, associated IP address, version number of the software, and information on which tools and/or services in the SDK are being used and how they are being used. Before any of this information is collected, the SDK will notify you and seek your consent. If you withhold consent, the information will not be collected.
2025-09-22T19:45:57.0076132Z 
2025-09-22T19:45:57.0076727Z 6.2 The data collected is examined in the aggregate to improve the SDK and is maintained in accordance with Google's Privacy Policy.
2025-09-22T19:45:57.0077164Z 
2025-09-22T19:45:57.0077169Z 
2025-09-22T19:45:57.0077257Z 7. Third Party Applications
2025-09-22T19:45:57.0077405Z 
2025-09-22T19:45:57.0079169Z 7.1 If you use the SDK to run applications developed by a third party or that access data, content or resources provided by a third party, you agree that Google is not responsible for those applications, data, content, or resources. You understand that all data, content or resources which you may access through such third party applications are the sole responsibility of the person from which they originated and that Google is not liable for any loss or damage that you may experience as a result of the use or access of any of those third party applications, data, content, or resources.
2025-09-22T19:45:57.0080848Z 
2025-09-22T19:45:57.0082158Z 7.2 You should be aware the data, content, and resources presented to you through such a third party application may be protected by intellectual property rights which are owned by the providers (or by other persons or companies on their behalf). You may not modify, rent, lease, loan, sell, distribute or create derivative works based on these data, content, or resources (either in whole or in part) unless you have been specifically given permission to do so by the relevant owners.
2025-09-22T19:45:57.0083551Z 
2025-09-22T19:45:57.0084274Z 7.3 You acknowledge that your use of such third party applications, data, content, or resources may be subject to separate terms between you and the relevant third party. In that case, the License Agreement does not affect your legal relationship with these third parties.
2025-09-22T19:45:57.0085072Z 
2025-09-22T19:45:57.0085083Z 
2025-09-22T19:45:57.0085165Z 8. Using Android APIs
2025-09-22T19:45:57.0085285Z 
2025-09-22T19:45:57.0085353Z 8.1 Google Data APIs
2025-09-22T19:45:57.0085470Z 
2025-09-22T19:45:57.0088464Z 8.1.1 If you use any API to retrieve data from Google, you acknowledge that the data may be protected by intellectual property rights which are owned by Google or those parties that provide the data (or by other persons or companies on their behalf). Your use of any such API may be subject to additional Terms of Service. You may not modify, rent, lease, loan, sell, distribute or create derivative works based on this data (either in whole or in part) unless allowed by the relevant Terms of Service.
2025-09-22T19:45:57.0090982Z 
2025-09-22T19:45:57.0093858Z 8.1.2 If you use any API to retrieve a user's data from Google, you acknowledge and agree that you shall retrieve data only with the user's explicit consent and only when, and for the limited purposes for which, the user has given you permission to do so. If you use the Android Recognition Service API, documented at the following URL: https://developer.android.com/reference/android/speech/RecognitionService, as updated from time to time, you acknowledge that the use of the API is subject to the Data Processing Addendum for Products where Google is a Data Processor, which is located at the following URL: https://privacy.google.com/businesses/gdprprocessorterms/, as updated from time to time. By clicking to accept, you hereby agree to the terms of the Data Processing Addendum for Products where Google is a Data Processor.
2025-09-22T19:45:57.0096642Z 
2025-09-22T19:45:57.0096647Z 
2025-09-22T19:45:57.0096750Z 9. Terminating the License Agreement
2025-09-22T19:45:57.0096919Z 
2025-09-22T19:45:57.0097204Z 9.1 The License Agreement will continue to apply until terminated by either you or Google as set out below.
2025-09-22T19:45:57.0097561Z 
2025-09-22T19:45:57.0097887Z 9.2 If you want to terminate the License Agreement, you may do so by ceasing your use of the SDK and any relevant developer credentials.
2025-09-22T19:45:57.0098474Z 
2025-09-22T19:45:57.0100154Z 9.3 Google may at any time, terminate the License Agreement with you if: (A) you have breached any provision of the License Agreement; or (B) Google is required to do so by law; or (C) the partner with whom Google offered certain parts of SDK (such as APIs) to you has terminated its relationship with Google or ceased to offer certain parts of the SDK to you; or (D) Google decides to no longer provide the SDK or certain parts of the SDK to users in the country in which you are resident or from which you use the service, or the provision of the SDK or certain SDK services to you by Google is, in Google's sole discretion, no longer commercially viable.
2025-09-22T19:45:57.0101890Z 
2025-09-22T19:45:57.0103202Z 9.4 When the License Agreement comes to an end, all of the legal rights, obligations and liabilities that you and Google have benefited from, been subject to (or which have accrued over time whilst the License Agreement has been in force) or which are expressed to continue indefinitely, shall be unaffected by this cessation, and the provisions of paragraph 14.7 shall continue to apply to such rights, obligations and liabilities indefinitely.
2025-09-22T19:45:57.0104481Z 
2025-09-22T19:45:57.0104485Z 
2025-09-22T19:45:57.0104569Z 10. DISCLAIMER OF WARRANTIES
2025-09-22T19:45:57.0104712Z 
2025-09-22T19:45:57.0105157Z 10.1 YOU EXPRESSLY UNDERSTAND AND AGREE THAT YOUR USE OF THE SDK IS AT YOUR SOLE RISK AND THAT THE SDK IS PROVIDED "AS IS" AND "AS AVAILABLE" WITHOUT WARRANTY OF ANY KIND FROM GOOGLE.
2025-09-22T19:45:57.0105900Z 
2025-09-22T19:45:57.0106589Z 10.2 YOUR USE OF THE SDK AND ANY MATERIAL DOWNLOADED OR OTHERWISE OBTAINED THROUGH THE USE OF THE SDK IS AT YOUR OWN DISCRETION AND RISK AND YOU ARE SOLELY RESPONSIBLE FOR ANY DAMAGE TO YOUR COMPUTER SYSTEM OR OTHER DEVICE OR LOSS OF DATA THAT RESULTS FROM SUCH USE.
2025-09-22T19:45:57.0107356Z 
2025-09-22T19:45:57.0108074Z 10.3 GOOGLE FURTHER EXPRESSLY DISCLAIMS ALL WARRANTIES AND CONDITIONS OF ANY KIND, WHETHER EXPRESS OR IMPLIED, INCLUDING, BUT NOT LIMITED TO THE IMPLIED WARRANTIES AND CONDITIONS OF MERCHANTABILITY, FITNESS FOR A PARTICULAR PURPOSE AND NON-INFRINGEMENT.
2025-09-22T19:45:57.0108868Z 
2025-09-22T19:45:57.0108873Z 
2025-09-22T19:45:57.0108951Z 11. LIMITATION OF LIABILITY
2025-09-22T19:45:57.0109083Z 
2025-09-22T19:45:57.0110295Z 11.1 YOU EXPRESSLY UNDERSTAND AND AGREE THAT GOOGLE, ITS SUBSIDIARIES AND AFFILIATES, AND ITS LICENSORS SHALL NOT BE LIABLE TO YOU UNDER ANY THEORY OF LIABILITY FOR ANY DIRECT, INDIRECT, INCIDENTAL, SPECIAL, CONSEQUENTIAL OR EXEMPLARY DAMAGES THAT MAY BE INCURRED BY YOU, INCLUDING ANY LOSS OF DATA, WHETHER OR NOT GOOGLE OR ITS REPRESENTATIVES HAVE BEEN ADVISED OF OR SHOULD HAVE BEEN AWARE OF THE POSSIBILITY OF ANY SUCH LOSSES ARISING.
2025-09-22T19:45:57.0111565Z 
2025-09-22T19:45:57.0111569Z 
2025-09-22T19:45:57.0111639Z 12. Indemnification
2025-09-22T19:45:57.0111755Z 
2025-09-22T19:45:57.0113737Z 12.1 To the maximum extent permitted by law, you agree to defend, indemnify and hold harmless Google, its affiliates and their respective directors, officers, employees and agents from and against any and all claims, actions, suits or proceedings, as well as any and all losses, liabilities, damages, costs and expenses (including reasonable attorneys fees) arising out of or accruing from (a) your use of the SDK, (b) any application you develop on the SDK that infringes any copyright, trademark, trade secret, trade dress, patent or other intellectual property right of any person or defames any person or violates their rights of publicity or privacy, and (c) any non-compliance by you with the License Agreement.
2025-09-22T19:45:57.0116016Z 
2025-09-22T19:45:57.0116021Z 
2025-09-22T19:45:57.0116111Z 13. Changes to the License Agreement
2025-09-22T19:45:57.0116274Z 
2025-09-22T19:45:57.0116900Z 13.1 Google may make changes to the License Agreement as it distributes new versions of the SDK. When these changes are made, Google will make a new version of the License Agreement available on the website where the SDK is made available.
2025-09-22T19:45:57.0117753Z 
2025-09-22T19:45:57.0117756Z 
2025-09-22T19:45:57.0117829Z 14. General Legal Terms
2025-09-22T19:45:57.0117955Z 
2025-09-22T19:45:57.0118787Z 14.1 The License Agreement constitutes the whole legal agreement between you and Google and governs your use of the SDK (excluding any services which Google may provide to you under a separate written agreement), and completely replaces any prior agreements between you and Google in relation to the SDK.
2025-09-22T19:45:57.0119708Z 
2025-09-22T19:45:57.0120543Z 14.2 You agree that if Google does not exercise or enforce any legal right or remedy which is contained in the License Agreement (or which Google has the benefit of under any applicable law), this will not be taken to be a formal waiver of Google's rights and that those rights or remedies will still be available to Google.
2025-09-22T19:45:57.0121449Z 
2025-09-22T19:45:57.0122477Z 14.3 If any court of law, having the jurisdiction to decide on this matter, rules that any provision of the License Agreement is invalid, then that provision will be removed from the License Agreement without affecting the rest of the License Agreement. The remaining provisions of the License Agreement will continue to be valid and enforceable.
2025-09-22T19:45:57.0123490Z 
2025-09-22T19:45:57.0124700Z 14.4 You acknowledge and agree that each member of the group of companies of which Google is the parent shall be third party beneficiaries to the License Agreement and that such other companies shall be entitled to directly enforce, and rely upon, any provision of the License Agreement that confers a benefit on (or rights in favor of) them. Other than this, no other person or company shall be third party beneficiaries to the License Agreement.
2025-09-22T19:45:57.0126159Z 
2025-09-22T19:45:57.0126888Z 14.5 EXPORT RESTRICTIONS. THE SDK IS SUBJECT TO UNITED STATES EXPORT LAWS AND REGULATIONS. YOU MUST COMPLY WITH ALL DOMESTIC AND INTERNATIONAL EXPORT LAWS AND REGULATIONS THAT APPLY TO THE SDK. THESE LAWS INCLUDE RESTRICTIONS ON DESTINATIONS, END USERS AND END USE.
2025-09-22T19:45:57.0127695Z 
2025-09-22T19:45:57.0128630Z 14.6 The rights granted in the License Agreement may not be assigned or transferred by either you or Google without the prior written approval of the other party. Neither you nor Google shall be permitted to delegate their responsibilities or obligations under the License Agreement without the prior written approval of the other party.
2025-09-22T19:45:57.0129641Z 
2025-09-22T19:45:57.0131194Z 14.7 The License Agreement, and your relationship with Google under the License Agreement, shall be governed by the laws of the State of California without regard to its conflict of laws provisions. You and Google agree to submit to the exclusive jurisdiction of the courts located within the county of Santa Clara, California to resolve any legal matter arising from the License Agreement. Notwithstanding this, you agree that Google shall still be allowed to apply for injunctive remedies (or an equivalent type of urgent legal relief) in any jurisdiction.
2025-09-22T19:45:57.0132829Z 
2025-09-22T19:45:57.0132833Z 
2025-09-22T19:45:57.0132901Z January 16, 2019
2025-09-22T19:45:57.0133093Z ---------------------------------------
2025-09-22T19:45:57.0133318Z Accept? (y/N): 
2025-09-22T19:45:57.0133525Z 4/6: License android-sdk-preview-license:
2025-09-22T19:45:57.0133776Z ---------------------------------------
2025-09-22T19:45:57.0134965Z To get started with the Android SDK Preview, you must agree to the following terms and conditions. As described below, please note that this is a preview version of the Android SDK, subject to change, that you use at your own risk. The Android SDK Preview is not a stable release, and may contain errors and defects that can result in serious damage to your computer systems, devices and data.
2025-09-22T19:45:57.0136361Z 
2025-09-22T19:45:57.0136561Z This is the Android SDK Preview License Agreement (the "License Agreement").
2025-09-22T19:45:57.0136963Z 
2025-09-22T19:45:57.0137032Z 1. Introduction
2025-09-22T19:45:57.0137140Z 
2025-09-22T19:45:57.0139215Z 1.1 The Android SDK Preview (referred to in the License Agreement as the “Preview” and specifically including the Android system files, packaged APIs, and Preview library files, if and when they are made available) is licensed to you subject to the terms of the License Agreement. The License Agreement forms a legally binding contract between you and Google in relation to your use of the Preview.
2025-09-22T19:45:57.0140460Z 
2025-09-22T19:45:57.0141053Z 1.2 "Android" means the Android software stack for devices, as made available under the Android Open Source Project, which is located at the following URL: http://source.android.com/, as updated from time to time.
2025-09-22T19:45:57.0141699Z 
2025-09-22T19:45:57.0142253Z 1.3 "Google" means Google Inc., a Delaware corporation with principal place of business at 1600 Amphitheatre Parkway, Mountain View, CA 94043, United States.
2025-09-22T19:45:57.0142768Z 
2025-09-22T19:45:57.0142853Z 2. Accepting the License Agreement
2025-09-22T19:45:57.0143009Z 
2025-09-22T19:45:57.0143378Z 2.1 In order to use the Preview, you must first agree to the License Agreement. You may not use the Preview if you do not accept the License Agreement.
2025-09-22T19:45:57.0143820Z 
2025-09-22T19:45:57.0144077Z 2.2 By clicking to accept and/or using the Preview, you hereby agree to the terms of the License Agreement.
2025-09-22T19:45:57.0144419Z 
2025-09-22T19:45:57.0145107Z 2.3 You may not use the Preview and may not accept the License Agreement if you are a person barred from receiving the Preview under the laws of the United States or other countries including the country in which you are resident or from which you use the Preview.
2025-09-22T19:45:57.0146163Z 
2025-09-22T19:45:57.0147355Z 2.4 If you will use the Preview internally within your company or organization you agree to be bound by the License Agreement on behalf of your employer or other entity, and you represent and warrant that you have full legal authority to bind your employer or such entity to the License Agreement. If you do not have the requisite authority, you may not accept the License Agreement or use the Preview on behalf of your employer or other entity.
2025-09-22T19:45:57.0148611Z 
2025-09-22T19:45:57.0148700Z 3. Preview License from Google
2025-09-22T19:45:57.0148843Z 
2025-09-22T19:45:57.0149711Z 3.1 Subject to the terms of the License Agreement, Google grants you a royalty-free, non-assignable, non-exclusive, non-sublicensable, limited, revocable license to use the Preview, personally or internally within your company or organization, solely to develop applications to run on the Android platform.
2025-09-22T19:45:57.0150657Z 
2025-09-22T19:45:57.0151795Z 3.2 You agree that Google or third parties owns all legal right, title and interest in and to the Preview, including any Intellectual Property Rights that subsist in the Preview. "Intellectual Property Rights" means any and all rights under patent law, copyright law, trade secret law, trademark law, and any and all other proprietary rights. Google reserves all rights not expressly granted to you.
2025-09-22T19:45:57.0152975Z 
2025-09-22T19:45:57.0154613Z 3.3 You may not use the Preview for any purpose not expressly permitted by the License Agreement. Except to the extent required by applicable third party licenses, you may not: (a) copy (except for backup purposes), modify, adapt, redistribute, decompile, reverse engineer, disassemble, or create derivative works of the Preview or any part of the Preview; or (b) load any part of the Preview onto a mobile handset or any other hardware device except a personal computer, combine any part of the Preview with other software, or distribute any software or device incorporating a part of the Preview.
2025-09-22T19:45:57.0156536Z 
2025-09-22T19:45:57.0157235Z 3.4 You agree that you will not take any actions that may cause or result in the fragmentation of Android, including but not limited to distributing, participating in the creation of, or promoting in any way a software development kit derived from the Preview.
2025-09-22T19:45:57.0158136Z 
2025-09-22T19:45:57.0159299Z 3.5 Use, reproduction and distribution of components of the Preview licensed under an open source software license are governed solely by the terms of that open source software license and not the License Agreement. You agree to remain a licensee in good standing in regard to such open source software licenses under all the rights granted and to refrain from any actions that may terminate, suspend, or breach such rights.
2025-09-22T19:45:57.0160526Z 
2025-09-22T19:45:57.0161848Z 3.6 You agree that the form and nature of the Preview that Google provides may change without prior notice to you and that future versions of the Preview may be incompatible with applications developed on previous versions of the Preview. You agree that Google may stop (permanently or temporarily) providing the Preview (or any features within the Preview) to you or to users generally at Google's sole discretion, without prior notice to you.
2025-09-22T19:45:57.0163136Z 
2025-09-22T19:45:57.0163586Z 3.7 Nothing in the License Agreement gives you a right to use any of Google's trade names, trademarks, service marks, logos, domain names, or other distinctive brand features.
2025-09-22T19:45:57.0164473Z 
2025-09-22T19:45:57.0165340Z 3.8 You agree that you will not remove, obscure, or alter any proprietary rights notices (including copyright and trademark notices) that may be affixed to or contained within the Preview.
2025-09-22T19:45:57.0166552Z 
2025-09-22T19:45:57.0166706Z 4. Use of the Preview by You
2025-09-22T19:45:57.0166957Z 
2025-09-22T19:45:57.0168564Z 4.1 Google agrees that nothing in the License Agreement gives Google any right, title or interest from you (or your licensors) under the License Agreement in or to any software applications that you develop using the Preview, including any intellectual property rights that subsist in those applications.
2025-09-22T19:45:57.0170193Z 
2025-09-22T19:45:57.0171927Z 4.2 You agree to use the Preview and write applications only for purposes that are permitted by (a) the License Agreement, and (b) any applicable law, regulation or generally accepted practices or guidelines in the relevant jurisdictions (including any laws regarding the export of data or software to and from the United States or other relevant countries).
2025-09-22T19:45:57.0173805Z 
2025-09-22T19:45:57.0177688Z 4.3 You agree that if you use the Preview to develop applications, you will protect the privacy and legal rights of users. If users provide you with user names, passwords, or other login information or personal information, you must make the users aware that the information will be available to your application, and you must provide legally adequate privacy notice and protection for those users. If your application stores personal or sensitive information provided by users, it must do so securely. If users provide you with Google Account information, your application may only use that information to access the user's Google Account when, and for the limited purposes for which, each user has given you permission to do so.
2025-09-22T19:45:57.0181481Z 
2025-09-22T19:45:57.0182942Z 4.4 You agree that you will not engage in any activity with the Preview, including the development or distribution of an application, that interferes with, disrupts, damages, or accesses in an unauthorized manner the servers, networks, or other properties or services of Google or any third party.
2025-09-22T19:45:57.0184137Z 
2025-09-22T19:45:57.0185081Z 4.5 You agree that you are solely responsible for (and that Google has no responsibility to you or to any third party for) any data, content, or resources that you create, transmit or display through Android and/or applications for Android, and for the consequences of your actions (including any loss or damage which Google may suffer) by doing so.
2025-09-22T19:45:57.0186336Z 
2025-09-22T19:45:57.0187593Z 4.6 You agree that you are solely responsible for (and that Google has no responsibility to you or to any third party for) any breach of your obligations under the License Agreement, any applicable third party contract or Terms of Service, or any applicable law or regulation, and for the consequences (including any loss or damage which Google or any third party may suffer) of any such breach.
2025-09-22T19:45:57.0188743Z 
2025-09-22T19:45:57.0190080Z 4.7 The Preview is in development, and your testing and feedback are an important part of the development process. By using the Preview, you acknowledge that implementation of some features are still under development and that you should not rely on the Preview having the full functionality of a stable release. You agree not to publicly distribute or ship any application using this Preview as this Preview will no longer be supported after the official Android SDK is released.
2025-09-22T19:45:57.0191481Z 
2025-09-22T19:45:57.0191674Z 5. Your Developer Credentials
2025-09-22T19:45:57.0191825Z 
2025-09-22T19:45:57.0192594Z 5.1 You agree that you are responsible for maintaining the confidentiality of any developer credentials that may be issued to you by Google or which you may choose yourself and that you will be solely responsible for all applications that are developed under your developer credentials.
2025-09-22T19:45:57.0193453Z 
2025-09-22T19:45:57.0193534Z 6. Privacy and Information
2025-09-22T19:45:57.0193667Z 
2025-09-22T19:45:57.0195041Z 6.1 In order to continually innovate and improve the Preview, Google may collect certain usage statistics from the software including but not limited to a unique identifier, associated IP address, version number of the software, and information on which tools and/or services in the Preview are being used and how they are being used. Before any of this information is collected, the Preview will notify you and seek your consent. If you withhold consent, the information will not be collected.
2025-09-22T19:45:57.0196791Z 
2025-09-22T19:45:57.0197329Z 6.2 The data collected is examined in the aggregate to improve the Preview and is maintained in accordance with Google's Privacy Policy located at http://www.google.com/policies/privacy/.
2025-09-22T19:45:57.0197917Z 
2025-09-22T19:45:57.0198000Z 7. Third Party Applications
2025-09-22T19:45:57.0198146Z 
2025-09-22T19:45:57.0199784Z 7.1 If you use the Preview to run applications developed by a third party or that access data, content or resources provided by a third party, you agree that Google is not responsible for those applications, data, content, or resources. You understand that all data, content or resources which you may access through such third party applications are the sole responsibility of the person from which they originated and that Google is not liable for any loss or damage that you may experience as a result of the use or access of any of those third party applications, data, content, or resources.
2025-09-22T19:45:57.0201493Z 
2025-09-22T19:45:57.0202814Z 7.2 You should be aware the data, content, and resources presented to you through such a third party application may be protected by intellectual property rights which are owned by the providers (or by other persons or companies on their behalf). You may not modify, rent, lease, loan, sell, distribute or create derivative works based on these data, content, or resources (either in whole or in part) unless you have been specifically given permission to do so by the relevant owners.
2025-09-22T19:45:57.0204233Z 
2025-09-22T19:45:57.0204679Z 7.3 You acknowledge that your use of such third party applications, data, content, or resources may be subject to separate terms between you and the relevant third party.
2025-09-22T19:45:57.0205200Z 
2025-09-22T19:45:57.0205273Z 8. Using Google APIs
2025-09-22T19:45:57.0205396Z 
2025-09-22T19:45:57.0205463Z 8.1 Google APIs
2025-09-22T19:45:57.0205823Z 
2025-09-22T19:45:57.0207259Z 8.1.1 If you use any API to retrieve data from Google, you acknowledge that the data may be protected by intellectual property rights which are owned by Google or those parties that provide the data (or by other persons or companies on their behalf). Your use of any such API may be subject to additional Terms of Service. You may not modify, rent, lease, loan, sell, distribute or create derivative works based on this data (either in whole or in part) unless allowed by the relevant Terms of Service.
2025-09-22T19:45:57.0208839Z 
2025-09-22T19:45:57.0209488Z 8.1.2 If you use any API to retrieve a user's data from Google, you acknowledge and agree that you shall retrieve data only with the user's explicit consent and only when, and for the limited purposes for which, the user has given you permission to do so.
2025-09-22T19:45:57.0210224Z 
2025-09-22T19:45:57.0210312Z 9. Terminating the License Agreement
2025-09-22T19:45:57.0210472Z 
2025-09-22T19:45:57.0210752Z 9.1 the License Agreement will continue to apply until terminated by either you or Google as set out below.
2025-09-22T19:45:57.0211207Z 
2025-09-22T19:45:57.0211553Z 9.2 If you want to terminate the License Agreement, you may do so by ceasing your use of the Preview and any relevant developer credentials.
2025-09-22T19:45:57.0211993Z 
2025-09-22T19:45:57.0212242Z 9.3 Google may at any time, terminate the License Agreement, with or without cause, upon notice to you.
2025-09-22T19:45:57.0212573Z 
2025-09-22T19:45:57.0213472Z 9.4 The License Agreement will automatically terminate without notice or other action upon the earlier of: (A) when Google ceases to provide the Preview or certain parts of the Preview to users in the country in which you are resident or from which you use the service; and (B) Google issues a final release version of the Android SDK.
2025-09-22T19:45:57.0214434Z 
2025-09-22T19:45:57.0215084Z 9.5 When the License Agreement is terminated, the license granted to you in the License Agreement will terminate, you will immediately cease all use of the Preview, and the provisions of paragraphs 10, 11, 12 and 14 shall survive indefinitely.
2025-09-22T19:45:57.0216001Z 
2025-09-22T19:45:57.0216071Z 10. DISCLAIMERS
2025-09-22T19:45:57.0216182Z 
2025-09-22T19:45:57.0216651Z 10.1 YOU EXPRESSLY UNDERSTAND AND AGREE THAT YOUR USE OF THE PREVIEW IS AT YOUR SOLE RISK AND THAT THE PREVIEW IS PROVIDED "AS IS" AND "AS AVAILABLE" WITHOUT WARRANTY OF ANY KIND FROM GOOGLE.
2025-09-22T19:45:57.0217197Z 
2025-09-22T19:45:57.0218743Z 10.2 YOUR USE OF THE PREVIEW AND ANY MATERIAL DOWNLOADED OR OTHERWISE OBTAINED THROUGH THE USE OF THE PREVIEW IS AT YOUR OWN DISCRETION AND RISK AND YOU ARE SOLELY RESPONSIBLE FOR ANY DAMAGE TO YOUR COMPUTER SYSTEM OR OTHER DEVICE OR LOSS OF DATA THAT RESULTS FROM SUCH USE. WITHOUT LIMITING THE FOREGOING, YOU UNDERSTAND THAT THE PREVIEW IS NOT A STABLE RELEASE AND MAY CONTAIN ERRORS, DEFECTS AND SECURITY VULNERABILITIES THAT CAN RESULT IN SIGNIFICANT DAMAGE, INCLUDING THE COMPLETE, IRRECOVERABLE LOSS OF USE OF YOUR COMPUTER SYSTEM OR OTHER DEVICE.
2025-09-22T19:45:57.0220356Z 
2025-09-22T19:45:57.0221071Z 10.3 GOOGLE FURTHER EXPRESSLY DISCLAIMS ALL WARRANTIES AND CONDITIONS OF ANY KIND, WHETHER EXPRESS OR IMPLIED, INCLUDING, BUT NOT LIMITED TO THE IMPLIED WARRANTIES AND CONDITIONS OF MERCHANTABILITY, FITNESS FOR A PARTICULAR PURPOSE AND NON-INFRINGEMENT.
2025-09-22T19:45:57.0221870Z 
2025-09-22T19:45:57.0221951Z 11. LIMITATION OF LIABILITY
2025-09-22T19:45:57.0222090Z 
2025-09-22T19:45:57.0223298Z 11.1 YOU EXPRESSLY UNDERSTAND AND AGREE THAT GOOGLE, ITS SUBSIDIARIES AND AFFILIATES, AND ITS LICENSORS SHALL NOT BE LIABLE TO YOU UNDER ANY THEORY OF LIABILITY FOR ANY DIRECT, INDIRECT, INCIDENTAL, SPECIAL, CONSEQUENTIAL OR EXEMPLARY DAMAGES THAT MAY BE INCURRED BY YOU, INCLUDING ANY LOSS OF DATA, WHETHER OR NOT GOOGLE OR ITS REPRESENTATIVES HAVE BEEN ADVISED OF OR SHOULD HAVE BEEN AWARE OF THE POSSIBILITY OF ANY SUCH LOSSES ARISING.
2025-09-22T19:45:57.0224573Z 
2025-09-22T19:45:57.0224648Z 12. Indemnification
2025-09-22T19:45:57.0224756Z 
2025-09-22T19:45:57.0227224Z 12.1 To the maximum extent permitted by law, you agree to defend, indemnify and hold harmless Google, its affiliates and their respective directors, officers, employees and agents from and against any and all claims, actions, suits or proceedings, as well as any and all losses, liabilities, damages, costs and expenses (including reasonable attorneys’ fees) arising out of or accruing from (a) your use of the Preview, (b) any application you develop on the Preview that infringes any Intellectual Property Rights of any person or defames any person or violates their rights of publicity or privacy, and (c) any non-compliance by you of the License Agreement.
2025-09-22T19:45:57.0229284Z 
2025-09-22T19:45:57.0229373Z 13. Changes to the License Agreement
2025-09-22T19:45:57.0229537Z 
2025-09-22T19:45:57.0230194Z 13.1 Google may make changes to the License Agreement as it distributes new versions of the Preview. When these changes are made, Google will make a new version of the License Agreement available on the website where the Preview is made available.
2025-09-22T19:45:57.0231016Z 
2025-09-22T19:45:57.0231104Z 14. General Legal Terms
2025-09-22T19:45:57.0231226Z 
2025-09-22T19:45:57.0232095Z 14.1 the License Agreement constitutes the whole legal agreement between you and Google and governs your use of the Preview (excluding any services which Google may provide to you under a separate written agreement), and completely replaces any prior agreements between you and Google in relation to the Preview.
2025-09-22T19:45:57.0233041Z 
2025-09-22T19:45:57.0233879Z 14.2 You agree that if Google does not exercise or enforce any legal right or remedy which is contained in the License Agreement (or which Google has the benefit of under any applicable law), this will not be taken to be a formal waiver of Google's rights and that those rights or remedies will still be available to Google.
2025-09-22T19:45:57.0234791Z 
2025-09-22T19:45:57.0235942Z 14.3 If any court of law, having the jurisdiction to decide on this matter, rules that any provision of the License Agreement is invalid, then that provision will be removed from the License Agreement without affecting the rest of the License Agreement. The remaining provisions of the License Agreement will continue to be valid and enforceable.
2025-09-22T19:45:57.0236968Z 
2025-09-22T19:45:57.0238184Z 14.4 You acknowledge and agree that each member of the group of companies of which Google is the parent shall be third party beneficiaries to the License Agreement and that such other companies shall be entitled to directly enforce, and rely upon, any provision of the License Agreement that confers a benefit on (or rights in favor of) them. Other than this, no other person or company shall be third party beneficiaries to the License Agreement.
2025-09-22T19:45:57.0239465Z 
2025-09-22T19:45:57.0240228Z 14.5 EXPORT RESTRICTIONS. THE PREVIEW IS SUBJECT TO UNITED STATES EXPORT LAWS AND REGULATIONS. YOU MUST COMPLY WITH ALL DOMESTIC AND INTERNATIONAL EXPORT LAWS AND REGULATIONS THAT APPLY TO THE PREVIEW. THESE LAWS INCLUDE RESTRICTIONS ON DESTINATIONS, END USERS AND END USE.
2025-09-22T19:45:57.0241065Z 
2025-09-22T19:45:57.0241931Z 14.6 The License Agreement may not be assigned or transferred by you without the prior written approval of Google, and any attempted assignment without such approval will be void. You shall not delegate your responsibilities or obligations under the License Agreement without the prior written approval of Google.
2025-09-22T19:45:57.0242890Z 
2025-09-22T19:45:57.0244446Z 14.7 The License Agreement, and your relationship with Google under the License Agreement, shall be governed by the laws of the State of California without regard to its conflict of laws provisions. You and Google agree to submit to the exclusive jurisdiction of the courts located within the county of Santa Clara, California to resolve any legal matter arising from the License Agreement. Notwithstanding this, you agree that Google shall still be allowed to apply for injunctive remedies (or an equivalent type of urgent legal relief) in any jurisdiction.
2025-09-22T19:45:57.0246317Z 
2025-09-22T19:45:57.0246518Z June 2014.
2025-09-22T19:45:57.0246701Z ---------------------------------------
2025-09-22T19:45:57.0246924Z Accept? (y/N): 
2025-09-22T19:45:57.0247116Z 5/6: License google-gdk-license:
2025-09-22T19:45:57.0247335Z ---------------------------------------
2025-09-22T19:45:57.0247671Z This is a Developer Preview of the GDK that is subject to change.
2025-09-22T19:45:57.0247917Z 
2025-09-22T19:45:57.0247988Z Terms and Conditions
2025-09-22T19:45:57.0248123Z 
2025-09-22T19:45:57.0248246Z This is the Glass Development Kit License Agreement.
2025-09-22T19:45:57.0248445Z 
2025-09-22T19:45:57.0248512Z 1. Introduction
2025-09-22T19:45:57.0248620Z 
2025-09-22T19:45:57.0249794Z 1.1 The Glass Development Kit (referred to in this License Agreement as the "GDK" and specifically including the Android system files, packaged APIs, and GDK library files, if and when they are made available) is licensed to you subject to the terms of this License Agreement. This License Agreement forms a legally binding contract between you and Google in relation to your use of the GDK.
2025-09-22T19:45:57.0250938Z 
2025-09-22T19:45:57.0251144Z 1.2 "Glass" means Glass devices and the Glass software stack for use on Glass devices.
2025-09-22T19:45:57.0251432Z 
2025-09-22T19:45:57.0251436Z 
2025-09-22T19:45:57.0252046Z 1.3 "Android" means the Android software stack for devices, as made available under the Android Open Source Project, which is located at the following URL: http://source.android.com/, as updated from time to time.
2025-09-22T19:45:57.0252703Z 
2025-09-22T19:45:57.0253118Z 1.4 "Google" means Google Inc., a Delaware corporation with principal place of business at 1600 Amphitheatre Parkway, Mountain View, CA 94043, United States.
2025-09-22T19:45:57.0253615Z 
2025-09-22T19:45:57.0253707Z 2. Accepting this License Agreement
2025-09-22T19:45:57.0253863Z 
2025-09-22T19:45:57.0254209Z 2.1 In order to use the GDK, you must first agree to this License Agreement. You may not use the GDK if you do not accept this License Agreement.
2025-09-22T19:45:57.0254642Z 
2025-09-22T19:45:57.0254832Z 2.2 By clicking to accept, you hereby agree to the terms of this License Agreement.
2025-09-22T19:45:57.0255109Z 
2025-09-22T19:45:57.0255951Z 2.3 You may not use the GDK and may not accept the License Agreement if you are a person barred from receiving the GDK under the laws of the United States or other countries including the country in which you are resident or from which you use the GDK.
2025-09-22T19:45:57.0256681Z 
2025-09-22T19:45:57.0257662Z 2.4 If you are agreeing to be bound by this License Agreement on behalf of your employer or other entity, you represent and warrant that you have full legal authority to bind your employer or such entity to this License Agreement. If you do not have the requisite authority, you may not accept the License Agreement or use the GDK on behalf of your employer or other entity.
2025-09-22T19:45:57.0258709Z 
2025-09-22T19:45:57.0258787Z 3. GDK License from Google
2025-09-22T19:45:57.0258928Z 
2025-09-22T19:45:57.0259592Z 3.1 Subject to the terms of this License Agreement, Google grants you a limited, worldwide, royalty-free, non-assignable and non-exclusive license to use the GDK solely to develop applications to run on the Glass platform for Glass devices.
2025-09-22T19:45:57.0260327Z 
2025-09-22T19:45:57.0261399Z 3.2 You agree that Google or third parties own all legal right, title and interest in and to the GDK, including any Intellectual Property Rights that subsist in the GDK. "Intellectual Property Rights" means any and all rights under patent law, copyright law, trade secret law, trademark law, and any and all other proprietary rights. Google reserves all rights not expressly granted to you.
2025-09-22T19:45:57.0262539Z 
2025-09-22T19:45:57.0264225Z 3.3 You may not use the GDK for any purpose not expressly permitted by this License Agreement. Except to the extent required by applicable third party licenses, you may not: (a) copy (except for backup purposes), modify, adapt, redistribute, decompile, reverse engineer, disassemble, or create derivative works of the GDK or any part of the GDK; or (b) load any part of the GDK onto a mobile handset or wearable computing device or any other hardware device except a Glass device personal computer, combine any part of the GDK with other software, or distribute any software or device incorporating a part of the GDK.
2025-09-22T19:45:57.0266343Z 
2025-09-22T19:45:57.0267021Z 3.4 You agree that you will not take any actions that may cause or result in the fragmentation of Glass, including but not limited to distributing, participating in the creation of, or promoting in any way a software development kit derived from the GDK.
2025-09-22T19:45:57.0267768Z 
2025-09-22T19:45:57.0268335Z 3.5 Use, reproduction and distribution of components of the GDK licensed under an open source software license are governed solely by the terms of that open source software license and not this License Agreement.
2025-09-22T19:45:57.0268984Z 
2025-09-22T19:45:57.0270246Z 3.6 You agree that the form and nature of the GDK that Google provides may change without prior notice to you and that future versions of the GDK may be incompatible with applications developed on previous versions of the GDK. You agree that Google may stop (permanently or temporarily) providing the GDK (or any features within the GDK) to you or to users generally at Google's sole discretion, without prior notice to you.
2025-09-22T19:45:57.0271471Z 
2025-09-22T19:45:57.0271919Z 3.7 Nothing in this License Agreement gives you a right to use any of Google's trade names, trademarks, service marks, logos, domain names, or other distinctive brand features.
2025-09-22T19:45:57.0272446Z 
2025-09-22T19:45:57.0272943Z 3.8 You agree that you will not remove, obscure, or alter any proprietary rights notices (including copyright and trademark notices) that may be affixed to or contained within the GDK.
2025-09-22T19:45:57.0273513Z 
2025-09-22T19:45:57.0273518Z 
2025-09-22T19:45:57.0274523Z 3.9 Your use of any Android system files, packaged APIs, or other components of the GDK which are part of the Android Software Development Kit is subject to the terms of the Android Software Development Kit License Agreement located at http://developer.android.com/sdk/terms.html. These terms are hereby incorporated by reference into this License Agreement.
2025-09-22T19:45:57.0275803Z 
2025-09-22T19:45:57.0275890Z 4. Use of the GDK by You
2025-09-22T19:45:57.0276028Z 
2025-09-22T19:45:57.0276956Z 4.1 Google agrees that it obtains no right, title or interest from you (or your licensors) under this License Agreement in or to any software applications that you develop using the GDK, including any intellectual property rights that subsist in those applications.
2025-09-22T19:45:57.0277759Z 
2025-09-22T19:45:57.0279263Z 4.2 You agree to use the GDK and write applications only for purposes that are permitted by (a) this License Agreement, (b) the Glass Platform Developer Policies (located at https://developers.google.com/glass/policies, and hereby incorporated into this License Agreement by reference), and (c) any applicable law, regulation or generally accepted practices or guidelines in the relevant jurisdictions (including any laws regarding the export of data or software to and from the United States or other relevant countries).
2025-09-22T19:45:57.0280826Z 
2025-09-22T19:45:57.0283027Z 4.3 You agree that if you use the GDK to develop applications for general public users, you will protect the privacy and legal rights of those users. If the users provide you with user names, passwords, or other login information or personal information, you must make the users aware that the information will be available to your application, and you must provide legally adequate privacy notice and protection for those users. If your application stores personal or sensitive information provided by users, it must do so securely. If the user provides your application with Google Account information, your application may only use that information to access the user's Google Account when, and for the limited purposes for which, the user has given you permission to do so.
2025-09-22T19:45:57.0285664Z 
2025-09-22T19:45:57.0286557Z 4.4 You agree that you will not engage in any activity with the GDK, including the development or distribution of an application, that interferes with, disrupts, damages, or accesses in an unauthorized manner the servers, networks, or other properties or services of any third party including, but not limited to, Google.
2025-09-22T19:45:57.0287799Z 
2025-09-22T19:45:57.0288729Z 4.5 You agree that you are solely responsible for (and that Google has no responsibility to you or to any third party for) any data, content, or resources that you create, transmit or display through Glass and/or applications for Glass, and for the consequences of your actions (including any loss or damage which Google may suffer) by doing so.
2025-09-22T19:45:57.0289737Z 
2025-09-22T19:45:57.0290937Z 4.6 You agree that you are solely responsible for (and that Google has no responsibility to you or to any third party for) any breach of your obligations under this License Agreement, any applicable third party contract or Terms of Service, or any applicable law or regulation, and for the consequences (including any loss or damage which Google or any third party may suffer) of any such breach.
2025-09-22T19:45:57.0292094Z 
2025-09-22T19:45:57.0292098Z 
2025-09-22T19:45:57.0293116Z 4.7 The GDK is in development, and your testing and feedback are an important part of the development process. By using the GDK, you acknowledge that implementation of some features are still under development and that you should not rely on the GDK, Glass devices, Glass system software, Google Mirror API, or Glass services having the full functionality of a stable release.
2025-09-22T19:45:57.0294214Z 
2025-09-22T19:45:57.0294296Z 5. Your Developer Credentials
2025-09-22T19:45:57.0294443Z 
2025-09-22T19:45:57.0295223Z 5.1 You agree that you are responsible for maintaining the confidentiality of any developer credentials that may be issued to you by Google or which you may choose yourself and that you will be solely responsible for all applications that are developed under your developer credentials.
2025-09-22T19:45:57.0296189Z 
2025-09-22T19:45:57.0296273Z 6. Privacy and Information
2025-09-22T19:45:57.0296412Z 
2025-09-22T19:45:57.0296417Z 
2025-09-22T19:45:57.0297740Z 6.1 In order to continually innovate and improve the GDK, Google may collect certain usage statistics from the software including but not limited to a unique identifier, associated IP address, version number of the software, and information on which tools and/or services in the GDK are being used and how they are being used. Before any of this information is collected, the GDK will notify you and seek your consent. If you withhold consent, the information will not be collected.
2025-09-22T19:45:57.0299124Z 
2025-09-22T19:45:57.0299460Z 6.2 The data collected is examined in the aggregate to improve the GDK and is maintained in accordance with Google's Privacy Policy.
2025-09-22T19:45:57.0299886Z 
2025-09-22T19:45:57.0299973Z 7. Third Party Applications
2025-09-22T19:45:57.0300113Z 
2025-09-22T19:45:57.0301730Z 7.1 If you use the GDK to run applications developed by a third party or that access data, content or resources provided by a third party, you agree that Google is not responsible for those applications, data, content, or resources. You understand that all data, content or resources which you may access through such third party applications are the sole responsibility of the person from which they originated and that Google is not liable for any loss or damage that you may experience as a result of the use or access of any of those third party applications, data, content, or resources.
2025-09-22T19:45:57.0303417Z 
2025-09-22T19:45:57.0304735Z 7.2 You should be aware the data, content, and resources presented to you through such a third party application may be protected by intellectual property rights which are owned by the providers (or by other persons or companies on their behalf). You may not modify, rent, lease, loan, sell, distribute or create derivative works based on these data, content, or resources (either in whole or in part) unless you have been specifically given permission to do so by the relevant owners.
2025-09-22T19:45:57.0306446Z 
2025-09-22T19:45:57.0307184Z 7.3 You acknowledge that your use of such third party applications, data, content, or resources may be subject to separate terms between you and the relevant third party. In that case, this License Agreement does not affect your legal relationship with these third parties.
2025-09-22T19:45:57.0308000Z 
2025-09-22T19:45:57.0308072Z 8. Using Google APIs
2025-09-22T19:45:57.0308189Z 
2025-09-22T19:45:57.0308255Z 8.1 Google APIs
2025-09-22T19:45:57.0308362Z 
2025-09-22T19:45:57.0309806Z 8.1.1 If you use any API to retrieve data from Google, you acknowledge that the data may be protected by intellectual property rights which are owned by Google or those parties that provide the data (or by other persons or companies on their behalf). Your use of any such API may be subject to additional Terms of Service. You may not modify, rent, lease, loan, sell, distribute or create derivative works based on this data (either in whole or in part) unless allowed by the relevant Terms of Service.
2025-09-22T19:45:57.0311220Z 
2025-09-22T19:45:57.0311867Z 8.1.2 If you use any API to retrieve a user's data from Google, you acknowledge and agree that you shall retrieve data only with the user's explicit consent and only when, and for the limited purposes for which, the user has given you permission to do so.
2025-09-22T19:45:57.0312589Z 
2025-09-22T19:45:57.0312685Z 9. Terminating this License Agreement
2025-09-22T19:45:57.0312847Z 
2025-09-22T19:45:57.0313120Z 9.1 This License Agreement will continue to apply until terminated by either you or Google as set out below.
2025-09-22T19:45:57.0313485Z 
2025-09-22T19:45:57.0313810Z 9.2 If you want to terminate this License Agreement, you may do so by ceasing your use of the GDK and any relevant developer credentials.
2025-09-22T19:45:57.0314222Z 
2025-09-22T19:45:57.0316015Z 9.3 Google may at any time, terminate this License Agreement with you if: (A) you have breached any provision of this License Agreement; or (B) Google is required to do so by law; or (C) the partner with whom Google offered certain parts of GDK (such as APIs) to you has terminated its relationship with Google or ceased to offer certain parts of the GDK to you; or (D) Google decides to no longer provide the GDK or certain parts of the GDK to users in the country in which you are resident or from which you use the service, or the provision of the GDK or certain GDK services to you by Google is, in Google's sole discretion, no longer commercially viable.
2025-09-22T19:45:57.0317762Z 
2025-09-22T19:45:57.0318994Z 9.4 When this License Agreement comes to an end, all of the legal rights, obligations and liabilities that you and Google have benefited from, been subject to (or which have accrued over time whilst this License Agreement has been in force) or which are expressed to continue indefinitely, shall be unaffected by this cessation, and the provisions of paragraph 14.7 shall continue to apply to such rights, obligations and liabilities indefinitely.
2025-09-22T19:45:57.0320286Z 
2025-09-22T19:45:57.0320372Z 10. DISCLAIMER OF WARRANTIES
2025-09-22T19:45:57.0320509Z 
2025-09-22T19:45:57.0320946Z 10.1 YOU EXPRESSLY UNDERSTAND AND AGREE THAT YOUR USE OF THE GDK IS AT YOUR SOLE RISK AND THAT THE GDK IS PROVIDED "AS IS" AND "AS AVAILABLE" WITHOUT WARRANTY OF ANY KIND FROM GOOGLE.
2025-09-22T19:45:57.0321469Z 
2025-09-22T19:45:57.0322148Z 10.2 YOUR USE OF THE GDK AND ANY MATERIAL DOWNLOADED OR OTHERWISE OBTAINED THROUGH THE USE OF THE GDK IS AT YOUR OWN DISCRETION AND RISK AND YOU ARE SOLELY RESPONSIBLE FOR ANY DAMAGE TO YOUR COMPUTER SYSTEM OR OTHER DEVICE OR LOSS OF DATA THAT RESULTS FROM SUCH USE.
2025-09-22T19:45:57.0322917Z 
2025-09-22T19:45:57.0323631Z 10.3 GOOGLE FURTHER EXPRESSLY DISCLAIMS ALL WARRANTIES AND CONDITIONS OF ANY KIND, WHETHER EXPRESS OR IMPLIED, INCLUDING, BUT NOT LIMITED TO THE IMPLIED WARRANTIES AND CONDITIONS OF MERCHANTABILITY, FITNESS FOR A PARTICULAR PURPOSE AND NON-INFRINGEMENT.
2025-09-22T19:45:57.0324549Z 
2025-09-22T19:45:57.0324626Z 11. LIMITATION OF LIABILITY
2025-09-22T19:45:57.0324765Z 
2025-09-22T19:45:57.0326086Z 11.1 YOU EXPRESSLY UNDERSTAND AND AGREE THAT GOOGLE, ITS SUBSIDIARIES AND AFFILIATES, AND ITS LICENSORS SHALL NOT BE LIABLE TO YOU UNDER ANY THEORY OF LIABILITY FOR ANY DIRECT, INDIRECT, INCIDENTAL, SPECIAL, CONSEQUENTIAL OR EXEMPLARY DAMAGES THAT MAY BE INCURRED BY YOU, INCLUDING ANY LOSS OF DATA, WHETHER OR NOT GOOGLE OR ITS REPRESENTATIVES HAVE BEEN ADVISED OF OR SHOULD HAVE BEEN AWARE OF THE POSSIBILITY OF ANY SUCH LOSSES ARISING.
2025-09-22T19:45:57.0327370Z 
2025-09-22T19:45:57.0327440Z 12. Indemnification
2025-09-22T19:45:57.0327550Z 
2025-09-22T19:45:57.0329654Z 12.1 To the maximum extent permitted by law, you agree to defend, indemnify and hold harmless Google, its affiliates and their respective directors, officers, employees and agents from and against any and all claims, actions, suits or proceedings, as well as any and all losses, liabilities, damages, costs and expenses (including reasonable attorneys fees) arising out of or accruing from (a) your use of the GDK, (b) any application you develop on the GDK that infringes any copyright, trademark, trade secret, trade dress, patent or other intellectual property right of any person or defames any person or violates their rights of publicity or privacy, and (c) any non-compliance by you with this License Agreement.
2025-09-22T19:45:57.0331704Z 
2025-09-22T19:45:57.0331792Z 13. Changes to the License Agreement
2025-09-22T19:45:57.0331949Z 
2025-09-22T19:45:57.0332575Z 13.1 Google may make changes to the License Agreement as it distributes new versions of the GDK. When these changes are made, Google will make a new version of the License Agreement available on the website where the GDK is made available.
2025-09-22T19:45:57.0333296Z 
2025-09-22T19:45:57.0333366Z 14. General Legal Terms
2025-09-22T19:45:57.0333486Z 
2025-09-22T19:45:57.0334328Z 14.1 This License Agreement constitutes the whole legal agreement between you and Google and governs your use of the GDK (excluding any services which Google may provide to you under a separate written agreement), and completely replaces any prior agreements between you and Google in relation to the GDK.
2025-09-22T19:45:57.0335248Z 
2025-09-22T19:45:57.0336198Z 14.2 You agree that if Google does not exercise or enforce any legal right or remedy which is contained in this License Agreement (or which Google has the benefit of under any applicable law), this will not be taken to be a formal waiver of Google's rights and that those rights or remedies will still be available to Google.
2025-09-22T19:45:57.0337121Z 
2025-09-22T19:45:57.0338070Z 14.3 If any court of law, having the jurisdiction to decide on this matter, rules that any provision of this License Agreement is invalid, then that provision will be removed from this License Agreement without affecting the rest of this License Agreement. The remaining provisions of this License Agreement will continue to be valid and enforceable.
2025-09-22T19:45:57.0339102Z 
2025-09-22T19:45:57.0340324Z 14.4 You acknowledge and agree that each member of the group of companies of which Google is the parent shall be third party beneficiaries to this License Agreement and that such other companies shall be entitled to directly enforce, and rely upon, any provision of this License Agreement that confers a benefit on (or rights in favor of) them. Other than this, no other person or company shall be third party beneficiaries to this License Agreement.
2025-09-22T19:45:57.0341625Z 
2025-09-22T19:45:57.0342345Z 14.5 EXPORT RESTRICTIONS. THE GDK IS SUBJECT TO UNITED STATES EXPORT LAWS AND REGULATIONS. YOU MUST COMPLY WITH ALL DOMESTIC AND INTERNATIONAL EXPORT LAWS AND REGULATIONS THAT APPLY TO THE GDK. THESE LAWS INCLUDE RESTRICTIONS ON DESTINATIONS, END USERS AND END USE.
2025-09-22T19:45:57.0343257Z 
2025-09-22T19:45:57.0344206Z 14.6 The rights granted in this License Agreement may not be assigned or transferred by either you or Google without the prior written approval of the other party. Neither you nor Google shall be permitted to delegate their responsibilities or obligations under this License Agreement without the prior written approval of the other party.
2025-09-22T19:45:57.0345230Z 
2025-09-22T19:45:57.0347029Z 14.7 This License Agreement, and your relationship with Google under this License Agreement, shall be governed by the laws of the State of California without regard to its conflict of laws provisions. You and Google agree to submit to the exclusive jurisdiction of the courts located within the county of Santa Clara, California to resolve any legal matter arising from this License Agreement. Notwithstanding this, you agree that Google shall still be allowed to apply for injunctive remedies (or an equivalent type of urgent legal relief) in any jurisdiction.
2025-09-22T19:45:57.0348690Z 
2025-09-22T19:45:57.0348760Z November 19, 2013
2025-09-22T19:45:57.0348951Z ---------------------------------------
2025-09-22T19:45:57.0349175Z Accept? (y/N): 
2025-09-22T19:45:57.0349377Z 6/6: License mips-android-sysimage-license:
2025-09-22T19:45:57.0349632Z ---------------------------------------
2025-09-22T19:45:57.0351467Z MIPS Technologies, Inc. (“MIPS”) Internal Evaluation License Agreement for MIPS Android™ System Images for Android Software Development Kit (SDK): This Internal Evaluation License Agreement (this "Agreement") is entered into by and between MIPS and you (as an individual developer or a legal entity -- identified below as “Recipient”). MIPS shall make the Evaluation Software available to Recipient as described in accordance with the terms and conditions set forth below.
2025-09-22T19:45:57.0352906Z 
2025-09-22T19:45:57.0354595Z By clicking on the “Accept” button, downloading, installing, or otherwise using the Evaluation Materials (defined below), you agree to be bound by the terms of this Agreement effective as of the date you click “Accept” (the “Effective Date”), and if doing so on behalf of an entity, you represent that you are authorized to bind the entity to the terms and conditions of this Agreement. If you do not agree to be bound by the terms and conditions of this Agreement, do not download, install, or use the Evaluation Materials.
2025-09-22T19:45:57.0356160Z 
2025-09-22T19:45:57.0356311Z 1. DEFINITIONS. These terms shall have the following meanings:
2025-09-22T19:45:57.0356551Z 
2025-09-22T19:45:57.0357063Z 1.1 “MIPS” shall mean MIPS Technologies, Inc., a Delaware corporation having a principal place of business at: 955 East Arques Ave., Sunnyvale, CA 94085
2025-09-22T19:45:57.0357541Z 
2025-09-22T19:45:57.0358047Z 1.2 “Evaluation Software” shall mean MIPS Android™ emulator system images for Android Software Development Kit (SDK), as made available to Recipient.
2025-09-22T19:45:57.0358540Z 
2025-09-22T19:45:57.0359612Z 1.3 “Evaluation Materials" means, collectively, the Evaluation Software (in source and/or object code form) and documentation (including, without limitation, any design documents, specifications, reference manuals, and other related materials) related to the Evaluation Software as made available to Recipient.
2025-09-22T19:45:57.0360587Z 
2025-09-22T19:45:57.0363947Z 1.4 “Open Source Software” means any software that requires (as a condition of use, modification and/or distribution of such software) that such software or other software incorporated into, derived from or distributed with such software (a) be disclosed or distributed in source code form; or (b) be licensed by the user to third parties for the purpose of making and/or distributing derivative works; or (c) be redistributable at no charge. Open Source Software includes, without limitation, software licensed or distributed under any of the following licenses or distribution models, or licenses or distribution models substantially similar to any of the following: (a) GNU’s General Public License (GPL) or Lesser/Library GPL (LGPL), (b) the Artistic License (e.g., PERL), (c) the Mozilla Public License, (d) the Netscape Public License, (e) the Sun Community Source License (SCSL), (f) the Sun Industry Source License (SISL), (g) the Apache Software license and (h) the Common Public License (CPL).
2025-09-22T19:45:57.0368990Z 
2025-09-22T19:45:57.0370631Z 1.5 “Pre-Release Materials” means “alpha” or “beta” designated pre-release features, which may not be fully functional, which MIPS may substantially modify in producing any production version of the Evaluation Materials, and/or which is still under development by MIPS and/or MIPS’ suppliers.
2025-09-22T19:45:57.0371577Z 
2025-09-22T19:45:57.0374224Z 2. PURPOSE. MIPS desires to make the Evaluation Materials available to Recipient solely for Recipient's internal evaluation of the Evaluation Software to evaluate the desirability of cooperating with MIPS in developing products that are compatible with the Evaluation Software and/or to advise MIPS as to possible modifications to the Evaluation Software. Recipient may not disclose, distribute, modify (except to facilitate the above-mentioned internal evaluation), or make commercial use of the Evaluation Materials or any modifications of the Evaluation Materials.
2025-09-22T19:45:57.0377236Z 
2025-09-22T19:45:57.0378556Z THE EVALUATION MATERIALS ARE PROVIDED FOR EVALUATION PURPOSES ONLY AND MAY NOT BE MODIFIED (EXCEPT TO FACILITATE THE INTERNAL EVALUATION) OR DISTRIBUTED BY RECIPIENT OR INCORPORATED INTO RECIPIENT’S PRODUCTS OR SOFTWARE. PLEASE CONTACT A MIPS SALES REPRESENTATIVE TO LEARN ABOUT THE AVAILABILITY AND COST OF A COMMERCIAL VERSION OF THE EVALUATION SOFTWARE.
2025-09-22T19:45:57.0379681Z 
2025-09-22T19:45:57.0380474Z 3. TITLE. Title to the Evaluation Materials remains with MIPS or its suppliers. Recipient shall not mortgage, pledge or encumber the Evaluation Materials in any way. Recipient shall return all Evaluation Materials, keeping no copies, upon termination or expiration of this Agreement.
2025-09-22T19:45:57.0381342Z 
2025-09-22T19:45:57.0384641Z 4. LICENSE. MIPS grants Recipient a royalty-free, personal, nontransferable, nonexclusive license under its copyrights to use the Evaluation Software only for the purposes described in paragraph 2 above and only for a period beginning on the Effective Date and extending to the first anniversary of the Effective Date (the “Evaluation Period”). Unless otherwise communicated in writing by MIPS to Recipient, to the extent the Evaluation Software is provided in more than one delivery or release (each, a “Release”) the license grant in this Section 4 and the Evaluation Period shall apply to each Release, in which case the Evaluation Period shall begin on the date that the Release is made generally available and continue to the first anniversary of such date. Recipient may not make modifications to the Evaluation Software. Recipient shall not disassemble, reverse-engineer, or decompile any software that is not provided to Recipient in source code form.
2025-09-22T19:45:57.0387811Z 
2025-09-22T19:45:57.0387817Z 
2025-09-22T19:45:57.0388748Z EXCEPT AS PROVIDED HEREIN, NO OTHER LICENSE, EXPRESS OR IMPLIED, BY ESTOPPEL OR OTHERWISE, TO ANY OTHER MIPS INTELLECTUAL PROPERTY RIGHTS IS GRANTED TO THE RECIPIENT. OTHER THAN AS EXPLICITLY SET FORTH IN PARAGRAPH 2 ABOVE, NO RIGHT TO COPY, TO REPRODUCE, TO MODIFY, OR TO CREATE DERIVATIVE WORKS OF, THE EVALUATION MATERIALS IS GRANTED HEREIN.
2025-09-22T19:45:57.0389756Z 
2025-09-22T19:45:57.0390457Z 5. NO OBLIGATION. Recipient shall have no duty to purchase or license any product from MIPS. MIPS and its suppliers shall have no obligation to provide support for, or develop a non-evaluation version of, the Evaluation Software or to license any version of it.
2025-09-22T19:45:57.0391474Z 
2025-09-22T19:45:57.0395417Z 6. MODIFICATIONS. This Agreement does not obligate Recipient to provide MIPS with comments or suggestions regarding Evaluation Materials. However, should Recipient provide MIPS with comments or suggestions for the modification, correction, improvement or enhancement of (a) the Evaluation Materials or (b) MIPS products or processes which may embody the Evaluation Materials, then Recipient agrees to grant and hereby grants to MIPS a non-exclusive, irrevocable, worldwide, fully paid-up, royalty-free license, with the right to sublicense MIPS’ licensees and customers, under Recipient’s Intellectual property rights, to use and disclose such comments and suggestions in any manner MIPS chooses and to display, perform, copy, make, have made, use, sell, offer to sell, import, and otherwise dispose of MIPS’ and its sublicensee’s products embodying such comments and suggestions in any manner and via any media MIPS chooses, without reference to the source.
2025-09-22T19:45:57.0399338Z 
2025-09-22T19:45:57.0401056Z 7. WARRANTY DISCLAIMER. MIPS AND ITS SUPPLIERS MAKE NO WARRANTIES WITH RESPECT TO EVALUATION MATERIALS, EITHER EXPRESS OR IMPLIED, INCLUDING ANY IMPLIED WARRANTIES OF MERCHANTABILITY OR FITNESS FOR A PARTICULAR PURPOSE, OR ANY IMPLIED WARRANTY OF NONINFRINGEMENT WITH RESPECT TO THIRD PARTY INTELLECTUAL PROPERTY. RECIPIENT ACKNOWLEDGES AND AGREES THAT THE EVALUATION MATERIALS ARE PROVIDED “AS IS,” WITHOUT WARRANTY OF ANY KIND.
2025-09-22T19:45:57.0402418Z 
2025-09-22T19:45:57.0404062Z 8. LIMITATION OF LIABILITY. MIPS AND ITS SUPPLIERS SHALL NOT BE LIABLE FOR ANY PROPERTY DAMAGE, PERSONAL INJURY, LOSS OF PROFITS, INTERRUPTION OF BUSINESS OR FOR ANY DIRECT, INDIRECT, SPECIAL, CONSEQUENTIAL OR INCIDENTAL DAMAGES, HOWEVER CAUSED OR ALLEGED, WHETHER FOR BREACH OF WARRANTY, CONTRACT, STRICT LIABILITY OR OTHERWISE, INCLUDING WITHOUT LIMITATION, UNDER TORT OR OTHER LEGAL THEORY. MIPS AND ITS SUPPLIERS DISCLAIM ANY AND ALL LIABILITY, INCLUDING LIABILITY FOR INFRINGEMENT OF ANY INTELLECTUAL PROPERTY RIGHTS OF ANY KIND RELATING TO THE EVALUATION MATERIALS.
2025-09-22T19:45:57.0405983Z 
2025-09-22T19:45:57.0406643Z 9. EXPIRATION. MIPS may terminate this Agreement immediately after a breach by Recipient or otherwise at MIPS’ reasonable discretion and upon five (5) business days’ notice to Recipient.
2025-09-22T19:45:57.0407247Z 
2025-09-22T19:45:57.0407316Z 10. GENERAL.
2025-09-22T19:45:57.0407418Z 
2025-09-22T19:45:57.0410316Z 10.1 Controlling Law. This Agreement shall be governed by California law excluding its choice of law rules. With the exception of MIPS’ rights to enforce its intellectual property rights and any confidentiality obligations under this Agreement or any licenses distributed with the Evaluation Materials, all disputes and any claims arising under or relating to this Agreement shall be subject to the exclusive jurisdiction and venue of the state and federal courts located in Santa Clara County, California. Each party hereby agrees to jurisdiction and venue in the courts set forth in the preceding sentence. The parties agree that the United Nations Convention on Contracts for the International Sale of Goods is specifically excluded from application to this Agreement. The parties consent to the personal jurisdiction of the above courts.
2025-09-22T19:45:57.0412819Z 
2025-09-22T19:45:57.0414202Z 10.2 Remedies. Recipient acknowledges and agrees that any breach of confidentiality obligations under this Agreement or any licenses distributed with the Evaluation Materials, as well as any disclosure, commercialization, or public use of the Evaluation Materials, would cause irreparable injury to MIPS, and therefore Recipient agrees to consent to, and hereby consents to, the grant of an injunction by any court of competent jurisdiction in the event of an actual or threatened breach.
2025-09-22T19:45:57.0416138Z 
2025-09-22T19:45:57.0417938Z 10.3 Assignment. Recipient may not delegate, assign or transfer this Agreement, the license granted or any of Recipient’s rights, obligations, or duties hereunder, expressly, by implication, by operation of law, by way of merger (regardless of whether Recipient is the surviving entity) or acquisition, or otherwise and any attempt to do so, without MIPS’ express prior written consent, shall be ineffective, null and void. MIPS may freely assign this Agreement, and its rights and obligations hereunder, in its sole discretion.
2025-09-22T19:45:57.0419643Z 
2025-09-22T19:45:57.0420954Z 10.4 Entire Agreement. This Agreement constitutes the entire agreement between Recipient and MIPS and supersedes in their entirety any and all oral or written agreements previously existing between Recipient and MIPS with respect to the subject matter hereof. This Agreement may only be amended or supplemented by a writing that refers explicitly to this Agreement and that is signed or otherwise accepted by duly authorized representatives of Recipient and MIPS.
2025-09-22T19:45:57.0422350Z 
2025-09-22T19:45:57.0423730Z 10.5 Severability. In the event that any provision of this Agreement is finally adjudicated to be unenforceable or invalid under any applicable law, such unenforceability or invalidity shall not render this Agreement unenforceable or invalid as a whole, and, in such event, such unenforceable or invalid provision shall be interpreted so as to best accomplish the objectives of such provision within the limits of applicable law or applicable court decisions.
2025-09-22T19:45:57.0425102Z 
2025-09-22T19:45:57.0429432Z 10.6 Export Regulations / Export Control. Recipient shall not export, either directly or indirectly, any product, service or technical data or system incorporating the Evaluation Materials without first obtaining any required license or other necessary approval from the U.S. Department of Commerce or any other governing agency or department of the United States Government. In the event any product is exported from the United States or re-exported from a foreign destination by Recipient, Recipient shall ensure that the distribution and export/re-export or import of the product is in compliance with all applicable laws, regulations, orders, or other restrictions of the U.S. Export Administration Regulations and the appropriate foreign government. Recipient agrees that neither it nor any of its subsidiaries will export/re-export any technical data, process, product, or service, directly or indirectly, to any country for which the United States government or any agency thereof or the foreign government from where it is shipping requires an export license, or other governmental approval, without first obtaining such license or approval. Recipient also agrees to implement measures to ensure that foreign national employees are authorized to receive any information controlled by U.S. export control laws. An export is "deemed" to take place when information is released to a foreign national wherever located.
2025-09-22T19:45:57.0433955Z 
2025-09-22T19:45:57.0438917Z 10.7 Special Terms for Pre-Release Materials. If so indicated in the description of the Evaluation Software, the Evaluation Software may contain Pre-Release Materials. Recipient hereby understands, acknowledges and agrees that: (i) Pre-Release Materials may not be fully tested and may contain bugs or errors; (ii) Pre-Release materials are not suitable for commercial release in their current state; (iii) regulatory approvals for Pre-Release Materials (such as UL or FCC) have not been obtained, and Pre-Release Materials may therefore not be certified for use in certain countries or environments or may not be suitable for certain applications and (iv) MIPS can provide no assurance that it will ever produce or make generally available a production version of the Pre-Release Materials . MIPS is not under any obligation to develop and/or release or offer for sale or license a final product based upon the Pre-Release Materials and may unilaterally elect to abandon the Pre-Release Materials or any such development platform at any time and without any obligation or liability whatsoever to Recipient or any other person.
2025-09-22T19:45:57.0443026Z 
2025-09-22T19:45:57.0443677Z ANY PRE-RELEASE MATERIALS ARE NON-QUALIFIED AND, AS SUCH, ARE PROVIDED “AS IS” AND “AS AVAILABLE”, POSSIBLY WITH FAULTS, AND WITHOUT REPRESENTATION OR WARRANTY OF ANY KIND.
2025-09-22T19:45:57.0444405Z 
2025-09-22T19:45:57.0446446Z 10.8 Open Source Software. In the event Open Source software is included with Evaluation Software, such Open Source software is licensed pursuant to the applicable Open Source software license agreement identified in the Open Source software comments in the applicable source code file(s) and/or file header as indicated in the Evaluation Software. Additional detail may be available (where applicable) in the accompanying on-line documentation. With respect to the Open Source software, nothing in this Agreement limits any rights under, or grants rights that supersede, the terms of any applicable Open Source software license agreement.
2025-09-22T19:45:57.0448432Z ---------------------------------------
2025-09-22T19:45:57.0448740Z Accept? (y/N): All SDK package licenses accepted
2025-09-22T19:45:57.0448932Z 
2025-09-22T19:45:57.0449127Z [command]/usr/local/lib/android/sdk/cmdline-tools/16.0/bin/sdkmanager tools
2025-09-22T19:45:57.7261380Z Loading package information...                                                  
2025-09-22T19:45:57.8196457Z Loading local repository...                                                     
2025-09-22T19:45:57.8199680Z [                                       ] 3% Loading local repository...        
2025-09-22T19:45:57.8287291Z [                                       ] 3% Fetch remote repository...         
2025-09-22T19:45:58.1203389Z [=                                      ] 3% Fetch remote repository...         
2025-09-22T19:45:58.2542142Z [=                                      ] 4% Fetch remote repository...         
2025-09-22T19:45:58.2983251Z [=                                      ] 5% Fetch remote repository...         
2025-09-22T19:45:58.3413380Z [==                                     ] 5% Fetch remote repository...         
2025-09-22T19:45:58.4080808Z [==                                     ] 6% Fetch remote repository...         
2025-09-22T19:45:58.4860126Z [==                                     ] 7% Fetch remote repository...         
2025-09-22T19:45:58.4861170Z [==                                     ] 7% Computing updates...               
2025-09-22T19:45:58.4995251Z [===                                    ] 8% Computing updates...               
2025-09-22T19:45:58.5174101Z [===                                    ] 10% Computing updates...              
2025-09-22T19:45:58.9791868Z [===                                    ] 10% Installing Android Emulator       
2025-09-22T19:45:59.1006827Z [===                                    ] 10% Downloading emulator-linux_x64-138
2025-09-22T19:45:59.2652117Z [====                                   ] 10% Downloading emulator-linux_x64-138
2025-09-22T19:45:59.4784604Z [====                                   ] 11% Downloading emulator-linux_x64-138
2025-09-22T19:45:59.7036160Z [====                                   ] 12% Downloading emulator-linux_x64-138
2025-09-22T19:45:59.9099880Z [=====                                  ] 13% Downloading emulator-linux_x64-138
2025-09-22T19:46:00.1067547Z [=====                                  ] 14% Downloading emulator-linux_x64-138
2025-09-22T19:46:00.2526436Z [=====                                  ] 15% Downloading emulator-linux_x64-138
2025-09-22T19:46:00.3468495Z [======                                 ] 15% Downloading emulator-linux_x64-138
2025-09-22T19:46:00.5516079Z [======                                 ] 16% Downloading emulator-linux_x64-138
2025-09-22T19:46:00.7901394Z [======                                 ] 17% Downloading emulator-linux_x64-138
2025-09-22T19:46:00.9956825Z [=======                                ] 18% Downloading emulator-linux_x64-138
2025-09-22T19:46:01.2122164Z [=======                                ] 19% Downloading emulator-linux_x64-138
2025-09-22T19:46:01.3310210Z [=======                                ] 20% Downloading emulator-linux_x64-138
2025-09-22T19:46:01.4709847Z [========                               ] 20% Downloading emulator-linux_x64-138
2025-09-22T19:46:01.5997710Z [========                               ] 21% Downloading emulator-linux_x64-138
2025-09-22T19:46:01.6833207Z [========                               ] 21% Unzipping...                      
2025-09-22T19:46:01.6835077Z [========                               ] 21% Unzipping... emulator/            
2025-09-22T19:46:01.6848865Z [========                               ] 21% Unzipping... emulator/LICENSE     
2025-09-22T19:46:01.6850157Z [========                               ] 21% Unzipping... emulator/qemu/       
2025-09-22T19:46:01.6896304Z [========                               ] 21% Unzipping... emulator/NOTICE.txt  
2025-09-22T19:46:01.6897188Z [========                               ] 21% Unzipping... emulator/android-info
2025-09-22T19:46:01.6897746Z [========                               ] 21% Unzipping... emulator/include/    
2025-09-22T19:46:01.6916291Z [========                               ] 21% Unzipping... emulator/resources/  
2025-09-22T19:46:01.7185227Z [========                               ] 21% Unzipping... emulator/emulator    
2025-09-22T19:46:01.7942748Z [========                               ] 21% Unzipping... emulator/nimble_bridg
2025-09-22T19:46:01.7943349Z [========                               ] 21% Unzipping... emulator/lib/        
2025-09-22T19:46:01.7943872Z [========                               ] 21% Unzipping... emulator/bin64/      
2025-09-22T19:46:01.7944922Z [========                               ] 21% Unzipping... emulator/lib64/      
2025-09-22T19:46:01.8216273Z [========                               ] 21% Unzipping... emulator/emulator-che
2025-09-22T19:46:01.8446052Z [========                               ] 21% Unzipping... emulator/crashreport 
2025-09-22T19:46:01.8464057Z [========                               ] 21% Unzipping... emulator/crashpad_han
2025-09-22T19:46:01.8605057Z [========                               ] 22% Unzipping... emulator/crashpad_han
2025-09-22T19:46:01.8822161Z [========                               ] 22% Unzipping... emulator/qsn         
2025-09-22T19:46:01.8826769Z [========                               ] 22% Unzipping... emulator/mksdcard    
2025-09-22T19:46:01.8831844Z [========                               ] 22% Unzipping... emulator/NOTICE.csv  
2025-09-22T19:46:02.0118570Z [========                               ] 22% Unzipping... emulator/netsimd     
2025-09-22T19:46:02.0121373Z [========                               ] 22% Unzipping... emulator/source.prope
2025-09-22T19:46:02.0212014Z [========                               ] 22% Unzipping... emulator/qemu-img    
2025-09-22T19:46:02.1906293Z [========                               ] 22% Unzipping... emulator/qemu/linux-x
2025-09-22T19:46:02.5043317Z [=========                              ] 23% Unzipping... emulator/qemu/linux-x
2025-09-22T19:46:02.8640459Z [=========                              ] 24% Unzipping... emulator/qemu/linux-x
2025-09-22T19:46:03.0430678Z [=========                              ] 25% Unzipping... emulator/qemu/linux-x
2025-09-22T19:46:03.0706147Z [==========                             ] 25% Unzipping... emulator/qemu/linux-x
2025-09-22T19:46:03.0792673Z [==========                             ] 25% Unzipping... emulator/include/flat
2025-09-22T19:46:03.1176416Z [==========                             ] 25% Unzipping... emulator/resources/To
2025-09-22T19:46:03.1177128Z [==========                             ] 25% Unzipping... emulator/resources/ma
2025-09-22T19:46:03.1188436Z [==========                             ] 25% Unzipping... emulator/resources/po
2025-09-22T19:46:03.1189060Z [==========                             ] 25% Unzipping... emulator/resources/ma
2025-09-22T19:46:03.1191733Z [==========                             ] 25% Unzipping... emulator/resources/To
2025-09-22T19:46:03.1297905Z [==========                             ] 25% Unzipping... emulator/resources/ma
2025-09-22T19:46:03.1304563Z [==========                             ] 25% Unzipping... emulator/lib/emulated
2025-09-22T19:46:03.1326176Z [==========                             ] 25% Unzipping... emulator/lib/ca-bundl
2025-09-22T19:46:03.1330177Z [==========                             ] 25% Unzipping... emulator/lib/grpc_end
2025-09-22T19:46:03.1335872Z [==========                             ] 25% Unzipping... emulator/lib/emulator
2025-09-22T19:46:03.1340362Z [==========                             ] 25% Unzipping... emulator/lib/emu-orig
2025-09-22T19:46:03.1471280Z [==========                             ] 25% Unzipping... emulator/lib/libflatb
2025-09-22T19:46:03.1659084Z [==========                             ] 26% Unzipping... emulator/lib/libflatb
2025-09-22T19:46:03.1665495Z [==========                             ] 26% Unzipping... emulator/lib/rtc_serv
2025-09-22T19:46:03.1666343Z [==========                             ] 26% Unzipping... emulator/lib/waterfal
2025-09-22T19:46:03.1668223Z [==========                             ] 26% Unzipping... emulator/lib/emulator
2025-09-22T19:46:03.1669676Z [==========                             ] 26% Unzipping... emulator/lib/pkgconfi
2025-09-22T19:46:03.1672633Z [==========                             ] 26% Unzipping... emulator/lib/snapshot
2025-09-22T19:46:03.1680504Z [==========                             ] 26% Unzipping... emulator/lib/hostapd.
2025-09-22T19:46:03.1684828Z [==========                             ] 26% Unzipping... emulator/lib/advanced
2025-09-22T19:46:03.1686823Z [==========                             ] 26% Unzipping... emulator/lib/pc-bios/
2025-09-22T19:46:03.1689281Z [==========                             ] 26% Unzipping... emulator/lib/ui_contr
2025-09-22T19:46:03.1692967Z [==========                             ] 26% Unzipping... emulator/lib/control_
2025-09-22T19:46:03.1694960Z [==========                             ] 26% Unzipping... emulator/lib/cmake/  
2025-09-22T19:46:03.1698082Z [==========                             ] 26% Unzipping... emulator/lib/emulator
2025-09-22T19:46:03.1701514Z [==========                             ] 26% Unzipping... emulator/lib/hardware
2025-09-22T19:46:03.1704290Z [==========                             ] 26% Unzipping... emulator/lib/adb_serv
2025-09-22T19:46:03.1707498Z [==========                             ] 26% Unzipping... emulator/lib/ice_conf
2025-09-22T19:46:03.1712437Z [==========                             ] 26% Unzipping... emulator/lib/snapshot
2025-09-22T19:46:03.1713021Z [==========                             ] 26% Unzipping... emulator/lib/rtc_serv
2025-09-22T19:46:03.1716816Z [==========                             ] 26% Unzipping... emulator/lib/pkgconfi
2025-09-22T19:46:03.1906916Z [==========                             ] 26% Unzipping... emulator/lib/pc-bios/
2025-09-22T19:46:03.1919600Z [==========                             ] 26% Unzipping... emulator/lib/cmake/fl
2025-09-22T19:46:03.1950782Z [==========                             ] 26% Unzipping... emulator/bin64/mkfs.e
2025-09-22T19:46:03.1967692Z [==========                             ] 26% Unzipping... emulator/bin64/resize
2025-09-22T19:46:03.2011361Z [==========                             ] 26% Unzipping... emulator/bin64/fsck.e
2025-09-22T19:46:03.2050604Z [==========                             ] 26% Unzipping... emulator/bin64/e2fsck
2025-09-22T19:46:03.2070960Z [==========                             ] 26% Unzipping... emulator/bin64/tune2f
2025-09-22T19:46:03.2116360Z [==========                             ] 26% Unzipping... emulator/lib64/libabs
2025-09-22T19:46:03.2123925Z [==========                             ] 26% Unzipping... emulator/lib64/liband
2025-09-22T19:46:03.2124662Z [==========                             ] 26% Unzipping... emulator/lib64/qt/   
2025-09-22T19:46:03.2825414Z [==========                             ] 26% Unzipping... emulator/lib64/libgfx
2025-09-22T19:46:03.2951363Z [==========                             ] 26% Unzipping... emulator/lib64/libpro
2025-09-22T19:46:03.3013334Z [==========                             ] 26% Unzipping... emulator/lib64/libc++
2025-09-22T19:46:03.3021660Z [==========                             ] 26% Unzipping... emulator/lib64/libdrm
2025-09-22T19:46:03.3215004Z [==========                             ] 26% Unzipping... emulator/lib64/liband
2025-09-22T19:46:03.3216167Z [==========                             ] 26% Unzipping... emulator/lib64/vulkan
2025-09-22T19:46:03.3324854Z [==========                             ] 26% Unzipping... emulator/lib64/liband
2025-09-22T19:46:03.3397014Z [==========                             ] 26% Unzipping... emulator/lib64/libgli
2025-09-22T19:46:03.3399752Z [==========                             ] 26% Unzipping... emulator/lib64/libima
2025-09-22T19:46:03.3400349Z [==========                             ] 26% Unzipping... emulator/lib64/gles_m
2025-09-22T19:46:03.3461657Z [==========                             ] 26% Unzipping... emulator/lib64/libc++
2025-09-22T19:46:03.3514516Z [==========                             ] 26% Unzipping... emulator/lib64/libzst
2025-09-22T19:46:03.3519567Z [==========                             ] 26% Unzipping... emulator/lib64/libemu
2025-09-22T19:46:03.3525003Z [==========                             ] 26% Unzipping... emulator/lib64/liband
2025-09-22T19:46:03.3525457Z [==========                             ] 26% Unzipping... emulator/lib64/gles_s
2025-09-22T19:46:03.3543131Z [==========                             ] 26% Unzipping... emulator/lib64/libtcm
2025-09-22T19:46:03.3614808Z [==========                             ] 26% Unzipping... emulator/lib64/libsha
2025-09-22T19:46:03.4998405Z [==========                             ] 26% Unzipping... emulator/lib64/liband
2025-09-22T19:46:03.4999346Z [==========                             ] 26% Unzipping... emulator/lib64/gles_a
2025-09-22T19:46:03.5136952Z [==========                             ] 26% Unzipping... emulator/lib64/libpro
2025-09-22T19:46:03.5407674Z [==========                             ] 26% Unzipping... emulator/lib64/liband
2025-09-22T19:46:03.5408245Z [==========                             ] 26% Unzipping... emulator/lib64/qt/res
2025-09-22T19:46:03.5410373Z [==========                             ] 26% Unzipping... emulator/lib64/qt/tra
2025-09-22T19:46:03.5410984Z [==========                             ] 26% Unzipping... emulator/lib64/qt/lib
2025-09-22T19:46:03.5412278Z [==========                             ] 26% Unzipping... emulator/lib64/qt/plu
2025-09-22T19:46:03.5424179Z [==========                             ] 26% Unzipping... emulator/lib64/qt/res
2025-09-22T19:46:03.6181899Z [==========                             ] 27% Unzipping... emulator/lib64/qt/res
2025-09-22T19:46:03.7344973Z [==========                             ] 27% Unzipping... emulator/lib64/qt/tra
2025-09-22T19:46:03.8235972Z [==========                             ] 27% Unzipping... emulator/lib64/qt/lib
2025-09-22T19:46:04.1714170Z [===========                            ] 28% Unzipping... emulator/lib64/qt/lib
2025-09-22T19:46:04.5385037Z [===========                            ] 29% Unzipping... emulator/lib64/qt/lib
2025-09-22T19:46:04.7269769Z [===========                            ] 30% Unzipping... emulator/lib64/qt/lib
2025-09-22T19:46:04.8107509Z [============                           ] 30% Unzipping... emulator/lib64/qt/lib
2025-09-22T19:46:04.9327941Z [============                           ] 31% Unzipping... emulator/lib64/qt/lib
2025-09-22T19:46:04.9444797Z [============                           ] 31% Unzipping... emulator/lib64/qt/plu
2025-09-22T19:46:05.1882944Z [============                           ] 31% Unzipping... emulator/lib64/vulkan
2025-09-22T19:46:05.2737436Z [============                           ] 32% Unzipping... emulator/lib64/vulkan
2025-09-22T19:46:05.4620234Z [============                           ] 32% Unzipping... emulator/lib64/gles_m
2025-09-22T19:46:05.5302269Z [============                           ] 32% Unzipping... emulator/lib64/gles_s
2025-09-22T19:46:05.5882879Z [============                           ] 32% Unzipping... emulator/lib64/gles_a
2025-09-22T19:46:05.6541112Z [=============                          ] 33% Unzipping... emulator/lib64/gles_a
2025-09-22T19:46:06.2528998Z [=====================                  ] 55% Unzipping... emulator/lib64/gles_a
2025-09-22T19:46:06.4039360Z [=====================                  ] 55% Installing Android SDK Tools emula
2025-09-22T19:46:06.4168046Z [=====================                  ] 55% Downloading sdk-tools-linux-433379
2025-09-22T19:46:06.4675825Z [======================                 ] 55% Downloading sdk-tools-linux-433379
2025-09-22T19:46:06.5720813Z [======================                 ] 56% Downloading sdk-tools-linux-433379
2025-09-22T19:46:06.6985802Z [======================                 ] 57% Downloading sdk-tools-linux-433379
2025-09-22T19:46:06.7910394Z [=======================                ] 58% Downloading sdk-tools-linux-433379
2025-09-22T19:46:06.8788760Z [=======================                ] 59% Downloading sdk-tools-linux-433379
2025-09-22T19:46:06.9345202Z [=======================                ] 60% Downloading sdk-tools-linux-433379
2025-09-22T19:46:06.9741491Z [========================               ] 60% Downloading sdk-tools-linux-433379
2025-09-22T19:46:07.0641862Z [========================               ] 61% Downloading sdk-tools-linux-433379
2025-09-22T19:46:07.1684650Z [========================               ] 62% Downloading sdk-tools-linux-433379
2025-09-22T19:46:07.2739652Z [=========================              ] 63% Downloading sdk-tools-linux-433379
2025-09-22T19:46:07.3822466Z [=========================              ] 64% Downloading sdk-tools-linux-433379
2025-09-22T19:46:07.4282790Z [=========================              ] 65% Downloading sdk-tools-linux-433379
2025-09-22T19:46:07.4848075Z [==========================             ] 65% Downloading sdk-tools-linux-433379
2025-09-22T19:46:07.5500258Z [==========================             ] 66% Downloading sdk-tools-linux-433379
2025-09-22T19:46:07.6008688Z [==========================             ] 66% Unzipping... emulator/lib64/gles_a
2025-09-22T19:46:07.6009554Z [==========================             ] 66% Unzipping... tools/               
2025-09-22T19:46:07.6011043Z [==========================             ] 66% Unzipping... tools/proguard/      
2025-09-22T19:46:07.6013815Z [==========================             ] 66% Unzipping... tools/proguard/licens
2025-09-22T19:46:07.6015436Z [==========================             ] 66% Unzipping... tools/proguard/lib/  
2025-09-22T19:46:07.6052447Z [==========================             ] 66% Unzipping... tools/proguard/lib/pr
2025-09-22T19:46:07.6054998Z [==========================             ] 66% Unzipping... tools/proguard/lib/re
2025-09-22T19:46:07.6064225Z [==========================             ] 66% Unzipping... tools/proguard/lib/pr
2025-09-22T19:46:07.6065943Z [==========================             ] 66% Unzipping... tools/proguard/ant/  
2025-09-22T19:46:07.6067514Z [==========================             ] 66% Unzipping... tools/proguard/ant/ta
2025-09-22T19:46:07.6069023Z [==========================             ] 66% Unzipping... tools/proguard/docs/ 
2025-09-22T19:46:07.6070776Z [==========================             ] 66% Unzipping... tools/proguard/docs/f
2025-09-22T19:46:07.6077800Z [==========================             ] 66% Unzipping... tools/proguard/docs/s
2025-09-22T19:46:07.6079908Z [==========================             ] 66% Unzipping... tools/proguard/docs/d
2025-09-22T19:46:07.6083539Z [==========================             ] 66% Unzipping... tools/proguard/docs/s
2025-09-22T19:46:07.6086824Z [==========================             ] 66% Unzipping... tools/proguard/docs/F
2025-09-22T19:46:07.6090904Z [==========================             ] 66% Unzipping... tools/proguard/docs/s
2025-09-22T19:46:07.6092937Z [==========================             ] 66% Unzipping... tools/proguard/docs/l
2025-09-22T19:46:07.6096891Z [==========================             ] 66% Unzipping... tools/proguard/docs/s
2025-09-22T19:46:07.6100656Z [==========================             ] 66% Unzipping... tools/proguard/docs/d
2025-09-22T19:46:07.6106558Z [==========================             ] 66% Unzipping... tools/proguard/docs/s
2025-09-22T19:46:07.6109347Z [==========================             ] 66% Unzipping... tools/proguard/docs/r
2025-09-22T19:46:07.6111972Z [==========================             ] 66% Unzipping... tools/proguard/docs/d
2025-09-22T19:46:07.6113894Z [==========================             ] 66% Unzipping... tools/proguard/docs/t
2025-09-22T19:46:07.6116392Z [==========================             ] 66% Unzipping... tools/proguard/docs/f
2025-09-22T19:46:07.6127296Z [==========================             ] 66% Unzipping... tools/proguard/docs/s
2025-09-22T19:46:07.6128108Z [==========================             ] 66% Unzipping... tools/proguard/docs/t
2025-09-22T19:46:07.6135912Z [==========================             ] 66% Unzipping... tools/proguard/docs/i
2025-09-22T19:46:07.6138268Z [==========================             ] 66% Unzipping... tools/proguard/docs/s
2025-09-22T19:46:07.6139239Z [==========================             ] 66% Unzipping... tools/proguard/docs/m
2025-09-22T19:46:07.6139989Z [==========================             ] 66% Unzipping... tools/proguard/docs/s
2025-09-22T19:46:07.6140569Z [==========================             ] 66% Unzipping... tools/proguard/docs/q
2025-09-22T19:46:07.6141224Z [==========================             ] 66% Unzipping... tools/proguard/docs/G
2025-09-22T19:46:07.6143077Z [==========================             ] 66% Unzipping... tools/proguard/docs/t
2025-09-22T19:46:07.6154880Z [==========================             ] 66% Unzipping... tools/proguard/docs/s
2025-09-22T19:46:07.6194724Z [==========================             ] 66% Unzipping... tools/proguard/docs/m
2025-09-22T19:46:07.6196831Z [==========================             ] 66% Unzipping... tools/proguard/docs/s
2025-09-22T19:46:07.6198902Z [==========================             ] 66% Unzipping... tools/proguard/docs/G
2025-09-22T19:46:07.6200944Z [==========================             ] 66% Unzipping... tools/proguard/docs/c
2025-09-22T19:46:07.6205306Z [==========================             ] 66% Unzipping... tools/proguard/docs/a
2025-09-22T19:46:07.6213252Z [==========================             ] 66% Unzipping... tools/proguard/docs/s
2025-09-22T19:46:07.6215219Z [==========================             ] 66% Unzipping... tools/proguard/docs/d
2025-09-22T19:46:07.6279651Z [==========================             ] 66% Unzipping... tools/proguard/exampl
2025-09-22T19:46:07.6280333Z [==========================             ] 66% Unzipping... tools/proguard/bin/  
2025-09-22T19:46:07.6284597Z [==========================             ] 66% Unzipping... tools/proguard/bin/pr
2025-09-22T19:46:07.6287161Z [==========================             ] 66% Unzipping... tools/proguard/bin/re
2025-09-22T19:46:07.6289146Z [==========================             ] 66% Unzipping... tools/proguard/README
2025-09-22T19:46:07.6293772Z [==========================             ] 66% Unzipping... tools/proguard/progua
2025-09-22T19:46:07.6294510Z [==========================             ] 66% Unzipping... tools/lib/           
2025-09-22T19:46:07.6329148Z [==========================             ] 66% Unzipping... tools/lib/bcpkix-jdk1
2025-09-22T19:46:07.6336249Z [==========================             ] 66% Unzipping... tools/lib/org-eclipse
2025-09-22T19:46:07.6345389Z [==========================             ] 66% Unzipping... tools/lib/manifest-me
2025-09-22T19:46:07.6350875Z [==========================             ] 66% Unzipping... tools/lib/jcommander-
2025-09-22T19:46:07.6363977Z [==========================             ] 66% Unzipping... tools/lib/gson-2.3.ja
2025-09-22T19:46:07.6365552Z [==========================             ] 66% Unzipping... tools/lib/ddms-26.0.0
2025-09-22T19:46:07.6369142Z [==========================             ] 66% Unzipping... tools/lib/asm-tree-5.
2025-09-22T19:46:07.6413887Z [==========================             ] 66% Unzipping... tools/lib/uast-26.0.0
2025-09-22T19:46:07.6422590Z [==========================             ] 66% Unzipping... tools/lib/dexlib2-2.2
2025-09-22T19:46:07.6461212Z [==========================             ] 67% Unzipping... tools/lib/dexlib2-2.2
2025-09-22T19:46:07.6463595Z [==========================             ] 67% Unzipping... tools/lib/android.el 
2025-09-22T19:46:07.6468913Z [==========================             ] 67% Unzipping... tools/lib/apkanalyzer
2025-09-22T19:46:07.6590405Z [==========================             ] 67% Unzipping... tools/lib/guava-22.0.
2025-09-22T19:46:07.6619158Z [==========================             ] 67% Unzipping... tools/lib/lint-api-26
2025-09-22T19:46:07.6627807Z [==========================             ] 67% Unzipping... tools/lib/baksmali-2.
2025-09-22T19:46:07.6634075Z [==========================             ] 67% Unzipping... tools/lib/shared.jar 
2025-09-22T19:46:07.6636048Z [==========================             ] 67% Unzipping... tools/lib/jsr305-1.3.
2025-09-22T19:46:07.6659909Z [==========================             ] 67% Unzipping... tools/lib/httpclient-
2025-09-22T19:46:07.6768303Z [==========================             ] 67% Unzipping... tools/lib/ecj-4.6.1.j
2025-09-22T19:46:07.6772367Z [==========================             ] 67% Unzipping... tools/lib/jobb-26.0.0
2025-09-22T19:46:07.6797348Z [==========================             ] 67% Unzipping... tools/lib/jcommon-1.0
2025-09-22T19:46:07.6800074Z [==========================             ] 67% Unzipping... tools/lib/kxml2-2.3.0
2025-09-22T19:46:07.6864050Z [==========================             ] 67% Unzipping... tools/lib/jfreechart-
2025-09-22T19:46:07.6874749Z [==========================             ] 67% Unzipping... tools/lib/common-26.0
2025-09-22T19:46:07.6929276Z [==========================             ] 67% Unzipping... tools/lib/lint-checks
2025-09-22T19:46:07.7043744Z [==========================             ] 67% Unzipping... tools/lib/kotlin-refl
2025-09-22T19:46:07.7047703Z [==========================             ] 67% Unzipping... tools/lib/builder-mod
2025-09-22T19:46:07.7082273Z [==========================             ] 67% Unzipping... tools/lib/sdklib-26.0
2025-09-22T19:46:07.7088792Z [==========================             ] 67% Unzipping... tools/lib/layoutlib-a
2025-09-22T19:46:07.7091774Z [==========================             ] 67% Unzipping... tools/lib/annotations
2025-09-22T19:46:07.7097438Z [==========================             ] 67% Unzipping... tools/lib/fat32lib.ja
2025-09-22T19:46:07.7101155Z [==========================             ] 67% Unzipping... tools/lib/jsr305-3.0.
2025-09-22T19:46:07.7152602Z [==========================             ] 67% Unzipping... tools/lib/org-eclipse
2025-09-22T19:46:07.7155378Z [==========================             ] 67% Unzipping... tools/lib/error_prone
2025-09-22T19:46:07.7162857Z [==========================             ] 67% Unzipping... tools/lib/org-eclipse
2025-09-22T19:46:07.7165210Z [==========================             ] 67% Unzipping... tools/lib/animal-snif
2025-09-22T19:46:07.7200328Z [==========================             ] 67% Unzipping... tools/lib/asset-studi
2025-09-22T19:46:07.7233024Z [===========================            ] 68% Unzipping... tools/lib/asset-studi
2025-09-22T19:46:07.7245796Z [===========================            ] 68% Unzipping... tools/lib/repository-
2025-09-22T19:46:07.7249609Z [===========================            ] 68% Unzipping... tools/lib/dvlib-26.0.
2025-09-22T19:46:07.7279393Z [===========================            ] 68% Unzipping... tools/lib/jsilver-1.0
2025-09-22T19:46:07.7284907Z [===========================            ] 68% Unzipping... tools/lib/asm-5.1.jar
2025-09-22T19:46:07.7288032Z [===========================            ] 68% Unzipping... tools/lib/devices.xml
2025-09-22T19:46:07.7292673Z [===========================            ] 68% Unzipping... tools/lib/asm-analysi
2025-09-22T19:46:07.7314446Z [===========================            ] 68% Unzipping... tools/lib/hierarchyvi
2025-09-22T19:46:07.7321904Z [===========================            ] 68% Unzipping... tools/lib/monkeyrunne
2025-09-22T19:46:07.7327394Z [===========================            ] 68% Unzipping... tools/lib/uiautomator
2025-09-22T19:46:07.7329239Z [===========================            ] 68% Unzipping... tools/lib/archquery-2
2025-09-22T19:46:07.7334086Z [===========================            ] 68% Unzipping... tools/lib/chimpchat-2
2025-09-22T19:46:07.7336946Z [===========================            ] 68% Unzipping... tools/lib/explainer.j
2025-09-22T19:46:07.7355990Z [===========================            ] 68% Unzipping... tools/lib/ddmlib-26.0
2025-09-22T19:46:07.7358763Z [===========================            ] 68% Unzipping... tools/lib/swtmenubar-
2025-09-22T19:46:07.7429931Z [===========================            ] 68% Unzipping... tools/lib/osgi-4.0.0.
2025-09-22T19:46:07.7430554Z [===========================            ] 68% Unzipping... tools/lib/x86_64/    
2025-09-22T19:46:07.7502665Z [===========================            ] 68% Unzipping... tools/lib/x86_64/swt.
2025-09-22T19:46:07.7934497Z [===========================            ] 68% Unzipping... tools/lib/monitor-x86
2025-09-22T19:46:07.8732057Z [===========================            ] 69% Unzipping... tools/lib/monitor-x86
2025-09-22T19:46:07.9216392Z [===========================            ] 70% Unzipping... tools/lib/monitor-x86
2025-09-22T19:46:07.9603016Z [============================           ] 70% Unzipping... tools/lib/monitor-x86
2025-09-22T19:46:08.1011860Z [============================           ] 71% Unzipping... tools/lib/monitor-x86
2025-09-22T19:46:08.1014150Z [============================           ] 71% Unzipping... tools/lib/httpmime-4.
2025-09-22T19:46:08.1015090Z [============================           ] 71% Unzipping... tools/lib/annotations
2025-09-22T19:46:08.1028296Z [============================           ] 71% Unzipping... tools/lib/lint-26.0.0
2025-09-22T19:46:08.1033983Z [============================           ] 71% Unzipping... tools/lib/apkanalyzer
2025-09-22T19:46:08.1040300Z [============================           ] 71% Unzipping... tools/lib/binary-reso
2025-09-22T19:46:08.1045922Z [============================           ] 71% Unzipping... tools/lib/jopt-simple
2025-09-22T19:46:08.1051645Z [============================           ] 71% Unzipping... tools/lib/util-2.2.1.
2025-09-22T19:46:08.1069047Z [============================           ] 71% Unzipping... tools/lib/ddmuilib-26
2025-09-22T19:46:08.1083917Z [============================           ] 72% Unzipping... tools/lib/ddmuilib-26
2025-09-22T19:46:08.1130944Z [============================           ] 72% Unzipping... tools/lib/sdk-common-
2025-09-22T19:46:08.1140584Z [============================           ] 72% Unzipping... tools/lib/traceview-2
2025-09-22T19:46:08.1154468Z [============================           ] 72% Unzipping... tools/lib/httpcore-4.
2025-09-22T19:46:08.1157209Z [============================           ] 72% Unzipping... tools/lib/screenshot2
2025-09-22T19:46:08.1170030Z [============================           ] 72% Unzipping... tools/lib/commons-cod
2025-09-22T19:46:08.1172022Z [============================           ] 72% Unzipping... tools/lib/proguard-pr
2025-09-22T19:46:08.1724018Z [============================           ] 72% Unzipping... tools/lib/jython-stan
2025-09-22T19:46:08.1782795Z [=============================          ] 73% Unzipping... tools/lib/jython-stan
2025-09-22T19:46:08.1785937Z [=============================          ] 73% Unzipping... tools/lib/annotations
2025-09-22T19:46:08.1790915Z [=============================          ] 73% Unzipping... tools/lib/commons-log
2025-09-22T19:46:08.1855764Z [=============================          ] 73% Unzipping... tools/lib/protobuf-ja
2025-09-22T19:46:08.1860260Z [=============================          ] 73% Unzipping... tools/lib/fakeadbserv
2025-09-22T19:46:08.2010705Z [=============================          ] 73% Unzipping... tools/lib/bcprov-jdk1
2025-09-22T19:46:08.2011366Z [=============================          ] 73% Unzipping... tools/lib/x86/       
2025-09-22T19:46:08.2079223Z [=============================          ] 73% Unzipping... tools/lib/x86/swt.jar
2025-09-22T19:46:08.2122518Z [=============================          ] 73% Unzipping... tools/lib/kotlin-stdl
2025-09-22T19:46:08.2146990Z [=============================          ] 73% Unzipping... tools/lib/commons-com
2025-09-22T19:46:08.2182692Z [=============================          ] 73% Unzipping... tools/lib/lombok-ast-
2025-09-22T19:46:08.2212754Z [=============================          ] 73% Unzipping... tools/lib/trove4j-201
2025-09-22T19:46:08.2442479Z [=============================          ] 73% Unzipping... tools/lib/intellij-co
2025-09-22T19:46:08.2592743Z [=============================          ] 74% Unzipping... tools/lib/intellij-co
2025-09-22T19:46:08.2605335Z [=============================          ] 74% Unzipping... tools/lib/jimfs-1.1.j
2025-09-22T19:46:08.2608111Z [=============================          ] 74% Unzipping... tools/lib/j2objc-anno
2025-09-22T19:46:08.2613885Z [=============================          ] 74% Unzipping... tools/lib/jfreechart-
2025-09-22T19:46:08.3068733Z [=============================          ] 74% Unzipping... tools/lib/monitor-x86
2025-09-22T19:46:08.3466341Z [=============================          ] 75% Unzipping... tools/lib/monitor-x86
2025-09-22T19:46:08.3833096Z [==============================         ] 75% Unzipping... tools/lib/monitor-x86
2025-09-22T19:46:08.4682136Z [==============================         ] 76% Unzipping... tools/lib/monitor-x86
2025-09-22T19:46:08.6136013Z [==============================         ] 77% Unzipping... tools/lib/monitor-x86
2025-09-22T19:46:08.6140758Z [==============================         ] 77% Unzipping... tools/lib/generator.j
2025-09-22T19:46:08.6142042Z [==============================         ] 77% Unzipping... tools/source.properti
2025-09-22T19:46:08.6142976Z [==============================         ] 77% Unzipping... tools/bin/           
2025-09-22T19:46:08.6145404Z [==============================         ] 77% Unzipping... tools/bin/avdmanager 
2025-09-22T19:46:08.6148028Z [==============================         ] 77% Unzipping... tools/bin/jobb       
2025-09-22T19:46:08.6149911Z [==============================         ] 77% Unzipping... tools/bin/uiautomator
2025-09-22T19:46:08.6152397Z [==============================         ] 77% Unzipping... tools/bin/apkanalyzer
2025-09-22T19:46:08.6154485Z [==============================         ] 77% Unzipping... tools/bin/monkeyrunne
2025-09-22T19:46:08.6157419Z [==============================         ] 77% Unzipping... tools/bin/archquery  
2025-09-22T19:46:08.6159726Z [==============================         ] 77% Unzipping... tools/bin/sdkmanager 
2025-09-22T19:46:08.6162017Z [==============================         ] 77% Unzipping... tools/bin/lint       
2025-09-22T19:46:08.6164393Z [==============================         ] 77% Unzipping... tools/bin/screenshot2
2025-09-22T19:46:08.6187846Z [==============================         ] 77% Unzipping... tools/NOTICE.txt     
2025-09-22T19:46:08.6224784Z [==============================         ] 77% Unzipping... tools/emulator       
2025-09-22T19:46:08.6249248Z [==============================         ] 77% Unzipping... tools/emulator-check 
2025-09-22T19:46:08.6251301Z [==============================         ] 77% Unzipping... tools/monitor        
2025-09-22T19:46:08.6255888Z [==============================         ] 77% Unzipping... tools/android        
2025-09-22T19:46:08.6257016Z [==============================         ] 77% Unzipping... tools/mksdcard       
2025-09-22T19:46:08.6257790Z [==============================         ] 77% Unzipping... tools/support/       
2025-09-22T19:46:08.6263539Z [==============================         ] 77% Unzipping... tools/support/typos-d
2025-09-22T19:46:08.6267070Z [==============================         ] 77% Unzipping... tools/support/typos-e
2025-09-22T19:46:08.6268926Z [==============================         ] 77% Unzipping... tools/support/annotat
2025-09-22T19:46:08.6276820Z [==============================         ] 77% Unzipping... tools/support/typos-e
2025-09-22T19:46:08.6280253Z [==============================         ] 77% Unzipping... tools/support/typos-t
2025-09-22T19:46:08.6284808Z [==============================         ] 77% Unzipping... tools/support/typos-p
2025-09-22T19:46:08.6288379Z [==============================         ] 77% Unzipping... tools/support/typos-i
2025-09-22T19:46:08.6291445Z [==============================         ] 77% Unzipping... tools/support/typos-n
2025-09-22T19:46:08.6295022Z [==============================         ] 77% Unzipping... tools/support/typos-h
2025-09-22T19:46:08.6590048Z [==============================         ] 78% Unzipping... tools/support/typos-h
2025-09-22T19:46:08.6590718Z [=======================================] 100% Unzipping... tools/support/typos-
2025-09-22T19:46:08.6651191Z 
2025-09-22T19:46:08.6802536Z [command]/usr/local/lib/android/sdk/cmdline-tools/16.0/bin/sdkmanager platform-tools
2025-09-22T19:46:09.3887426Z Loading package information...                                                  
2025-09-22T19:46:09.4736748Z Loading local repository...                                                     
2025-09-22T19:46:09.4738988Z [                                       ] 3% Loading local repository...        
2025-09-22T19:46:09.4826955Z [                                       ] 3% Fetch remote repository...         
2025-09-22T19:46:09.7637664Z [=                                      ] 3% Fetch remote repository...         
2025-09-22T19:46:09.8118786Z [=                                      ] 4% Fetch remote repository...         
2025-09-22T19:46:09.8331477Z [=                                      ] 5% Fetch remote repository...         
2025-09-22T19:46:09.8606491Z [==                                     ] 5% Fetch remote repository...         
2025-09-22T19:46:09.9038201Z [==                                     ] 6% Fetch remote repository...         
2025-09-22T19:46:09.9752612Z [==                                     ] 7% Fetch remote repository...         
2025-09-22T19:46:09.9757121Z [==                                     ] 7% Computing updates...               
2025-09-22T19:46:09.9880513Z [===                                    ] 8% Computing updates...               
2025-09-22T19:46:09.9928557Z [===                                    ] 10% Computing updates...              
2025-09-22T19:46:09.9929831Z [=======================================] 100% Computing updates...             
2025-09-22T19:46:09.9930218Z 
2025-09-22T19:46:10.0241710Z ##[group]Run chmod +x gradlew
2025-09-22T19:46:10.0242031Z [36;1mchmod +x gradlew[0m
2025-09-22T19:46:10.0301737Z shell: /usr/bin/bash -e {0}
2025-09-22T19:46:10.0301976Z env:
2025-09-22T19:46:10.0302260Z   JAVA_HOME: /opt/hostedtoolcache/Java_Temurin-Hotspot_jdk/17.0.16-8/x64
2025-09-22T19:46:10.0302727Z   JAVA_HOME_17_X64: /opt/hostedtoolcache/Java_Temurin-Hotspot_jdk/17.0.16-8/x64
2025-09-22T19:46:10.0303109Z   ANDROID_HOME: /usr/local/lib/android/sdk
2025-09-22T19:46:10.0303405Z   ANDROID_SDK_ROOT: /usr/local/lib/android/sdk
2025-09-22T19:46:10.0303653Z ##[endgroup]
2025-09-22T19:46:10.0410854Z ##[group]Run ./gradlew assembleDebug
2025-09-22T19:46:10.0411153Z [36;1m./gradlew assembleDebug[0m
2025-09-22T19:46:10.0439768Z shell: /usr/bin/bash -e {0}
2025-09-22T19:46:10.0439991Z env:
2025-09-22T19:46:10.0440267Z   JAVA_HOME: /opt/hostedtoolcache/Java_Temurin-Hotspot_jdk/17.0.16-8/x64
2025-09-22T19:46:10.0440728Z   JAVA_HOME_17_X64: /opt/hostedtoolcache/Java_Temurin-Hotspot_jdk/17.0.16-8/x64
2025-09-22T19:46:10.0441084Z   ANDROID_HOME: /usr/local/lib/android/sdk
2025-09-22T19:46:10.0441353Z   ANDROID_SDK_ROOT: /usr/local/lib/android/sdk
2025-09-22T19:46:10.0441588Z ##[endgroup]
2025-09-22T19:46:10.1423953Z Downloading https://services.gradle.org/distributions/gradle-8.13-bin.zip
2025-09-22T19:46:11.6928519Z .............10%.............20%.............30%.............40%.............50%.............60%.............70%.............80%.............90%.............100%
2025-09-22T19:46:13.0152748Z 
2025-09-22T19:46:13.0153714Z Welcome to Gradle 8.13!
2025-09-22T19:46:13.0154238Z 
2025-09-22T19:46:13.0155955Z Here are the highlights of this release:
2025-09-22T19:46:13.0157578Z  - Daemon JVM auto-provisioning
2025-09-22T19:46:13.0159219Z  - Enhancements for Scala plugin and JUnit testing
2025-09-22T19:46:13.0160890Z  - Improvements for build authors and plugin developers
2025-09-22T19:46:13.0161777Z 
2025-09-22T19:46:13.0163059Z For more details see https://docs.gradle.org/8.13/release-notes.html
2025-09-22T19:46:13.0163513Z 
2025-09-22T19:46:13.0246398Z 
2025-09-22T19:46:13.0248067Z FAILURE: Build failed with an exception.
2025-09-22T19:46:13.0248617Z 
2025-09-22T19:46:13.0248872Z * What went wrong:
2025-09-22T19:46:13.0250261Z Value 'C:/Program Files/Android/Android Studio/jbr' given for org.gradle.java.home Gradle property is invalid (Java home supplied is invalid)
2025-09-22T19:46:13.0251174Z 
2025-09-22T19:46:13.0251306Z * Try:
2025-09-22T19:46:13.0251854Z > Run with --stacktrace option to get the stack trace.
2025-09-22T19:46:13.0252657Z > Run with --info or --debug option to get more log output.
2025-09-22T19:46:13.0253307Z > Run with --scan to get full insights.
2025-09-22T19:46:13.0254159Z > Get more help at https://help.gradle.org.
2025-09-22T19:46:13.0469305Z ##[error]Process completed with exit code 1.
2025-09-22T19:46:13.0572269Z Post job cleanup.
2025-09-22T19:46:13.2289807Z Post job cleanup.
2025-09-22T19:46:13.3216377Z [command]/usr/bin/git version
2025-09-22T19:46:13.3251601Z git version 2.51.0
2025-09-22T19:46:13.3293323Z Temporarily overriding HOME='/home/runner/work/_temp/6714c8a3-a6d9-42f0-a05d-528f5bb27cd5' before making global git config changes
2025-09-22T19:46:13.3294650Z Adding repository directory to the temporary git global config as a safe directory
2025-09-22T19:46:13.3306296Z [command]/usr/bin/git config --global --add safe.directory /home/runner/work/pose-coach-android-starter/pose-coach-android-starter
2025-09-22T19:46:13.3339869Z [command]/usr/bin/git config --local --name-only --get-regexp core\.sshCommand
2025-09-22T19:46:13.3370779Z [command]/usr/bin/git submodule foreach --recursive sh -c "git config --local --name-only --get-regexp 'core\.sshCommand' && git config --local --unset-all 'core.sshCommand' || :"
2025-09-22T19:46:13.3585462Z fatal: No url found for submodule path 'pose-coach-skeleton' in .gitmodules
2025-09-22T19:46:13.3623672Z ##[warning]The process '/usr/bin/git' failed with exit code 128
2025-09-22T19:46:13.3698127Z Cleaning up orphan processes
