2025-09-22T19:45:42.5649334Z Current runner version: '2.328.0'
2025-09-22T19:45:42.5673699Z ##[group]Runner Image Provisioner
2025-09-22T19:45:42.5674514Z Hosted Compute Agent
2025-09-22T19:45:42.5675027Z Version: 20250829.383
2025-09-22T19:45:42.5676062Z Commit: 27cb235aab5b0e52e153a26cd86b4742e89dac5d
2025-09-22T19:45:42.5676720Z Build Date: 2025-08-29T13:48:48Z
2025-09-22T19:45:42.5677315Z ##[endgroup]
2025-09-22T19:45:42.5677889Z ##[group]Operating System
2025-09-22T19:45:42.5678428Z Ubuntu
2025-09-22T19:45:42.5678951Z 24.04.3
2025-09-22T19:45:42.5679417Z LTS
2025-09-22T19:45:42.5679890Z ##[endgroup]
2025-09-22T19:45:42.5680339Z ##[group]Runner Image
2025-09-22T19:45:42.5680915Z Image: ubuntu-24.04
2025-09-22T19:45:42.5681400Z Version: 20250907.24.1
2025-09-22T19:45:42.5682634Z Included Software: https://github.com/actions/runner-images/blob/ubuntu24/20250907.24/images/ubuntu/Ubuntu2404-Readme.md
2025-09-22T19:45:42.5684229Z Image Release: https://github.com/actions/runner-images/releases/tag/ubuntu24%2F20250907.24
2025-09-22T19:45:42.5685209Z ##[endgroup]
2025-09-22T19:45:42.5686319Z ##[group]GITHUB_TOKEN Permissions
2025-09-22T19:45:42.5688129Z Contents: read
2025-09-22T19:45:42.5688616Z Metadata: read
2025-09-22T19:45:42.5689227Z Packages: read
2025-09-22T19:45:42.5689700Z ##[endgroup]
2025-09-22T19:45:42.5691708Z Secret source: Actions
2025-09-22T19:45:42.5692662Z Prepare workflow directory
2025-09-22T19:45:42.6075243Z Prepare all required actions
2025-09-22T19:45:42.6113972Z Getting action download info
2025-09-22T19:45:43.1649223Z Download action repository 'actions/checkout@v4' (SHA:08eba0b27e820071cde6df949e0beb9ba4906955)
2025-09-22T19:45:43.3618977Z Download action repository 'actions/setup-java@v4' (SHA:c5195efecf7bdfc987ee8bae7a71cb8b11521c00)
2025-09-22T19:45:44.0363364Z Download action repository 'android-actions/setup-android@v3' (SHA:9fc6c4e9069bf8d3d10b2204b1fb8f6ef7065407)
2025-09-22T19:45:44.4849977Z Download action repository 'actions/cache@v4' (SHA:0400d5f644dc74513175e3cd8d07132dd4860809)
2025-09-22T19:45:44.5933380Z Download action repository 'reactivecircus/android-emulator-runner@v2' (SHA:1dcd0090116d15e7c562f8db72807de5e036a4ed)
2025-09-22T19:45:45.1043517Z Download action repository 'actions/upload-artifact@v4' (SHA:ea165f8d65b6e75b540449e92b4886f43607fa02)
2025-09-22T19:45:45.3188517Z Complete job name: Performance Benchmarks (memory-usage)
2025-09-22T19:45:45.3971586Z ##[group]Run actions/checkout@v4
2025-09-22T19:45:45.3972587Z with:
2025-09-22T19:45:45.3972876Z   fetch-depth: 0
2025-09-22T19:45:45.3973222Z   repository: thc1006/pose-coach-android-starter
2025-09-22T19:45:45.3973789Z   token: ***
2025-09-22T19:45:45.3974057Z   ssh-strict: true
2025-09-22T19:45:45.3974333Z   ssh-user: git
2025-09-22T19:45:45.3974616Z   persist-credentials: true
2025-09-22T19:45:45.3974932Z   clean: true
2025-09-22T19:45:45.3975224Z   sparse-checkout-cone-mode: true
2025-09-22T19:45:45.3975564Z   fetch-tags: false
2025-09-22T19:45:45.3975858Z   show-progress: true
2025-09-22T19:45:45.3976142Z   lfs: false
2025-09-22T19:45:45.3976422Z   submodules: false
2025-09-22T19:45:45.3976706Z   set-safe-directory: true
2025-09-22T19:45:45.3977209Z env:
2025-09-22T19:45:45.3977483Z   BASELINE_BRANCH: main
2025-09-22T19:45:45.3977797Z   PERFORMANCE_THRESHOLD: 10
2025-09-22T19:45:45.3978096Z ##[endgroup]
2025-09-22T19:45:45.5074105Z Syncing repository: thc1006/pose-coach-android-starter
2025-09-22T19:45:45.5075882Z ##[group]Getting Git version info
2025-09-22T19:45:45.5076516Z Working directory is '/home/runner/work/pose-coach-android-starter/pose-coach-android-starter'
2025-09-22T19:45:45.5077354Z [command]/usr/bin/git version
2025-09-22T19:45:45.5158160Z git version 2.51.0
2025-09-22T19:45:45.5184684Z ##[endgroup]
2025-09-22T19:45:45.5207517Z Temporarily overriding HOME='/home/runner/work/_temp/aa5fb951-7312-428a-b74c-aad49c0c01cc' before making global git config changes
2025-09-22T19:45:45.5208557Z Adding repository directory to the temporary git global config as a safe directory
2025-09-22T19:45:45.5213552Z [command]/usr/bin/git config --global --add safe.directory /home/runner/work/pose-coach-android-starter/pose-coach-android-starter
2025-09-22T19:45:45.5252539Z Deleting the contents of '/home/runner/work/pose-coach-android-starter/pose-coach-android-starter'
2025-09-22T19:45:45.5255721Z ##[group]Initializing the repository
2025-09-22T19:45:45.5260169Z [command]/usr/bin/git init /home/runner/work/pose-coach-android-starter/pose-coach-android-starter
2025-09-22T19:45:45.5366306Z hint: Using 'master' as the name for the initial branch. This default branch name
2025-09-22T19:45:45.5367568Z hint: is subject to change. To configure the initial branch name to use in all
2025-09-22T19:45:45.5368306Z hint: of your new repositories, which will suppress this warning, call:
2025-09-22T19:45:45.5368789Z hint:
2025-09-22T19:45:45.5369177Z hint: 	git config --global init.defaultBranch <name>
2025-09-22T19:45:45.5369607Z hint:
2025-09-22T19:45:45.5370002Z hint: Names commonly chosen instead of 'master' are 'main', 'trunk' and
2025-09-22T19:45:45.5370729Z hint: 'development'. The just-created branch can be renamed via this command:
2025-09-22T19:45:45.5371770Z hint:
2025-09-22T19:45:45.5372485Z hint: 	git branch -m <name>
2025-09-22T19:45:45.5373035Z hint:
2025-09-22T19:45:45.5373770Z hint: Disable this message with "git config set advice.defaultBranchName false"
2025-09-22T19:45:45.5375464Z Initialized empty Git repository in /home/runner/work/pose-coach-android-starter/pose-coach-android-starter/.git/
2025-09-22T19:45:45.5388106Z [command]/usr/bin/git remote add origin https://github.com/thc1006/pose-coach-android-starter
2025-09-22T19:45:45.5433165Z ##[endgroup]
2025-09-22T19:45:45.5433851Z ##[group]Disabling automatic garbage collection
2025-09-22T19:45:45.5438982Z [command]/usr/bin/git config --local gc.auto 0
2025-09-22T19:45:45.5473172Z ##[endgroup]
2025-09-22T19:45:45.5476842Z ##[group]Setting up auth
2025-09-22T19:45:45.5484046Z [command]/usr/bin/git config --local --name-only --get-regexp core\.sshCommand
2025-09-22T19:45:45.5516541Z [command]/usr/bin/git submodule foreach --recursive sh -c "git config --local --name-only --get-regexp 'core\.sshCommand' && git config --local --unset-all 'core.sshCommand' || :"
2025-09-22T19:45:45.5910822Z [command]/usr/bin/git config --local --name-only --get-regexp http\.https\:\/\/github\.com\/\.extraheader
2025-09-22T19:45:45.5940054Z [command]/usr/bin/git submodule foreach --recursive sh -c "git config --local --name-only --get-regexp 'http\.https\:\/\/github\.com\/\.extraheader' && git config --local --unset-all 'http.https://github.com/.extraheader' || :"
2025-09-22T19:45:45.6158962Z [command]/usr/bin/git config --local http.https://github.com/.extraheader AUTHORIZATION: basic ***
2025-09-22T19:45:45.6196072Z ##[endgroup]
2025-09-22T19:45:45.6197070Z ##[group]Fetching the repository
2025-09-22T19:45:45.6205588Z [command]/usr/bin/git -c protocol.version=2 fetch --prune --no-recurse-submodules origin +refs/heads/*:refs/remotes/origin/* +refs/tags/*:refs/tags/*
2025-09-22T19:45:46.8074100Z From https://github.com/thc1006/pose-coach-android-starter
2025-09-22T19:45:46.8076419Z  * [new branch]      main       -> origin/main
2025-09-22T19:45:46.8114449Z [command]/usr/bin/git branch --list --remote origin/main
2025-09-22T19:45:46.8137466Z   origin/main
2025-09-22T19:45:46.8147183Z [command]/usr/bin/git rev-parse refs/remotes/origin/main
2025-09-22T19:45:46.8167302Z 685d758d9ae8c729893935dc590157eded077a04
2025-09-22T19:45:46.8172827Z ##[endgroup]
2025-09-22T19:45:46.8173285Z ##[group]Determining the checkout info
2025-09-22T19:45:46.8174281Z ##[endgroup]
2025-09-22T19:45:46.8178616Z [command]/usr/bin/git sparse-checkout disable
2025-09-22T19:45:46.8218758Z [command]/usr/bin/git config --local --unset-all extensions.worktreeConfig
2025-09-22T19:45:46.8243375Z ##[group]Checking out the ref
2025-09-22T19:45:46.8247215Z [command]/usr/bin/git checkout --progress --force -B main refs/remotes/origin/main
2025-09-22T19:45:46.9087672Z Switched to a new branch 'main'
2025-09-22T19:45:46.9088643Z branch 'main' set up to track 'origin/main'.
2025-09-22T19:45:46.9101578Z ##[endgroup]
2025-09-22T19:45:46.9141279Z [command]/usr/bin/git log -1 --format=%H
2025-09-22T19:45:46.9163857Z 685d758d9ae8c729893935dc590157eded077a04
2025-09-22T19:45:46.9404547Z ##[group]Run actions/setup-java@v4
2025-09-22T19:45:46.9404890Z with:
2025-09-22T19:45:46.9405107Z   java-version: 17
2025-09-22T19:45:46.9405340Z   distribution: temurin
2025-09-22T19:45:46.9405575Z   java-package: jdk
2025-09-22T19:45:46.9405810Z   check-latest: false
2025-09-22T19:45:46.9406041Z   server-id: github
2025-09-22T19:45:46.9406287Z   server-username: GITHUB_ACTOR
2025-09-22T19:45:46.9406558Z   server-password: GITHUB_TOKEN
2025-09-22T19:45:46.9406830Z   overwrite-settings: true
2025-09-22T19:45:46.9407098Z   job-status: success
2025-09-22T19:45:46.9407472Z   token: ***
2025-09-22T19:45:46.9407684Z env:
2025-09-22T19:45:46.9407891Z   BASELINE_BRANCH: main
2025-09-22T19:45:46.9408147Z   PERFORMANCE_THRESHOLD: 10
2025-09-22T19:45:46.9408393Z ##[endgroup]
2025-09-22T19:45:47.1460032Z ##[group]Installed distributions
2025-09-22T19:45:47.1876082Z Resolved Java 17.0.16+8 from tool-cache
2025-09-22T19:45:47.1876905Z Setting Java 17.0.16+8 as the default
2025-09-22T19:45:47.1890779Z Creating toolchains.xml for JDK version 17 from temurin
2025-09-22T19:45:47.1976053Z Writing to /home/runner/.m2/toolchains.xml
2025-09-22T19:45:47.1976466Z 
2025-09-22T19:45:47.1976617Z Java configuration:
2025-09-22T19:45:47.1977017Z   Distribution: temurin
2025-09-22T19:45:47.1977375Z   Version: 17.0.16+8
2025-09-22T19:45:47.1978250Z   Path: /opt/hostedtoolcache/Java_Temurin-Hotspot_jdk/17.0.16-8/x64
2025-09-22T19:45:47.1978767Z 
2025-09-22T19:45:47.1980978Z ##[endgroup]
2025-09-22T19:45:47.1998100Z Creating settings.xml with server-id: github
2025-09-22T19:45:47.2004904Z Writing to /home/runner/.m2/settings.xml
2025-09-22T19:45:47.2112978Z ##[group]Run android-actions/setup-android@v3
2025-09-22T19:45:47.2113288Z with:
2025-09-22T19:45:47.2113474Z   cmdline-tools-version: 12266719
2025-09-22T19:45:47.2113734Z   accept-android-sdk-licenses: true
2025-09-22T19:45:47.2114017Z   log-accepted-android-sdk-licenses: true
2025-09-22T19:45:47.2114290Z   packages: tools platform-tools
2025-09-22T19:45:47.2114501Z env:
2025-09-22T19:45:47.2114665Z   BASELINE_BRANCH: main
2025-09-22T19:45:47.2114873Z   PERFORMANCE_THRESHOLD: 10
2025-09-22T19:45:47.2115196Z   JAVA_HOME: /opt/hostedtoolcache/Java_Temurin-Hotspot_jdk/17.0.16-8/x64
2025-09-22T19:45:47.2115641Z   JAVA_HOME_17_X64: /opt/hostedtoolcache/Java_Temurin-Hotspot_jdk/17.0.16-8/x64
2025-09-22T19:45:47.2115970Z ##[endgroup]
2025-09-22T19:45:47.3418607Z Found preinstalled sdkmanager in /usr/local/lib/android/sdk/cmdline-tools/latest with following source.properties:
2025-09-22T19:45:47.3419521Z Pkg.Revision=12.0
2025-09-22T19:45:47.3419928Z Pkg.Path=cmdline-tools;12.0
2025-09-22T19:45:47.3420506Z Pkg.Desc=Android SDK Command-line Tools
2025-09-22T19:45:47.3420860Z 
2025-09-22T19:45:47.3421057Z Wrong version in preinstalled sdkmanager
2025-09-22T19:45:47.3422299Z Downloading commandline tools from https://dl.google.com/android/repository/commandlinetools-linux-12266719_latest.zip
2025-09-22T19:45:48.8365147Z [command]/usr/bin/unzip -o -q /home/runner/work/_temp/7f9e483c-c7a7-433f-b4a3-1a8ccd397961
2025-09-22T19:45:49.7625678Z Accepting Android SDK licenses
2025-09-22T19:45:49.7632498Z [command]/usr/local/lib/android/sdk/cmdline-tools/16.0/bin/sdkmanager --licenses
2025-09-22T19:45:56.4186741Z Loading local repository...                                                     
2025-09-22T19:45:56.4187479Z [=========                              ] 25% Loading local repository...       
2025-09-22T19:45:59.5824533Z [=========                              ] 25% Fetch remote repository...        
2025-09-22T19:46:00.0551262Z [==========                             ] 26% Fetch remote repository...        
2025-09-22T19:46:00.0552390Z [============                           ] 31% Fetch remote repository...        
2025-09-22T19:46:00.0752631Z [============                           ] 32% Fetch remote repository...        
2025-09-22T19:46:00.0766824Z [=============                          ] 33% Fetch remote repository...        
2025-09-22T19:46:00.0899255Z [=============                          ] 35% Fetch remote repository...        
2025-09-22T19:46:00.0922931Z [==============                         ] 36% Fetch remote repository...        
2025-09-22T19:46:00.1027402Z [==============                         ] 37% Fetch remote repository...        
2025-09-22T19:46:00.1052705Z [===============                        ] 38% Fetch remote repository...        
2025-09-22T19:46:00.1393450Z [===============                        ] 39% Fetch remote repository...        
2025-09-22T19:46:00.1394447Z [================                       ] 40% Fetch remote repository...        
2025-09-22T19:46:00.1554782Z [================                       ] 41% Fetch remote repository...        
2025-09-22T19:46:00.1559311Z [================                       ] 42% Fetch remote repository...        
2025-09-22T19:46:00.1800839Z [=================                      ] 44% Fetch remote repository...        
2025-09-22T19:46:00.1822349Z [=================                      ] 45% Fetch remote repository...        
2025-09-22T19:46:00.1908139Z [==================                     ] 46% Fetch remote repository...        
2025-09-22T19:46:00.1908977Z [==================                     ] 47% Fetch remote repository...        
2025-09-22T19:46:00.2251026Z [===================                    ] 48% Fetch remote repository...        
2025-09-22T19:46:00.2252124Z [===================                    ] 49% Fetch remote repository...        
2025-09-22T19:46:00.2364324Z [====================                   ] 50% Fetch remote repository...        
2025-09-22T19:46:00.2374755Z [====================                   ] 51% Fetch remote repository...        
2025-09-22T19:46:00.2535041Z [====================                   ] 53% Fetch remote repository...        
2025-09-22T19:46:00.2542744Z [=====================                  ] 54% Fetch remote repository...        
2025-09-22T19:46:00.2649952Z [=====================                  ] 55% Fetch remote repository...        
2025-09-22T19:46:00.2704600Z [======================                 ] 56% Fetch remote repository...        
2025-09-22T19:46:00.2794391Z [======================                 ] 57% Fetch remote repository...        
2025-09-22T19:46:00.2806353Z [=======================                ] 58% Fetch remote repository...        
2025-09-22T19:46:00.2939000Z [=======================                ] 59% Fetch remote repository...        
2025-09-22T19:46:00.2940913Z [========================               ] 60% Fetch remote repository...        
2025-09-22T19:46:00.3067991Z [========================               ] 61% Fetch remote repository...        
2025-09-22T19:46:00.3072187Z [=========================              ] 63% Fetch remote repository...        
2025-09-22T19:46:00.3252944Z [=========================              ] 64% Fetch remote repository...        
2025-09-22T19:46:00.3254183Z [=========================              ] 65% Fetch remote repository...        
2025-09-22T19:46:00.3502466Z [==========================             ] 66% Fetch remote repository...        
2025-09-22T19:46:00.3508289Z [==========================             ] 67% Fetch remote repository...        
2025-09-22T19:46:00.3731530Z [===========================            ] 68% Fetch remote repository...        
2025-09-22T19:46:00.3735829Z [===========================            ] 69% Fetch remote repository...        
2025-09-22T19:46:00.4481334Z [============================           ] 70% Fetch remote repository...        
2025-09-22T19:46:00.4484430Z [============================           ] 72% Fetch remote repository...        
2025-09-22T19:46:00.5022180Z [=============================          ] 73% Fetch remote repository...        
2025-09-22T19:46:00.5024177Z [=============================          ] 74% Fetch remote repository...        
2025-09-22T19:46:00.5098859Z [=============================          ] 75% Fetch remote repository...        
2025-09-22T19:46:00.5235362Z [=============================          ] 75% Computing updates...              
2025-09-22T19:46:00.5236342Z [=======================================] 100% Computing updates...             
2025-09-22T19:46:00.5888559Z 6 of 7 SDK package licenses not accepted.
2025-09-22T19:46:00.5891171Z Review licenses that have not been accepted (y/N)? 
2025-09-22T19:46:00.5892093Z 1/6: License android-googletv-license:
2025-09-22T19:46:00.5893466Z ---------------------------------------
2025-09-22T19:46:00.5899560Z Terms and Conditions
2025-09-22T19:46:00.5900013Z 
2025-09-22T19:46:00.5900640Z This is the Google TV Add-on for the Android Software Development Kit License Agreement.
2025-09-22T19:46:00.5901353Z 
2025-09-22T19:46:00.5901636Z 1. Introduction
2025-09-22T19:46:00.5902269Z 
2025-09-22T19:46:00.5904583Z 1.1 The Google TV Add-on for the Android Software Development Kit (referred to in this License Agreement as the "Google TV Add-on" and specifically including the Android system files, packaged APIs, and Google APIs add-ons) is licensed to you subject to the terms of this License Agreement. This License Agreement forms a legally binding contract between you and Google in relation to your use of the Google TV Add-on.
2025-09-22T19:46:00.5907090Z 
2025-09-22T19:46:00.5908084Z 1.2 "Google" means Google Inc., a Delaware corporation with principal place of business at 1600 Amphitheatre Parkway, Mountain View, CA 94043, United States.
2025-09-22T19:46:00.5909338Z 
2025-09-22T19:46:00.5909658Z 2. Accepting this License Agreement
2025-09-22T19:46:00.5910127Z 
2025-09-22T19:46:00.5911354Z 2.1 In order to use the Google TV Add-on, you must first agree to this License Agreement. You may not use the Google TV Add-on if you do not accept this License Agreement.
2025-09-22T19:46:00.5912708Z 
2025-09-22T19:46:00.5913060Z 2.2 You can accept this License Agreement by:
2025-09-22T19:46:00.5913563Z 
2025-09-22T19:46:00.5914283Z (A) clicking to accept or agree to this License Agreement, where this option is made available to you; or
2025-09-22T19:46:00.5915148Z 
2025-09-22T19:46:00.5916112Z (B) by actually using the Google TV Add-on. In this case, you agree that use of the Google TV Add-on constitutes acceptance of the License Agreement from that point onwards.
2025-09-22T19:46:00.5917211Z 
2025-09-22T19:46:00.5918736Z 2.3 You may not use the Google TV Add-on and may not accept the Licensing Agreement if you are a person barred from receiving the Google TV Add-on under the laws of the United States or other countries including the country in which you are resident or from which you use the Google TV Add-on.
2025-09-22T19:46:00.5920570Z 
2025-09-22T19:46:00.5926809Z 2.4 If you are agreeing to be bound by this License Agreement on behalf of your employer or other entity, you represent and warrant that you have full legal authority to bind your employer or such entity to this License Agreement. If you do not have the requisite authority, you may not accept the Licensing Agreement or use the Google TV Add-on on behalf of your employer or other entity.
2025-09-22T19:46:00.5928891Z 
2025-09-22T19:46:00.5929067Z 3. Google TV Add-on License from Google
2025-09-22T19:46:00.5929368Z 
2025-09-22T19:46:00.5930569Z 3.1 Subject to the terms of this License Agreement, Google grants you a limited, worldwide, royalty-free, non- assignable and non-exclusive license to use the Google TV Add-on solely to develop applications to run on the Google TV platform.
2025-09-22T19:46:00.5932105Z 
2025-09-22T19:46:00.5934225Z 3.2 You agree that Google or third parties own all legal right, title and interest in and to the Google TV Add-on, including any Intellectual Property Rights that subsist in the Google TV Add-on. "Intellectual Property Rights" means any and all rights under patent law, copyright law, trade secret law, trademark law, and any and all other proprietary rights. Google reserves all rights not expressly granted to you.
2025-09-22T19:46:00.5936716Z 
2025-09-22T19:46:00.5939873Z 3.3 Except to the extent required by applicable third party licenses, you may not copy (except for backup purposes), modify, adapt, redistribute, decompile, reverse engineer, disassemble, or create derivative works of the Google TV Add-on or any part of the Google TV Add-on. Except to the extent required by applicable third party licenses, you may not load any part of the Google TV Add-on onto a mobile handset, television, or any other hardware device except a personal computer, combine any part of the Google TV Add-on with other software, or distribute any software or device incorporating a part of the Google TV Add-on.
2025-09-22T19:46:00.5943323Z 
2025-09-22T19:46:00.5944430Z 3.4 Use, reproduction and distribution of components of the Google TV Add-on licensed under an open source software license are governed solely by the terms of that open source software license and not this License Agreement.
2025-09-22T19:46:00.5945686Z 
2025-09-22T19:46:00.5948034Z 3.5 You agree that the form and nature of the Google TV Add-on that Google provides may change without prior notice to you and that future versions of the Google TV Add-on may be incompatible with applications developed on previous versions of the Google TV Add-on. You agree that Google may stop (permanently or temporarily) providing the Google TV Add-on (or any features within the Google TV Add-on) to you or to users generally at Google's sole discretion, without prior notice to you.
2025-09-22T19:46:00.5950503Z 
2025-09-22T19:46:00.5952157Z 3.6 Nothing in this License Agreement gives you a right to use any of Google's or it’s licensors’ trade names, trademarks, service marks, logos, domain names, or other distinctive brand features.
2025-09-22T19:46:00.5953228Z 
2025-09-22T19:46:00.5954421Z 3.7 You agree that you will not remove, obscure, or alter any proprietary rights notices (including copyright and trademark notices) that may be affixed to or contained within the Google TV Add-on.
2025-09-22T19:46:00.5955577Z 
2025-09-22T19:46:00.5955753Z 4. Use of the Google TV Add-on by You
2025-09-22T19:46:00.5956043Z 
2025-09-22T19:46:00.5957388Z 4.1 Google agrees that it obtains no right, title or interest from you (or your licensors) under this License Agreement in or to any software applications that you develop using the Google TV Add-on, including any intellectual property rights that subsist in those applications.
2025-09-22T19:46:00.5958875Z 
2025-09-22T19:46:00.5960701Z 4.2 You agree to use the Google TV Add-on and write applications only for purposes that are permitted by (a) this License Agreement and (b) any applicable law, regulation or generally accepted practices or guidelines in the relevant jurisdictions (including any laws regarding the export of data or software to and from the United States or other relevant countries).
2025-09-22T19:46:00.5962874Z 
2025-09-22T19:46:00.5966946Z 4.3 You agree that if you use the Google TV Add-on to develop applications for general public users, you will protect the privacy and legal rights of those users. If the users provide you with user names, passwords, or other login information or personal information, your must make the users aware that the information will be available to your application, and you must provide legally adequate privacy notice and protection for those users. If your application stores personal or sensitive information provided by users, it must do so securely. If the user provides your application with Google Account information, your application may only use that information to access the user's Google Account when, and for the limited purposes for which, the user has given you explicit permission to do so.
2025-09-22T19:46:00.5971158Z 
2025-09-22T19:46:00.5989516Z 4.4 You agree that you will not engage in any activity with the Google TV Add-on, including the development or distribution of an application, that interferes with, disrupts, damages, or accesses in an unauthorized manner the servers, networks, or other properties or services of any third party including, but not limited to, Google, Multichannel Video Program Distributors or any mobile communications carrier.
2025-09-22T19:46:00.5992137Z 
2025-09-22T19:46:00.5994033Z 4.5 You agree that you are solely responsible for (and that Google has no responsibility to you or to any third party for) any data, content, or resources that you create, transmit or display through the Google TV platform and/or applications for the Google TV platform, and for the consequences of your actions (including any loss or damage which Google may suffer) by doing so.
2025-09-22T19:46:00.5996089Z 
2025-09-22T19:46:00.5998187Z 4.6 You agree that you are solely responsible for (and that Google has no responsibility to you or to any third party for) any breach of your obligations under this License Agreement, any applicable third party contract or Terms of Service, or any applicable law or regulation, and for the consequences (including any loss or damage which Google or any third party may suffer) of any such breach.
2025-09-22T19:46:00.6000418Z 
2025-09-22T19:46:00.6000581Z 5. Your Developer Credentials
2025-09-22T19:46:00.6000860Z 
2025-09-22T19:46:00.6002536Z 5.1 You agree that you are responsible for maintaining the confidentiality of any developer credentials that may be issued to you by Google or which you may choose yourself and that you will be solely responsible for all applications that are developed under your developer credentials.
2025-09-22T19:46:00.6004218Z 
2025-09-22T19:46:00.6004391Z 6. Privacy and Information
2025-09-22T19:46:00.6004662Z 
2025-09-22T19:46:00.6022424Z 6.1 In order to continually innovate and improve the Google TV Add-on, Google may collect certain usage statistics from the software including but not limited to a unique identifier, associated IP address, version number of the software, and information on which tools and/or services in the Google TV Add-on are being used and how they are being used. Before any of this information is collected, the Google TV Add-on will notify you and seek your consent. If you withhold consent, the information will not be collected.
2025-09-22T19:46:00.6025353Z 
2025-09-22T19:46:00.6026084Z 6.2 The data collected is examined in the aggregate to improve the Google TV Add-on and is maintained in accordance with Google's Privacy Policy.
2025-09-22T19:46:00.6026975Z 
2025-09-22T19:46:00.6027227Z 7. Third Party Applications for the Google TV Platform
2025-09-22T19:46:00.6027625Z 
2025-09-22T19:46:00.6030900Z 7.1 If you use the Google TV Add-on to run applications developed by a third party or that access data, content or resources provided by a third party, you agree that Google is not responsible for those applications, data, content, or resources. You understand that all data, content or resources which you may access through such third party applications are the sole responsibility of the person from which they originated and that Google is not liable for any loss or damage that you may experience as a result of the use or access of any of those third party applications, data, content, or resources.
2025-09-22T19:46:00.6034456Z 
2025-09-22T19:46:00.6037009Z 7.2 You should be aware the data, content, and resources presented to you through such a third party application may be protected by intellectual property rights which are owned by the providers (or by other persons or companies on their behalf). You may not modify, rent, lease, loan, sell, distribute or create derivative works based on these data, content, or resources (either in whole or in part) unless you have been specifically given permission to do so by the relevant owners.
2025-09-22T19:46:00.6039715Z 
2025-09-22T19:46:00.6041118Z 7.3 You acknowledge that your use of such third party applications, data, content, or resources may be subject to separate terms between you and the relevant third party. In that case, this License Agreement does not affect your legal relationship with these third parties.
2025-09-22T19:46:00.6042768Z 
2025-09-22T19:46:00.6042901Z 8. Using Google TV APIs
2025-09-22T19:46:00.6043340Z 
2025-09-22T19:46:00.6047822Z 8.1 If you use any Google TV API to retrieve data from Google, you acknowledge that the data (“Google TV API Content”) may be protected by intellectual property rights which are owned by Google or those parties that provide the data (or by other persons or companies on their behalf). Your use of any such API may be subject to additional Terms of Service. You may not modify, rent, lease, loan, sell, distribute or create derivative works based on this data (either in whole or in part) unless allowed by the relevant Terms of Service. Some portions of the Google TV API Content are licensed to Google by third parties, including but not limited to Tribune Media Services
2025-09-22T19:46:00.6051399Z 
2025-09-22T19:46:00.6052784Z 8.2 If you use any API to retrieve a user's data from Google, you acknowledge and agree that you shall retrieve data only with the user's explicit consent and only when, and for the limited purposes for which, the user has given you permission to do so.
2025-09-22T19:46:00.6054115Z 
2025-09-22T19:46:00.6054565Z 8.3 Except as explicitly permitted in Section 3 (Google TV Add-on License from Google), you must:
2025-09-22T19:46:00.6055170Z 
2025-09-22T19:46:00.6056060Z (a) not modify nor format the Google TV API Content except to the extent reasonably and technically necessary to optimize the display such Google TV API Content in your application;
2025-09-22T19:46:00.6057121Z 
2025-09-22T19:46:00.6058086Z (b) not edit the Google TV API Content in a manner that renders the Google TV API Content inaccurate of alters its inherent meaning (provided that displaying excerpts will not violate the foregoing); or
2025-09-22T19:46:00.6059202Z 
2025-09-22T19:46:00.6059654Z (c) not create any commercial audience measurement tool or service using the Google TV API Content
2025-09-22T19:46:00.6060521Z 
2025-09-22T19:46:00.6060695Z 9. Terminating this License Agreement
2025-09-22T19:46:00.6060993Z 
2025-09-22T19:46:00.6061485Z 9.1 This License Agreement will continue to apply until terminated by either you or Google as set out below.
2025-09-22T19:46:00.6062330Z 
2025-09-22T19:46:00.6062992Z 9.2 If you want to terminate this License Agreement, you may do so by ceasing your use of the Google TV Add-on and any relevant developer credentials.
2025-09-22T19:46:00.6063823Z 
2025-09-22T19:46:00.6064115Z 9.3 Google may at any time, terminate this License Agreement with you if:
2025-09-22T19:46:00.6064584Z 
2025-09-22T19:46:00.6064854Z (A) you have breached any provision of this License Agreement; or
2025-09-22T19:46:00.6065267Z 
2025-09-22T19:46:00.6065430Z (B) Google is required to do so by law; or
2025-09-22T19:46:00.6065731Z 
2025-09-22T19:46:00.6066720Z (C) the partner with whom Google offered certain parts of Google TV Add-on (such as APIs) to you has terminated its relationship with Google or ceased to offer certain parts of the Google TV Add-on to you; or
2025-09-22T19:46:00.6067859Z 
2025-09-22T19:46:00.6069456Z (D) Google decides to no longer providing the Google TV Add-on or certain parts of the Google TV Add-on to users in the country in which you are resident or from which you use the service, or the provision of the Google TV Add-on or certain Google TV Add-on services to you by Google is, in Google's sole discretion, no longer commercially viable.
2025-09-22T19:46:00.6071230Z 
2025-09-22T19:46:00.6073704Z 9.4 When this License Agreement comes to an end, all of the legal rights, obligations and liabilities that you and Google have benefited from, been subject to (or which have accrued over time whilst this License Agreement has been in force) or which are expressed to continue indefinitely, shall be unaffected by this cessation, and the provisions of paragraph 14.7 shall continue to apply to such rights, obligations and liabilities indefinitely.
2025-09-22T19:46:00.6076057Z 
2025-09-22T19:46:00.6076214Z 10. DISCLAIMER OF WARRANTIES
2025-09-22T19:46:00.6076453Z 
2025-09-22T19:46:00.6077335Z 10.1 YOU EXPRESSLY UNDERSTAND AND AGREE THAT YOUR USE OF THE GOOGLE TV ADD-ON IS AT YOUR SOLE RISK AND THAT THE GOOGLE TV ADD-ON IS PROVIDED "AS IS" AND "AS AVAILABLE" WITHOUT WARRANTY OF ANY KIND FROM GOOGLE.
2025-09-22T19:46:00.6078612Z 
2025-09-22T19:46:00.6080028Z 10.2 YOUR USE OF THE GOOGLE TV ADD-ON AND ANY MATERIAL DOWNLOADED OR OTHERWISE OBTAINED THROUGH THE USE OF THE GOOGLE TV ADD-ON IS AT YOUR OWN DISCRETION AND RISK AND YOU ARE SOLELY RESPONSIBLE FOR ANY DAMAGE TO YOUR COMPUTER SYSTEM OR OTHER DEVICE OR LOSS OF DATA THAT RESULTS FROM SUCH USE.
2025-09-22T19:46:00.6081592Z 
2025-09-22T19:46:00.6083103Z 10.3 GOOGLE FURTHER EXPRESSLY DISCLAIMS ALL WARRANTIES AND CONDITIONS OF ANY KIND, WHETHER EXPRESS OR IMPLIED, INCLUDING, BUT NOT LIMITED TO THE IMPLIED WARRANTIES AND CONDITIONS OF MERCHANTABILITY, FITNESS FOR A PARTICULAR PURPOSE AND NON-INFRINGEMENT.
2025-09-22T19:46:00.6084718Z 
2025-09-22T19:46:00.6084887Z 11. LIMITATION OF LIABILITY
2025-09-22T19:46:00.6085174Z 
2025-09-22T19:46:00.6087475Z 11.1 YOU EXPRESSLY UNDERSTAND AND AGREE THAT GOOGLE, ITS SUBSIDIARIES AND AFFILIATES, AND ITS LICENSORS SHALL NOT BE LIABLE TO YOU UNDER ANY THEORY OF LIABILITY FOR ANY DIRECT, INDIRECT, INCIDENTAL, SPECIAL CONSEQUENTIAL OR EXEMPLARY DAMAGES THAT MAY BE INCURRED BY YOU, INCLUDING ANY LOSS OF DATA, WHETHER OR NOT GOOGLE OR ITS REPRESENTATIVES HAVE BEEN ADVISED OF OR SHOULD HAVE BEEN AWARE OF THE POSSIBILITY OF ANY SUCH LOSSES ARISING.
2025-09-22T19:46:00.6089853Z 
2025-09-22T19:46:00.6089981Z 12. Indemnification
2025-09-22T19:46:00.6090182Z 
2025-09-22T19:46:00.6094596Z 12.1 To the maximum extent permitted by law, you agree to defend, indemnify and hold harmless Google, its affiliates and their respective directors, officers, employees and agents from and against any and all claims, actions, suits or proceedings, as well as any and all losses, liabilities, damages, costs and expenses (including reasonable attorneys fees) arising out of or accruing from (a) your use of the Google TV Add-on, (b) any application you develop on the Google TV Add-on that infringes any copyright, trademark, trade secret, trade dress, patent or other intellectual property right of any person or defames any person or violates their rights of publicity or privacy, and (c) any non-compliance by you with this License Agreement.
2025-09-22T19:46:00.6098619Z 
2025-09-22T19:46:00.6098796Z 13. Changes to the License Agreement
2025-09-22T19:46:00.6099102Z 
2025-09-22T19:46:00.6099599Z 13.1 Google may make changes to the License Agreement as it distributes new versions of the Google TV Add-on.
2025-09-22T19:46:00.6100238Z 
2025-09-22T19:46:00.6100369Z 14. General Legal Terms
2025-09-22T19:46:00.6100571Z 
2025-09-22T19:46:00.6101591Z 14.1 This License Agreement constitute the whole legal agreement between you and Google and govern your use of the Google TV Add-on (excluding any services which Google may provide to you under a separate written agreement), and completely replace any prior agreements between you and Google in relation to the Google TV Add-on.
2025-09-22T19:46:00.6102806Z 
2025-09-22T19:46:00.6103657Z 14.2 You agree that if Google does not exercise or enforce any legal right or remedy which is contained in this License Agreement (or which Google has the benefit of under any applicable law), this will not be taken to be a formal waiver of Google's rights and that those rights or remedies will still be available to Google.
2025-09-22T19:46:00.6104584Z 
2025-09-22T19:46:00.6105536Z 14.3 If any court of law, having the jurisdiction to decide on this matter, rules that any provision of this License Agreement is invalid, then that provision will be removed from this License Agreement without affecting the rest of this License Agreement. The remaining provisions of this License Agreement will continue to be valid and enforceable.
2025-09-22T19:46:00.6106561Z 
2025-09-22T19:46:00.6108346Z 14.4 You acknowledge and agree that Google’s API data licensors and each member of the group of companies of which Google is the parent shall be third party beneficiaries to this License Agreement and that such other companies shall be entitled to directly enforce, and rely upon, any provision of this License Agreement that confers a benefit on (or rights in favor of) them. Other than this, no other person or company shall be third party beneficiaries to this License Agreement.
2025-09-22T19:46:00.6109934Z 
2025-09-22T19:46:00.6110733Z 14.5 EXPORT RESTRICTIONS. THE GOOGLE TV ADD-ON IS SUBJECT TO UNITED STATES EXPORT LAWS AND REGULATIONS. YOU MUST COMPLY WITH ALL DOMESTIC AND INTERNATIONAL EXPORT LAWS AND REGULATIONS THAT APPLY TO THE GOOGLE TV ADD-ON. THESE LAWS INCLUDE RESTRICTIONS ON DESTINATIONS, END USERS AND END USE.
2025-09-22T19:46:00.6111602Z 
2025-09-22T19:46:00.6112777Z 14.6 The rights granted in this License Agreement may not be assigned or transferred by either you or Google without the prior written approval of the other party. Neither you nor Google shall be permitted to delegate their responsibilities or obligations under this License Agreement without the prior written approval of the other party.
2025-09-22T19:46:00.6113809Z 
2025-09-22T19:46:00.6115393Z 14.7 This License Agreement, and your relationship with Google under this License Agreement, shall be governed by the laws of the State of California without regard to its conflict of laws provisions. You and Google agree to submit to the exclusive jurisdiction of the courts located within the county of Santa Clara, California to resolve any legal matter arising from this License Agreement. Notwithstanding this, you agree that Google shall still be allowed to apply for injunctive remedies (or an equivalent type of urgent legal relief) in any jurisdiction.
2025-09-22T19:46:00.6117034Z 
2025-09-22T19:46:00.6117044Z 
2025-09-22T19:46:00.6117115Z August 15, 2011
2025-09-22T19:46:00.6117526Z ---------------------------------------
2025-09-22T19:46:00.6117953Z Accept? (y/N): 
2025-09-22T19:46:00.6118525Z 2/6: License android-googlexr-license:
2025-09-22T19:46:00.6119005Z ---------------------------------------
2025-09-22T19:46:00.6120036Z To get started with the Android XR Emulator System Image SDK, you must agree to the following terms and conditions. As described below, please note that this is a preview, emulated version of the Android XR OS, subject to change, that you use at your own risk.
2025-09-22T19:46:00.6121582Z 
2025-09-22T19:46:00.6121857Z This is the Android XR Emulator System Image SDK License Agreement
2025-09-22T19:46:00.6122513Z 
2025-09-22T19:46:00.6122635Z 1. Introduction
2025-09-22T19:46:00.6122828Z 
2025-09-22T19:46:00.6125160Z 1.1 The Android Android XR Emulator System Image SDK (referred to in the License Agreement as the "SDK" and specifically including the Android system files,, packaged APIs, library files (if and when they are made available), and Google applications and APIs add-ons) is licensed to you subject to the terms of the License Agreement. The License Agreement forms a legally binding contract between you and Google in relation to your use of the SDK.
2025-09-22T19:46:00.6127620Z 
2025-09-22T19:46:00.6128244Z 1.2 "Android" means the Android software stack for devices, as made available under the Android Open Source Project, which is located at the following URL: https://source.android.com/, as updated from time to time.
2025-09-22T19:46:00.6129499Z 
2025-09-22T19:46:00.6130559Z 1.3 "Google" means Google LLC, organized under the laws of the State of Delaware, USA, and operating under the laws of the USA with principal place of business at 1600 Amphitheatre Parkway, Mountain View, CA 94043, USA.
2025-09-22T19:46:00.6131796Z 
2025-09-22T19:46:00.6132072Z 2. Accepting this License Agreement
2025-09-22T19:46:00.6132261Z 
2025-09-22T19:46:00.6132599Z 2.1 In order to use the SDK, you must first agree to the License Agreement. You may not use the SDK if you do not accept the License Agreement.
2025-09-22T19:46:00.6133023Z 
2025-09-22T19:46:00.6133276Z 2.2 By clicking to accept and/or using this SDK, you hereby agree to the terms of the License Agreement.
2025-09-22T19:46:00.6133610Z 
2025-09-22T19:46:00.6134257Z 2.3 You may not use the SDK and may not accept the License Agreement if you are a person barred from receiving the SDK under the laws of the United States or other countries, including the country in which you are resident or from which you use the SDK.
2025-09-22T19:46:00.6135982Z 
2025-09-22T19:46:00.6137024Z 2.4 If you are agreeing to be bound by the License Agreement on behalf of your employer or other entity, you represent and warrant that you have full legal authority to bind your employer or such entity to the License Agreement. If you do not have the requisite authority, you may not accept the License Agreement or use the SDK on behalf of your employer or other entity.
2025-09-22T19:46:00.6138103Z 
2025-09-22T19:46:00.6138188Z 3. SDK License from Google
2025-09-22T19:46:00.6138331Z 
2025-09-22T19:46:00.6138979Z 3.1 Subject to the terms of the License Agreement, Google grants you a limited, worldwide, royalty-free, non-assignable, non-exclusive, and non-sublicensable license to use the SDK solely to develop applications for Android XR.
2025-09-22T19:46:00.6139695Z 
2025-09-22T19:46:00.6140289Z 3.2 You may not use this SDK to develop applications for other platforms or to develop another SDK. You are of course free to develop applications for other platforms provided that this SDK is not used for that purpose.
2025-09-22T19:46:00.6140944Z 
2025-09-22T19:46:00.6142216Z 3.3 You agree that Google or third parties own all legal right, title and interest in and to the SDK, including any Intellectual Property Rights that subsist in the SDK. "Intellectual Property Rights" means any and all rights under patent law, copyright law, trade secret law, trademark law, and any and all other proprietary rights. Google reserves all rights not expressly granted to you.
2025-09-22T19:46:00.6143357Z 
2025-09-22T19:46:00.6145302Z 3.4 You may not use the SDK for any purpose not expressly permitted by the License Agreement. Except to the extent required by applicable third party licenses, you may not (a) copy (except for backup purposes), modify, adapt, redistribute, decompile, reverse engineer, disassemble, or create derivative works of the SDK or any part of the SDK; or (b) load any part of the SDK onto a mobile handset or any other hardware device except a personal computer, combine any part of the SDK with other software, or distribute any software or device incorporating a part of the SDK.
2025-09-22T19:46:00.6146975Z 
2025-09-22T19:46:00.6148123Z 3.5 Use, reproduction and distribution of components of the SDK licensed under an open source software license are governed solely by the terms of that open source software license and not the License Agreement. You agree to remain a licensee in good standing in regard to such open source software licenses under all the rights granted and to refrain from any actions that may terminate, suspend, or breach such rights.
2025-09-22T19:46:00.6149339Z 
2025-09-22T19:46:00.6150467Z 3.6 You agree that the form and nature of the SDK that Google provides may change without prior notice to you and that future versions of the SDK may be incompatible with applications developed on previous versions of the SDK. You agree that Google may stop (permanently or temporarily) providing the SDK (or any features within the SDK) to you or to users generally at Google's sole discretion, without prior notice to you.
2025-09-22T19:46:00.6151679Z 
2025-09-22T19:46:00.6152309Z 3.7 Nothing in the License Agreement gives you a right to use any of Google's trade names, trademarks, service marks, logos, domain names, or other distinctive brand features.
2025-09-22T19:46:00.6152839Z 
2025-09-22T19:46:00.6153329Z 3.8 You agree that you will not remove, obscure, or alter any proprietary rights notices (including copyright and trademark notices) that may be affixed to or contained within the SDK.
2025-09-22T19:46:00.6153891Z 
2025-09-22T19:46:00.6153965Z 4. Use of the SDK by You
2025-09-22T19:46:00.6154103Z 
2025-09-22T19:46:00.6154821Z 4.1 Google agrees that it obtains no right, title or interest from you (or your licensors) under the License Agreement in or to any software applications that you develop using the SDK, including any intellectual property rights that subsist in those applications.
2025-09-22T19:46:00.6155726Z 
2025-09-22T19:46:00.6156682Z 4.2 You agree to use the SDK and write applications only for purposes that are permitted by (a) the License Agreement and (b) any applicable law, regulation or generally accepted practices or guidelines in the relevant jurisdictions (including any laws regarding the export of data or software to and from the United States or other relevant countries).
2025-09-22T19:46:00.6157712Z 
2025-09-22T19:46:00.6159898Z 4.3 You agree that if you use the SDK to develop applications for general public users, you will protect the privacy and legal rights of those users. If the users provide you with user names, passwords, or other login information or personal information, you must make the users aware that the information will be available to your application, and you must provide legally adequate privacy notice and protection for those users. If your application stores personal or sensitive information provided by users, it must do so securely. If the user provides your application with Google Account information, your application may only use that information to access the user's Google Account when, and for the limited purposes for which, the user has given you permission to do so.
2025-09-22T19:46:00.6162305Z 
2025-09-22T19:46:00.6163286Z 4.4 You agree that you will not engage in any activity with the SDK, including the development or distribution of an application, that interferes with, disrupts, damages, or accesses in an unauthorized manner the servers, networks, or other properties or services of any third party including, but not limited to, Google or any mobile communications carrier.
2025-09-22T19:46:00.6164333Z 
2025-09-22T19:46:00.6165376Z 4.5 You agree that you are solely responsible for (and that Google has no responsibility to you or to any third party for) any data, content, or resources that you create, transmit or display through Android and/or applications for Android, and for the consequences of your actions (including any loss or damage which Google may suffer) by doing so.
2025-09-22T19:46:00.6166387Z 
2025-09-22T19:46:00.6167448Z 4.6 You agree that you are solely responsible for (and that Google has no responsibility to you or to any third party for) any breach of your obligations under the License Agreement, any applicable third party contract or Terms of Service, or any applicable law or regulation, and for the consequences (including any loss or damage which Google or any third party may suffer) of any such breach.
2025-09-22T19:46:00.6168581Z 
2025-09-22T19:46:00.6169375Z 4.7 The SDK is in development, and your testing and feedback are an important part of the development process. By using the SDK, you acknowledge that implementation of some features are still under development and that you should not rely on the SDK having the full functionality of a stable release.
2025-09-22T19:46:00.6170251Z 
2025-09-22T19:46:00.6170335Z 5. Your Developer Credentials
2025-09-22T19:46:00.6170478Z 
2025-09-22T19:46:00.6171247Z 5.1 You agree that you are responsible for maintaining the confidentiality of any developer credentials that may be issued to you by Google or which you may choose yourself and that you will be solely responsible for all applications that are developed under your developer credentials.
2025-09-22T19:46:00.6172240Z 
2025-09-22T19:46:00.6172323Z 6. Privacy and Information
2025-09-22T19:46:00.6172463Z 
2025-09-22T19:46:00.6173772Z 6.1 In order to continually innovate and improve the SDK, Google may collect certain usage statistics from the software including but not limited to a unique identifier, associated IP address, version number of the software, and information on which tools and/or services in the SDK are being used and how they are being used. Before any of this information is collected, the SDK will notify you and seek your consent. If you withhold consent, the information will not be collected.
2025-09-22T19:46:00.6175147Z 
2025-09-22T19:46:00.6175841Z 6.2 The data collected is examined in the aggregate to improve the SDK and is maintained in accordance with Google's Privacy Policy, which is located at the following URL: https://policies.google.com/privacy
2025-09-22T19:46:00.6176471Z 
2025-09-22T19:46:00.6176725Z 6.3 Anonymized and aggregated sets of the data may be shared with Google partners to improve the SDK.
2025-09-22T19:46:00.6177055Z 
2025-09-22T19:46:00.6177136Z 7. Third Party Applications
2025-09-22T19:46:00.6177279Z 
2025-09-22T19:46:00.6178892Z 7.1 If you use the SDK to run applications developed by a third party or that access data, content or resources provided by a third party, you agree that Google is not responsible for those applications, data, content, or resources. You understand that all data, content or resources which you may access through such third party applications are the sole responsibility of the person from which they originated and that Google is not liable for any loss or damage that you may experience as a result of the use or access of any of those third party applications, data, content, or resources.
2025-09-22T19:46:00.6180569Z 
2025-09-22T19:46:00.6181884Z 7.2 You should be aware that the data, content, and resources presented to you through such a third party application may be protected by intellectual property rights which are owned by the providers (or by other persons or companies on their behalf). You may not modify, rent, lease, loan, sell, distribute or create derivative works based on these data, content, or resources (either in whole or in part) unless you have been specifically given permission to do so by the relevant owners.
2025-09-22T19:46:00.6183448Z 
2025-09-22T19:46:00.6184297Z 7.3 You acknowledge that your use of such third party applications, data, content, or resources may be subject to separate terms between you and the relevant third party. In that case, the License Agreement does not affect your legal relationship with these third parties.
2025-09-22T19:46:00.6185099Z 
2025-09-22T19:46:00.6185184Z 8. Using Android APIs
2025-09-22T19:46:00.6185302Z 
2025-09-22T19:46:00.6185370Z 8.1 Google Data APIs
2025-09-22T19:46:00.6185487Z 
2025-09-22T19:46:00.6186813Z 8.1.1 If you use any API to retrieve data from Google, you acknowledge that the data may be protected by intellectual property rights which are owned by Google or those parties that provide the data (or by other persons or companies on their behalf). Your use of any such API may be subject to additional Terms of Service. You may not modify, rent, lease, loan, sell, distribute or create derivative works based on this data (either in whole or in part) unless allowed by the relevant Terms of Service.
2025-09-22T19:46:00.6188218Z 
2025-09-22T19:46:00.6190572Z 8.1.2 If you use any API to retrieve a user's data from Google, you acknowledge and agree that you shall retrieve data only with the user's explicit consent and only when, and for the limited purposes for which, the user has given you permission to do so. If you use the Android Recognition Service API, documented at the following URL: https://developer.android.com/reference/android/speech/RecognitionService, as updated from time to time, you acknowledge that the use of the API is subject to the Data Processing Addendum for Products where Google is a Data Processor, which is located at the following URL: https://privacy.google.com/businesses/gdprprocessorterms/, as updated from time to time. By clicking to accept, you hereby agree to the terms of the Data Processing Addendum for Products where Google is a Data Processor.
2025-09-22T19:46:00.6193177Z 
2025-09-22T19:46:00.6193271Z 9. Terminating this License Agreement
2025-09-22T19:46:00.6193434Z 
2025-09-22T19:46:00.6193728Z 9.1 The License Agreement will continue to apply until terminated by either you or Google as set out below.
2025-09-22T19:46:00.6194083Z 
2025-09-22T19:46:00.6194401Z 9.2 If you want to terminate the License Agreement, you may do so by ceasing your use of the SDK and any relevant developer credentials.
2025-09-22T19:46:00.6194953Z 
2025-09-22T19:46:00.6196636Z 9.3 Google may at any time, terminate the License Agreement with you if: (A) you have breached any provision of the License Agreement; or (B) Google is required to do so by law; or (C) the partner with whom Google offered certain parts of SDK (such as APIs) to you has terminated its relationship with Google or ceased to offer certain parts of the SDK to you; or (D) Google decides to no longer provide the SDK or certain parts of the SDK to users in the country in which you are resident or from which you use the service, or the provision of the SDK or certain SDK services to you by Google is, in Google's sole discretion, no longer commercially viable.
2025-09-22T19:46:00.6198378Z 
2025-09-22T19:46:00.6199593Z 9.4 When the License Agreement comes to an end, all of the legal rights, obligations and liabilities that you and Google have benefited from, been subject to (or which have accrued over time whilst the License Agreement has been in force) or which are expressed to continue indefinitely, shall be unaffected by this cessation, and the provisions of paragraph 14.7 shall continue to apply to such rights, obligations and liabilities indefinitely.
2025-09-22T19:46:00.6200883Z 
2025-09-22T19:46:00.6200965Z 10. DISCLAIMER OF WARRANTIES
2025-09-22T19:46:00.6201104Z 
2025-09-22T19:46:00.6201842Z 10.1 YOU EXPRESSLY UNDERSTAND AND AGREE THAT YOUR USE OF THE SDK IS AT YOUR SOLE RISK AND THAT THE SDK IS PROVIDED "AS IS" AND "AS AVAILABLE" WITHOUT WARRANTY OF ANY KIND FROM GOOGLE.
2025-09-22T19:46:00.6202589Z 
2025-09-22T19:46:00.6203424Z 10.2 YOUR USE OF THE SDK AND ANY MATERIAL DOWNLOADED OR OTHERWISE OBTAINED THROUGH THE USE OF THE SDK IS AT YOUR OWN DISCRETION AND RISK AND YOU ARE SOLELY RESPONSIBLE FOR ANY DAMAGE TO YOUR COMPUTER SYSTEM OR OTHER DEVICE OR LOSS OF DATA THAT RESULTS FROM SUCH USE.
2025-09-22T19:46:00.6204207Z 
2025-09-22T19:46:00.6204915Z 10.3 GOOGLE FURTHER EXPRESSLY DISCLAIMS ALL WARRANTIES AND CONDITIONS OF ANY KIND, WHETHER EXPRESS OR IMPLIED, INCLUDING, BUT NOT LIMITED TO THE IMPLIED WARRANTIES AND CONDITIONS OF MERCHANTABILITY, FITNESS FOR A PARTICULAR PURPOSE AND NON-INFRINGEMENT.
2025-09-22T19:46:00.6205701Z 
2025-09-22T19:46:00.6205785Z 11. LIMITATION OF LIABILITY
2025-09-22T19:46:00.6205919Z 
2025-09-22T19:46:00.6207117Z 11.1 YOU EXPRESSLY UNDERSTAND AND AGREE THAT GOOGLE, ITS SUBSIDIARIES AND AFFILIATES, AND ITS LICENSORS SHALL NOT BE LIABLE TO YOU UNDER ANY THEORY OF LIABILITY FOR ANY DIRECT, INDIRECT, INCIDENTAL, SPECIAL, CONSEQUENTIAL OR EXEMPLARY DAMAGES THAT MAY BE INCURRED BY YOU, INCLUDING ANY LOSS OF DATA, WHETHER OR NOT GOOGLE OR ITS REPRESENTATIVES HAVE BEEN ADVISED OF OR SHOULD HAVE BEEN AWARE OF THE POSSIBILITY OF ANY SUCH LOSSES ARISING.
2025-09-22T19:46:00.6208387Z 
2025-09-22T19:46:00.6208458Z 12. Indemnification
2025-09-22T19:46:00.6208574Z 
2025-09-22T19:46:00.6210562Z 12.1 To the maximum extent permitted by law, you agree to defend, indemnify and hold harmless Google, its affiliates and their respective directors, officers, employees and agents from and against any and all claims, actions, suits or proceedings, as well as any and all losses, liabilities, damages, costs and expenses (including reasonable attorneys fees) arising out of or accruing from (a) your use of the SDK, (b) any application you develop on the SDK that infringes any copyright, trademark, trade secret, trade dress, patent or other intellectual property right of any person or defames any person or violates their rights of publicity or privacy, and (c) any non-compliance by you with the License Agreement.
2025-09-22T19:46:00.6213167Z 
2025-09-22T19:46:00.6213322Z 13. Changes to the License Agreement
2025-09-22T19:46:00.6213572Z 
2025-09-22T19:46:00.6214624Z 13.1 Google may make changes to the License Agreement as it distributes new versions of the SDK. When these changes are made, Google will make a new version of the License Agreement available on the website where the SDK is made available.
2025-09-22T19:46:00.6215881Z 
2025-09-22T19:46:00.6216004Z 14. General Legal Terms
2025-09-22T19:46:00.6216390Z 
2025-09-22T19:46:00.6217882Z 14.1 The License Agreement constitutes the whole legal agreement between you and Google and governs your use of the SDK (excluding any services which Google may provide to you under a separate written agreement), and completely replaces any prior agreements between you and Google in relation to the SDK.
2025-09-22T19:46:00.6219511Z 
2025-09-22T19:46:00.6221011Z 14.2 You agree that if Google does not exercise or enforce any legal right or remedy which is contained in the License Agreement (or which Google has the benefit of under any applicable law), this will not be taken to be a formal waiver of Google's rights and that those rights or remedies will still be available to Google.
2025-09-22T19:46:00.6222843Z 
2025-09-22T19:46:00.6224563Z 14.3 If any court of law, having the jurisdiction to decide on this matter, rules that any provision of the License Agreement is invalid, then that provision will be removed from the License Agreement without affecting the rest of the License Agreement. The remaining provisions of the License Agreement will continue to be valid and enforceable.
2025-09-22T19:46:00.6226434Z 
2025-09-22T19:46:00.6228547Z 14.4 You acknowledge and agree that each member of the group of companies of which Google is the parent shall be third party beneficiaries to the License Agreement and that such other companies shall be entitled to directly enforce, and rely upon, any provision of the License Agreement that confers a benefit on (or rights in favor of) them. Other than this, no other person or company shall be third party beneficiaries to the License Agreement.
2025-09-22T19:46:00.6230822Z 
2025-09-22T19:46:00.6232509Z 14.5 EXPORT RESTRICTIONS. THE SDK IS SUBJECT TO UNITED STATES EXPORT LAWS AND REGULATIONS. YOU MUST COMPLY WITH ALL DOMESTIC AND INTERNATIONAL EXPORT LAWS AND REGULATIONS THAT APPLY TO THE SDK. THESE LAWS INCLUDE RESTRICTIONS ON DESTINATIONS, END USERS AND END USE.
2025-09-22T19:46:00.6233996Z 
2025-09-22T19:46:00.6235717Z 14.6 The rights granted in the License Agreement may not be assigned or transferred by either you or Google without the prior written approval of the other party. Neither you nor Google shall be permitted to delegate their responsibilities or obligations under the License Agreement without the prior written approval of the other party.
2025-09-22T19:46:00.6237567Z 
2025-09-22T19:46:00.6240415Z 14.7 The License Agreement, and your relationship with Google under the License Agreement, shall be governed by the laws of the State of California without regard to its conflict of laws provisions. You and Google agree to submit to the exclusive jurisdiction of the courts located within the county of Santa Clara, California to resolve any legal matter arising from the License Agreement. Notwithstanding this, you agree that Google shall still be allowed to apply for injunctive remedies (or an equivalent type of urgent legal relief) in any jurisdiction.
2025-09-22T19:46:00.6243635Z ---------------------------------------
2025-09-22T19:46:00.6244025Z Accept? (y/N): 
2025-09-22T19:46:00.6244364Z 3/6: License android-sdk-arm-dbt-license:
2025-09-22T19:46:00.6244783Z ---------------------------------------
2025-09-22T19:46:00.6245161Z Terms and Conditions
2025-09-22T19:46:00.6245355Z 
2025-09-22T19:46:00.6245597Z This is the Android Software Development Kit License Agreement
2025-09-22T19:46:00.6245999Z 
2025-09-22T19:46:00.6246115Z 1. Introduction
2025-09-22T19:46:00.6246288Z 
2025-09-22T19:46:00.6248109Z 1.1 The Android Software Development Kit (referred to in the License Agreement as the "SDK" and specifically including the Android system files, packaged APIs, and Google APIs add-ons) is licensed to you subject to the terms of the License Agreement. The License Agreement forms a legally binding contract between you and Google in relation to your use of the SDK.
2025-09-22T19:46:00.6250053Z 
2025-09-22T19:46:00.6251087Z 1.2 "Android" means the Android software stack for devices, as made available under the Android Open Source Project, which is located at the following URL: http://source.android.com/, as updated from time to time.
2025-09-22T19:46:00.6252573Z 
2025-09-22T19:46:00.6254345Z 1.3 A "compatible implementation" means any Android device that (i) complies with the Android Compatibility Definition document, which can be found at the Android compatibility website (http://source.android.com/compatibility) and which may be updated from time to time; and (ii) successfully passes the Android Compatibility Test Suite (CTS).
2025-09-22T19:46:00.6256250Z 
2025-09-22T19:46:00.6256989Z 1.4 "Google" means Google Inc., a Delaware corporation with principal place of business at 1600 Amphitheatre Parkway, Mountain View, CA 94043, United States.
2025-09-22T19:46:00.6257878Z 
2025-09-22T19:46:00.6257884Z 
2025-09-22T19:46:00.6258039Z 2. Accepting the License Agreement
2025-09-22T19:46:00.6258303Z 
2025-09-22T19:46:00.6258885Z 2.1 In order to use the SDK, you must first agree to the License Agreement. You may not use the SDK if you do not accept the License Agreement.
2025-09-22T19:46:00.6259633Z 
2025-09-22T19:46:00.6259954Z 2.2 By clicking to accept, you hereby agree to the terms of the License Agreement.
2025-09-22T19:46:00.6260432Z 
2025-09-22T19:46:00.6261594Z 2.3 You may not use the SDK and may not accept the License Agreement if you are a person barred from receiving the SDK under the laws of the United States or other countries, including the country in which you are resident or from which you use the SDK.
2025-09-22T19:46:00.6263063Z 
2025-09-22T19:46:00.6264972Z 2.4 If you are agreeing to be bound by the License Agreement on behalf of your employer or other entity, you represent and warrant that you have full legal authority to bind your employer or such entity to the License Agreement. If you do not have the requisite authority, you may not accept the License Agreement or use the SDK on behalf of your employer or other entity.
2025-09-22T19:46:00.6266867Z 
2025-09-22T19:46:00.6266873Z 
2025-09-22T19:46:00.6267005Z 3. SDK License from Google
2025-09-22T19:46:00.6267242Z 
2025-09-22T19:46:00.6268512Z 3.1 Subject to the terms of the License Agreement, Google grants you a limited, worldwide, royalty-free, non-assignable, non-exclusive, and non-sublicensable license to use the SDK solely to develop applications for compatible implementations of Android.
2025-09-22T19:46:00.6269927Z 
2025-09-22T19:46:00.6271619Z 3.2 You may not use this SDK to develop applications for other platforms (including non-compatible implementations of Android) or to develop another SDK. You are of course free to develop applications for other platforms, including non-compatible implementations of Android, provided that this SDK is not used for that purpose.
2025-09-22T19:46:00.6273583Z 
2025-09-22T19:46:00.6275505Z 3.3 You agree that Google or third parties own all legal right, title and interest in and to the SDK, including any Intellectual Property Rights that subsist in the SDK. "Intellectual Property Rights" means any and all rights under patent law, copyright law, trade secret law, trademark law, and any and all other proprietary rights. Google reserves all rights not expressly granted to you.
2025-09-22T19:46:00.6277607Z 
2025-09-22T19:46:00.6279241Z 3.4 You may not use the SDK for any purpose not expressly permitted by the License Agreement. Except to the extent required by applicable third party licenses, you may not copy (except for backup purposes), modify, adapt, redistribute, decompile, reverse engineer, disassemble, or create derivative works of the SDK or any part of the SDK.
2025-09-22T19:46:00.6281033Z 
2025-09-22T19:46:00.6282167Z 3.5 Use, reproduction and distribution of components of the SDK licensed under an open source software license are governed solely by the terms of that open source software license and not the License Agreement.
2025-09-22T19:46:00.6283321Z 
2025-09-22T19:46:00.6285382Z 3.6 You agree that the form and nature of the SDK that Google provides may change without prior notice to you and that future versions of the SDK may be incompatible with applications developed on previous versions of the SDK. You agree that Google may stop (permanently or temporarily) providing the SDK (or any features within the SDK) to you or to users generally at Google's sole discretion, without prior notice to you.
2025-09-22T19:46:00.6287730Z 
2025-09-22T19:46:00.6288534Z 3.7 Nothing in the License Agreement gives you a right to use any of Google's trade names, trademarks, service marks, logos, domain names, or other distinctive brand features.
2025-09-22T19:46:00.6289480Z 
2025-09-22T19:46:00.6290358Z 3.8 You agree that you will not remove, obscure, or alter any proprietary rights notices (including copyright and trademark notices) that may be affixed to or contained within the SDK.
2025-09-22T19:46:00.6291395Z 
2025-09-22T19:46:00.6291402Z 
2025-09-22T19:46:00.6291529Z 4. Use of the SDK by You
2025-09-22T19:46:00.6291796Z 
2025-09-22T19:46:00.6293200Z 4.1 Google agrees that it obtains no right, title or interest from you (or your licensors) under the License Agreement in or to any software applications that you develop using the SDK, including any intellectual property rights that subsist in those applications.
2025-09-22T19:46:00.6294642Z 
2025-09-22T19:46:00.6296405Z 4.2 You agree to use the SDK and write applications only for purposes that are permitted by (a) the License Agreement and (b) any applicable law, regulation or generally accepted practices or guidelines in the relevant jurisdictions (including any laws regarding the export of data or software to and from the United States or other relevant countries).
2025-09-22T19:46:00.6298292Z 
2025-09-22T19:46:00.6302656Z 4.3 You agree that if you use the SDK to develop applications for general public users, you will protect the privacy and legal rights of those users. If the users provide you with user names, passwords, or other login information or personal information, you must make the users aware that the information will be available to your application, and you must provide legally adequate privacy notice and protection for those users. If your application stores personal or sensitive information provided by users, it must do so securely. If the user provides your application with Google Account information, your application may only use that information to access the user's Google Account when, and for the limited purposes for which, the user has given you permission to do so.
2025-09-22T19:46:00.6306757Z 
2025-09-22T19:46:00.6308524Z 4.4 You agree that you will not engage in any activity with the SDK, including the development or distribution of an application, that interferes with, disrupts, damages, or accesses in an unauthorized manner the servers, networks, or other properties or services of any third party including, but not limited to, Google or any mobile communications carrier.
2025-09-22T19:46:00.6310401Z 
2025-09-22T19:46:00.6312270Z 4.5 You agree that you are solely responsible for (and that Google has no responsibility to you or to any third party for) any data, content, or resources that you create, transmit or display through Android and/or applications for Android, and for the consequences of your actions (including any loss or damage which Google may suffer) by doing so.
2025-09-22T19:46:00.6314128Z 
2025-09-22T19:46:00.6316030Z 4.6 You agree that you are solely responsible for (and that Google has no responsibility to you or to any third party for) any breach of your obligations under the License Agreement, any applicable third party contract or Terms of Service, or any applicable law or regulation, and for the consequences (including any loss or damage which Google or any third party may suffer) of any such breach.
2025-09-22T19:46:00.6318096Z 
2025-09-22T19:46:00.6320611Z 4.7 This software enables the execution of intellectual property owned by Arm Limited. You agree that your use of the software, that allows execution of ARM Instruction Set Architecture (“ISA”) compliant executables for application development and debug only on x86 desktop, laptop, customer on-premise servers, and customer-procured cloud-based environments.
2025-09-22T19:46:00.6322993Z 
2025-09-22T19:46:00.6323137Z 5. Your Developer Credentials
2025-09-22T19:46:00.6323381Z 
2025-09-22T19:46:00.6324812Z 5.1 You agree that you are responsible for maintaining the confidentiality of any developer credentials that may be issued to you by Google or which you may choose yourself and that you will be solely responsible for all applications that are developed under your developer credentials.
2025-09-22T19:46:00.6326379Z 
2025-09-22T19:46:00.6326516Z 6. Privacy and Information
2025-09-22T19:46:00.6326760Z 
2025-09-22T19:46:00.6329187Z 6.1 In order to continually innovate and improve the SDK, Google may collect certain usage statistics from the software including but not limited to a unique identifier, associated IP address, version number of the software, and information on which tools and/or services in the SDK are being used and how they are being used. Before any of this information is collected, the SDK will notify you and seek your consent. If you withhold consent, the information will not be collected.
2025-09-22T19:46:00.6331729Z 
2025-09-22T19:46:00.6332445Z 6.2 The data collected is examined in the aggregate to improve the SDK and is maintained in accordance with Google's Privacy Policy.
2025-09-22T19:46:00.6333190Z 
2025-09-22T19:46:00.6333196Z 
2025-09-22T19:46:00.6333338Z 7. Third Party Applications
2025-09-22T19:46:00.6333575Z 
2025-09-22T19:46:00.6370657Z 7.1 If you use the SDK to run applications developed by a third party or that access data, content or resources provided by a third party, you agree that Google is not responsible for those applications, data, content, or resources. You understand that all data, content or resources which you may access through such third party applications are the sole responsibility of the person from which they originated and that Google is not liable for any loss or damage that you may experience as a result of the use or access of any of those third party applications, data, content, or resources.
2025-09-22T19:46:00.6373942Z 
2025-09-22T19:46:00.6376483Z 7.2 You should be aware the data, content, and resources presented to you through such a third party application may be protected by intellectual property rights which are owned by the providers (or by other persons or companies on their behalf). You may not modify, rent, lease, loan, sell, distribute or create derivative works based on these data, content, or resources (either in whole or in part) unless you have been specifically given permission to do so by the relevant owners.
2025-09-22T19:46:00.6379104Z 
2025-09-22T19:46:00.6380467Z 7.3 You acknowledge that your use of such third party applications, data, content, or resources may be subject to separate terms between you and the relevant third party. In that case, the License Agreement does not affect your legal relationship with these third parties.
2025-09-22T19:46:00.6382303Z 
2025-09-22T19:46:00.6382310Z 
2025-09-22T19:46:00.6382453Z 8. Using Android APIs
2025-09-22T19:46:00.6382692Z 
2025-09-22T19:46:00.6382809Z 8.1 Google Data APIs
2025-09-22T19:46:00.6383082Z 
2025-09-22T19:46:00.6385372Z 8.1.1 If you use any API to retrieve data from Google, you acknowledge that the data may be protected by intellectual property rights which are owned by Google or those parties that provide the data (or by other persons or companies on their behalf). Your use of any such API may be subject to additional Terms of Service. You may not modify, rent, lease, loan, sell, distribute or create derivative works based on this data (either in whole or in part) unless allowed by the relevant Terms of Service.
2025-09-22T19:46:00.6387268Z 
2025-09-22T19:46:00.6389663Z 8.1.2 If you use any API to retrieve a user's data from Google, you acknowledge and agree that you shall retrieve data only with the user's explicit consent and only when, and for the limited purposes for which, the user has given you permission to do so. If you use the Android Recognition Service API, documented at the following URL: https://developer.android.com/reference/android/speech/RecognitionService, as updated from time to time, you acknowledge that the use of the API is subject to the Data Processing Addendum for Products where Google is a Data Processor, which is located at the following URL: https://privacy.google.com/businesses/gdprprocessorterms/, as updated from time to time. By clicking to accept, you hereby agree to the terms of the Data Processing Addendum for Products where Google is a Data Processor.
2025-09-22T19:46:00.6392500Z 
2025-09-22T19:46:00.6392505Z 
2025-09-22T19:46:00.6392615Z 9. Terminating the License Agreement
2025-09-22T19:46:00.6392784Z 
2025-09-22T19:46:00.6393064Z 9.1 The License Agreement will continue to apply until terminated by either you or Google as set out below.
2025-09-22T19:46:00.6393431Z 
2025-09-22T19:46:00.6393762Z 9.2 If you want to terminate the License Agreement, you may do so by ceasing your use of the SDK and any relevant developer credentials.
2025-09-22T19:46:00.6394165Z 
2025-09-22T19:46:00.6395858Z 9.3 Google may at any time, terminate the License Agreement with you if: (A) you have breached any provision of the License Agreement; or (B) Google is required to do so by law; or (C) the partner with whom Google offered certain parts of SDK (such as APIs) to you has terminated its relationship with Google or ceased to offer certain parts of the SDK to you; or (D) Google decides to no longer provide the SDK or certain parts of the SDK to users in the country in which you are resident or from which you use the service, or the provision of the SDK or certain SDK services to you by Google is, in Google's sole discretion, no longer commercially viable.
2025-09-22T19:46:00.6398188Z 
2025-09-22T19:46:00.6400739Z 9.4 When the License Agreement comes to an end, all of the legal rights, obligations and liabilities that you and Google have benefited from, been subject to (or which have accrued over time whilst the License Agreement has been in force) or which are expressed to continue indefinitely, shall be unaffected by this cessation, and the provisions of paragraph 14.7 shall continue to apply to such rights, obligations and liabilities indefinitely.
2025-09-22T19:46:00.6403018Z 
2025-09-22T19:46:00.6403025Z 
2025-09-22T19:46:00.6403138Z 10. DISCLAIMER OF WARRANTIES
2025-09-22T19:46:00.6403302Z 
2025-09-22T19:46:00.6403751Z 10.1 YOU EXPRESSLY UNDERSTAND AND AGREE THAT YOUR USE OF THE SDK IS AT YOUR SOLE RISK AND THAT THE SDK IS PROVIDED "AS IS" AND "AS AVAILABLE" WITHOUT WARRANTY OF ANY KIND FROM GOOGLE.
2025-09-22T19:46:00.6404275Z 
2025-09-22T19:46:00.6404974Z 10.2 YOUR USE OF THE SDK AND ANY MATERIAL DOWNLOADED OR OTHERWISE OBTAINED THROUGH THE USE OF THE SDK IS AT YOUR OWN DISCRETION AND RISK AND YOU ARE SOLELY RESPONSIBLE FOR ANY DAMAGE TO YOUR COMPUTER SYSTEM OR OTHER DEVICE OR LOSS OF DATA THAT RESULTS FROM SUCH USE.
2025-09-22T19:46:00.6405739Z 
2025-09-22T19:46:00.6406458Z 10.3 GOOGLE FURTHER EXPRESSLY DISCLAIMS ALL WARRANTIES AND CONDITIONS OF ANY KIND, WHETHER EXPRESS OR IMPLIED, INCLUDING, BUT NOT LIMITED TO THE IMPLIED WARRANTIES AND CONDITIONS OF MERCHANTABILITY, FITNESS FOR A PARTICULAR PURPOSE AND NON-INFRINGEMENT.
2025-09-22T19:46:00.6407250Z 
2025-09-22T19:46:00.6407254Z 
2025-09-22T19:46:00.6407338Z 11. LIMITATION OF LIABILITY
2025-09-22T19:46:00.6407478Z 
2025-09-22T19:46:00.6408672Z 11.1 YOU EXPRESSLY UNDERSTAND AND AGREE THAT GOOGLE, ITS SUBSIDIARIES AND AFFILIATES, AND ITS LICENSORS SHALL NOT BE LIABLE TO YOU UNDER ANY THEORY OF LIABILITY FOR ANY DIRECT, INDIRECT, INCIDENTAL, SPECIAL, CONSEQUENTIAL OR EXEMPLARY DAMAGES THAT MAY BE INCURRED BY YOU, INCLUDING ANY LOSS OF DATA, WHETHER OR NOT GOOGLE OR ITS REPRESENTATIVES HAVE BEEN ADVISED OF OR SHOULD HAVE BEEN AWARE OF THE POSSIBILITY OF ANY SUCH LOSSES ARISING.
2025-09-22T19:46:00.6409935Z 
2025-09-22T19:46:00.6409939Z 
2025-09-22T19:46:00.6410013Z 12. Indemnification
2025-09-22T19:46:00.6410126Z 
2025-09-22T19:46:00.6412288Z 12.1 To the maximum extent permitted by law, you agree to defend, indemnify and hold harmless Google, its affiliates and their respective directors, officers, employees and agents from and against any and all claims, actions, suits or proceedings, as well as any and all losses, liabilities, damages, costs and expenses (including reasonable attorneys fees) arising out of or accruing from (a) your use of the SDK, (b) any application you develop on the SDK that infringes any copyright, trademark, trade secret, trade dress, patent or other intellectual property right of any person or defames any person or violates their rights of publicity or privacy, and (c) any non-compliance by you with the License Agreement.
2025-09-22T19:46:00.6414508Z 
2025-09-22T19:46:00.6414512Z 
2025-09-22T19:46:00.6414607Z 13. Changes to the License Agreement
2025-09-22T19:46:00.6414765Z 
2025-09-22T19:46:00.6415383Z 13.1 Google may make changes to the License Agreement as it distributes new versions of the SDK. When these changes are made, Google will make a new version of the License Agreement available on the website where the SDK is made available.
2025-09-22T19:46:00.6416083Z 
2025-09-22T19:46:00.6416087Z 
2025-09-22T19:46:00.6416161Z 14. General Legal Terms
2025-09-22T19:46:00.6416279Z 
2025-09-22T19:46:00.6417115Z 14.1 The License Agreement constitutes the whole legal agreement between you and Google and governs your use of the SDK (excluding any services which Google may provide to you under a separate written agreement), and completely replaces any prior agreements between you and Google in relation to the SDK.
2025-09-22T19:46:00.6418026Z 
2025-09-22T19:46:00.6418967Z 14.2 You agree that if Google does not exercise or enforce any legal right or remedy which is contained in the License Agreement (or which Google has the benefit of under any applicable law), this will not be taken to be a formal waiver of Google's rights and that those rights or remedies will still be available to Google.
2025-09-22T19:46:00.6419886Z 
2025-09-22T19:46:00.6420817Z 14.3 If any court of law, having the jurisdiction to decide on this matter, rules that any provision of the License Agreement is invalid, then that provision will be removed from the License Agreement without affecting the rest of the License Agreement. The remaining provisions of the License Agreement will continue to be valid and enforceable.
2025-09-22T19:46:00.6421829Z 
2025-09-22T19:46:00.6423188Z 14.4 You acknowledge and agree that each member of the group of companies of which Google is the parent shall be third party beneficiaries to the License Agreement and that such other companies shall be entitled to directly enforce, and rely upon, any provision of the License Agreement that confers a benefit on (or rights in favor of) them. Other than this, no other person or company shall be third party beneficiaries to the License Agreement.
2025-09-22T19:46:00.6424470Z 
2025-09-22T19:46:00.6425198Z 14.5 EXPORT RESTRICTIONS. THE SDK IS SUBJECT TO UNITED STATES EXPORT LAWS AND REGULATIONS. YOU MUST COMPLY WITH ALL DOMESTIC AND INTERNATIONAL EXPORT LAWS AND REGULATIONS THAT APPLY TO THE SDK. THESE LAWS INCLUDE RESTRICTIONS ON DESTINATIONS, END USERS AND END USE.
2025-09-22T19:46:00.6425999Z 
2025-09-22T19:46:00.6426944Z 14.6 The rights granted in the License Agreement may not be assigned or transferred by either you or Google without the prior written approval of the other party. Neither you nor Google shall be permitted to delegate their responsibilities or obligations under the License Agreement without the prior written approval of the other party.
2025-09-22T19:46:00.6427953Z 
2025-09-22T19:46:00.6429514Z 14.7 The License Agreement, and your relationship with Google under the License Agreement, shall be governed by the laws of the State of California without regard to its conflict of laws provisions. You and Google agree to submit to the exclusive jurisdiction of the courts located within the county of Santa Clara, California to resolve any legal matter arising from the License Agreement. Notwithstanding this, you agree that Google shall still be allowed to apply for injunctive remedies (or an equivalent type of urgent legal relief) in any jurisdiction.
2025-09-22T19:46:00.6431248Z 
2025-09-22T19:46:00.6431252Z 
2025-09-22T19:46:00.6431332Z January 16, 2019
2025-09-22T19:46:00.6431514Z ---------------------------------------
2025-09-22T19:46:00.6431743Z Accept? (y/N): 
2025-09-22T19:46:00.6432105Z 4/6: License android-sdk-preview-license:
2025-09-22T19:46:00.6432375Z ---------------------------------------
2025-09-22T19:46:00.6433574Z To get started with the Android SDK Preview, you must agree to the following terms and conditions. As described below, please note that this is a preview version of the Android SDK, subject to change, that you use at your own risk. The Android SDK Preview is not a stable release, and may contain errors and defects that can result in serious damage to your computer systems, devices and data.
2025-09-22T19:46:00.6434692Z 
2025-09-22T19:46:00.6434875Z This is the Android SDK Preview License Agreement (the "License Agreement").
2025-09-22T19:46:00.6435153Z 
2025-09-22T19:46:00.6435222Z 1. Introduction
2025-09-22T19:46:00.6435331Z 
2025-09-22T19:46:00.6436822Z 1.1 The Android SDK Preview (referred to in the License Agreement as the “Preview” and specifically including the Android system files, packaged APIs, and Preview library files, if and when they are made available) is licensed to you subject to the terms of the License Agreement. The License Agreement forms a legally binding contract between you and Google in relation to your use of the Preview.
2025-09-22T19:46:00.6437998Z 
2025-09-22T19:46:00.6438580Z 1.2 "Android" means the Android software stack for devices, as made available under the Android Open Source Project, which is located at the following URL: http://source.android.com/, as updated from time to time.
2025-09-22T19:46:00.6439234Z 
2025-09-22T19:46:00.6439777Z 1.3 "Google" means Google Inc., a Delaware corporation with principal place of business at 1600 Amphitheatre Parkway, Mountain View, CA 94043, United States.
2025-09-22T19:46:00.6440273Z 
2025-09-22T19:46:00.6440371Z 2. Accepting the License Agreement
2025-09-22T19:46:00.6440535Z 
2025-09-22T19:46:00.6440895Z 2.1 In order to use the Preview, you must first agree to the License Agreement. You may not use the Preview if you do not accept the License Agreement.
2025-09-22T19:46:00.6441343Z 
2025-09-22T19:46:00.6441597Z 2.2 By clicking to accept and/or using the Preview, you hereby agree to the terms of the License Agreement.
2025-09-22T19:46:00.6442188Z 
2025-09-22T19:46:00.6442942Z 2.3 You may not use the Preview and may not accept the License Agreement if you are a person barred from receiving the Preview under the laws of the United States or other countries including the country in which you are resident or from which you use the Preview.
2025-09-22T19:46:00.6443719Z 
2025-09-22T19:46:00.6444919Z 2.4 If you will use the Preview internally within your company or organization you agree to be bound by the License Agreement on behalf of your employer or other entity, and you represent and warrant that you have full legal authority to bind your employer or such entity to the License Agreement. If you do not have the requisite authority, you may not accept the License Agreement or use the Preview on behalf of your employer or other entity.
2025-09-22T19:46:00.6446188Z 
2025-09-22T19:46:00.6446270Z 3. Preview License from Google
2025-09-22T19:46:00.6446417Z 
2025-09-22T19:46:00.6447292Z 3.1 Subject to the terms of the License Agreement, Google grants you a royalty-free, non-assignable, non-exclusive, non-sublicensable, limited, revocable license to use the Preview, personally or internally within your company or organization, solely to develop applications to run on the Android platform.
2025-09-22T19:46:00.6448236Z 
2025-09-22T19:46:00.6449901Z 3.2 You agree that Google or third parties owns all legal right, title and interest in and to the Preview, including any Intellectual Property Rights that subsist in the Preview. "Intellectual Property Rights" means any and all rights under patent law, copyright law, trade secret law, trademark law, and any and all other proprietary rights. Google reserves all rights not expressly granted to you.
2025-09-22T19:46:00.6451372Z 
2025-09-22T19:46:00.6453265Z 3.3 You may not use the Preview for any purpose not expressly permitted by the License Agreement. Except to the extent required by applicable third party licenses, you may not: (a) copy (except for backup purposes), modify, adapt, redistribute, decompile, reverse engineer, disassemble, or create derivative works of the Preview or any part of the Preview; or (b) load any part of the Preview onto a mobile handset or any other hardware device except a personal computer, combine any part of the Preview with other software, or distribute any software or device incorporating a part of the Preview.
2025-09-22T19:46:00.6454983Z 
2025-09-22T19:46:00.6455685Z 3.4 You agree that you will not take any actions that may cause or result in the fragmentation of Android, including but not limited to distributing, participating in the creation of, or promoting in any way a software development kit derived from the Preview.
2025-09-22T19:46:00.6456457Z 
2025-09-22T19:46:00.6457623Z 3.5 Use, reproduction and distribution of components of the Preview licensed under an open source software license are governed solely by the terms of that open source software license and not the License Agreement. You agree to remain a licensee in good standing in regard to such open source software licenses under all the rights granted and to refrain from any actions that may terminate, suspend, or breach such rights.
2025-09-22T19:46:00.6458859Z 
2025-09-22T19:46:00.6460204Z 3.6 You agree that the form and nature of the Preview that Google provides may change without prior notice to you and that future versions of the Preview may be incompatible with applications developed on previous versions of the Preview. You agree that Google may stop (permanently or temporarily) providing the Preview (or any features within the Preview) to you or to users generally at Google's sole discretion, without prior notice to you.
2025-09-22T19:46:00.6461655Z 
2025-09-22T19:46:00.6462627Z 3.7 Nothing in the License Agreement gives you a right to use any of Google's trade names, trademarks, service marks, logos, domain names, or other distinctive brand features.
2025-09-22T19:46:00.6463552Z 
2025-09-22T19:46:00.6464072Z 3.8 You agree that you will not remove, obscure, or alter any proprietary rights notices (including copyright and trademark notices) that may be affixed to or contained within the Preview.
2025-09-22T19:46:00.6464658Z 
2025-09-22T19:46:00.6464739Z 4. Use of the Preview by You
2025-09-22T19:46:00.6464887Z 
2025-09-22T19:46:00.6465724Z 4.1 Google agrees that nothing in the License Agreement gives Google any right, title or interest from you (or your licensors) under the License Agreement in or to any software applications that you develop using the Preview, including any intellectual property rights that subsist in those applications.
2025-09-22T19:46:00.6466635Z 
2025-09-22T19:46:00.6467614Z 4.2 You agree to use the Preview and write applications only for purposes that are permitted by (a) the License Agreement, and (b) any applicable law, regulation or generally accepted practices or guidelines in the relevant jurisdictions (including any laws regarding the export of data or software to and from the United States or other relevant countries).
2025-09-22T19:46:00.6468671Z 
2025-09-22T19:46:00.6470861Z 4.3 You agree that if you use the Preview to develop applications, you will protect the privacy and legal rights of users. If users provide you with user names, passwords, or other login information or personal information, you must make the users aware that the information will be available to your application, and you must provide legally adequate privacy notice and protection for those users. If your application stores personal or sensitive information provided by users, it must do so securely. If users provide you with Google Account information, your application may only use that information to access the user's Google Account when, and for the limited purposes for which, each user has given you permission to do so.
2025-09-22T19:46:00.6474081Z 
2025-09-22T19:46:00.6474915Z 4.4 You agree that you will not engage in any activity with the Preview, including the development or distribution of an application, that interferes with, disrupts, damages, or accesses in an unauthorized manner the servers, networks, or other properties or services of Google or any third party.
2025-09-22T19:46:00.6476443Z 
2025-09-22T19:46:00.6478185Z 4.5 You agree that you are solely responsible for (and that Google has no responsibility to you or to any third party for) any data, content, or resources that you create, transmit or display through Android and/or applications for Android, and for the consequences of your actions (including any loss or damage which Google may suffer) by doing so.
2025-09-22T19:46:00.6480188Z 
2025-09-22T19:46:00.6482351Z 4.6 You agree that you are solely responsible for (and that Google has no responsibility to you or to any third party for) any breach of your obligations under the License Agreement, any applicable third party contract or Terms of Service, or any applicable law or regulation, and for the consequences (including any loss or damage which Google or any third party may suffer) of any such breach.
2025-09-22T19:46:00.6484486Z 
2025-09-22T19:46:00.6487195Z 4.7 The Preview is in development, and your testing and feedback are an important part of the development process. By using the Preview, you acknowledge that implementation of some features are still under development and that you should not rely on the Preview having the full functionality of a stable release. You agree not to publicly distribute or ship any application using this Preview as this Preview will no longer be supported after the official Android SDK is released.
2025-09-22T19:46:00.6489838Z 
2025-09-22T19:46:00.6489997Z 5. Your Developer Credentials
2025-09-22T19:46:00.6490268Z 
2025-09-22T19:46:00.6491726Z 5.1 You agree that you are responsible for maintaining the confidentiality of any developer credentials that may be issued to you by Google or which you may choose yourself and that you will be solely responsible for all applications that are developed under your developer credentials.
2025-09-22T19:46:00.6493522Z 
2025-09-22T19:46:00.6493679Z 6. Privacy and Information
2025-09-22T19:46:00.6493924Z 
2025-09-22T19:46:00.6495688Z 6.1 In order to continually innovate and improve the Preview, Google may collect certain usage statistics from the software including but not limited to a unique identifier, associated IP address, version number of the software, and information on which tools and/or services in the Preview are being used and how they are being used. Before any of this information is collected, the Preview will notify you and seek your consent. If you withhold consent, the information will not be collected.
2025-09-22T19:46:00.6497168Z 
2025-09-22T19:46:00.6497701Z 6.2 The data collected is examined in the aggregate to improve the Preview and is maintained in accordance with Google's Privacy Policy located at http://www.google.com/policies/privacy/.
2025-09-22T19:46:00.6498305Z 
2025-09-22T19:46:00.6498392Z 7. Third Party Applications
2025-09-22T19:46:00.6498540Z 
2025-09-22T19:46:00.6500261Z 7.1 If you use the Preview to run applications developed by a third party or that access data, content or resources provided by a third party, you agree that Google is not responsible for those applications, data, content, or resources. You understand that all data, content or resources which you may access through such third party applications are the sole responsibility of the person from which they originated and that Google is not liable for any loss or damage that you may experience as a result of the use or access of any of those third party applications, data, content, or resources.
2025-09-22T19:46:00.6502161Z 
2025-09-22T19:46:00.6503507Z 7.2 You should be aware the data, content, and resources presented to you through such a third party application may be protected by intellectual property rights which are owned by the providers (or by other persons or companies on their behalf). You may not modify, rent, lease, loan, sell, distribute or create derivative works based on these data, content, or resources (either in whole or in part) unless you have been specifically given permission to do so by the relevant owners.
2025-09-22T19:46:00.6505087Z 
2025-09-22T19:46:00.6505530Z 7.3 You acknowledge that your use of such third party applications, data, content, or resources may be subject to separate terms between you and the relevant third party.
2025-09-22T19:46:00.6506055Z 
2025-09-22T19:46:00.6506128Z 8. Using Google APIs
2025-09-22T19:46:00.6506248Z 
2025-09-22T19:46:00.6506321Z 8.1 Google APIs
2025-09-22T19:46:00.6506424Z 
2025-09-22T19:46:00.6507766Z 8.1.1 If you use any API to retrieve data from Google, you acknowledge that the data may be protected by intellectual property rights which are owned by Google or those parties that provide the data (or by other persons or companies on their behalf). Your use of any such API may be subject to additional Terms of Service. You may not modify, rent, lease, loan, sell, distribute or create derivative works based on this data (either in whole or in part) unless allowed by the relevant Terms of Service.
2025-09-22T19:46:00.6509183Z 
2025-09-22T19:46:00.6509833Z 8.1.2 If you use any API to retrieve a user's data from Google, you acknowledge and agree that you shall retrieve data only with the user's explicit consent and only when, and for the limited purposes for which, the user has given you permission to do so.
2025-09-22T19:46:00.6510565Z 
2025-09-22T19:46:00.6510654Z 9. Terminating the License Agreement
2025-09-22T19:46:00.6510814Z 
2025-09-22T19:46:00.6511195Z 9.1 the License Agreement will continue to apply until terminated by either you or Google as set out below.
2025-09-22T19:46:00.6511557Z 
2025-09-22T19:46:00.6511890Z 9.2 If you want to terminate the License Agreement, you may do so by ceasing your use of the Preview and any relevant developer credentials.
2025-09-22T19:46:00.6512501Z 
2025-09-22T19:46:00.6512753Z 9.3 Google may at any time, terminate the License Agreement, with or without cause, upon notice to you.
2025-09-22T19:46:00.6513085Z 
2025-09-22T19:46:00.6513980Z 9.4 The License Agreement will automatically terminate without notice or other action upon the earlier of: (A) when Google ceases to provide the Preview or certain parts of the Preview to users in the country in which you are resident or from which you use the service; and (B) Google issues a final release version of the Android SDK.
2025-09-22T19:46:00.6514944Z 
2025-09-22T19:46:00.6515588Z 9.5 When the License Agreement is terminated, the license granted to you in the License Agreement will terminate, you will immediately cease all use of the Preview, and the provisions of paragraphs 10, 11, 12 and 14 shall survive indefinitely.
2025-09-22T19:46:00.6516311Z 
2025-09-22T19:46:00.6516377Z 10. DISCLAIMERS
2025-09-22T19:46:00.6516482Z 
2025-09-22T19:46:00.6516952Z 10.1 YOU EXPRESSLY UNDERSTAND AND AGREE THAT YOUR USE OF THE PREVIEW IS AT YOUR SOLE RISK AND THAT THE PREVIEW IS PROVIDED "AS IS" AND "AS AVAILABLE" WITHOUT WARRANTY OF ANY KIND FROM GOOGLE.
2025-09-22T19:46:00.6517515Z 
2025-09-22T19:46:00.6519069Z 10.2 YOUR USE OF THE PREVIEW AND ANY MATERIAL DOWNLOADED OR OTHERWISE OBTAINED THROUGH THE USE OF THE PREVIEW IS AT YOUR OWN DISCRETION AND RISK AND YOU ARE SOLELY RESPONSIBLE FOR ANY DAMAGE TO YOUR COMPUTER SYSTEM OR OTHER DEVICE OR LOSS OF DATA THAT RESULTS FROM SUCH USE. WITHOUT LIMITING THE FOREGOING, YOU UNDERSTAND THAT THE PREVIEW IS NOT A STABLE RELEASE AND MAY CONTAIN ERRORS, DEFECTS AND SECURITY VULNERABILITIES THAT CAN RESULT IN SIGNIFICANT DAMAGE, INCLUDING THE COMPLETE, IRRECOVERABLE LOSS OF USE OF YOUR COMPUTER SYSTEM OR OTHER DEVICE.
2025-09-22T19:46:00.6520689Z 
2025-09-22T19:46:00.6521395Z 10.3 GOOGLE FURTHER EXPRESSLY DISCLAIMS ALL WARRANTIES AND CONDITIONS OF ANY KIND, WHETHER EXPRESS OR IMPLIED, INCLUDING, BUT NOT LIMITED TO THE IMPLIED WARRANTIES AND CONDITIONS OF MERCHANTABILITY, FITNESS FOR A PARTICULAR PURPOSE AND NON-INFRINGEMENT.
2025-09-22T19:46:00.6522577Z 
2025-09-22T19:46:00.6522673Z 11. LIMITATION OF LIABILITY
2025-09-22T19:46:00.6522809Z 
2025-09-22T19:46:00.6524010Z 11.1 YOU EXPRESSLY UNDERSTAND AND AGREE THAT GOOGLE, ITS SUBSIDIARIES AND AFFILIATES, AND ITS LICENSORS SHALL NOT BE LIABLE TO YOU UNDER ANY THEORY OF LIABILITY FOR ANY DIRECT, INDIRECT, INCIDENTAL, SPECIAL, CONSEQUENTIAL OR EXEMPLARY DAMAGES THAT MAY BE INCURRED BY YOU, INCLUDING ANY LOSS OF DATA, WHETHER OR NOT GOOGLE OR ITS REPRESENTATIVES HAVE BEEN ADVISED OF OR SHOULD HAVE BEEN AWARE OF THE POSSIBILITY OF ANY SUCH LOSSES ARISING.
2025-09-22T19:46:00.6525285Z 
2025-09-22T19:46:00.6525354Z 12. Indemnification
2025-09-22T19:46:00.6525467Z 
2025-09-22T19:46:00.6527804Z 12.1 To the maximum extent permitted by law, you agree to defend, indemnify and hold harmless Google, its affiliates and their respective directors, officers, employees and agents from and against any and all claims, actions, suits or proceedings, as well as any and all losses, liabilities, damages, costs and expenses (including reasonable attorneys’ fees) arising out of or accruing from (a) your use of the Preview, (b) any application you develop on the Preview that infringes any Intellectual Property Rights of any person or defames any person or violates their rights of publicity or privacy, and (c) any non-compliance by you of the License Agreement.
2025-09-22T19:46:00.6529704Z 
2025-09-22T19:46:00.6529794Z 13. Changes to the License Agreement
2025-09-22T19:46:00.6529950Z 
2025-09-22T19:46:00.6530749Z 13.1 Google may make changes to the License Agreement as it distributes new versions of the Preview. When these changes are made, Google will make a new version of the License Agreement available on the website where the Preview is made available.
2025-09-22T19:46:00.6531490Z 
2025-09-22T19:46:00.6531565Z 14. General Legal Terms
2025-09-22T19:46:00.6531690Z 
2025-09-22T19:46:00.6532917Z 14.1 the License Agreement constitutes the whole legal agreement between you and Google and governs your use of the Preview (excluding any services which Google may provide to you under a separate written agreement), and completely replaces any prior agreements between you and Google in relation to the Preview.
2025-09-22T19:46:00.6533863Z 
2025-09-22T19:46:00.6534709Z 14.2 You agree that if Google does not exercise or enforce any legal right or remedy which is contained in the License Agreement (or which Google has the benefit of under any applicable law), this will not be taken to be a formal waiver of Google's rights and that those rights or remedies will still be available to Google.
2025-09-22T19:46:00.6535616Z 
2025-09-22T19:46:00.6536551Z 14.3 If any court of law, having the jurisdiction to decide on this matter, rules that any provision of the License Agreement is invalid, then that provision will be removed from the License Agreement without affecting the rest of the License Agreement. The remaining provisions of the License Agreement will continue to be valid and enforceable.
2025-09-22T19:46:00.6537573Z 
2025-09-22T19:46:00.6538784Z 14.4 You acknowledge and agree that each member of the group of companies of which Google is the parent shall be third party beneficiaries to the License Agreement and that such other companies shall be entitled to directly enforce, and rely upon, any provision of the License Agreement that confers a benefit on (or rights in favor of) them. Other than this, no other person or company shall be third party beneficiaries to the License Agreement.
2025-09-22T19:46:00.6540074Z 
2025-09-22T19:46:00.6540830Z 14.5 EXPORT RESTRICTIONS. THE PREVIEW IS SUBJECT TO UNITED STATES EXPORT LAWS AND REGULATIONS. YOU MUST COMPLY WITH ALL DOMESTIC AND INTERNATIONAL EXPORT LAWS AND REGULATIONS THAT APPLY TO THE PREVIEW. THESE LAWS INCLUDE RESTRICTIONS ON DESTINATIONS, END USERS AND END USE.
2025-09-22T19:46:00.6541660Z 
2025-09-22T19:46:00.6542699Z 14.6 The License Agreement may not be assigned or transferred by you without the prior written approval of Google, and any attempted assignment without such approval will be void. You shall not delegate your responsibilities or obligations under the License Agreement without the prior written approval of Google.
2025-09-22T19:46:00.6543789Z 
2025-09-22T19:46:00.6545362Z 14.7 The License Agreement, and your relationship with Google under the License Agreement, shall be governed by the laws of the State of California without regard to its conflict of laws provisions. You and Google agree to submit to the exclusive jurisdiction of the courts located within the county of Santa Clara, California to resolve any legal matter arising from the License Agreement. Notwithstanding this, you agree that Google shall still be allowed to apply for injunctive remedies (or an equivalent type of urgent legal relief) in any jurisdiction.
2025-09-22T19:46:00.6546984Z 
2025-09-22T19:46:00.6547056Z June 2014.
2025-09-22T19:46:00.6547222Z ---------------------------------------
2025-09-22T19:46:00.6547521Z Accept? (y/N): 
2025-09-22T19:46:00.6547720Z 5/6: License google-gdk-license:
2025-09-22T19:46:00.6547940Z ---------------------------------------
2025-09-22T19:46:00.6548246Z This is a Developer Preview of the GDK that is subject to change.
2025-09-22T19:46:00.6548485Z 
2025-09-22T19:46:00.6548559Z Terms and Conditions
2025-09-22T19:46:00.6548681Z 
2025-09-22T19:46:00.6548793Z This is the Glass Development Kit License Agreement.
2025-09-22T19:46:00.6548993Z 
2025-09-22T19:46:00.6549067Z 1. Introduction
2025-09-22T19:46:00.6549170Z 
2025-09-22T19:46:00.6550343Z 1.1 The Glass Development Kit (referred to in this License Agreement as the "GDK" and specifically including the Android system files, packaged APIs, and GDK library files, if and when they are made available) is licensed to you subject to the terms of this License Agreement. This License Agreement forms a legally binding contract between you and Google in relation to your use of the GDK.
2025-09-22T19:46:00.6551488Z 
2025-09-22T19:46:00.6551691Z 1.2 "Glass" means Glass devices and the Glass software stack for use on Glass devices.
2025-09-22T19:46:00.6552206Z 
2025-09-22T19:46:00.6552210Z 
2025-09-22T19:46:00.6552798Z 1.3 "Android" means the Android software stack for devices, as made available under the Android Open Source Project, which is located at the following URL: http://source.android.com/, as updated from time to time.
2025-09-22T19:46:00.6553445Z 
2025-09-22T19:46:00.6553860Z 1.4 "Google" means Google Inc., a Delaware corporation with principal place of business at 1600 Amphitheatre Parkway, Mountain View, CA 94043, United States.
2025-09-22T19:46:00.6554348Z 
2025-09-22T19:46:00.6554434Z 2. Accepting this License Agreement
2025-09-22T19:46:00.6554592Z 
2025-09-22T19:46:00.6554940Z 2.1 In order to use the GDK, you must first agree to this License Agreement. You may not use the GDK if you do not accept this License Agreement.
2025-09-22T19:46:00.6555355Z 
2025-09-22T19:46:00.6555543Z 2.2 By clicking to accept, you hereby agree to the terms of this License Agreement.
2025-09-22T19:46:00.6555827Z 
2025-09-22T19:46:00.6556468Z 2.3 You may not use the GDK and may not accept the License Agreement if you are a person barred from receiving the GDK under the laws of the United States or other countries including the country in which you are resident or from which you use the GDK.
2025-09-22T19:46:00.6557188Z 
2025-09-22T19:46:00.6558160Z 2.4 If you are agreeing to be bound by this License Agreement on behalf of your employer or other entity, you represent and warrant that you have full legal authority to bind your employer or such entity to this License Agreement. If you do not have the requisite authority, you may not accept the License Agreement or use the GDK on behalf of your employer or other entity.
2025-09-22T19:46:00.6559204Z 
2025-09-22T19:46:00.6559290Z 3. GDK License from Google
2025-09-22T19:46:00.6559421Z 
2025-09-22T19:46:00.6560085Z 3.1 Subject to the terms of this License Agreement, Google grants you a limited, worldwide, royalty-free, non-assignable and non-exclusive license to use the GDK solely to develop applications to run on the Glass platform for Glass devices.
2025-09-22T19:46:00.6560955Z 
2025-09-22T19:46:00.6562186Z 3.2 You agree that Google or third parties own all legal right, title and interest in and to the GDK, including any Intellectual Property Rights that subsist in the GDK. "Intellectual Property Rights" means any and all rights under patent law, copyright law, trade secret law, trademark law, and any and all other proprietary rights. Google reserves all rights not expressly granted to you.
2025-09-22T19:46:00.6563334Z 
2025-09-22T19:46:00.6565009Z 3.3 You may not use the GDK for any purpose not expressly permitted by this License Agreement. Except to the extent required by applicable third party licenses, you may not: (a) copy (except for backup purposes), modify, adapt, redistribute, decompile, reverse engineer, disassemble, or create derivative works of the GDK or any part of the GDK; or (b) load any part of the GDK onto a mobile handset or wearable computing device or any other hardware device except a Glass device personal computer, combine any part of the GDK with other software, or distribute any software or device incorporating a part of the GDK.
2025-09-22T19:46:00.6566751Z 
2025-09-22T19:46:00.6567408Z 3.4 You agree that you will not take any actions that may cause or result in the fragmentation of Glass, including but not limited to distributing, participating in the creation of, or promoting in any way a software development kit derived from the GDK.
2025-09-22T19:46:00.6568149Z 
2025-09-22T19:46:00.6568830Z 3.5 Use, reproduction and distribution of components of the GDK licensed under an open source software license are governed solely by the terms of that open source software license and not this License Agreement.
2025-09-22T19:46:00.6569475Z 
2025-09-22T19:46:00.6570613Z 3.6 You agree that the form and nature of the GDK that Google provides may change without prior notice to you and that future versions of the GDK may be incompatible with applications developed on previous versions of the GDK. You agree that Google may stop (permanently or temporarily) providing the GDK (or any features within the GDK) to you or to users generally at Google's sole discretion, without prior notice to you.
2025-09-22T19:46:00.6571830Z 
2025-09-22T19:46:00.6572428Z 3.7 Nothing in this License Agreement gives you a right to use any of Google's trade names, trademarks, service marks, logos, domain names, or other distinctive brand features.
2025-09-22T19:46:00.6572964Z 
2025-09-22T19:46:00.6573450Z 3.8 You agree that you will not remove, obscure, or alter any proprietary rights notices (including copyright and trademark notices) that may be affixed to or contained within the GDK.
2025-09-22T19:46:00.6574020Z 
2025-09-22T19:46:00.6574024Z 
2025-09-22T19:46:00.6575028Z 3.9 Your use of any Android system files, packaged APIs, or other components of the GDK which are part of the Android Software Development Kit is subject to the terms of the Android Software Development Kit License Agreement located at http://developer.android.com/sdk/terms.html. These terms are hereby incorporated by reference into this License Agreement.
2025-09-22T19:46:00.6576106Z 
2025-09-22T19:46:00.6576190Z 4. Use of the GDK by You
2025-09-22T19:46:00.6576317Z 
2025-09-22T19:46:00.6577023Z 4.1 Google agrees that it obtains no right, title or interest from you (or your licensors) under this License Agreement in or to any software applications that you develop using the GDK, including any intellectual property rights that subsist in those applications.
2025-09-22T19:46:00.6577814Z 
2025-09-22T19:46:00.6579290Z 4.2 You agree to use the GDK and write applications only for purposes that are permitted by (a) this License Agreement, (b) the Glass Platform Developer Policies (located at https://developers.google.com/glass/policies, and hereby incorporated into this License Agreement by reference), and (c) any applicable law, regulation or generally accepted practices or guidelines in the relevant jurisdictions (including any laws regarding the export of data or software to and from the United States or other relevant countries).
2025-09-22T19:46:00.6580965Z 
2025-09-22T19:46:00.6583384Z 4.3 You agree that if you use the GDK to develop applications for general public users, you will protect the privacy and legal rights of those users. If the users provide you with user names, passwords, or other login information or personal information, you must make the users aware that the information will be available to your application, and you must provide legally adequate privacy notice and protection for those users. If your application stores personal or sensitive information provided by users, it must do so securely. If the user provides your application with Google Account information, your application may only use that information to access the user's Google Account when, and for the limited purposes for which, the user has given you permission to do so.
2025-09-22T19:46:00.6585645Z 
2025-09-22T19:46:00.6586512Z 4.4 You agree that you will not engage in any activity with the GDK, including the development or distribution of an application, that interferes with, disrupts, damages, or accesses in an unauthorized manner the servers, networks, or other properties or services of any third party including, but not limited to, Google.
2025-09-22T19:46:00.6587464Z 
2025-09-22T19:46:00.6588376Z 4.5 You agree that you are solely responsible for (and that Google has no responsibility to you or to any third party for) any data, content, or resources that you create, transmit or display through Glass and/or applications for Glass, and for the consequences of your actions (including any loss or damage which Google may suffer) by doing so.
2025-09-22T19:46:00.6589482Z 
2025-09-22T19:46:00.6590574Z 4.6 You agree that you are solely responsible for (and that Google has no responsibility to you or to any third party for) any breach of your obligations under this License Agreement, any applicable third party contract or Terms of Service, or any applicable law or regulation, and for the consequences (including any loss or damage which Google or any third party may suffer) of any such breach.
2025-09-22T19:46:00.6591716Z 
2025-09-22T19:46:00.6591720Z 
2025-09-22T19:46:00.6592962Z 4.7 The GDK is in development, and your testing and feedback are an important part of the development process. By using the GDK, you acknowledge that implementation of some features are still under development and that you should not rely on the GDK, Glass devices, Glass system software, Google Mirror API, or Glass services having the full functionality of a stable release.
2025-09-22T19:46:00.6594057Z 
2025-09-22T19:46:00.6594139Z 5. Your Developer Credentials
2025-09-22T19:46:00.6594291Z 
2025-09-22T19:46:00.6595061Z 5.1 You agree that you are responsible for maintaining the confidentiality of any developer credentials that may be issued to you by Google or which you may choose yourself and that you will be solely responsible for all applications that are developed under your developer credentials.
2025-09-22T19:46:00.6595910Z 
2025-09-22T19:46:00.6595997Z 6. Privacy and Information
2025-09-22T19:46:00.6596127Z 
2025-09-22T19:46:00.6596131Z 
2025-09-22T19:46:00.6597454Z 6.1 In order to continually innovate and improve the GDK, Google may collect certain usage statistics from the software including but not limited to a unique identifier, associated IP address, version number of the software, and information on which tools and/or services in the GDK are being used and how they are being used. Before any of this information is collected, the GDK will notify you and seek your consent. If you withhold consent, the information will not be collected.
2025-09-22T19:46:00.6598833Z 
2025-09-22T19:46:00.6599163Z 6.2 The data collected is examined in the aggregate to improve the GDK and is maintained in accordance with Google's Privacy Policy.
2025-09-22T19:46:00.6599577Z 
2025-09-22T19:46:00.6599659Z 7. Third Party Applications
2025-09-22T19:46:00.6599916Z 
2025-09-22T19:46:00.6601556Z 7.1 If you use the GDK to run applications developed by a third party or that access data, content or resources provided by a third party, you agree that Google is not responsible for those applications, data, content, or resources. You understand that all data, content or resources which you may access through such third party applications are the sole responsibility of the person from which they originated and that Google is not liable for any loss or damage that you may experience as a result of the use or access of any of those third party applications, data, content, or resources.
2025-09-22T19:46:00.6603474Z 
2025-09-22T19:46:00.6604819Z 7.2 You should be aware the data, content, and resources presented to you through such a third party application may be protected by intellectual property rights which are owned by the providers (or by other persons or companies on their behalf). You may not modify, rent, lease, loan, sell, distribute or create derivative works based on these data, content, or resources (either in whole or in part) unless you have been specifically given permission to do so by the relevant owners.
2025-09-22T19:46:00.6606227Z 
2025-09-22T19:46:00.6606960Z 7.3 You acknowledge that your use of such third party applications, data, content, or resources may be subject to separate terms between you and the relevant third party. In that case, this License Agreement does not affect your legal relationship with these third parties.
2025-09-22T19:46:00.6607763Z 
2025-09-22T19:46:00.6607833Z 8. Using Google APIs
2025-09-22T19:46:00.6607953Z 
2025-09-22T19:46:00.6608023Z 8.1 Google APIs
2025-09-22T19:46:00.6608125Z 
2025-09-22T19:46:00.6609579Z 8.1.1 If you use any API to retrieve data from Google, you acknowledge that the data may be protected by intellectual property rights which are owned by Google or those parties that provide the data (or by other persons or companies on their behalf). Your use of any such API may be subject to additional Terms of Service. You may not modify, rent, lease, loan, sell, distribute or create derivative works based on this data (either in whole or in part) unless allowed by the relevant Terms of Service.
2025-09-22T19:46:00.6611001Z 
2025-09-22T19:46:00.6611650Z 8.1.2 If you use any API to retrieve a user's data from Google, you acknowledge and agree that you shall retrieve data only with the user's explicit consent and only when, and for the limited purposes for which, the user has given you permission to do so.
2025-09-22T19:46:00.6612562Z 
2025-09-22T19:46:00.6612655Z 9. Terminating this License Agreement
2025-09-22T19:46:00.6612817Z 
2025-09-22T19:46:00.6613098Z 9.1 This License Agreement will continue to apply until terminated by either you or Google as set out below.
2025-09-22T19:46:00.6613457Z 
2025-09-22T19:46:00.6613779Z 9.2 If you want to terminate this License Agreement, you may do so by ceasing your use of the GDK and any relevant developer credentials.
2025-09-22T19:46:00.6614193Z 
2025-09-22T19:46:00.6615884Z 9.3 Google may at any time, terminate this License Agreement with you if: (A) you have breached any provision of this License Agreement; or (B) Google is required to do so by law; or (C) the partner with whom Google offered certain parts of GDK (such as APIs) to you has terminated its relationship with Google or ceased to offer certain parts of the GDK to you; or (D) Google decides to no longer provide the GDK or certain parts of the GDK to users in the country in which you are resident or from which you use the service, or the provision of the GDK or certain GDK services to you by Google is, in Google's sole discretion, no longer commercially viable.
2025-09-22T19:46:00.6617623Z 
2025-09-22T19:46:00.6618837Z 9.4 When this License Agreement comes to an end, all of the legal rights, obligations and liabilities that you and Google have benefited from, been subject to (or which have accrued over time whilst this License Agreement has been in force) or which are expressed to continue indefinitely, shall be unaffected by this cessation, and the provisions of paragraph 14.7 shall continue to apply to such rights, obligations and liabilities indefinitely.
2025-09-22T19:46:00.6620275Z 
2025-09-22T19:46:00.6620355Z 10. DISCLAIMER OF WARRANTIES
2025-09-22T19:46:00.6620493Z 
2025-09-22T19:46:00.6620931Z 10.1 YOU EXPRESSLY UNDERSTAND AND AGREE THAT YOUR USE OF THE GDK IS AT YOUR SOLE RISK AND THAT THE GDK IS PROVIDED "AS IS" AND "AS AVAILABLE" WITHOUT WARRANTY OF ANY KIND FROM GOOGLE.
2025-09-22T19:46:00.6621443Z 
2025-09-22T19:46:00.6622337Z 10.2 YOUR USE OF THE GDK AND ANY MATERIAL DOWNLOADED OR OTHERWISE OBTAINED THROUGH THE USE OF THE GDK IS AT YOUR OWN DISCRETION AND RISK AND YOU ARE SOLELY RESPONSIBLE FOR ANY DAMAGE TO YOUR COMPUTER SYSTEM OR OTHER DEVICE OR LOSS OF DATA THAT RESULTS FROM SUCH USE.
2025-09-22T19:46:00.6623108Z 
2025-09-22T19:46:00.6623812Z 10.3 GOOGLE FURTHER EXPRESSLY DISCLAIMS ALL WARRANTIES AND CONDITIONS OF ANY KIND, WHETHER EXPRESS OR IMPLIED, INCLUDING, BUT NOT LIMITED TO THE IMPLIED WARRANTIES AND CONDITIONS OF MERCHANTABILITY, FITNESS FOR A PARTICULAR PURPOSE AND NON-INFRINGEMENT.
2025-09-22T19:46:00.6624604Z 
2025-09-22T19:46:00.6624683Z 11. LIMITATION OF LIABILITY
2025-09-22T19:46:00.6624819Z 
2025-09-22T19:46:00.6626024Z 11.1 YOU EXPRESSLY UNDERSTAND AND AGREE THAT GOOGLE, ITS SUBSIDIARIES AND AFFILIATES, AND ITS LICENSORS SHALL NOT BE LIABLE TO YOU UNDER ANY THEORY OF LIABILITY FOR ANY DIRECT, INDIRECT, INCIDENTAL, SPECIAL, CONSEQUENTIAL OR EXEMPLARY DAMAGES THAT MAY BE INCURRED BY YOU, INCLUDING ANY LOSS OF DATA, WHETHER OR NOT GOOGLE OR ITS REPRESENTATIVES HAVE BEEN ADVISED OF OR SHOULD HAVE BEEN AWARE OF THE POSSIBILITY OF ANY SUCH LOSSES ARISING.
2025-09-22T19:46:00.6627287Z 
2025-09-22T19:46:00.6627357Z 12. Indemnification
2025-09-22T19:46:00.6627473Z 
2025-09-22T19:46:00.6629576Z 12.1 To the maximum extent permitted by law, you agree to defend, indemnify and hold harmless Google, its affiliates and their respective directors, officers, employees and agents from and against any and all claims, actions, suits or proceedings, as well as any and all losses, liabilities, damages, costs and expenses (including reasonable attorneys fees) arising out of or accruing from (a) your use of the GDK, (b) any application you develop on the GDK that infringes any copyright, trademark, trade secret, trade dress, patent or other intellectual property right of any person or defames any person or violates their rights of publicity or privacy, and (c) any non-compliance by you with this License Agreement.
2025-09-22T19:46:00.6631635Z 
2025-09-22T19:46:00.6631718Z 13. Changes to the License Agreement
2025-09-22T19:46:00.6631877Z 
2025-09-22T19:46:00.6632606Z 13.1 Google may make changes to the License Agreement as it distributes new versions of the GDK. When these changes are made, Google will make a new version of the License Agreement available on the website where the GDK is made available.
2025-09-22T19:46:00.6633304Z 
2025-09-22T19:46:00.6633377Z 14. General Legal Terms
2025-09-22T19:46:00.6633507Z 
2025-09-22T19:46:00.6634339Z 14.1 This License Agreement constitutes the whole legal agreement between you and Google and governs your use of the GDK (excluding any services which Google may provide to you under a separate written agreement), and completely replaces any prior agreements between you and Google in relation to the GDK.
2025-09-22T19:46:00.6635261Z 
2025-09-22T19:46:00.6636099Z 14.2 You agree that if Google does not exercise or enforce any legal right or remedy which is contained in this License Agreement (or which Google has the benefit of under any applicable law), this will not be taken to be a formal waiver of Google's rights and that those rights or remedies will still be available to Google.
2025-09-22T19:46:00.6637008Z 
2025-09-22T19:46:00.6637964Z 14.3 If any court of law, having the jurisdiction to decide on this matter, rules that any provision of this License Agreement is invalid, then that provision will be removed from this License Agreement without affecting the rest of this License Agreement. The remaining provisions of this License Agreement will continue to be valid and enforceable.
2025-09-22T19:46:00.6639099Z 
2025-09-22T19:46:00.6640322Z 14.4 You acknowledge and agree that each member of the group of companies of which Google is the parent shall be third party beneficiaries to this License Agreement and that such other companies shall be entitled to directly enforce, and rely upon, any provision of this License Agreement that confers a benefit on (or rights in favor of) them. Other than this, no other person or company shall be third party beneficiaries to this License Agreement.
2025-09-22T19:46:00.6641608Z 
2025-09-22T19:46:00.6642424Z 14.5 EXPORT RESTRICTIONS. THE GDK IS SUBJECT TO UNITED STATES EXPORT LAWS AND REGULATIONS. YOU MUST COMPLY WITH ALL DOMESTIC AND INTERNATIONAL EXPORT LAWS AND REGULATIONS THAT APPLY TO THE GDK. THESE LAWS INCLUDE RESTRICTIONS ON DESTINATIONS, END USERS AND END USE.
2025-09-22T19:46:00.6643233Z 
2025-09-22T19:46:00.6644174Z 14.6 The rights granted in this License Agreement may not be assigned or transferred by either you or Google without the prior written approval of the other party. Neither you nor Google shall be permitted to delegate their responsibilities or obligations under this License Agreement without the prior written approval of the other party.
2025-09-22T19:46:00.6645201Z 
2025-09-22T19:46:00.6646913Z 14.7 This License Agreement, and your relationship with Google under this License Agreement, shall be governed by the laws of the State of California without regard to its conflict of laws provisions. You and Google agree to submit to the exclusive jurisdiction of the courts located within the county of Santa Clara, California to resolve any legal matter arising from this License Agreement. Notwithstanding this, you agree that Google shall still be allowed to apply for injunctive remedies (or an equivalent type of urgent legal relief) in any jurisdiction.
2025-09-22T19:46:00.6648557Z 
2025-09-22T19:46:00.6648626Z November 19, 2013
2025-09-22T19:46:00.6648811Z ---------------------------------------
2025-09-22T19:46:00.6649041Z Accept? (y/N): 
2025-09-22T19:46:00.6649253Z 6/6: License mips-android-sysimage-license:
2025-09-22T19:46:00.6649505Z ---------------------------------------
2025-09-22T19:46:00.6651347Z MIPS Technologies, Inc. (“MIPS”) Internal Evaluation License Agreement for MIPS Android™ System Images for Android Software Development Kit (SDK): This Internal Evaluation License Agreement (this "Agreement") is entered into by and between MIPS and you (as an individual developer or a legal entity -- identified below as “Recipient”). MIPS shall make the Evaluation Software available to Recipient as described in accordance with the terms and conditions set forth below.
2025-09-22T19:46:00.6653016Z 
2025-09-22T19:46:00.6654734Z By clicking on the “Accept” button, downloading, installing, or otherwise using the Evaluation Materials (defined below), you agree to be bound by the terms of this Agreement effective as of the date you click “Accept” (the “Effective Date”), and if doing so on behalf of an entity, you represent that you are authorized to bind the entity to the terms and conditions of this Agreement. If you do not agree to be bound by the terms and conditions of this Agreement, do not download, install, or use the Evaluation Materials.
2025-09-22T19:46:00.6656203Z 
2025-09-22T19:46:00.6656362Z 1. DEFINITIONS. These terms shall have the following meanings:
2025-09-22T19:46:00.6656595Z 
2025-09-22T19:46:00.6657100Z 1.1 “MIPS” shall mean MIPS Technologies, Inc., a Delaware corporation having a principal place of business at: 955 East Arques Ave., Sunnyvale, CA 94085
2025-09-22T19:46:00.6657579Z 
2025-09-22T19:46:00.6658089Z 1.2 “Evaluation Software” shall mean MIPS Android™ emulator system images for Android Software Development Kit (SDK), as made available to Recipient.
2025-09-22T19:46:00.6658579Z 
2025-09-22T19:46:00.6659645Z 1.3 “Evaluation Materials" means, collectively, the Evaluation Software (in source and/or object code form) and documentation (including, without limitation, any design documents, specifications, reference manuals, and other related materials) related to the Evaluation Software as made available to Recipient.
2025-09-22T19:46:00.6660755Z 
2025-09-22T19:46:00.6664292Z 1.4 “Open Source Software” means any software that requires (as a condition of use, modification and/or distribution of such software) that such software or other software incorporated into, derived from or distributed with such software (a) be disclosed or distributed in source code form; or (b) be licensed by the user to third parties for the purpose of making and/or distributing derivative works; or (c) be redistributable at no charge. Open Source Software includes, without limitation, software licensed or distributed under any of the following licenses or distribution models, or licenses or distribution models substantially similar to any of the following: (a) GNU’s General Public License (GPL) or Lesser/Library GPL (LGPL), (b) the Artistic License (e.g., PERL), (c) the Mozilla Public License, (d) the Netscape Public License, (e) the Sun Community Source License (SCSL), (f) the Sun Industry Source License (SISL), (g) the Apache Software license and (h) the Common Public License (CPL).
2025-09-22T19:46:00.6667122Z 
2025-09-22T19:46:00.6668122Z 1.5 “Pre-Release Materials” means “alpha” or “beta” designated pre-release features, which may not be fully functional, which MIPS may substantially modify in producing any production version of the Evaluation Materials, and/or which is still under development by MIPS and/or MIPS’ suppliers.
2025-09-22T19:46:00.6669019Z 
2025-09-22T19:46:00.6670788Z 2. PURPOSE. MIPS desires to make the Evaluation Materials available to Recipient solely for Recipient's internal evaluation of the Evaluation Software to evaluate the desirability of cooperating with MIPS in developing products that are compatible with the Evaluation Software and/or to advise MIPS as to possible modifications to the Evaluation Software. Recipient may not disclose, distribute, modify (except to facilitate the above-mentioned internal evaluation), or make commercial use of the Evaluation Materials or any modifications of the Evaluation Materials.
2025-09-22T19:46:00.6672710Z 
2025-09-22T19:46:00.6674019Z THE EVALUATION MATERIALS ARE PROVIDED FOR EVALUATION PURPOSES ONLY AND MAY NOT BE MODIFIED (EXCEPT TO FACILITATE THE INTERNAL EVALUATION) OR DISTRIBUTED BY RECIPIENT OR INCORPORATED INTO RECIPIENT’S PRODUCTS OR SOFTWARE. PLEASE CONTACT A MIPS SALES REPRESENTATIVE TO LEARN ABOUT THE AVAILABILITY AND COST OF A COMMERCIAL VERSION OF THE EVALUATION SOFTWARE.
2025-09-22T19:46:00.6675119Z 
2025-09-22T19:46:00.6676212Z 3. TITLE. Title to the Evaluation Materials remains with MIPS or its suppliers. Recipient shall not mortgage, pledge or encumber the Evaluation Materials in any way. Recipient shall return all Evaluation Materials, keeping no copies, upon termination or expiration of this Agreement.
2025-09-22T19:46:00.6677555Z 
2025-09-22T19:46:00.6682828Z 4. LICENSE. MIPS grants Recipient a royalty-free, personal, nontransferable, nonexclusive license under its copyrights to use the Evaluation Software only for the purposes described in paragraph 2 above and only for a period beginning on the Effective Date and extending to the first anniversary of the Effective Date (the “Evaluation Period”). Unless otherwise communicated in writing by MIPS to Recipient, to the extent the Evaluation Software is provided in more than one delivery or release (each, a “Release”) the license grant in this Section 4 and the Evaluation Period shall apply to each Release, in which case the Evaluation Period shall begin on the date that the Release is made generally available and continue to the first anniversary of such date. Recipient may not make modifications to the Evaluation Software. Recipient shall not disassemble, reverse-engineer, or decompile any software that is not provided to Recipient in source code form.
2025-09-22T19:46:00.6687285Z 
2025-09-22T19:46:00.6687306Z 
2025-09-22T19:46:00.6688623Z EXCEPT AS PROVIDED HEREIN, NO OTHER LICENSE, EXPRESS OR IMPLIED, BY ESTOPPEL OR OTHERWISE, TO ANY OTHER MIPS INTELLECTUAL PROPERTY RIGHTS IS GRANTED TO THE RECIPIENT. OTHER THAN AS EXPLICITLY SET FORTH IN PARAGRAPH 2 ABOVE, NO RIGHT TO COPY, TO REPRODUCE, TO MODIFY, OR TO CREATE DERIVATIVE WORKS OF, THE EVALUATION MATERIALS IS GRANTED HEREIN.
2025-09-22T19:46:00.6689642Z 
2025-09-22T19:46:00.6690349Z 5. NO OBLIGATION. Recipient shall have no duty to purchase or license any product from MIPS. MIPS and its suppliers shall have no obligation to provide support for, or develop a non-evaluation version of, the Evaluation Software or to license any version of it.
2025-09-22T19:46:00.6691126Z 
2025-09-22T19:46:00.6694699Z 6. MODIFICATIONS. This Agreement does not obligate Recipient to provide MIPS with comments or suggestions regarding Evaluation Materials. However, should Recipient provide MIPS with comments or suggestions for the modification, correction, improvement or enhancement of (a) the Evaluation Materials or (b) MIPS products or processes which may embody the Evaluation Materials, then Recipient agrees to grant and hereby grants to MIPS a non-exclusive, irrevocable, worldwide, fully paid-up, royalty-free license, with the right to sublicense MIPS’ licensees and customers, under Recipient’s Intellectual property rights, to use and disclose such comments and suggestions in any manner MIPS chooses and to display, perform, copy, make, have made, use, sell, offer to sell, import, and otherwise dispose of MIPS’ and its sublicensee’s products embodying such comments and suggestions in any manner and via any media MIPS chooses, without reference to the source.
2025-09-22T19:46:00.6697534Z 
2025-09-22T19:46:00.6699193Z 7. WARRANTY DISCLAIMER. MIPS AND ITS SUPPLIERS MAKE NO WARRANTIES WITH RESPECT TO EVALUATION MATERIALS, EITHER EXPRESS OR IMPLIED, INCLUDING ANY IMPLIED WARRANTIES OF MERCHANTABILITY OR FITNESS FOR A PARTICULAR PURPOSE, OR ANY IMPLIED WARRANTY OF NONINFRINGEMENT WITH RESPECT TO THIRD PARTY INTELLECTUAL PROPERTY. RECIPIENT ACKNOWLEDGES AND AGREES THAT THE EVALUATION MATERIALS ARE PROVIDED “AS IS,” WITHOUT WARRANTY OF ANY KIND.
2025-09-22T19:46:00.6700666Z 
2025-09-22T19:46:00.6702965Z 8. LIMITATION OF LIABILITY. MIPS AND ITS SUPPLIERS SHALL NOT BE LIABLE FOR ANY PROPERTY DAMAGE, PERSONAL INJURY, LOSS OF PROFITS, INTERRUPTION OF BUSINESS OR FOR ANY DIRECT, INDIRECT, SPECIAL, CONSEQUENTIAL OR INCIDENTAL DAMAGES, HOWEVER CAUSED OR ALLEGED, WHETHER FOR BREACH OF WARRANTY, CONTRACT, STRICT LIABILITY OR OTHERWISE, INCLUDING WITHOUT LIMITATION, UNDER TORT OR OTHER LEGAL THEORY. MIPS AND ITS SUPPLIERS DISCLAIM ANY AND ALL LIABILITY, INCLUDING LIABILITY FOR INFRINGEMENT OF ANY INTELLECTUAL PROPERTY RIGHTS OF ANY KIND RELATING TO THE EVALUATION MATERIALS.
2025-09-22T19:46:00.6705451Z 
2025-09-22T19:46:00.6706162Z 9. EXPIRATION. MIPS may terminate this Agreement immediately after a breach by Recipient or otherwise at MIPS’ reasonable discretion and upon five (5) business days’ notice to Recipient.
2025-09-22T19:46:00.6706982Z 
2025-09-22T19:46:00.6707097Z 10. GENERAL.
2025-09-22T19:46:00.6707284Z 
2025-09-22T19:46:00.6711193Z 10.1 Controlling Law. This Agreement shall be governed by California law excluding its choice of law rules. With the exception of MIPS’ rights to enforce its intellectual property rights and any confidentiality obligations under this Agreement or any licenses distributed with the Evaluation Materials, all disputes and any claims arising under or relating to this Agreement shall be subject to the exclusive jurisdiction and venue of the state and federal courts located in Santa Clara County, California. Each party hereby agrees to jurisdiction and venue in the courts set forth in the preceding sentence. The parties agree that the United Nations Convention on Contracts for the International Sale of Goods is specifically excluded from application to this Agreement. The parties consent to the personal jurisdiction of the above courts.
2025-09-22T19:46:00.6714318Z 
2025-09-22T19:46:00.6715906Z 10.2 Remedies. Recipient acknowledges and agrees that any breach of confidentiality obligations under this Agreement or any licenses distributed with the Evaluation Materials, as well as any disclosure, commercialization, or public use of the Evaluation Materials, would cause irreparable injury to MIPS, and therefore Recipient agrees to consent to, and hereby consents to, the grant of an injunction by any court of competent jurisdiction in the event of an actual or threatened breach.
2025-09-22T19:46:00.6717376Z 
2025-09-22T19:46:00.6719195Z 10.3 Assignment. Recipient may not delegate, assign or transfer this Agreement, the license granted or any of Recipient’s rights, obligations, or duties hereunder, expressly, by implication, by operation of law, by way of merger (regardless of whether Recipient is the surviving entity) or acquisition, or otherwise and any attempt to do so, without MIPS’ express prior written consent, shall be ineffective, null and void. MIPS may freely assign this Agreement, and its rights and obligations hereunder, in its sole discretion.
2025-09-22T19:46:00.6720745Z 
2025-09-22T19:46:00.6722255Z 10.4 Entire Agreement. This Agreement constitutes the entire agreement between Recipient and MIPS and supersedes in their entirety any and all oral or written agreements previously existing between Recipient and MIPS with respect to the subject matter hereof. This Agreement may only be amended or supplemented by a writing that refers explicitly to this Agreement and that is signed or otherwise accepted by duly authorized representatives of Recipient and MIPS.
2025-09-22T19:46:00.6723655Z 
2025-09-22T19:46:00.6725113Z 10.5 Severability. In the event that any provision of this Agreement is finally adjudicated to be unenforceable or invalid under any applicable law, such unenforceability or invalidity shall not render this Agreement unenforceable or invalid as a whole, and, in such event, such unenforceable or invalid provision shall be interpreted so as to best accomplish the objectives of such provision within the limits of applicable law or applicable court decisions.
2025-09-22T19:46:00.6726726Z 
2025-09-22T19:46:00.6730882Z 10.6 Export Regulations / Export Control. Recipient shall not export, either directly or indirectly, any product, service or technical data or system incorporating the Evaluation Materials without first obtaining any required license or other necessary approval from the U.S. Department of Commerce or any other governing agency or department of the United States Government. In the event any product is exported from the United States or re-exported from a foreign destination by Recipient, Recipient shall ensure that the distribution and export/re-export or import of the product is in compliance with all applicable laws, regulations, orders, or other restrictions of the U.S. Export Administration Regulations and the appropriate foreign government. Recipient agrees that neither it nor any of its subsidiaries will export/re-export any technical data, process, product, or service, directly or indirectly, to any country for which the United States government or any agency thereof or the foreign government from where it is shipping requires an export license, or other governmental approval, without first obtaining such license or approval. Recipient also agrees to implement measures to ensure that foreign national employees are authorized to receive any information controlled by U.S. export control laws. An export is "deemed" to take place when information is released to a foreign national wherever located.
2025-09-22T19:46:00.6735437Z 
2025-09-22T19:46:00.6738633Z 10.7 Special Terms for Pre-Release Materials. If so indicated in the description of the Evaluation Software, the Evaluation Software may contain Pre-Release Materials. Recipient hereby understands, acknowledges and agrees that: (i) Pre-Release Materials may not be fully tested and may contain bugs or errors; (ii) Pre-Release materials are not suitable for commercial release in their current state; (iii) regulatory approvals for Pre-Release Materials (such as UL or FCC) have not been obtained, and Pre-Release Materials may therefore not be certified for use in certain countries or environments or may not be suitable for certain applications and (iv) MIPS can provide no assurance that it will ever produce or make generally available a production version of the Pre-Release Materials . MIPS is not under any obligation to develop and/or release or offer for sale or license a final product based upon the Pre-Release Materials and may unilaterally elect to abandon the Pre-Release Materials or any such development platform at any time and without any obligation or liability whatsoever to Recipient or any other person.
2025-09-22T19:46:00.6742447Z 
2025-09-22T19:46:00.6743067Z ANY PRE-RELEASE MATERIALS ARE NON-QUALIFIED AND, AS SUCH, ARE PROVIDED “AS IS” AND “AS AVAILABLE”, POSSIBLY WITH FAULTS, AND WITHOUT REPRESENTATION OR WARRANTY OF ANY KIND.
2025-09-22T19:46:00.6743608Z 
2025-09-22T19:46:00.6746147Z 10.8 Open Source Software. In the event Open Source software is included with Evaluation Software, such Open Source software is licensed pursuant to the applicable Open Source software license agreement identified in the Open Source software comments in the applicable source code file(s) and/or file header as indicated in the Evaluation Software. Additional detail may be available (where applicable) in the accompanying on-line documentation. With respect to the Open Source software, nothing in this Agreement limits any rights under, or grants rights that supersede, the terms of any applicable Open Source software license agreement.
2025-09-22T19:46:00.6749451Z ---------------------------------------
2025-09-22T19:46:00.6749739Z Accept? (y/N): All SDK package licenses accepted
2025-09-22T19:46:00.6750093Z 
2025-09-22T19:46:00.6750470Z [command]/usr/local/lib/android/sdk/cmdline-tools/16.0/bin/sdkmanager tools
2025-09-22T19:46:01.3629951Z Loading package information...                                                  
2025-09-22T19:46:01.4442683Z Loading local repository...                                                     
2025-09-22T19:46:01.4445692Z [                                       ] 3% Loading local repository...        
2025-09-22T19:46:01.4534380Z [                                       ] 3% Fetch remote repository...         
2025-09-22T19:46:01.8222661Z [=                                      ] 3% Fetch remote repository...         
2025-09-22T19:46:01.9018281Z [=                                      ] 4% Fetch remote repository...         
2025-09-22T19:46:01.9363810Z [=                                      ] 5% Fetch remote repository...         
2025-09-22T19:46:02.0075926Z [==                                     ] 5% Fetch remote repository...         
2025-09-22T19:46:02.0838304Z [==                                     ] 6% Fetch remote repository...         
2025-09-22T19:46:02.1464644Z [==                                     ] 7% Fetch remote repository...         
2025-09-22T19:46:02.1465592Z [==                                     ] 7% Computing updates...               
2025-09-22T19:46:02.1593371Z [===                                    ] 8% Computing updates...               
2025-09-22T19:46:02.1794743Z [===                                    ] 10% Computing updates...              
2025-09-22T19:46:02.6616579Z [===                                    ] 10% Installing Android Emulator       
2025-09-22T19:46:02.7862296Z [===                                    ] 10% Downloading emulator-linux_x64-138
2025-09-22T19:46:02.9204905Z [====                                   ] 10% Downloading emulator-linux_x64-138
2025-09-22T19:46:03.1971848Z [====                                   ] 11% Downloading emulator-linux_x64-138
2025-09-22T19:46:03.3857816Z [====                                   ] 12% Downloading emulator-linux_x64-138
2025-09-22T19:46:03.5634636Z [=====                                  ] 13% Downloading emulator-linux_x64-138
2025-09-22T19:46:03.7401526Z [=====                                  ] 14% Downloading emulator-linux_x64-138
2025-09-22T19:46:03.8409718Z [=====                                  ] 15% Downloading emulator-linux_x64-138
2025-09-22T19:46:03.9464617Z [======                                 ] 15% Downloading emulator-linux_x64-138
2025-09-22T19:46:04.1565025Z [======                                 ] 16% Downloading emulator-linux_x64-138
2025-09-22T19:46:04.3431173Z [======                                 ] 17% Downloading emulator-linux_x64-138
2025-09-22T19:46:04.5288735Z [=======                                ] 18% Downloading emulator-linux_x64-138
2025-09-22T19:46:04.7201429Z [=======                                ] 19% Downloading emulator-linux_x64-138
2025-09-22T19:46:04.8025727Z [=======                                ] 20% Downloading emulator-linux_x64-138
2025-09-22T19:46:04.9082918Z [========                               ] 20% Downloading emulator-linux_x64-138
2025-09-22T19:46:05.0477388Z [========                               ] 21% Downloading emulator-linux_x64-138
2025-09-22T19:46:05.1324589Z [========                               ] 21% Unzipping...                      
2025-09-22T19:46:05.1325194Z [========                               ] 21% Unzipping... emulator/            
2025-09-22T19:46:05.1344306Z [========                               ] 21% Unzipping... emulator/LICENSE     
2025-09-22T19:46:05.1345170Z [========                               ] 21% Unzipping... emulator/qemu/       
2025-09-22T19:46:05.1379099Z [========                               ] 21% Unzipping... emulator/NOTICE.txt  
2025-09-22T19:46:05.1383736Z [========                               ] 21% Unzipping... emulator/android-info
2025-09-22T19:46:05.1384595Z [========                               ] 21% Unzipping... emulator/include/    
2025-09-22T19:46:05.1386560Z [========                               ] 21% Unzipping... emulator/resources/  
2025-09-22T19:46:05.1679527Z [========                               ] 21% Unzipping... emulator/emulator    
2025-09-22T19:46:05.2343228Z [========                               ] 21% Unzipping... emulator/nimble_bridg
2025-09-22T19:46:05.2343884Z [========                               ] 21% Unzipping... emulator/lib/        
2025-09-22T19:46:05.2344407Z [========                               ] 21% Unzipping... emulator/bin64/      
2025-09-22T19:46:05.2346718Z [========                               ] 21% Unzipping... emulator/lib64/      
2025-09-22T19:46:05.2581669Z [========                               ] 21% Unzipping... emulator/emulator-che
2025-09-22T19:46:05.2778485Z [========                               ] 21% Unzipping... emulator/crashreport 
2025-09-22T19:46:05.2798475Z [========                               ] 21% Unzipping... emulator/crashpad_han
2025-09-22T19:46:05.2939776Z [========                               ] 22% Unzipping... emulator/crashpad_han
2025-09-22T19:46:05.3155306Z [========                               ] 22% Unzipping... emulator/qsn         
2025-09-22T19:46:05.3158982Z [========                               ] 22% Unzipping... emulator/mksdcard    
2025-09-22T19:46:05.3164561Z [========                               ] 22% Unzipping... emulator/NOTICE.csv  
2025-09-22T19:46:05.4465234Z [========                               ] 22% Unzipping... emulator/netsimd     
2025-09-22T19:46:05.4467090Z [========                               ] 22% Unzipping... emulator/source.prope
2025-09-22T19:46:05.4548770Z [========                               ] 22% Unzipping... emulator/qemu-img    
2025-09-22T19:46:05.6195340Z [========                               ] 22% Unzipping... emulator/qemu/linux-x
2025-09-22T19:46:05.9353122Z [=========                              ] 23% Unzipping... emulator/qemu/linux-x
2025-09-22T19:46:06.2997117Z [=========                              ] 24% Unzipping... emulator/qemu/linux-x
2025-09-22T19:46:06.4253222Z [=========                              ] 25% Unzipping... emulator/qemu/linux-x
2025-09-22T19:46:06.4412292Z ##[error]The operation was canceled.
2025-09-22T19:46:06.4542989Z Post job cleanup.
2025-09-22T19:46:06.6520913Z Post job cleanup.
2025-09-22T19:46:06.7629325Z [command]/usr/bin/git version
2025-09-22T19:46:06.7679494Z git version 2.51.0
2025-09-22T19:46:06.7732574Z Temporarily overriding HOME='/home/runner/work/_temp/e1df1093-b42c-41d9-b410-d611993c6f6c' before making global git config changes
2025-09-22T19:46:06.7733897Z Adding repository directory to the temporary git global config as a safe directory
2025-09-22T19:46:06.7739494Z [command]/usr/bin/git config --global --add safe.directory /home/runner/work/pose-coach-android-starter/pose-coach-android-starter
2025-09-22T19:46:06.7787246Z [command]/usr/bin/git config --local --name-only --get-regexp core\.sshCommand
2025-09-22T19:46:06.7825524Z [command]/usr/bin/git submodule foreach --recursive sh -c "git config --local --name-only --get-regexp 'core\.sshCommand' && git config --local --unset-all 'core.sshCommand' || :"
2025-09-22T19:46:06.8063512Z fatal: No url found for submodule path 'pose-coach-skeleton' in .gitmodules
2025-09-22T19:46:06.8106945Z ##[warning]The process '/usr/bin/git' failed with exit code 128
2025-09-22T19:46:06.8193518Z Cleaning up orphan processes
2025-09-22T19:46:06.8453749Z Terminate orphan process: pid (2198) (java)
