2025-09-22T19:45:42.1440931Z Current runner version: '2.328.0'
2025-09-22T19:45:42.1464692Z ##[group]Runner Image Provisioner
2025-09-22T19:45:42.1465801Z Hosted Compute Agent
2025-09-22T19:45:42.1466394Z Version: 20250829.383
2025-09-22T19:45:42.1467058Z Commit: 27cb235aab5b0e52e153a26cd86b4742e89dac5d
2025-09-22T19:45:42.1467740Z Build Date: 2025-08-29T13:48:48Z
2025-09-22T19:45:42.1468333Z ##[endgroup]
2025-09-22T19:45:42.1468849Z ##[group]Operating System
2025-09-22T19:45:42.1469486Z Ubuntu
2025-09-22T19:45:42.1469939Z 24.04.3
2025-09-22T19:45:42.1470394Z LTS
2025-09-22T19:45:42.1470882Z ##[endgroup]
2025-09-22T19:45:42.1471377Z ##[group]Runner Image
2025-09-22T19:45:42.1471941Z Image: ubuntu-24.04
2025-09-22T19:45:42.1472478Z Version: 20250907.24.1
2025-09-22T19:45:42.1473474Z Included Software: https://github.com/actions/runner-images/blob/ubuntu24/20250907.24/images/ubuntu/Ubuntu2404-Readme.md
2025-09-22T19:45:42.1474990Z Image Release: https://github.com/actions/runner-images/releases/tag/ubuntu24%2F20250907.24
2025-09-22T19:45:42.1476239Z ##[endgroup]
2025-09-22T19:45:42.1477368Z ##[group]GITHUB_TOKEN Permissions
2025-09-22T19:45:42.1479493Z Contents: read
2025-09-22T19:45:42.1480058Z Metadata: read
2025-09-22T19:45:42.1480601Z Packages: read
2025-09-22T19:45:42.1481123Z ##[endgroup]
2025-09-22T19:45:42.1483062Z Secret source: Actions
2025-09-22T19:45:42.1483841Z Prepare workflow directory
2025-09-22T19:45:42.1806483Z Prepare all required actions
2025-09-22T19:45:42.1844646Z Getting action download info
2025-09-22T19:45:42.5711733Z Download action repository 'actions/checkout@v4' (SHA:08eba0b27e820071cde6df949e0beb9ba4906955)
2025-09-22T19:45:42.7593011Z Download action repository 'actions/setup-java@v4' (SHA:c5195efecf7bdfc987ee8bae7a71cb8b11521c00)
2025-09-22T19:45:43.3495677Z Download action repository 'android-actions/setup-android@v3' (SHA:9fc6c4e9069bf8d3d10b2204b1fb8f6ef7065407)
2025-09-22T19:45:43.7272133Z Download action repository 'actions/upload-artifact@v4' (SHA:ea165f8d65b6e75b540449e92b4886f43607fa02)
2025-09-22T19:45:43.9450194Z Complete job name: Test Coverage Quality Gate (≥80%)
2025-09-22T19:45:44.0237468Z ##[group]Run actions/checkout@v4
2025-09-22T19:45:44.0238776Z with:
2025-09-22T19:45:44.0239678Z   repository: thc1006/pose-coach-android-starter
2025-09-22T19:45:44.0241094Z   token: ***
2025-09-22T19:45:44.0241858Z   ssh-strict: true
2025-09-22T19:45:44.0242667Z   ssh-user: git
2025-09-22T19:45:44.0243484Z   persist-credentials: true
2025-09-22T19:45:44.0244401Z   clean: true
2025-09-22T19:45:44.0245382Z   sparse-checkout-cone-mode: true
2025-09-22T19:45:44.0246390Z   fetch-depth: 1
2025-09-22T19:45:44.0247200Z   fetch-tags: false
2025-09-22T19:45:44.0248026Z   show-progress: true
2025-09-22T19:45:44.0248859Z   lfs: false
2025-09-22T19:45:44.0249608Z   submodules: false
2025-09-22T19:45:44.0250445Z   set-safe-directory: true
2025-09-22T19:45:44.0251590Z ##[endgroup]
2025-09-22T19:45:44.1356960Z Syncing repository: thc1006/pose-coach-android-starter
2025-09-22T19:45:44.1359669Z ##[group]Getting Git version info
2025-09-22T19:45:44.1361594Z Working directory is '/home/runner/work/pose-coach-android-starter/pose-coach-android-starter'
2025-09-22T19:45:44.1363939Z [command]/usr/bin/git version
2025-09-22T19:45:44.1418881Z git version 2.51.0
2025-09-22T19:45:44.1444701Z ##[endgroup]
2025-09-22T19:45:44.1458863Z Temporarily overriding HOME='/home/runner/work/_temp/82a0dd8a-c74e-4565-b932-bf74ef03d909' before making global git config changes
2025-09-22T19:45:44.1461611Z Adding repository directory to the temporary git global config as a safe directory
2025-09-22T19:45:44.1471250Z [command]/usr/bin/git config --global --add safe.directory /home/runner/work/pose-coach-android-starter/pose-coach-android-starter
2025-09-22T19:45:44.1505861Z Deleting the contents of '/home/runner/work/pose-coach-android-starter/pose-coach-android-starter'
2025-09-22T19:45:44.1509017Z ##[group]Initializing the repository
2025-09-22T19:45:44.1513200Z [command]/usr/bin/git init /home/runner/work/pose-coach-android-starter/pose-coach-android-starter
2025-09-22T19:45:44.1602785Z hint: Using 'master' as the name for the initial branch. This default branch name
2025-09-22T19:45:44.1604750Z hint: is subject to change. To configure the initial branch name to use in all
2025-09-22T19:45:44.1607325Z hint: of your new repositories, which will suppress this warning, call:
2025-09-22T19:45:44.1608687Z hint:
2025-09-22T19:45:44.1609617Z hint: 	git config --global init.defaultBranch <name>
2025-09-22T19:45:44.1610787Z hint:
2025-09-22T19:45:44.1612034Z hint: Names commonly chosen instead of 'master' are 'main', 'trunk' and
2025-09-22T19:45:44.1613820Z hint: 'development'. The just-created branch can be renamed via this command:
2025-09-22T19:45:44.1615793Z hint:
2025-09-22T19:45:44.1616837Z hint: 	git branch -m <name>
2025-09-22T19:45:44.1617746Z hint:
2025-09-22T19:45:44.1618919Z hint: Disable this message with "git config set advice.defaultBranchName false"
2025-09-22T19:45:44.1621395Z Initialized empty Git repository in /home/runner/work/pose-coach-android-starter/pose-coach-android-starter/.git/
2025-09-22T19:45:44.1625108Z [command]/usr/bin/git remote add origin https://github.com/thc1006/pose-coach-android-starter
2025-09-22T19:45:44.1655964Z ##[endgroup]
2025-09-22T19:45:44.1657347Z ##[group]Disabling automatic garbage collection
2025-09-22T19:45:44.1659447Z [command]/usr/bin/git config --local gc.auto 0
2025-09-22T19:45:44.1690523Z ##[endgroup]
2025-09-22T19:45:44.1692781Z ##[group]Setting up auth
2025-09-22T19:45:44.1697847Z [command]/usr/bin/git config --local --name-only --get-regexp core\.sshCommand
2025-09-22T19:45:44.1732095Z [command]/usr/bin/git submodule foreach --recursive sh -c "git config --local --name-only --get-regexp 'core\.sshCommand' && git config --local --unset-all 'core.sshCommand' || :"
2025-09-22T19:45:44.2061984Z [command]/usr/bin/git config --local --name-only --get-regexp http\.https\:\/\/github\.com\/\.extraheader
2025-09-22T19:45:44.2093836Z [command]/usr/bin/git submodule foreach --recursive sh -c "git config --local --name-only --get-regexp 'http\.https\:\/\/github\.com\/\.extraheader' && git config --local --unset-all 'http.https://github.com/.extraheader' || :"
2025-09-22T19:45:44.2333045Z [command]/usr/bin/git config --local http.https://github.com/.extraheader AUTHORIZATION: basic ***
2025-09-22T19:45:44.2367463Z ##[endgroup]
2025-09-22T19:45:44.2369047Z ##[group]Fetching the repository
2025-09-22T19:45:44.2386653Z [command]/usr/bin/git -c protocol.version=2 fetch --no-tags --prune --no-recurse-submodules --depth=1 origin +685d758d9ae8c729893935dc590157eded077a04:refs/remotes/origin/main
2025-09-22T19:45:44.8639103Z From https://github.com/thc1006/pose-coach-android-starter
2025-09-22T19:45:44.8641780Z  * [new ref]         685d758d9ae8c729893935dc590157eded077a04 -> origin/main
2025-09-22T19:45:44.8669068Z ##[endgroup]
2025-09-22T19:45:44.8671261Z ##[group]Determining the checkout info
2025-09-22T19:45:44.8673697Z ##[endgroup]
2025-09-22T19:45:44.8676262Z [command]/usr/bin/git sparse-checkout disable
2025-09-22T19:45:44.8715897Z [command]/usr/bin/git config --local --unset-all extensions.worktreeConfig
2025-09-22T19:45:44.8744496Z ##[group]Checking out the ref
2025-09-22T19:45:44.8747823Z [command]/usr/bin/git checkout --progress --force -B main refs/remotes/origin/main
2025-09-22T19:45:44.9567291Z Switched to a new branch 'main'
2025-09-22T19:45:44.9569126Z branch 'main' set up to track 'origin/main'.
2025-09-22T19:45:44.9579739Z ##[endgroup]
2025-09-22T19:45:44.9617325Z [command]/usr/bin/git log -1 --format=%H
2025-09-22T19:45:44.9640528Z 685d758d9ae8c729893935dc590157eded077a04
2025-09-22T19:45:44.9965821Z ##[group]Run actions/setup-java@v4
2025-09-22T19:45:44.9966979Z with:
2025-09-22T19:45:44.9967874Z   java-version: 17
2025-09-22T19:45:44.9968877Z   distribution: temurin
2025-09-22T19:45:44.9969902Z   cache: gradle
2025-09-22T19:45:44.9970886Z   java-package: jdk
2025-09-22T19:45:44.9971868Z   check-latest: false
2025-09-22T19:45:44.9972880Z   server-id: github
2025-09-22T19:45:44.9973828Z   server-username: GITHUB_ACTOR
2025-09-22T19:45:44.9975413Z   server-password: GITHUB_TOKEN
2025-09-22T19:45:44.9976536Z   overwrite-settings: true
2025-09-22T19:45:44.9977629Z   job-status: success
2025-09-22T19:45:44.9978918Z   token: ***
2025-09-22T19:45:44.9979822Z ##[endgroup]
2025-09-22T19:45:45.1900245Z ##[group]Installed distributions
2025-09-22T19:45:45.2169976Z Resolved Java 17.0.16+8 from tool-cache
2025-09-22T19:45:45.2171893Z Setting Java 17.0.16+8 as the default
2025-09-22T19:45:45.2184560Z Creating toolchains.xml for JDK version 17 from temurin
2025-09-22T19:45:45.2259199Z Writing to /home/runner/.m2/toolchains.xml
2025-09-22T19:45:45.2260653Z 
2025-09-22T19:45:45.2261228Z Java configuration:
2025-09-22T19:45:45.2262911Z   Distribution: temurin
2025-09-22T19:45:45.2264428Z   Version: 17.0.16+8
2025-09-22T19:45:45.2266716Z   Path: /opt/hostedtoolcache/Java_Temurin-Hotspot_jdk/17.0.16-8/x64
2025-09-22T19:45:45.2268487Z 
2025-09-22T19:45:45.2269519Z ##[endgroup]
2025-09-22T19:45:45.2286796Z Creating settings.xml with server-id: github
2025-09-22T19:45:45.2289863Z Writing to /home/runner/.m2/settings.xml
2025-09-22T19:45:45.5168291Z gradle cache is not found
2025-09-22T19:45:45.5392396Z ##[group]Run android-actions/setup-android@v3
2025-09-22T19:45:45.5393071Z with:
2025-09-22T19:45:45.5393623Z   cmdline-tools-version: 12266719
2025-09-22T19:45:45.5394252Z   accept-android-sdk-licenses: true
2025-09-22T19:45:45.5394919Z   log-accepted-android-sdk-licenses: true
2025-09-22T19:45:45.5395741Z   packages: tools platform-tools
2025-09-22T19:45:45.5396346Z env:
2025-09-22T19:45:45.5397013Z   JAVA_HOME: /opt/hostedtoolcache/Java_Temurin-Hotspot_jdk/17.0.16-8/x64
2025-09-22T19:45:45.5397895Z   JAVA_HOME_17_X64: /opt/hostedtoolcache/Java_Temurin-Hotspot_jdk/17.0.16-8/x64
2025-09-22T19:45:45.5398626Z ##[endgroup]
2025-09-22T19:45:45.6691036Z Found preinstalled sdkmanager in /usr/local/lib/android/sdk/cmdline-tools/latest with following source.properties:
2025-09-22T19:45:45.6692599Z Pkg.Revision=12.0
2025-09-22T19:45:45.6693255Z Pkg.Path=cmdline-tools;12.0
2025-09-22T19:45:45.6694250Z Pkg.Desc=Android SDK Command-line Tools
2025-09-22T19:45:45.6694688Z 
2025-09-22T19:45:45.6695058Z Wrong version in preinstalled sdkmanager
2025-09-22T19:45:45.6696366Z Downloading commandline tools from https://dl.google.com/android/repository/commandlinetools-linux-12266719_latest.zip
2025-09-22T19:45:47.0308086Z [command]/usr/bin/unzip -o -q /home/runner/work/_temp/048291cb-0fe1-47ea-83cc-6fcfc7c544f7
2025-09-22T19:45:47.8433070Z Accepting Android SDK licenses
2025-09-22T19:45:47.8439642Z [command]/usr/local/lib/android/sdk/cmdline-tools/16.0/bin/sdkmanager --licenses
2025-09-22T19:45:53.0758107Z Loading local repository...                                                     
2025-09-22T19:45:53.0759021Z [=========                              ] 25% Loading local repository...       
2025-09-22T19:45:55.6354356Z [=========                              ] 25% Fetch remote repository...        
2025-09-22T19:45:56.0746292Z [==========                             ] 26% Fetch remote repository...        
2025-09-22T19:45:56.0765896Z [============                           ] 31% Fetch remote repository...        
2025-09-22T19:45:56.1376643Z [============                           ] 32% Fetch remote repository...        
2025-09-22T19:45:56.1381033Z [=============                          ] 33% Fetch remote repository...        
2025-09-22T19:45:56.2029401Z [=============                          ] 35% Fetch remote repository...        
2025-09-22T19:45:56.2048117Z [==============                         ] 36% Fetch remote repository...        
2025-09-22T19:45:56.2237149Z [==============                         ] 37% Fetch remote repository...        
2025-09-22T19:45:56.2241079Z [===============                        ] 38% Fetch remote repository...        
2025-09-22T19:45:56.2599960Z [===============                        ] 39% Fetch remote repository...        
2025-09-22T19:45:56.2608652Z [================                       ] 40% Fetch remote repository...        
2025-09-22T19:45:56.2757155Z [================                       ] 41% Fetch remote repository...        
2025-09-22T19:45:56.2764763Z [================                       ] 42% Fetch remote repository...        
2025-09-22T19:45:56.2892624Z [=================                      ] 44% Fetch remote repository...        
2025-09-22T19:45:56.2897751Z [=================                      ] 45% Fetch remote repository...        
2025-09-22T19:45:56.3057705Z [==================                     ] 46% Fetch remote repository...        
2025-09-22T19:45:56.3059655Z [==================                     ] 47% Fetch remote repository...        
2025-09-22T19:45:56.3770707Z [===================                    ] 48% Fetch remote repository...        
2025-09-22T19:45:56.3774887Z [===================                    ] 49% Fetch remote repository...        
2025-09-22T19:45:56.3922449Z [====================                   ] 50% Fetch remote repository...        
2025-09-22T19:45:56.3926180Z [====================                   ] 51% Fetch remote repository...        
2025-09-22T19:45:56.4062097Z [====================                   ] 53% Fetch remote repository...        
2025-09-22T19:45:56.4064902Z [=====================                  ] 54% Fetch remote repository...        
2025-09-22T19:45:56.4259605Z [=====================                  ] 55% Fetch remote repository...        
2025-09-22T19:45:56.4262203Z [======================                 ] 56% Fetch remote repository...        
2025-09-22T19:45:56.4396940Z [======================                 ] 57% Fetch remote repository...        
2025-09-22T19:45:56.4426050Z [=======================                ] 58% Fetch remote repository...        
2025-09-22T19:45:56.4545649Z [=======================                ] 59% Fetch remote repository...        
2025-09-22T19:45:56.4546891Z [========================               ] 60% Fetch remote repository...        
2025-09-22T19:45:56.4680237Z [========================               ] 61% Fetch remote repository...        
2025-09-22T19:45:56.4684244Z [=========================              ] 63% Fetch remote repository...        
2025-09-22T19:45:56.4845737Z [=========================              ] 64% Fetch remote repository...        
2025-09-22T19:45:56.4849767Z [=========================              ] 65% Fetch remote repository...        
2025-09-22T19:45:56.5115517Z [==========================             ] 66% Fetch remote repository...        
2025-09-22T19:45:56.5121814Z [==========================             ] 67% Fetch remote repository...        
2025-09-22T19:45:56.5258290Z [===========================            ] 68% Fetch remote repository...        
2025-09-22T19:45:56.5260222Z [===========================            ] 69% Fetch remote repository...        
2025-09-22T19:45:56.5398102Z [============================           ] 70% Fetch remote repository...        
2025-09-22T19:45:56.5400768Z [============================           ] 72% Fetch remote repository...        
2025-09-22T19:45:56.5627189Z [=============================          ] 73% Fetch remote repository...        
2025-09-22T19:45:56.5628828Z [=============================          ] 74% Fetch remote repository...        
2025-09-22T19:45:56.5708087Z [=============================          ] 75% Fetch remote repository...        
2025-09-22T19:45:56.5834910Z [=============================          ] 75% Computing updates...              
2025-09-22T19:45:56.5836015Z [=======================================] 100% Computing updates...             
2025-09-22T19:45:56.6469346Z 6 of 7 SDK package licenses not accepted.
2025-09-22T19:45:56.6472379Z Review licenses that have not been accepted (y/N)? 
2025-09-22T19:45:56.6473382Z 1/6: License android-googletv-license:
2025-09-22T19:45:56.6474022Z ---------------------------------------
2025-09-22T19:45:56.6487802Z Terms and Conditions
2025-09-22T19:45:56.6496242Z 
2025-09-22T19:45:56.6496962Z This is the Google TV Add-on for the Android Software Development Kit License Agreement.
2025-09-22T19:45:56.6498082Z 
2025-09-22T19:45:56.6499660Z 1. Introduction
2025-09-22T19:45:56.6500040Z 
2025-09-22T19:45:56.6502047Z 1.1 The Google TV Add-on for the Android Software Development Kit (referred to in this License Agreement as the "Google TV Add-on" and specifically including the Android system files, packaged APIs, and Google APIs add-ons) is licensed to you subject to the terms of this License Agreement. This License Agreement forms a legally binding contract between you and Google in relation to your use of the Google TV Add-on.
2025-09-22T19:45:56.6516717Z 
2025-09-22T19:45:56.6521941Z 1.2 "Google" means Google Inc., a Delaware corporation with principal place of business at 1600 Amphitheatre Parkway, Mountain View, CA 94043, United States.
2025-09-22T19:45:56.6526184Z 
2025-09-22T19:45:56.6526416Z 2. Accepting this License Agreement
2025-09-22T19:45:56.6526687Z 
2025-09-22T19:45:56.6527363Z 2.1 In order to use the Google TV Add-on, you must first agree to this License Agreement. You may not use the Google TV Add-on if you do not accept this License Agreement.
2025-09-22T19:45:56.6528158Z 
2025-09-22T19:45:56.6528562Z 2.2 You can accept this License Agreement by:
2025-09-22T19:45:56.6528854Z 
2025-09-22T19:45:56.6529272Z (A) clicking to accept or agree to this License Agreement, where this option is made available to you; or
2025-09-22T19:45:56.6529827Z 
2025-09-22T19:45:56.6530508Z (B) by actually using the Google TV Add-on. In this case, you agree that use of the Google TV Add-on constitutes acceptance of the License Agreement from that point onwards.
2025-09-22T19:45:56.6531302Z 
2025-09-22T19:45:56.6532512Z 2.3 You may not use the Google TV Add-on and may not accept the Licensing Agreement if you are a person barred from receiving the Google TV Add-on under the laws of the United States or other countries including the country in which you are resident or from which you use the Google TV Add-on.
2025-09-22T19:45:56.6533910Z 
2025-09-22T19:45:56.6535725Z 2.4 If you are agreeing to be bound by this License Agreement on behalf of your employer or other entity, you represent and warrant that you have full legal authority to bind your employer or such entity to this License Agreement. If you do not have the requisite authority, you may not accept the Licensing Agreement or use the Google TV Add-on on behalf of your employer or other entity.
2025-09-22T19:45:56.6537526Z 
2025-09-22T19:45:56.6537673Z 3. Google TV Add-on License from Google
2025-09-22T19:45:56.6537937Z 
2025-09-22T19:45:56.6538963Z 3.1 Subject to the terms of this License Agreement, Google grants you a limited, worldwide, royalty-free, non- assignable and non-exclusive license to use the Google TV Add-on solely to develop applications to run on the Google TV platform.
2025-09-22T19:45:56.6540107Z 
2025-09-22T19:45:56.6541933Z 3.2 You agree that Google or third parties own all legal right, title and interest in and to the Google TV Add-on, including any Intellectual Property Rights that subsist in the Google TV Add-on. "Intellectual Property Rights" means any and all rights under patent law, copyright law, trade secret law, trademark law, and any and all other proprietary rights. Google reserves all rights not expressly granted to you.
2025-09-22T19:45:56.6543844Z 
2025-09-22T19:45:56.6573732Z 3.3 Except to the extent required by applicable third party licenses, you may not copy (except for backup purposes), modify, adapt, redistribute, decompile, reverse engineer, disassemble, or create derivative works of the Google TV Add-on or any part of the Google TV Add-on. Except to the extent required by applicable third party licenses, you may not load any part of the Google TV Add-on onto a mobile handset, television, or any other hardware device except a personal computer, combine any part of the Google TV Add-on with other software, or distribute any software or device incorporating a part of the Google TV Add-on.
2025-09-22T19:45:56.6576843Z 
2025-09-22T19:45:56.6577841Z 3.4 Use, reproduction and distribution of components of the Google TV Add-on licensed under an open source software license are governed solely by the terms of that open source software license and not this License Agreement.
2025-09-22T19:45:56.6579152Z 
2025-09-22T19:45:56.6614032Z 3.5 You agree that the form and nature of the Google TV Add-on that Google provides may change without prior notice to you and that future versions of the Google TV Add-on may be incompatible with applications developed on previous versions of the Google TV Add-on. You agree that Google may stop (permanently or temporarily) providing the Google TV Add-on (or any features within the Google TV Add-on) to you or to users generally at Google's sole discretion, without prior notice to you.
2025-09-22T19:45:56.6616718Z 
2025-09-22T19:45:56.6622977Z 3.6 Nothing in this License Agreement gives you a right to use any of Google's or it’s licensors’ trade names, trademarks, service marks, logos, domain names, or other distinctive brand features.
2025-09-22T19:45:56.6624041Z 
2025-09-22T19:45:56.6625193Z 3.7 You agree that you will not remove, obscure, or alter any proprietary rights notices (including copyright and trademark notices) that may be affixed to or contained within the Google TV Add-on.
2025-09-22T19:45:56.6632920Z 
2025-09-22T19:45:56.6633090Z 4. Use of the Google TV Add-on by You
2025-09-22T19:45:56.6633371Z 
2025-09-22T19:45:56.6634688Z 4.1 Google agrees that it obtains no right, title or interest from you (or your licensors) under this License Agreement in or to any software applications that you develop using the Google TV Add-on, including any intellectual property rights that subsist in those applications.
2025-09-22T19:45:56.6636266Z 
2025-09-22T19:45:56.6638076Z 4.2 You agree to use the Google TV Add-on and write applications only for purposes that are permitted by (a) this License Agreement and (b) any applicable law, regulation or generally accepted practices or guidelines in the relevant jurisdictions (including any laws regarding the export of data or software to and from the United States or other relevant countries).
2025-09-22T19:45:56.6640022Z 
2025-09-22T19:45:56.6644072Z 4.3 You agree that if you use the Google TV Add-on to develop applications for general public users, you will protect the privacy and legal rights of those users. If the users provide you with user names, passwords, or other login information or personal information, your must make the users aware that the information will be available to your application, and you must provide legally adequate privacy notice and protection for those users. If your application stores personal or sensitive information provided by users, it must do so securely. If the user provides your application with Google Account information, your application may only use that information to access the user's Google Account when, and for the limited purposes for which, the user has given you explicit permission to do so.
2025-09-22T19:45:56.6648367Z 
2025-09-22T19:45:56.6650435Z 4.4 You agree that you will not engage in any activity with the Google TV Add-on, including the development or distribution of an application, that interferes with, disrupts, damages, or accesses in an unauthorized manner the servers, networks, or other properties or services of any third party including, but not limited to, Google, Multichannel Video Program Distributors or any mobile communications carrier.
2025-09-22T19:45:56.6652608Z 
2025-09-22T19:45:56.6654434Z 4.5 You agree that you are solely responsible for (and that Google has no responsibility to you or to any third party for) any data, content, or resources that you create, transmit or display through the Google TV platform and/or applications for the Google TV platform, and for the consequences of your actions (including any loss or damage which Google may suffer) by doing so.
2025-09-22T19:45:56.6656533Z 
2025-09-22T19:45:56.6658425Z 4.6 You agree that you are solely responsible for (and that Google has no responsibility to you or to any third party for) any breach of your obligations under this License Agreement, any applicable third party contract or Terms of Service, or any applicable law or regulation, and for the consequences (including any loss or damage which Google or any third party may suffer) of any such breach.
2025-09-22T19:45:56.6665151Z 
2025-09-22T19:45:56.6665459Z 5. Your Developer Credentials
2025-09-22T19:45:56.6665725Z 
2025-09-22T19:45:56.6667251Z 5.1 You agree that you are responsible for maintaining the confidentiality of any developer credentials that may be issued to you by Google or which you may choose yourself and that you will be solely responsible for all applications that are developed under your developer credentials.
2025-09-22T19:45:56.6668814Z 
2025-09-22T19:45:56.6668972Z 6. Privacy and Information
2025-09-22T19:45:56.6669232Z 
2025-09-22T19:45:56.6675962Z 6.1 In order to continually innovate and improve the Google TV Add-on, Google may collect certain usage statistics from the software including but not limited to a unique identifier, associated IP address, version number of the software, and information on which tools and/or services in the Google TV Add-on are being used and how they are being used. Before any of this information is collected, the Google TV Add-on will notify you and seek your consent. If you withhold consent, the information will not be collected.
2025-09-22T19:45:56.6678622Z 
2025-09-22T19:45:56.6679282Z 6.2 The data collected is examined in the aggregate to improve the Google TV Add-on and is maintained in accordance with Google's Privacy Policy.
2025-09-22T19:45:56.6680064Z 
2025-09-22T19:45:56.6680291Z 7. Third Party Applications for the Google TV Platform
2025-09-22T19:45:56.6680693Z 
2025-09-22T19:45:56.6683940Z 7.1 If you use the Google TV Add-on to run applications developed by a third party or that access data, content or resources provided by a third party, you agree that Google is not responsible for those applications, data, content, or resources. You understand that all data, content or resources which you may access through such third party applications are the sole responsibility of the person from which they originated and that Google is not liable for any loss or damage that you may experience as a result of the use or access of any of those third party applications, data, content, or resources.
2025-09-22T19:45:56.6686840Z 
2025-09-22T19:45:56.6689120Z 7.2 You should be aware the data, content, and resources presented to you through such a third party application may be protected by intellectual property rights which are owned by the providers (or by other persons or companies on their behalf). You may not modify, rent, lease, loan, sell, distribute or create derivative works based on these data, content, or resources (either in whole or in part) unless you have been specifically given permission to do so by the relevant owners.
2025-09-22T19:45:56.6691060Z 
2025-09-22T19:45:56.6691806Z 7.3 You acknowledge that your use of such third party applications, data, content, or resources may be subject to separate terms between you and the relevant third party. In that case, this License Agreement does not affect your legal relationship with these third parties.
2025-09-22T19:45:56.6692640Z 
2025-09-22T19:45:56.6692721Z 8. Using Google TV APIs
2025-09-22T19:45:56.6692853Z 
2025-09-22T19:45:56.6695140Z 8.1 If you use any Google TV API to retrieve data from Google, you acknowledge that the data (“Google TV API Content”) may be protected by intellectual property rights which are owned by Google or those parties that provide the data (or by other persons or companies on their behalf). Your use of any such API may be subject to additional Terms of Service. You may not modify, rent, lease, loan, sell, distribute or create derivative works based on this data (either in whole or in part) unless allowed by the relevant Terms of Service. Some portions of the Google TV API Content are licensed to Google by third parties, including but not limited to Tribune Media Services
2025-09-22T19:45:56.6697302Z 
2025-09-22T19:45:56.6697965Z 8.2 If you use any API to retrieve a user's data from Google, you acknowledge and agree that you shall retrieve data only with the user's explicit consent and only when, and for the limited purposes for which, the user has given you permission to do so.
2025-09-22T19:45:56.6698871Z 
2025-09-22T19:45:56.6699115Z 8.3 Except as explicitly permitted in Section 3 (Google TV Add-on License from Google), you must:
2025-09-22T19:45:56.6699440Z 
2025-09-22T19:45:56.6699918Z (a) not modify nor format the Google TV API Content except to the extent reasonably and technically necessary to optimize the display such Google TV API Content in your application;
2025-09-22T19:45:56.6700479Z 
2025-09-22T19:45:56.6701004Z (b) not edit the Google TV API Content in a manner that renders the Google TV API Content inaccurate of alters its inherent meaning (provided that displaying excerpts will not violate the foregoing); or
2025-09-22T19:45:56.6701604Z 
2025-09-22T19:45:56.6701854Z (c) not create any commercial audience measurement tool or service using the Google TV API Content
2025-09-22T19:45:56.6702186Z 
2025-09-22T19:45:56.6702279Z 9. Terminating this License Agreement
2025-09-22T19:45:56.6702554Z 
2025-09-22T19:45:56.6702833Z 9.1 This License Agreement will continue to apply until terminated by either you or Google as set out below.
2025-09-22T19:45:56.6703190Z 
2025-09-22T19:45:56.6703546Z 9.2 If you want to terminate this License Agreement, you may do so by ceasing your use of the Google TV Add-on and any relevant developer credentials.
2025-09-22T19:45:56.6703989Z 
2025-09-22T19:45:56.6704151Z 9.3 Google may at any time, terminate this License Agreement with you if:
2025-09-22T19:45:56.6704394Z 
2025-09-22T19:45:56.6704551Z (A) you have breached any provision of this License Agreement; or
2025-09-22T19:45:56.6704776Z 
2025-09-22T19:45:56.6704870Z (B) Google is required to do so by law; or
2025-09-22T19:45:56.6705045Z 
2025-09-22T19:45:56.6705702Z (C) the partner with whom Google offered certain parts of Google TV Add-on (such as APIs) to you has terminated its relationship with Google or ceased to offer certain parts of the Google TV Add-on to you; or
2025-09-22T19:45:56.6706322Z 
2025-09-22T19:45:56.6707200Z (D) Google decides to no longer providing the Google TV Add-on or certain parts of the Google TV Add-on to users in the country in which you are resident or from which you use the service, or the provision of the Google TV Add-on or certain Google TV Add-on services to you by Google is, in Google's sole discretion, no longer commercially viable.
2025-09-22T19:45:56.6708140Z 
2025-09-22T19:45:56.6709358Z 9.4 When this License Agreement comes to an end, all of the legal rights, obligations and liabilities that you and Google have benefited from, been subject to (or which have accrued over time whilst this License Agreement has been in force) or which are expressed to continue indefinitely, shall be unaffected by this cessation, and the provisions of paragraph 14.7 shall continue to apply to such rights, obligations and liabilities indefinitely.
2025-09-22T19:45:56.6710635Z 
2025-09-22T19:45:56.6710720Z 10. DISCLAIMER OF WARRANTIES
2025-09-22T19:45:56.6710866Z 
2025-09-22T19:45:56.6711365Z 10.1 YOU EXPRESSLY UNDERSTAND AND AGREE THAT YOUR USE OF THE GOOGLE TV ADD-ON IS AT YOUR SOLE RISK AND THAT THE GOOGLE TV ADD-ON IS PROVIDED "AS IS" AND "AS AVAILABLE" WITHOUT WARRANTY OF ANY KIND FROM GOOGLE.
2025-09-22T19:45:56.6711940Z 
2025-09-22T19:45:56.6712684Z 10.2 YOUR USE OF THE GOOGLE TV ADD-ON AND ANY MATERIAL DOWNLOADED OR OTHERWISE OBTAINED THROUGH THE USE OF THE GOOGLE TV ADD-ON IS AT YOUR OWN DISCRETION AND RISK AND YOU ARE SOLELY RESPONSIBLE FOR ANY DAMAGE TO YOUR COMPUTER SYSTEM OR OTHER DEVICE OR LOSS OF DATA THAT RESULTS FROM SUCH USE.
2025-09-22T19:45:56.6713506Z 
2025-09-22T19:45:56.6714229Z 10.3 GOOGLE FURTHER EXPRESSLY DISCLAIMS ALL WARRANTIES AND CONDITIONS OF ANY KIND, WHETHER EXPRESS OR IMPLIED, INCLUDING, BUT NOT LIMITED TO THE IMPLIED WARRANTIES AND CONDITIONS OF MERCHANTABILITY, FITNESS FOR A PARTICULAR PURPOSE AND NON-INFRINGEMENT.
2025-09-22T19:45:56.6715155Z 
2025-09-22T19:45:56.6715344Z 11. LIMITATION OF LIABILITY
2025-09-22T19:45:56.6715487Z 
2025-09-22T19:45:56.6716689Z 11.1 YOU EXPRESSLY UNDERSTAND AND AGREE THAT GOOGLE, ITS SUBSIDIARIES AND AFFILIATES, AND ITS LICENSORS SHALL NOT BE LIABLE TO YOU UNDER ANY THEORY OF LIABILITY FOR ANY DIRECT, INDIRECT, INCIDENTAL, SPECIAL CONSEQUENTIAL OR EXEMPLARY DAMAGES THAT MAY BE INCURRED BY YOU, INCLUDING ANY LOSS OF DATA, WHETHER OR NOT GOOGLE OR ITS REPRESENTATIVES HAVE BEEN ADVISED OF OR SHOULD HAVE BEEN AWARE OF THE POSSIBILITY OF ANY SUCH LOSSES ARISING.
2025-09-22T19:45:56.6717951Z 
2025-09-22T19:45:56.6718031Z 12. Indemnification
2025-09-22T19:45:56.6718141Z 
2025-09-22T19:45:56.6720331Z 12.1 To the maximum extent permitted by law, you agree to defend, indemnify and hold harmless Google, its affiliates and their respective directors, officers, employees and agents from and against any and all claims, actions, suits or proceedings, as well as any and all losses, liabilities, damages, costs and expenses (including reasonable attorneys fees) arising out of or accruing from (a) your use of the Google TV Add-on, (b) any application you develop on the Google TV Add-on that infringes any copyright, trademark, trade secret, trade dress, patent or other intellectual property right of any person or defames any person or violates their rights of publicity or privacy, and (c) any non-compliance by you with this License Agreement.
2025-09-22T19:45:56.6722434Z 
2025-09-22T19:45:56.6722523Z 13. Changes to the License Agreement
2025-09-22T19:45:56.6722686Z 
2025-09-22T19:45:56.6722949Z 13.1 Google may make changes to the License Agreement as it distributes new versions of the Google TV Add-on.
2025-09-22T19:45:56.6723300Z 
2025-09-22T19:45:56.6723382Z 14. General Legal Terms
2025-09-22T19:45:56.6723505Z 
2025-09-22T19:45:56.6724407Z 14.1 This License Agreement constitute the whole legal agreement between you and Google and govern your use of the Google TV Add-on (excluding any services which Google may provide to you under a separate written agreement), and completely replace any prior agreements between you and Google in relation to the Google TV Add-on.
2025-09-22T19:45:56.6725490Z 
2025-09-22T19:45:56.6726329Z 14.2 You agree that if Google does not exercise or enforce any legal right or remedy which is contained in this License Agreement (or which Google has the benefit of under any applicable law), this will not be taken to be a formal waiver of Google's rights and that those rights or remedies will still be available to Google.
2025-09-22T19:45:56.6727295Z 
2025-09-22T19:45:56.6728235Z 14.3 If any court of law, having the jurisdiction to decide on this matter, rules that any provision of this License Agreement is invalid, then that provision will be removed from this License Agreement without affecting the rest of this License Agreement. The remaining provisions of this License Agreement will continue to be valid and enforceable.
2025-09-22T19:45:56.6729259Z 
2025-09-22T19:45:56.6730872Z 14.4 You acknowledge and agree that Google’s API data licensors and each member of the group of companies of which Google is the parent shall be third party beneficiaries to this License Agreement and that such other companies shall be entitled to directly enforce, and rely upon, any provision of this License Agreement that confers a benefit on (or rights in favor of) them. Other than this, no other person or company shall be third party beneficiaries to this License Agreement.
2025-09-22T19:45:56.6732245Z 
2025-09-22T19:45:56.6733037Z 14.5 EXPORT RESTRICTIONS. THE GOOGLE TV ADD-ON IS SUBJECT TO UNITED STATES EXPORT LAWS AND REGULATIONS. YOU MUST COMPLY WITH ALL DOMESTIC AND INTERNATIONAL EXPORT LAWS AND REGULATIONS THAT APPLY TO THE GOOGLE TV ADD-ON. THESE LAWS INCLUDE RESTRICTIONS ON DESTINATIONS, END USERS AND END USE.
2025-09-22T19:45:56.6733897Z 
2025-09-22T19:45:56.6734844Z 14.6 The rights granted in this License Agreement may not be assigned or transferred by either you or Google without the prior written approval of the other party. Neither you nor Google shall be permitted to delegate their responsibilities or obligations under this License Agreement without the prior written approval of the other party.
2025-09-22T19:45:56.6736219Z 
2025-09-22T19:45:56.6737808Z 14.7 This License Agreement, and your relationship with Google under this License Agreement, shall be governed by the laws of the State of California without regard to its conflict of laws provisions. You and Google agree to submit to the exclusive jurisdiction of the courts located within the county of Santa Clara, California to resolve any legal matter arising from this License Agreement. Notwithstanding this, you agree that Google shall still be allowed to apply for injunctive remedies (or an equivalent type of urgent legal relief) in any jurisdiction.
2025-09-22T19:45:56.6739445Z 
2025-09-22T19:45:56.6739449Z 
2025-09-22T19:45:56.6739522Z August 15, 2011
2025-09-22T19:45:56.6739715Z ---------------------------------------
2025-09-22T19:45:56.6739946Z Accept? (y/N): 
2025-09-22T19:45:56.6740163Z 2/6: License android-googlexr-license:
2025-09-22T19:45:56.6740540Z ---------------------------------------
2025-09-22T19:45:56.6741375Z To get started with the Android XR Emulator System Image SDK, you must agree to the following terms and conditions. As described below, please note that this is a preview, emulated version of the Android XR OS, subject to change, that you use at your own risk.
2025-09-22T19:45:56.6742133Z 
2025-09-22T19:45:56.6742282Z This is the Android XR Emulator System Image SDK License Agreement
2025-09-22T19:45:56.6742513Z 
2025-09-22T19:45:56.6742584Z 1. Introduction
2025-09-22T19:45:56.6742691Z 
2025-09-22T19:45:56.6743908Z 1.1 The Android Android XR Emulator System Image SDK (referred to in the License Agreement as the "SDK" and specifically including the Android system files,, packaged APIs, library files (if and when they are made available), and Google applications and APIs add-ons) is licensed to you subject to the terms of the License Agreement. The License Agreement forms a legally binding contract between you and Google in relation to your use of the SDK.
2025-09-22T19:45:56.6745197Z 
2025-09-22T19:45:56.6746263Z 1.2 "Android" means the Android software stack for devices, as made available under the Android Open Source Project, which is located at the following URL: https://source.android.com/, as updated from time to time.
2025-09-22T19:45:56.6746957Z 
2025-09-22T19:45:56.6747533Z 1.3 "Google" means Google LLC, organized under the laws of the State of Delaware, USA, and operating under the laws of the USA with principal place of business at 1600 Amphitheatre Parkway, Mountain View, CA 94043, USA.
2025-09-22T19:45:56.6748176Z 
2025-09-22T19:45:56.6748267Z 2. Accepting this License Agreement
2025-09-22T19:45:56.6748434Z 
2025-09-22T19:45:56.6748771Z 2.1 In order to use the SDK, you must first agree to the License Agreement. You may not use the SDK if you do not accept the License Agreement.
2025-09-22T19:45:56.6749184Z 
2025-09-22T19:45:56.6749436Z 2.2 By clicking to accept and/or using this SDK, you hereby agree to the terms of the License Agreement.
2025-09-22T19:45:56.6749778Z 
2025-09-22T19:45:56.6750424Z 2.3 You may not use the SDK and may not accept the License Agreement if you are a person barred from receiving the SDK under the laws of the United States or other countries, including the country in which you are resident or from which you use the SDK.
2025-09-22T19:45:56.6751166Z 
2025-09-22T19:45:56.6752136Z 2.4 If you are agreeing to be bound by the License Agreement on behalf of your employer or other entity, you represent and warrant that you have full legal authority to bind your employer or such entity to the License Agreement. If you do not have the requisite authority, you may not accept the License Agreement or use the SDK on behalf of your employer or other entity.
2025-09-22T19:45:56.6753176Z 
2025-09-22T19:45:56.6753259Z 3. SDK License from Google
2025-09-22T19:45:56.6753391Z 
2025-09-22T19:45:56.6754021Z 3.1 Subject to the terms of the License Agreement, Google grants you a limited, worldwide, royalty-free, non-assignable, non-exclusive, and non-sublicensable license to use the SDK solely to develop applications for Android XR.
2025-09-22T19:45:56.6754888Z 
2025-09-22T19:45:56.6755681Z 3.2 You may not use this SDK to develop applications for other platforms or to develop another SDK. You are of course free to develop applications for other platforms provided that this SDK is not used for that purpose.
2025-09-22T19:45:56.6756360Z 
2025-09-22T19:45:56.6757422Z 3.3 You agree that Google or third parties own all legal right, title and interest in and to the SDK, including any Intellectual Property Rights that subsist in the SDK. "Intellectual Property Rights" means any and all rights under patent law, copyright law, trade secret law, trademark law, and any and all other proprietary rights. Google reserves all rights not expressly granted to you.
2025-09-22T19:45:56.6758565Z 
2025-09-22T19:45:56.6760240Z 3.4 You may not use the SDK for any purpose not expressly permitted by the License Agreement. Except to the extent required by applicable third party licenses, you may not (a) copy (except for backup purposes), modify, adapt, redistribute, decompile, reverse engineer, disassemble, or create derivative works of the SDK or any part of the SDK; or (b) load any part of the SDK onto a mobile handset or any other hardware device except a personal computer, combine any part of the SDK with other software, or distribute any software or device incorporating a part of the SDK.
2025-09-22T19:45:56.6761860Z 
2025-09-22T19:45:56.6762999Z 3.5 Use, reproduction and distribution of components of the SDK licensed under an open source software license are governed solely by the terms of that open source software license and not the License Agreement. You agree to remain a licensee in good standing in regard to such open source software licenses under all the rights granted and to refrain from any actions that may terminate, suspend, or breach such rights.
2025-09-22T19:45:56.6764213Z 
2025-09-22T19:45:56.6765468Z 3.6 You agree that the form and nature of the SDK that Google provides may change without prior notice to you and that future versions of the SDK may be incompatible with applications developed on previous versions of the SDK. You agree that Google may stop (permanently or temporarily) providing the SDK (or any features within the SDK) to you or to users generally at Google's sole discretion, without prior notice to you.
2025-09-22T19:45:56.6766676Z 
2025-09-22T19:45:56.6767126Z 3.7 Nothing in the License Agreement gives you a right to use any of Google's trade names, trademarks, service marks, logos, domain names, or other distinctive brand features.
2025-09-22T19:45:56.6767647Z 
2025-09-22T19:45:56.6768132Z 3.8 You agree that you will not remove, obscure, or alter any proprietary rights notices (including copyright and trademark notices) that may be affixed to or contained within the SDK.
2025-09-22T19:45:56.6768703Z 
2025-09-22T19:45:56.6768780Z 4. Use of the SDK by You
2025-09-22T19:45:56.6768913Z 
2025-09-22T19:45:56.6769624Z 4.1 Google agrees that it obtains no right, title or interest from you (or your licensors) under the License Agreement in or to any software applications that you develop using the SDK, including any intellectual property rights that subsist in those applications.
2025-09-22T19:45:56.6770401Z 
2025-09-22T19:45:56.6771358Z 4.2 You agree to use the SDK and write applications only for purposes that are permitted by (a) the License Agreement and (b) any applicable law, regulation or generally accepted practices or guidelines in the relevant jurisdictions (including any laws regarding the export of data or software to and from the United States or other relevant countries).
2025-09-22T19:45:56.6772473Z 
2025-09-22T19:45:56.6774676Z 4.3 You agree that if you use the SDK to develop applications for general public users, you will protect the privacy and legal rights of those users. If the users provide you with user names, passwords, or other login information or personal information, you must make the users aware that the information will be available to your application, and you must provide legally adequate privacy notice and protection for those users. If your application stores personal or sensitive information provided by users, it must do so securely. If the user provides your application with Google Account information, your application may only use that information to access the user's Google Account when, and for the limited purposes for which, the user has given you permission to do so.
2025-09-22T19:45:56.6777183Z 
2025-09-22T19:45:56.6778166Z 4.4 You agree that you will not engage in any activity with the SDK, including the development or distribution of an application, that interferes with, disrupts, damages, or accesses in an unauthorized manner the servers, networks, or other properties or services of any third party including, but not limited to, Google or any mobile communications carrier.
2025-09-22T19:45:56.6779216Z 
2025-09-22T19:45:56.6780279Z 4.5 You agree that you are solely responsible for (and that Google has no responsibility to you or to any third party for) any data, content, or resources that you create, transmit or display through Android and/or applications for Android, and for the consequences of your actions (including any loss or damage which Google may suffer) by doing so.
2025-09-22T19:45:56.6781282Z 
2025-09-22T19:45:56.6782341Z 4.6 You agree that you are solely responsible for (and that Google has no responsibility to you or to any third party for) any breach of your obligations under the License Agreement, any applicable third party contract or Terms of Service, or any applicable law or regulation, and for the consequences (including any loss or damage which Google or any third party may suffer) of any such breach.
2025-09-22T19:45:56.6783478Z 
2025-09-22T19:45:56.6784279Z 4.7 The SDK is in development, and your testing and feedback are an important part of the development process. By using the SDK, you acknowledge that implementation of some features are still under development and that you should not rely on the SDK having the full functionality of a stable release.
2025-09-22T19:45:56.6785161Z 
2025-09-22T19:45:56.6785381Z 5. Your Developer Credentials
2025-09-22T19:45:56.6785574Z 
2025-09-22T19:45:56.6786740Z 5.1 You agree that you are responsible for maintaining the confidentiality of any developer credentials that may be issued to you by Google or which you may choose yourself and that you will be solely responsible for all applications that are developed under your developer credentials.
2025-09-22T19:45:56.6788209Z 
2025-09-22T19:45:56.6788351Z 6. Privacy and Information
2025-09-22T19:45:56.6788594Z 
2025-09-22T19:45:56.6790899Z 6.1 In order to continually innovate and improve the SDK, Google may collect certain usage statistics from the software including but not limited to a unique identifier, associated IP address, version number of the software, and information on which tools and/or services in the SDK are being used and how they are being used. Before any of this information is collected, the SDK will notify you and seek your consent. If you withhold consent, the information will not be collected.
2025-09-22T19:45:56.6793406Z 
2025-09-22T19:45:56.6794404Z 6.2 The data collected is examined in the aggregate to improve the SDK and is maintained in accordance with Google's Privacy Policy, which is located at the following URL: https://policies.google.com/privacy
2025-09-22T19:45:56.6795684Z 
2025-09-22T19:45:56.6796125Z 6.3 Anonymized and aggregated sets of the data may be shared with Google partners to improve the SDK.
2025-09-22T19:45:56.6796703Z 
2025-09-22T19:45:56.6796839Z 7. Third Party Applications
2025-09-22T19:45:56.6797079Z 
2025-09-22T19:45:56.6799972Z 7.1 If you use the SDK to run applications developed by a third party or that access data, content or resources provided by a third party, you agree that Google is not responsible for those applications, data, content, or resources. You understand that all data, content or resources which you may access through such third party applications are the sole responsibility of the person from which they originated and that Google is not liable for any loss or damage that you may experience as a result of the use or access of any of those third party applications, data, content, or resources.
2025-09-22T19:45:56.6803173Z 
2025-09-22T19:45:56.6805671Z 7.2 You should be aware that the data, content, and resources presented to you through such a third party application may be protected by intellectual property rights which are owned by the providers (or by other persons or companies on their behalf). You may not modify, rent, lease, loan, sell, distribute or create derivative works based on these data, content, or resources (either in whole or in part) unless you have been specifically given permission to do so by the relevant owners.
2025-09-22T19:45:56.6808156Z 
2025-09-22T19:45:56.6809600Z 7.3 You acknowledge that your use of such third party applications, data, content, or resources may be subject to separate terms between you and the relevant third party. In that case, the License Agreement does not affect your legal relationship with these third parties.
2025-09-22T19:45:56.6811049Z 
2025-09-22T19:45:56.6811179Z 8. Using Android APIs
2025-09-22T19:45:56.6811389Z 
2025-09-22T19:45:56.6811509Z 8.1 Google Data APIs
2025-09-22T19:45:56.6811703Z 
2025-09-22T19:45:56.6814086Z 8.1.1 If you use any API to retrieve data from Google, you acknowledge that the data may be protected by intellectual property rights which are owned by Google or those parties that provide the data (or by other persons or companies on their behalf). Your use of any such API may be subject to additional Terms of Service. You may not modify, rent, lease, loan, sell, distribute or create derivative works based on this data (either in whole or in part) unless allowed by the relevant Terms of Service.
2025-09-22T19:45:56.6816747Z 
2025-09-22T19:45:56.6821012Z 8.1.2 If you use any API to retrieve a user's data from Google, you acknowledge and agree that you shall retrieve data only with the user's explicit consent and only when, and for the limited purposes for which, the user has given you permission to do so. If you use the Android Recognition Service API, documented at the following URL: https://developer.android.com/reference/android/speech/RecognitionService, as updated from time to time, you acknowledge that the use of the API is subject to the Data Processing Addendum for Products where Google is a Data Processor, which is located at the following URL: https://privacy.google.com/businesses/gdprprocessorterms/, as updated from time to time. By clicking to accept, you hereby agree to the terms of the Data Processing Addendum for Products where Google is a Data Processor.
2025-09-22T19:45:56.6825489Z 
2025-09-22T19:45:56.6825648Z 9. Terminating this License Agreement
2025-09-22T19:45:56.6825933Z 
2025-09-22T19:45:56.6826415Z 9.1 The License Agreement will continue to apply until terminated by either you or Google as set out below.
2025-09-22T19:45:56.6827058Z 
2025-09-22T19:45:56.6827624Z 9.2 If you want to terminate the License Agreement, you may do so by ceasing your use of the SDK and any relevant developer credentials.
2025-09-22T19:45:56.6828344Z 
2025-09-22T19:45:56.6831336Z 9.3 Google may at any time, terminate the License Agreement with you if: (A) you have breached any provision of the License Agreement; or (B) Google is required to do so by law; or (C) the partner with whom Google offered certain parts of SDK (such as APIs) to you has terminated its relationship with Google or ceased to offer certain parts of the SDK to you; or (D) Google decides to no longer provide the SDK or certain parts of the SDK to users in the country in which you are resident or from which you use the service, or the provision of the SDK or certain SDK services to you by Google is, in Google's sole discretion, no longer commercially viable.
2025-09-22T19:45:56.6834460Z 
2025-09-22T19:45:56.6836752Z 9.4 When the License Agreement comes to an end, all of the legal rights, obligations and liabilities that you and Google have benefited from, been subject to (or which have accrued over time whilst the License Agreement has been in force) or which are expressed to continue indefinitely, shall be unaffected by this cessation, and the provisions of paragraph 14.7 shall continue to apply to such rights, obligations and liabilities indefinitely.
2025-09-22T19:45:56.6839238Z 
2025-09-22T19:45:56.6839385Z 10. DISCLAIMER OF WARRANTIES
2025-09-22T19:45:56.6839616Z 
2025-09-22T19:45:56.6840346Z 10.1 YOU EXPRESSLY UNDERSTAND AND AGREE THAT YOUR USE OF THE SDK IS AT YOUR SOLE RISK AND THAT THE SDK IS PROVIDED "AS IS" AND "AS AVAILABLE" WITHOUT WARRANTY OF ANY KIND FROM GOOGLE.
2025-09-22T19:45:56.6841206Z 
2025-09-22T19:45:56.6842387Z 10.2 YOUR USE OF THE SDK AND ANY MATERIAL DOWNLOADED OR OTHERWISE OBTAINED THROUGH THE USE OF THE SDK IS AT YOUR OWN DISCRETION AND RISK AND YOU ARE SOLELY RESPONSIBLE FOR ANY DAMAGE TO YOUR COMPUTER SYSTEM OR OTHER DEVICE OR LOSS OF DATA THAT RESULTS FROM SUCH USE.
2025-09-22T19:45:56.6843723Z 
2025-09-22T19:45:56.6845173Z 10.3 GOOGLE FURTHER EXPRESSLY DISCLAIMS ALL WARRANTIES AND CONDITIONS OF ANY KIND, WHETHER EXPRESS OR IMPLIED, INCLUDING, BUT NOT LIMITED TO THE IMPLIED WARRANTIES AND CONDITIONS OF MERCHANTABILITY, FITNESS FOR A PARTICULAR PURPOSE AND NON-INFRINGEMENT.
2025-09-22T19:45:56.6846694Z 
2025-09-22T19:45:56.6846835Z 11. LIMITATION OF LIABILITY
2025-09-22T19:45:56.6847075Z 
2025-09-22T19:45:56.6849245Z 11.1 YOU EXPRESSLY UNDERSTAND AND AGREE THAT GOOGLE, ITS SUBSIDIARIES AND AFFILIATES, AND ITS LICENSORS SHALL NOT BE LIABLE TO YOU UNDER ANY THEORY OF LIABILITY FOR ANY DIRECT, INDIRECT, INCIDENTAL, SPECIAL, CONSEQUENTIAL OR EXEMPLARY DAMAGES THAT MAY BE INCURRED BY YOU, INCLUDING ANY LOSS OF DATA, WHETHER OR NOT GOOGLE OR ITS REPRESENTATIVES HAVE BEEN ADVISED OF OR SHOULD HAVE BEEN AWARE OF THE POSSIBILITY OF ANY SUCH LOSSES ARISING.
2025-09-22T19:45:56.6851548Z 
2025-09-22T19:45:56.6851674Z 12. Indemnification
2025-09-22T19:45:56.6851872Z 
2025-09-22T19:45:56.6855528Z 12.1 To the maximum extent permitted by law, you agree to defend, indemnify and hold harmless Google, its affiliates and their respective directors, officers, employees and agents from and against any and all claims, actions, suits or proceedings, as well as any and all losses, liabilities, damages, costs and expenses (including reasonable attorneys fees) arising out of or accruing from (a) your use of the SDK, (b) any application you develop on the SDK that infringes any copyright, trademark, trade secret, trade dress, patent or other intellectual property right of any person or defames any person or violates their rights of publicity or privacy, and (c) any non-compliance by you with the License Agreement.
2025-09-22T19:45:56.6859165Z 
2025-09-22T19:45:56.6859321Z 13. Changes to the License Agreement
2025-09-22T19:45:56.6859597Z 
2025-09-22T19:45:56.6860711Z 13.1 Google may make changes to the License Agreement as it distributes new versions of the SDK. When these changes are made, Google will make a new version of the License Agreement available on the website where the SDK is made available.
2025-09-22T19:45:56.6861978Z 
2025-09-22T19:45:56.6862105Z 14. General Legal Terms
2025-09-22T19:45:56.6862312Z 
2025-09-22T19:45:56.6863792Z 14.1 The License Agreement constitutes the whole legal agreement between you and Google and governs your use of the SDK (excluding any services which Google may provide to you under a separate written agreement), and completely replaces any prior agreements between you and Google in relation to the SDK.
2025-09-22T19:45:56.6865581Z 
2025-09-22T19:45:56.6867081Z 14.2 You agree that if Google does not exercise or enforce any legal right or remedy which is contained in the License Agreement (or which Google has the benefit of under any applicable law), this will not be taken to be a formal waiver of Google's rights and that those rights or remedies will still be available to Google.
2025-09-22T19:45:56.6868712Z 
2025-09-22T19:45:56.6870559Z 14.3 If any court of law, having the jurisdiction to decide on this matter, rules that any provision of the License Agreement is invalid, then that provision will be removed from the License Agreement without affecting the rest of the License Agreement. The remaining provisions of the License Agreement will continue to be valid and enforceable.
2025-09-22T19:45:56.6872398Z 
2025-09-22T19:45:56.6874540Z 14.4 You acknowledge and agree that each member of the group of companies of which Google is the parent shall be third party beneficiaries to the License Agreement and that such other companies shall be entitled to directly enforce, and rely upon, any provision of the License Agreement that confers a benefit on (or rights in favor of) them. Other than this, no other person or company shall be third party beneficiaries to the License Agreement.
2025-09-22T19:45:56.6876980Z 
2025-09-22T19:45:56.6878453Z 14.5 EXPORT RESTRICTIONS. THE SDK IS SUBJECT TO UNITED STATES EXPORT LAWS AND REGULATIONS. YOU MUST COMPLY WITH ALL DOMESTIC AND INTERNATIONAL EXPORT LAWS AND REGULATIONS THAT APPLY TO THE SDK. THESE LAWS INCLUDE RESTRICTIONS ON DESTINATIONS, END USERS AND END USE.
2025-09-22T19:45:56.6879912Z 
2025-09-22T19:45:56.6881611Z 14.6 The rights granted in the License Agreement may not be assigned or transferred by either you or Google without the prior written approval of the other party. Neither you nor Google shall be permitted to delegate their responsibilities or obligations under the License Agreement without the prior written approval of the other party.
2025-09-22T19:45:56.6883456Z 
2025-09-22T19:45:56.6886426Z 14.7 The License Agreement, and your relationship with Google under the License Agreement, shall be governed by the laws of the State of California without regard to its conflict of laws provisions. You and Google agree to submit to the exclusive jurisdiction of the courts located within the county of Santa Clara, California to resolve any legal matter arising from the License Agreement. Notwithstanding this, you agree that Google shall still be allowed to apply for injunctive remedies (or an equivalent type of urgent legal relief) in any jurisdiction.
2025-09-22T19:45:56.6889489Z ---------------------------------------
2025-09-22T19:45:56.6889886Z Accept? (y/N): 
2025-09-22T19:45:56.6890238Z 3/6: License android-sdk-arm-dbt-license:
2025-09-22T19:45:56.6890673Z ---------------------------------------
2025-09-22T19:45:56.6891177Z Terms and Conditions
2025-09-22T19:45:56.6891378Z 
2025-09-22T19:45:56.6891621Z This is the Android Software Development Kit License Agreement
2025-09-22T19:45:56.6892013Z 
2025-09-22T19:45:56.6892132Z 1. Introduction
2025-09-22T19:45:56.6892312Z 
2025-09-22T19:45:56.6894110Z 1.1 The Android Software Development Kit (referred to in the License Agreement as the "SDK" and specifically including the Android system files, packaged APIs, and Google APIs add-ons) is licensed to you subject to the terms of the License Agreement. The License Agreement forms a legally binding contract between you and Google in relation to your use of the SDK.
2025-09-22T19:45:56.6896187Z 
2025-09-22T19:45:56.6897209Z 1.2 "Android" means the Android software stack for devices, as made available under the Android Open Source Project, which is located at the following URL: http://source.android.com/, as updated from time to time.
2025-09-22T19:45:56.6898364Z 
2025-09-22T19:45:56.6900086Z 1.3 A "compatible implementation" means any Android device that (i) complies with the Android Compatibility Definition document, which can be found at the Android compatibility website (http://source.android.com/compatibility) and which may be updated from time to time; and (ii) successfully passes the Android Compatibility Test Suite (CTS).
2025-09-22T19:45:56.6901972Z 
2025-09-22T19:45:56.6902705Z 1.4 "Google" means Google Inc., a Delaware corporation with principal place of business at 1600 Amphitheatre Parkway, Mountain View, CA 94043, United States.
2025-09-22T19:45:56.6903593Z 
2025-09-22T19:45:56.6903599Z 
2025-09-22T19:45:56.6903909Z 2. Accepting the License Agreement
2025-09-22T19:45:56.6904170Z 
2025-09-22T19:45:56.6904726Z 2.1 In order to use the SDK, you must first agree to the License Agreement. You may not use the SDK if you do not accept the License Agreement.
2025-09-22T19:45:56.6905574Z 
2025-09-22T19:45:56.6905879Z 2.2 By clicking to accept, you hereby agree to the terms of the License Agreement.
2025-09-22T19:45:56.6906339Z 
2025-09-22T19:45:56.6907415Z 2.3 You may not use the SDK and may not accept the License Agreement if you are a person barred from receiving the SDK under the laws of the United States or other countries, including the country in which you are resident or from which you use the SDK.
2025-09-22T19:45:56.6908598Z 
2025-09-22T19:45:56.6910264Z 2.4 If you are agreeing to be bound by the License Agreement on behalf of your employer or other entity, you represent and warrant that you have full legal authority to bind your employer or such entity to the License Agreement. If you do not have the requisite authority, you may not accept the License Agreement or use the SDK on behalf of your employer or other entity.
2025-09-22T19:45:56.6911507Z 
2025-09-22T19:45:56.6911513Z 
2025-09-22T19:45:56.6911603Z 3. SDK License from Google
2025-09-22T19:45:56.6911740Z 
2025-09-22T19:45:56.6912678Z 3.1 Subject to the terms of the License Agreement, Google grants you a limited, worldwide, royalty-free, non-assignable, non-exclusive, and non-sublicensable license to use the SDK solely to develop applications for compatible implementations of Android.
2025-09-22T19:45:56.6913470Z 
2025-09-22T19:45:56.6914407Z 3.2 You may not use this SDK to develop applications for other platforms (including non-compatible implementations of Android) or to develop another SDK. You are of course free to develop applications for other platforms, including non-compatible implementations of Android, provided that this SDK is not used for that purpose.
2025-09-22T19:45:56.6915624Z 
2025-09-22T19:45:56.6916700Z 3.3 You agree that Google or third parties own all legal right, title and interest in and to the SDK, including any Intellectual Property Rights that subsist in the SDK. "Intellectual Property Rights" means any and all rights under patent law, copyright law, trade secret law, trademark law, and any and all other proprietary rights. Google reserves all rights not expressly granted to you.
2025-09-22T19:45:56.6918075Z 
2025-09-22T19:45:56.6919541Z 3.4 You may not use the SDK for any purpose not expressly permitted by the License Agreement. Except to the extent required by applicable third party licenses, you may not copy (except for backup purposes), modify, adapt, redistribute, decompile, reverse engineer, disassemble, or create derivative works of the SDK or any part of the SDK.
2025-09-22T19:45:56.6920561Z 
2025-09-22T19:45:56.6921123Z 3.5 Use, reproduction and distribution of components of the SDK licensed under an open source software license are governed solely by the terms of that open source software license and not the License Agreement.
2025-09-22T19:45:56.6921765Z 
2025-09-22T19:45:56.6922905Z 3.6 You agree that the form and nature of the SDK that Google provides may change without prior notice to you and that future versions of the SDK may be incompatible with applications developed on previous versions of the SDK. You agree that Google may stop (permanently or temporarily) providing the SDK (or any features within the SDK) to you or to users generally at Google's sole discretion, without prior notice to you.
2025-09-22T19:45:56.6924110Z 
2025-09-22T19:45:56.6924554Z 3.7 Nothing in the License Agreement gives you a right to use any of Google's trade names, trademarks, service marks, logos, domain names, or other distinctive brand features.
2025-09-22T19:45:56.6925073Z 
2025-09-22T19:45:56.6925732Z 3.8 You agree that you will not remove, obscure, or alter any proprietary rights notices (including copyright and trademark notices) that may be affixed to or contained within the SDK.
2025-09-22T19:45:56.6926310Z 
2025-09-22T19:45:56.6926480Z 
2025-09-22T19:45:56.6926562Z 4. Use of the SDK by You
2025-09-22T19:45:56.6926694Z 
2025-09-22T19:45:56.6927424Z 4.1 Google agrees that it obtains no right, title or interest from you (or your licensors) under the License Agreement in or to any software applications that you develop using the SDK, including any intellectual property rights that subsist in those applications.
2025-09-22T19:45:56.6928204Z 
2025-09-22T19:45:56.6929161Z 4.2 You agree to use the SDK and write applications only for purposes that are permitted by (a) the License Agreement and (b) any applicable law, regulation or generally accepted practices or guidelines in the relevant jurisdictions (including any laws regarding the export of data or software to and from the United States or other relevant countries).
2025-09-22T19:45:56.6930188Z 
2025-09-22T19:45:56.6932479Z 4.3 You agree that if you use the SDK to develop applications for general public users, you will protect the privacy and legal rights of those users. If the users provide you with user names, passwords, or other login information or personal information, you must make the users aware that the information will be available to your application, and you must provide legally adequate privacy notice and protection for those users. If your application stores personal or sensitive information provided by users, it must do so securely. If the user provides your application with Google Account information, your application may only use that information to access the user's Google Account when, and for the limited purposes for which, the user has given you permission to do so.
2025-09-22T19:45:56.6934721Z 
2025-09-22T19:45:56.6935922Z 4.4 You agree that you will not engage in any activity with the SDK, including the development or distribution of an application, that interferes with, disrupts, damages, or accesses in an unauthorized manner the servers, networks, or other properties or services of any third party including, but not limited to, Google or any mobile communications carrier.
2025-09-22T19:45:56.6936988Z 
2025-09-22T19:45:56.6937949Z 4.5 You agree that you are solely responsible for (and that Google has no responsibility to you or to any third party for) any data, content, or resources that you create, transmit or display through Android and/or applications for Android, and for the consequences of your actions (including any loss or damage which Google may suffer) by doing so.
2025-09-22T19:45:56.6938954Z 
2025-09-22T19:45:56.6940006Z 4.6 You agree that you are solely responsible for (and that Google has no responsibility to you or to any third party for) any breach of your obligations under the License Agreement, any applicable third party contract or Terms of Service, or any applicable law or regulation, and for the consequences (including any loss or damage which Google or any third party may suffer) of any such breach.
2025-09-22T19:45:56.6941133Z 
2025-09-22T19:45:56.6942461Z 4.7 This software enables the execution of intellectual property owned by Arm Limited. You agree that your use of the software, that allows execution of ARM Instruction Set Architecture (“ISA”) compliant executables for application development and debug only on x86 desktop, laptop, customer on-premise servers, and customer-procured cloud-based environments.
2025-09-22T19:45:56.6943558Z 
2025-09-22T19:45:56.6943655Z 5. Your Developer Credentials
2025-09-22T19:45:56.6943800Z 
2025-09-22T19:45:56.6944572Z 5.1 You agree that you are responsible for maintaining the confidentiality of any developer credentials that may be issued to you by Google or which you may choose yourself and that you will be solely responsible for all applications that are developed under your developer credentials.
2025-09-22T19:45:56.6945728Z 
2025-09-22T19:45:56.6945868Z 6. Privacy and Information
2025-09-22T19:45:56.6946092Z 
2025-09-22T19:45:56.6947532Z 6.1 In order to continually innovate and improve the SDK, Google may collect certain usage statistics from the software including but not limited to a unique identifier, associated IP address, version number of the software, and information on which tools and/or services in the SDK are being used and how they are being used. Before any of this information is collected, the SDK will notify you and seek your consent. If you withhold consent, the information will not be collected.
2025-09-22T19:45:56.6949060Z 
2025-09-22T19:45:56.6949402Z 6.2 The data collected is examined in the aggregate to improve the SDK and is maintained in accordance with Google's Privacy Policy.
2025-09-22T19:45:56.6949816Z 
2025-09-22T19:45:56.6949820Z 
2025-09-22T19:45:56.6949903Z 7. Third Party Applications
2025-09-22T19:45:56.6950047Z 
2025-09-22T19:45:56.6951749Z 7.1 If you use the SDK to run applications developed by a third party or that access data, content or resources provided by a third party, you agree that Google is not responsible for those applications, data, content, or resources. You understand that all data, content or resources which you may access through such third party applications are the sole responsibility of the person from which they originated and that Google is not liable for any loss or damage that you may experience as a result of the use or access of any of those third party applications, data, content, or resources.
2025-09-22T19:45:56.6953432Z 
2025-09-22T19:45:56.6954745Z 7.2 You should be aware the data, content, and resources presented to you through such a third party application may be protected by intellectual property rights which are owned by the providers (or by other persons or companies on their behalf). You may not modify, rent, lease, loan, sell, distribute or create derivative works based on these data, content, or resources (either in whole or in part) unless you have been specifically given permission to do so by the relevant owners.
2025-09-22T19:45:56.6956437Z 
2025-09-22T19:45:56.6957169Z 7.3 You acknowledge that your use of such third party applications, data, content, or resources may be subject to separate terms between you and the relevant third party. In that case, the License Agreement does not affect your legal relationship with these third parties.
2025-09-22T19:45:56.6957980Z 
2025-09-22T19:45:56.6957988Z 
2025-09-22T19:45:56.6958068Z 8. Using Android APIs
2025-09-22T19:45:56.6958194Z 
2025-09-22T19:45:56.6958265Z 8.1 Google Data APIs
2025-09-22T19:45:56.6958384Z 
2025-09-22T19:45:56.6959713Z 8.1.1 If you use any API to retrieve data from Google, you acknowledge that the data may be protected by intellectual property rights which are owned by Google or those parties that provide the data (or by other persons or companies on their behalf). Your use of any such API may be subject to additional Terms of Service. You may not modify, rent, lease, loan, sell, distribute or create derivative works based on this data (either in whole or in part) unless allowed by the relevant Terms of Service.
2025-09-22T19:45:56.6961106Z 
2025-09-22T19:45:56.6963460Z 8.1.2 If you use any API to retrieve a user's data from Google, you acknowledge and agree that you shall retrieve data only with the user's explicit consent and only when, and for the limited purposes for which, the user has given you permission to do so. If you use the Android Recognition Service API, documented at the following URL: https://developer.android.com/reference/android/speech/RecognitionService, as updated from time to time, you acknowledge that the use of the API is subject to the Data Processing Addendum for Products where Google is a Data Processor, which is located at the following URL: https://privacy.google.com/businesses/gdprprocessorterms/, as updated from time to time. By clicking to accept, you hereby agree to the terms of the Data Processing Addendum for Products where Google is a Data Processor.
2025-09-22T19:45:56.6965955Z 
2025-09-22T19:45:56.6965959Z 
2025-09-22T19:45:56.6966049Z 9. Terminating the License Agreement
2025-09-22T19:45:56.6966209Z 
2025-09-22T19:45:56.6966487Z 9.1 The License Agreement will continue to apply until terminated by either you or Google as set out below.
2025-09-22T19:45:56.6966979Z 
2025-09-22T19:45:56.6967303Z 9.2 If you want to terminate the License Agreement, you may do so by ceasing your use of the SDK and any relevant developer credentials.
2025-09-22T19:45:56.6967712Z 
2025-09-22T19:45:56.6969381Z 9.3 Google may at any time, terminate the License Agreement with you if: (A) you have breached any provision of the License Agreement; or (B) Google is required to do so by law; or (C) the partner with whom Google offered certain parts of SDK (such as APIs) to you has terminated its relationship with Google or ceased to offer certain parts of the SDK to you; or (D) Google decides to no longer provide the SDK or certain parts of the SDK to users in the country in which you are resident or from which you use the service, or the provision of the SDK or certain SDK services to you by Google is, in Google's sole discretion, no longer commercially viable.
2025-09-22T19:45:56.6971125Z 
2025-09-22T19:45:56.6972436Z 9.4 When the License Agreement comes to an end, all of the legal rights, obligations and liabilities that you and Google have benefited from, been subject to (or which have accrued over time whilst the License Agreement has been in force) or which are expressed to continue indefinitely, shall be unaffected by this cessation, and the provisions of paragraph 14.7 shall continue to apply to such rights, obligations and liabilities indefinitely.
2025-09-22T19:45:56.6973723Z 
2025-09-22T19:45:56.6973726Z 
2025-09-22T19:45:56.6973812Z 10. DISCLAIMER OF WARRANTIES
2025-09-22T19:45:56.6973950Z 
2025-09-22T19:45:56.6974387Z 10.1 YOU EXPRESSLY UNDERSTAND AND AGREE THAT YOUR USE OF THE SDK IS AT YOUR SOLE RISK AND THAT THE SDK IS PROVIDED "AS IS" AND "AS AVAILABLE" WITHOUT WARRANTY OF ANY KIND FROM GOOGLE.
2025-09-22T19:45:56.6974897Z 
2025-09-22T19:45:56.6975678Z 10.2 YOUR USE OF THE SDK AND ANY MATERIAL DOWNLOADED OR OTHERWISE OBTAINED THROUGH THE USE OF THE SDK IS AT YOUR OWN DISCRETION AND RISK AND YOU ARE SOLELY RESPONSIBLE FOR ANY DAMAGE TO YOUR COMPUTER SYSTEM OR OTHER DEVICE OR LOSS OF DATA THAT RESULTS FROM SUCH USE.
2025-09-22T19:45:56.6976450Z 
2025-09-22T19:45:56.6977155Z 10.3 GOOGLE FURTHER EXPRESSLY DISCLAIMS ALL WARRANTIES AND CONDITIONS OF ANY KIND, WHETHER EXPRESS OR IMPLIED, INCLUDING, BUT NOT LIMITED TO THE IMPLIED WARRANTIES AND CONDITIONS OF MERCHANTABILITY, FITNESS FOR A PARTICULAR PURPOSE AND NON-INFRINGEMENT.
2025-09-22T19:45:56.6977943Z 
2025-09-22T19:45:56.6977947Z 
2025-09-22T19:45:56.6978026Z 11. LIMITATION OF LIABILITY
2025-09-22T19:45:56.6978160Z 
2025-09-22T19:45:56.6979361Z 11.1 YOU EXPRESSLY UNDERSTAND AND AGREE THAT GOOGLE, ITS SUBSIDIARIES AND AFFILIATES, AND ITS LICENSORS SHALL NOT BE LIABLE TO YOU UNDER ANY THEORY OF LIABILITY FOR ANY DIRECT, INDIRECT, INCIDENTAL, SPECIAL, CONSEQUENTIAL OR EXEMPLARY DAMAGES THAT MAY BE INCURRED BY YOU, INCLUDING ANY LOSS OF DATA, WHETHER OR NOT GOOGLE OR ITS REPRESENTATIVES HAVE BEEN ADVISED OF OR SHOULD HAVE BEEN AWARE OF THE POSSIBILITY OF ANY SUCH LOSSES ARISING.
2025-09-22T19:45:56.6980621Z 
2025-09-22T19:45:56.6980625Z 
2025-09-22T19:45:56.6980700Z 12. Indemnification
2025-09-22T19:45:56.6980820Z 
2025-09-22T19:45:56.6982799Z 12.1 To the maximum extent permitted by law, you agree to defend, indemnify and hold harmless Google, its affiliates and their respective directors, officers, employees and agents from and against any and all claims, actions, suits or proceedings, as well as any and all losses, liabilities, damages, costs and expenses (including reasonable attorneys fees) arising out of or accruing from (a) your use of the SDK, (b) any application you develop on the SDK that infringes any copyright, trademark, trade secret, trade dress, patent or other intellectual property right of any person or defames any person or violates their rights of publicity or privacy, and (c) any non-compliance by you with the License Agreement.
2025-09-22T19:45:56.6984841Z 
2025-09-22T19:45:56.6984845Z 
2025-09-22T19:45:56.6984932Z 13. Changes to the License Agreement
2025-09-22T19:45:56.6985090Z 
2025-09-22T19:45:56.6985813Z 13.1 Google may make changes to the License Agreement as it distributes new versions of the SDK. When these changes are made, Google will make a new version of the License Agreement available on the website where the SDK is made available.
2025-09-22T19:45:56.6986635Z 
2025-09-22T19:45:56.6986639Z 
2025-09-22T19:45:56.6986714Z 14. General Legal Terms
2025-09-22T19:45:56.6986844Z 
2025-09-22T19:45:56.6987677Z 14.1 The License Agreement constitutes the whole legal agreement between you and Google and governs your use of the SDK (excluding any services which Google may provide to you under a separate written agreement), and completely replaces any prior agreements between you and Google in relation to the SDK.
2025-09-22T19:45:56.6988590Z 
2025-09-22T19:45:56.6989425Z 14.2 You agree that if Google does not exercise or enforce any legal right or remedy which is contained in the License Agreement (or which Google has the benefit of under any applicable law), this will not be taken to be a formal waiver of Google's rights and that those rights or remedies will still be available to Google.
2025-09-22T19:45:56.6990331Z 
2025-09-22T19:45:56.6991369Z 14.3 If any court of law, having the jurisdiction to decide on this matter, rules that any provision of the License Agreement is invalid, then that provision will be removed from the License Agreement without affecting the rest of the License Agreement. The remaining provisions of the License Agreement will continue to be valid and enforceable.
2025-09-22T19:45:56.6992542Z 
2025-09-22T19:45:56.6994320Z 14.4 You acknowledge and agree that each member of the group of companies of which Google is the parent shall be third party beneficiaries to the License Agreement and that such other companies shall be entitled to directly enforce, and rely upon, any provision of the License Agreement that confers a benefit on (or rights in favor of) them. Other than this, no other person or company shall be third party beneficiaries to the License Agreement.
2025-09-22T19:45:56.6995903Z 
2025-09-22T19:45:56.6996655Z 14.5 EXPORT RESTRICTIONS. THE SDK IS SUBJECT TO UNITED STATES EXPORT LAWS AND REGULATIONS. YOU MUST COMPLY WITH ALL DOMESTIC AND INTERNATIONAL EXPORT LAWS AND REGULATIONS THAT APPLY TO THE SDK. THESE LAWS INCLUDE RESTRICTIONS ON DESTINATIONS, END USERS AND END USE.
2025-09-22T19:45:56.6997463Z 
2025-09-22T19:45:56.6998399Z 14.6 The rights granted in the License Agreement may not be assigned or transferred by either you or Google without the prior written approval of the other party. Neither you nor Google shall be permitted to delegate their responsibilities or obligations under the License Agreement without the prior written approval of the other party.
2025-09-22T19:45:56.6999415Z 
2025-09-22T19:45:56.7000968Z 14.7 The License Agreement, and your relationship with Google under the License Agreement, shall be governed by the laws of the State of California without regard to its conflict of laws provisions. You and Google agree to submit to the exclusive jurisdiction of the courts located within the county of Santa Clara, California to resolve any legal matter arising from the License Agreement. Notwithstanding this, you agree that Google shall still be allowed to apply for injunctive remedies (or an equivalent type of urgent legal relief) in any jurisdiction.
2025-09-22T19:45:56.7002596Z 
2025-09-22T19:45:56.7002600Z 
2025-09-22T19:45:56.7002673Z January 16, 2019
2025-09-22T19:45:56.7002866Z ---------------------------------------
2025-09-22T19:45:56.7003092Z Accept? (y/N): 
2025-09-22T19:45:56.7003309Z 4/6: License android-sdk-preview-license:
2025-09-22T19:45:56.7003569Z ---------------------------------------
2025-09-22T19:45:56.7004761Z To get started with the Android SDK Preview, you must agree to the following terms and conditions. As described below, please note that this is a preview version of the Android SDK, subject to change, that you use at your own risk. The Android SDK Preview is not a stable release, and may contain errors and defects that can result in serious damage to your computer systems, devices and data.
2025-09-22T19:45:56.7006256Z 
2025-09-22T19:45:56.7006454Z This is the Android SDK Preview License Agreement (the "License Agreement").
2025-09-22T19:45:56.7006729Z 
2025-09-22T19:45:56.7006800Z 1. Introduction
2025-09-22T19:45:56.7006908Z 
2025-09-22T19:45:56.7008322Z 1.1 The Android SDK Preview (referred to in the License Agreement as the “Preview” and specifically including the Android system files, packaged APIs, and Preview library files, if and when they are made available) is licensed to you subject to the terms of the License Agreement. The License Agreement forms a legally binding contract between you and Google in relation to your use of the Preview.
2025-09-22T19:45:56.7009479Z 
2025-09-22T19:45:56.7010050Z 1.2 "Android" means the Android software stack for devices, as made available under the Android Open Source Project, which is located at the following URL: http://source.android.com/, as updated from time to time.
2025-09-22T19:45:56.7010701Z 
2025-09-22T19:45:56.7011244Z 1.3 "Google" means Google Inc., a Delaware corporation with principal place of business at 1600 Amphitheatre Parkway, Mountain View, CA 94043, United States.
2025-09-22T19:45:56.7011743Z 
2025-09-22T19:45:56.7011833Z 2. Accepting the License Agreement
2025-09-22T19:45:56.7011988Z 
2025-09-22T19:45:56.7012352Z 2.1 In order to use the Preview, you must first agree to the License Agreement. You may not use the Preview if you do not accept the License Agreement.
2025-09-22T19:45:56.7012801Z 
2025-09-22T19:45:56.7013055Z 2.2 By clicking to accept and/or using the Preview, you hereby agree to the terms of the License Agreement.
2025-09-22T19:45:56.7013391Z 
2025-09-22T19:45:56.7014079Z 2.3 You may not use the Preview and may not accept the License Agreement if you are a person barred from receiving the Preview under the laws of the United States or other countries including the country in which you are resident or from which you use the Preview.
2025-09-22T19:45:56.7014843Z 
2025-09-22T19:45:56.7016151Z 2.4 If you will use the Preview internally within your company or organization you agree to be bound by the License Agreement on behalf of your employer or other entity, and you represent and warrant that you have full legal authority to bind your employer or such entity to the License Agreement. If you do not have the requisite authority, you may not accept the License Agreement or use the Preview on behalf of your employer or other entity.
2025-09-22T19:45:56.7017409Z 
2025-09-22T19:45:56.7017493Z 3. Preview License from Google
2025-09-22T19:45:56.7017665Z 
2025-09-22T19:45:56.7018755Z 3.1 Subject to the terms of the License Agreement, Google grants you a royalty-free, non-assignable, non-exclusive, non-sublicensable, limited, revocable license to use the Preview, personally or internally within your company or organization, solely to develop applications to run on the Android platform.
2025-09-22T19:45:56.7020427Z 
2025-09-22T19:45:56.7022539Z 3.2 You agree that Google or third parties owns all legal right, title and interest in and to the Preview, including any Intellectual Property Rights that subsist in the Preview. "Intellectual Property Rights" means any and all rights under patent law, copyright law, trade secret law, trademark law, and any and all other proprietary rights. Google reserves all rights not expressly granted to you.
2025-09-22T19:45:56.7024671Z 
2025-09-22T19:45:56.7027763Z 3.3 You may not use the Preview for any purpose not expressly permitted by the License Agreement. Except to the extent required by applicable third party licenses, you may not: (a) copy (except for backup purposes), modify, adapt, redistribute, decompile, reverse engineer, disassemble, or create derivative works of the Preview or any part of the Preview; or (b) load any part of the Preview onto a mobile handset or any other hardware device except a personal computer, combine any part of the Preview with other software, or distribute any software or device incorporating a part of the Preview.
2025-09-22T19:45:56.7030820Z 
2025-09-22T19:45:56.7032326Z 3.4 You agree that you will not take any actions that may cause or result in the fragmentation of Android, including but not limited to distributing, participating in the creation of, or promoting in any way a software development kit derived from the Preview.
2025-09-22T19:45:56.7033723Z 
2025-09-22T19:45:56.7036000Z 3.5 Use, reproduction and distribution of components of the Preview licensed under an open source software license are governed solely by the terms of that open source software license and not the License Agreement. You agree to remain a licensee in good standing in regard to such open source software licenses under all the rights granted and to refrain from any actions that may terminate, suspend, or breach such rights.
2025-09-22T19:45:56.7038277Z 
2025-09-22T19:45:56.7039719Z 3.6 You agree that the form and nature of the Preview that Google provides may change without prior notice to you and that future versions of the Preview may be incompatible with applications developed on previous versions of the Preview. You agree that Google may stop (permanently or temporarily) providing the Preview (or any features within the Preview) to you or to users generally at Google's sole discretion, without prior notice to you.
2025-09-22T19:45:56.7041048Z 
2025-09-22T19:45:56.7041501Z 3.7 Nothing in the License Agreement gives you a right to use any of Google's trade names, trademarks, service marks, logos, domain names, or other distinctive brand features.
2025-09-22T19:45:56.7042028Z 
2025-09-22T19:45:56.7042530Z 3.8 You agree that you will not remove, obscure, or alter any proprietary rights notices (including copyright and trademark notices) that may be affixed to or contained within the Preview.
2025-09-22T19:45:56.7043112Z 
2025-09-22T19:45:56.7043198Z 4. Use of the Preview by You
2025-09-22T19:45:56.7043344Z 
2025-09-22T19:45:56.7044193Z 4.1 Google agrees that nothing in the License Agreement gives Google any right, title or interest from you (or your licensors) under the License Agreement in or to any software applications that you develop using the Preview, including any intellectual property rights that subsist in those applications.
2025-09-22T19:45:56.7045104Z 
2025-09-22T19:45:56.7046302Z 4.2 You agree to use the Preview and write applications only for purposes that are permitted by (a) the License Agreement, and (b) any applicable law, regulation or generally accepted practices or guidelines in the relevant jurisdictions (including any laws regarding the export of data or software to and from the United States or other relevant countries).
2025-09-22T19:45:56.7047354Z 
2025-09-22T19:45:56.7049399Z 4.3 You agree that if you use the Preview to develop applications, you will protect the privacy and legal rights of users. If users provide you with user names, passwords, or other login information or personal information, you must make the users aware that the information will be available to your application, and you must provide legally adequate privacy notice and protection for those users. If your application stores personal or sensitive information provided by users, it must do so securely. If users provide you with Google Account information, your application may only use that information to access the user's Google Account when, and for the limited purposes for which, each user has given you permission to do so.
2025-09-22T19:45:56.7051493Z 
2025-09-22T19:45:56.7052303Z 4.4 You agree that you will not engage in any activity with the Preview, including the development or distribution of an application, that interferes with, disrupts, damages, or accesses in an unauthorized manner the servers, networks, or other properties or services of Google or any third party.
2025-09-22T19:45:56.7053179Z 
2025-09-22T19:45:56.7054100Z 4.5 You agree that you are solely responsible for (and that Google has no responsibility to you or to any third party for) any data, content, or resources that you create, transmit or display through Android and/or applications for Android, and for the consequences of your actions (including any loss or damage which Google may suffer) by doing so.
2025-09-22T19:45:56.7055389Z 
2025-09-22T19:45:56.7056457Z 4.6 You agree that you are solely responsible for (and that Google has no responsibility to you or to any third party for) any breach of your obligations under the License Agreement, any applicable third party contract or Terms of Service, or any applicable law or regulation, and for the consequences (including any loss or damage which Google or any third party may suffer) of any such breach.
2025-09-22T19:45:56.7057591Z 
2025-09-22T19:45:56.7058906Z 4.7 The Preview is in development, and your testing and feedback are an important part of the development process. By using the Preview, you acknowledge that implementation of some features are still under development and that you should not rely on the Preview having the full functionality of a stable release. You agree not to publicly distribute or ship any application using this Preview as this Preview will no longer be supported after the official Android SDK is released.
2025-09-22T19:45:56.7060296Z 
2025-09-22T19:45:56.7060495Z 5. Your Developer Credentials
2025-09-22T19:45:56.7060642Z 
2025-09-22T19:45:56.7061415Z 5.1 You agree that you are responsible for maintaining the confidentiality of any developer credentials that may be issued to you by Google or which you may choose yourself and that you will be solely responsible for all applications that are developed under your developer credentials.
2025-09-22T19:45:56.7062255Z 
2025-09-22T19:45:56.7062338Z 6. Privacy and Information
2025-09-22T19:45:56.7062481Z 
2025-09-22T19:45:56.7063829Z 6.1 In order to continually innovate and improve the Preview, Google may collect certain usage statistics from the software including but not limited to a unique identifier, associated IP address, version number of the software, and information on which tools and/or services in the Preview are being used and how they are being used. Before any of this information is collected, the Preview will notify you and seek your consent. If you withhold consent, the information will not be collected.
2025-09-22T19:45:56.7065433Z 
2025-09-22T19:45:56.7066016Z 6.2 The data collected is examined in the aggregate to improve the Preview and is maintained in accordance with Google's Privacy Policy located at http://www.google.com/policies/privacy/.
2025-09-22T19:45:56.7066599Z 
2025-09-22T19:45:56.7066681Z 7. Third Party Applications
2025-09-22T19:45:56.7066827Z 
2025-09-22T19:45:56.7068445Z 7.1 If you use the Preview to run applications developed by a third party or that access data, content or resources provided by a third party, you agree that Google is not responsible for those applications, data, content, or resources. You understand that all data, content or resources which you may access through such third party applications are the sole responsibility of the person from which they originated and that Google is not liable for any loss or damage that you may experience as a result of the use or access of any of those third party applications, data, content, or resources.
2025-09-22T19:45:56.7070131Z 
2025-09-22T19:45:56.7071434Z 7.2 You should be aware the data, content, and resources presented to you through such a third party application may be protected by intellectual property rights which are owned by the providers (or by other persons or companies on their behalf). You may not modify, rent, lease, loan, sell, distribute or create derivative works based on these data, content, or resources (either in whole or in part) unless you have been specifically given permission to do so by the relevant owners.
2025-09-22T19:45:56.7072808Z 
2025-09-22T19:45:56.7073241Z 7.3 You acknowledge that your use of such third party applications, data, content, or resources may be subject to separate terms between you and the relevant third party.
2025-09-22T19:45:56.7073754Z 
2025-09-22T19:45:56.7073842Z 8. Using Google APIs
2025-09-22T19:45:56.7073965Z 
2025-09-22T19:45:56.7074035Z 8.1 Google APIs
2025-09-22T19:45:56.7074276Z 
2025-09-22T19:45:56.7075868Z 8.1.1 If you use any API to retrieve data from Google, you acknowledge that the data may be protected by intellectual property rights which are owned by Google or those parties that provide the data (or by other persons or companies on their behalf). Your use of any such API may be subject to additional Terms of Service. You may not modify, rent, lease, loan, sell, distribute or create derivative works based on this data (either in whole or in part) unless allowed by the relevant Terms of Service.
2025-09-22T19:45:56.7077304Z 
2025-09-22T19:45:56.7077957Z 8.1.2 If you use any API to retrieve a user's data from Google, you acknowledge and agree that you shall retrieve data only with the user's explicit consent and only when, and for the limited purposes for which, the user has given you permission to do so.
2025-09-22T19:45:56.7078686Z 
2025-09-22T19:45:56.7078786Z 9. Terminating the License Agreement
2025-09-22T19:45:56.7078952Z 
2025-09-22T19:45:56.7079224Z 9.1 the License Agreement will continue to apply until terminated by either you or Google as set out below.
2025-09-22T19:45:56.7079706Z 
2025-09-22T19:45:56.7080041Z 9.2 If you want to terminate the License Agreement, you may do so by ceasing your use of the Preview and any relevant developer credentials.
2025-09-22T19:45:56.7080455Z 
2025-09-22T19:45:56.7080707Z 9.3 Google may at any time, terminate the License Agreement, with or without cause, upon notice to you.
2025-09-22T19:45:56.7081033Z 
2025-09-22T19:45:56.7081916Z 9.4 The License Agreement will automatically terminate without notice or other action upon the earlier of: (A) when Google ceases to provide the Preview or certain parts of the Preview to users in the country in which you are resident or from which you use the service; and (B) Google issues a final release version of the Android SDK.
2025-09-22T19:45:56.7082875Z 
2025-09-22T19:45:56.7083505Z 9.5 When the License Agreement is terminated, the license granted to you in the License Agreement will terminate, you will immediately cease all use of the Preview, and the provisions of paragraphs 10, 11, 12 and 14 shall survive indefinitely.
2025-09-22T19:45:56.7084219Z 
2025-09-22T19:45:56.7084297Z 10. DISCLAIMERS
2025-09-22T19:45:56.7084402Z 
2025-09-22T19:45:56.7084861Z 10.1 YOU EXPRESSLY UNDERSTAND AND AGREE THAT YOUR USE OF THE PREVIEW IS AT YOUR SOLE RISK AND THAT THE PREVIEW IS PROVIDED "AS IS" AND "AS AVAILABLE" WITHOUT WARRANTY OF ANY KIND FROM GOOGLE.
2025-09-22T19:45:56.7085587Z 
2025-09-22T19:45:56.7087216Z 10.2 YOUR USE OF THE PREVIEW AND ANY MATERIAL DOWNLOADED OR OTHERWISE OBTAINED THROUGH THE USE OF THE PREVIEW IS AT YOUR OWN DISCRETION AND RISK AND YOU ARE SOLELY RESPONSIBLE FOR ANY DAMAGE TO YOUR COMPUTER SYSTEM OR OTHER DEVICE OR LOSS OF DATA THAT RESULTS FROM SUCH USE. WITHOUT LIMITING THE FOREGOING, YOU UNDERSTAND THAT THE PREVIEW IS NOT A STABLE RELEASE AND MAY CONTAIN ERRORS, DEFECTS AND SECURITY VULNERABILITIES THAT CAN RESULT IN SIGNIFICANT DAMAGE, INCLUDING THE COMPLETE, IRRECOVERABLE LOSS OF USE OF YOUR COMPUTER SYSTEM OR OTHER DEVICE.
2025-09-22T19:45:56.7088831Z 
2025-09-22T19:45:56.7089543Z 10.3 GOOGLE FURTHER EXPRESSLY DISCLAIMS ALL WARRANTIES AND CONDITIONS OF ANY KIND, WHETHER EXPRESS OR IMPLIED, INCLUDING, BUT NOT LIMITED TO THE IMPLIED WARRANTIES AND CONDITIONS OF MERCHANTABILITY, FITNESS FOR A PARTICULAR PURPOSE AND NON-INFRINGEMENT.
2025-09-22T19:45:56.7090317Z 
2025-09-22T19:45:56.7090404Z 11. LIMITATION OF LIABILITY
2025-09-22T19:45:56.7090541Z 
2025-09-22T19:45:56.7091728Z 11.1 YOU EXPRESSLY UNDERSTAND AND AGREE THAT GOOGLE, ITS SUBSIDIARIES AND AFFILIATES, AND ITS LICENSORS SHALL NOT BE LIABLE TO YOU UNDER ANY THEORY OF LIABILITY FOR ANY DIRECT, INDIRECT, INCIDENTAL, SPECIAL, CONSEQUENTIAL OR EXEMPLARY DAMAGES THAT MAY BE INCURRED BY YOU, INCLUDING ANY LOSS OF DATA, WHETHER OR NOT GOOGLE OR ITS REPRESENTATIVES HAVE BEEN ADVISED OF OR SHOULD HAVE BEEN AWARE OF THE POSSIBILITY OF ANY SUCH LOSSES ARISING.
2025-09-22T19:45:56.7092992Z 
2025-09-22T19:45:56.7093064Z 12. Indemnification
2025-09-22T19:45:56.7093322Z 
2025-09-22T19:45:56.7095863Z 12.1 To the maximum extent permitted by law, you agree to defend, indemnify and hold harmless Google, its affiliates and their respective directors, officers, employees and agents from and against any and all claims, actions, suits or proceedings, as well as any and all losses, liabilities, damages, costs and expenses (including reasonable attorneys’ fees) arising out of or accruing from (a) your use of the Preview, (b) any application you develop on the Preview that infringes any Intellectual Property Rights of any person or defames any person or violates their rights of publicity or privacy, and (c) any non-compliance by you of the License Agreement.
2025-09-22T19:45:56.7097761Z 
2025-09-22T19:45:56.7097852Z 13. Changes to the License Agreement
2025-09-22T19:45:56.7098011Z 
2025-09-22T19:45:56.7098662Z 13.1 Google may make changes to the License Agreement as it distributes new versions of the Preview. When these changes are made, Google will make a new version of the License Agreement available on the website where the Preview is made available.
2025-09-22T19:45:56.7099512Z 
2025-09-22T19:45:56.7099595Z 14. General Legal Terms
2025-09-22T19:45:56.7099728Z 
2025-09-22T19:45:56.7100587Z 14.1 the License Agreement constitutes the whole legal agreement between you and Google and governs your use of the Preview (excluding any services which Google may provide to you under a separate written agreement), and completely replaces any prior agreements between you and Google in relation to the Preview.
2025-09-22T19:45:56.7101523Z 
2025-09-22T19:45:56.7102355Z 14.2 You agree that if Google does not exercise or enforce any legal right or remedy which is contained in the License Agreement (or which Google has the benefit of under any applicable law), this will not be taken to be a formal waiver of Google's rights and that those rights or remedies will still be available to Google.
2025-09-22T19:45:56.7103257Z 
2025-09-22T19:45:56.7104194Z 14.3 If any court of law, having the jurisdiction to decide on this matter, rules that any provision of the License Agreement is invalid, then that provision will be removed from the License Agreement without affecting the rest of the License Agreement. The remaining provisions of the License Agreement will continue to be valid and enforceable.
2025-09-22T19:45:56.7105408Z 
2025-09-22T19:45:56.7106737Z 14.4 You acknowledge and agree that each member of the group of companies of which Google is the parent shall be third party beneficiaries to the License Agreement and that such other companies shall be entitled to directly enforce, and rely upon, any provision of the License Agreement that confers a benefit on (or rights in favor of) them. Other than this, no other person or company shall be third party beneficiaries to the License Agreement.
2025-09-22T19:45:56.7108029Z 
2025-09-22T19:45:56.7108786Z 14.5 EXPORT RESTRICTIONS. THE PREVIEW IS SUBJECT TO UNITED STATES EXPORT LAWS AND REGULATIONS. YOU MUST COMPLY WITH ALL DOMESTIC AND INTERNATIONAL EXPORT LAWS AND REGULATIONS THAT APPLY TO THE PREVIEW. THESE LAWS INCLUDE RESTRICTIONS ON DESTINATIONS, END USERS AND END USE.
2025-09-22T19:45:56.7109622Z 
2025-09-22T19:45:56.7110486Z 14.6 The License Agreement may not be assigned or transferred by you without the prior written approval of Google, and any attempted assignment without such approval will be void. You shall not delegate your responsibilities or obligations under the License Agreement without the prior written approval of Google.
2025-09-22T19:45:56.7111423Z 
2025-09-22T19:45:56.7112971Z 14.7 The License Agreement, and your relationship with Google under the License Agreement, shall be governed by the laws of the State of California without regard to its conflict of laws provisions. You and Google agree to submit to the exclusive jurisdiction of the courts located within the county of Santa Clara, California to resolve any legal matter arising from the License Agreement. Notwithstanding this, you agree that Google shall still be allowed to apply for injunctive remedies (or an equivalent type of urgent legal relief) in any jurisdiction.
2025-09-22T19:45:56.7114728Z 
2025-09-22T19:45:56.7114802Z June 2014.
2025-09-22T19:45:56.7114975Z ---------------------------------------
2025-09-22T19:45:56.7115331Z Accept? (y/N): 
2025-09-22T19:45:56.7115526Z 5/6: License google-gdk-license:
2025-09-22T19:45:56.7115760Z ---------------------------------------
2025-09-22T19:45:56.7116059Z This is a Developer Preview of the GDK that is subject to change.
2025-09-22T19:45:56.7116299Z 
2025-09-22T19:45:56.7116372Z Terms and Conditions
2025-09-22T19:45:56.7116489Z 
2025-09-22T19:45:56.7116612Z This is the Glass Development Kit License Agreement.
2025-09-22T19:45:56.7116812Z 
2025-09-22T19:45:56.7116881Z 1. Introduction
2025-09-22T19:45:56.7116990Z 
2025-09-22T19:45:56.7118167Z 1.1 The Glass Development Kit (referred to in this License Agreement as the "GDK" and specifically including the Android system files, packaged APIs, and GDK library files, if and when they are made available) is licensed to you subject to the terms of this License Agreement. This License Agreement forms a legally binding contract between you and Google in relation to your use of the GDK.
2025-09-22T19:45:56.7119305Z 
2025-09-22T19:45:56.7119508Z 1.2 "Glass" means Glass devices and the Glass software stack for use on Glass devices.
2025-09-22T19:45:56.7119793Z 
2025-09-22T19:45:56.7119797Z 
2025-09-22T19:45:56.7120362Z 1.3 "Android" means the Android software stack for devices, as made available under the Android Open Source Project, which is located at the following URL: http://source.android.com/, as updated from time to time.
2025-09-22T19:45:56.7121010Z 
2025-09-22T19:45:56.7121416Z 1.4 "Google" means Google Inc., a Delaware corporation with principal place of business at 1600 Amphitheatre Parkway, Mountain View, CA 94043, United States.
2025-09-22T19:45:56.7121908Z 
2025-09-22T19:45:56.7121996Z 2. Accepting this License Agreement
2025-09-22T19:45:56.7122155Z 
2025-09-22T19:45:56.7122500Z 2.1 In order to use the GDK, you must first agree to this License Agreement. You may not use the GDK if you do not accept this License Agreement.
2025-09-22T19:45:56.7122922Z 
2025-09-22T19:45:56.7123111Z 2.2 By clicking to accept, you hereby agree to the terms of this License Agreement.
2025-09-22T19:45:56.7123389Z 
2025-09-22T19:45:56.7124037Z 2.3 You may not use the GDK and may not accept the License Agreement if you are a person barred from receiving the GDK under the laws of the United States or other countries including the country in which you are resident or from which you use the GDK.
2025-09-22T19:45:56.7124752Z 
2025-09-22T19:45:56.7125915Z 2.4 If you are agreeing to be bound by this License Agreement on behalf of your employer or other entity, you represent and warrant that you have full legal authority to bind your employer or such entity to this License Agreement. If you do not have the requisite authority, you may not accept the License Agreement or use the GDK on behalf of your employer or other entity.
2025-09-22T19:45:56.7127071Z 
2025-09-22T19:45:56.7127214Z 3. GDK License from Google
2025-09-22T19:45:56.7127386Z 
2025-09-22T19:45:56.7128125Z 3.1 Subject to the terms of this License Agreement, Google grants you a limited, worldwide, royalty-free, non-assignable and non-exclusive license to use the GDK solely to develop applications to run on the Glass platform for Glass devices.
2025-09-22T19:45:56.7128860Z 
2025-09-22T19:45:56.7129926Z 3.2 You agree that Google or third parties own all legal right, title and interest in and to the GDK, including any Intellectual Property Rights that subsist in the GDK. "Intellectual Property Rights" means any and all rights under patent law, copyright law, trade secret law, trademark law, and any and all other proprietary rights. Google reserves all rights not expressly granted to you.
2025-09-22T19:45:56.7131057Z 
2025-09-22T19:45:56.7132734Z 3.3 You may not use the GDK for any purpose not expressly permitted by this License Agreement. Except to the extent required by applicable third party licenses, you may not: (a) copy (except for backup purposes), modify, adapt, redistribute, decompile, reverse engineer, disassemble, or create derivative works of the GDK or any part of the GDK; or (b) load any part of the GDK onto a mobile handset or wearable computing device or any other hardware device except a Glass device personal computer, combine any part of the GDK with other software, or distribute any software or device incorporating a part of the GDK.
2025-09-22T19:45:56.7134630Z 
2025-09-22T19:45:56.7135412Z 3.4 You agree that you will not take any actions that may cause or result in the fragmentation of Glass, including but not limited to distributing, participating in the creation of, or promoting in any way a software development kit derived from the GDK.
2025-09-22T19:45:56.7136151Z 
2025-09-22T19:45:56.7136711Z 3.5 Use, reproduction and distribution of components of the GDK licensed under an open source software license are governed solely by the terms of that open source software license and not this License Agreement.
2025-09-22T19:45:56.7137389Z 
2025-09-22T19:45:56.7138655Z 3.6 You agree that the form and nature of the GDK that Google provides may change without prior notice to you and that future versions of the GDK may be incompatible with applications developed on previous versions of the GDK. You agree that Google may stop (permanently or temporarily) providing the GDK (or any features within the GDK) to you or to users generally at Google's sole discretion, without prior notice to you.
2025-09-22T19:45:56.7139867Z 
2025-09-22T19:45:56.7140311Z 3.7 Nothing in this License Agreement gives you a right to use any of Google's trade names, trademarks, service marks, logos, domain names, or other distinctive brand features.
2025-09-22T19:45:56.7140834Z 
2025-09-22T19:45:56.7141320Z 3.8 You agree that you will not remove, obscure, or alter any proprietary rights notices (including copyright and trademark notices) that may be affixed to or contained within the GDK.
2025-09-22T19:45:56.7141887Z 
2025-09-22T19:45:56.7141891Z 
2025-09-22T19:45:56.7142893Z 3.9 Your use of any Android system files, packaged APIs, or other components of the GDK which are part of the Android Software Development Kit is subject to the terms of the Android Software Development Kit License Agreement located at http://developer.android.com/sdk/terms.html. These terms are hereby incorporated by reference into this License Agreement.
2025-09-22T19:45:56.7143964Z 
2025-09-22T19:45:56.7144044Z 4. Use of the GDK by You
2025-09-22T19:45:56.7144171Z 
2025-09-22T19:45:56.7144882Z 4.1 Google agrees that it obtains no right, title or interest from you (or your licensors) under this License Agreement in or to any software applications that you develop using the GDK, including any intellectual property rights that subsist in those applications.
2025-09-22T19:45:56.7145931Z 
2025-09-22T19:45:56.7147427Z 4.2 You agree to use the GDK and write applications only for purposes that are permitted by (a) this License Agreement, (b) the Glass Platform Developer Policies (located at https://developers.google.com/glass/policies, and hereby incorporated into this License Agreement by reference), and (c) any applicable law, regulation or generally accepted practices or guidelines in the relevant jurisdictions (including any laws regarding the export of data or software to and from the United States or other relevant countries).
2025-09-22T19:45:56.7148968Z 
2025-09-22T19:45:56.7151332Z 4.3 You agree that if you use the GDK to develop applications for general public users, you will protect the privacy and legal rights of those users. If the users provide you with user names, passwords, or other login information or personal information, you must make the users aware that the information will be available to your application, and you must provide legally adequate privacy notice and protection for those users. If your application stores personal or sensitive information provided by users, it must do so securely. If the user provides your application with Google Account information, your application may only use that information to access the user's Google Account when, and for the limited purposes for which, the user has given you permission to do so.
2025-09-22T19:45:56.7153717Z 
2025-09-22T19:45:56.7154587Z 4.4 You agree that you will not engage in any activity with the GDK, including the development or distribution of an application, that interferes with, disrupts, damages, or accesses in an unauthorized manner the servers, networks, or other properties or services of any third party including, but not limited to, Google.
2025-09-22T19:45:56.7155736Z 
2025-09-22T19:45:56.7156663Z 4.5 You agree that you are solely responsible for (and that Google has no responsibility to you or to any third party for) any data, content, or resources that you create, transmit or display through Glass and/or applications for Glass, and for the consequences of your actions (including any loss or damage which Google may suffer) by doing so.
2025-09-22T19:45:56.7157660Z 
2025-09-22T19:45:56.7158829Z 4.6 You agree that you are solely responsible for (and that Google has no responsibility to you or to any third party for) any breach of your obligations under this License Agreement, any applicable third party contract or Terms of Service, or any applicable law or regulation, and for the consequences (including any loss or damage which Google or any third party may suffer) of any such breach.
2025-09-22T19:45:56.7159986Z 
2025-09-22T19:45:56.7159991Z 
2025-09-22T19:45:56.7161004Z 4.7 The GDK is in development, and your testing and feedback are an important part of the development process. By using the GDK, you acknowledge that implementation of some features are still under development and that you should not rely on the GDK, Glass devices, Glass system software, Google Mirror API, or Glass services having the full functionality of a stable release.
2025-09-22T19:45:56.7162093Z 
2025-09-22T19:45:56.7162178Z 5. Your Developer Credentials
2025-09-22T19:45:56.7162329Z 
2025-09-22T19:45:56.7163101Z 5.1 You agree that you are responsible for maintaining the confidentiality of any developer credentials that may be issued to you by Google or which you may choose yourself and that you will be solely responsible for all applications that are developed under your developer credentials.
2025-09-22T19:45:56.7163941Z 
2025-09-22T19:45:56.7164021Z 6. Privacy and Information
2025-09-22T19:45:56.7164160Z 
2025-09-22T19:45:56.7164165Z 
2025-09-22T19:45:56.7165646Z 6.1 In order to continually innovate and improve the GDK, Google may collect certain usage statistics from the software including but not limited to a unique identifier, associated IP address, version number of the software, and information on which tools and/or services in the GDK are being used and how they are being used. Before any of this information is collected, the GDK will notify you and seek your consent. If you withhold consent, the information will not be collected.
2025-09-22T19:45:56.7167030Z 
2025-09-22T19:45:56.7167365Z 6.2 The data collected is examined in the aggregate to improve the GDK and is maintained in accordance with Google's Privacy Policy.
2025-09-22T19:45:56.7167775Z 
2025-09-22T19:45:56.7167863Z 7. Third Party Applications
2025-09-22T19:45:56.7168001Z 
2025-09-22T19:45:56.7169599Z 7.1 If you use the GDK to run applications developed by a third party or that access data, content or resources provided by a third party, you agree that Google is not responsible for those applications, data, content, or resources. You understand that all data, content or resources which you may access through such third party applications are the sole responsibility of the person from which they originated and that Google is not liable for any loss or damage that you may experience as a result of the use or access of any of those third party applications, data, content, or resources.
2025-09-22T19:45:56.7171264Z 
2025-09-22T19:45:56.7172568Z 7.2 You should be aware the data, content, and resources presented to you through such a third party application may be protected by intellectual property rights which are owned by the providers (or by other persons or companies on their behalf). You may not modify, rent, lease, loan, sell, distribute or create derivative works based on these data, content, or resources (either in whole or in part) unless you have been specifically given permission to do so by the relevant owners.
2025-09-22T19:45:56.7174073Z 
2025-09-22T19:45:56.7174796Z 7.3 You acknowledge that your use of such third party applications, data, content, or resources may be subject to separate terms between you and the relevant third party. In that case, this License Agreement does not affect your legal relationship with these third parties.
2025-09-22T19:45:56.7175702Z 
2025-09-22T19:45:56.7175778Z 8. Using Google APIs
2025-09-22T19:45:56.7175897Z 
2025-09-22T19:45:56.7175971Z 8.1 Google APIs
2025-09-22T19:45:56.7176076Z 
2025-09-22T19:45:56.7177567Z 8.1.1 If you use any API to retrieve data from Google, you acknowledge that the data may be protected by intellectual property rights which are owned by Google or those parties that provide the data (or by other persons or companies on their behalf). Your use of any such API may be subject to additional Terms of Service. You may not modify, rent, lease, loan, sell, distribute or create derivative works based on this data (either in whole or in part) unless allowed by the relevant Terms of Service.
2025-09-22T19:45:56.7179002Z 
2025-09-22T19:45:56.7179648Z 8.1.2 If you use any API to retrieve a user's data from Google, you acknowledge and agree that you shall retrieve data only with the user's explicit consent and only when, and for the limited purposes for which, the user has given you permission to do so.
2025-09-22T19:45:56.7180370Z 
2025-09-22T19:45:56.7180460Z 9. Terminating this License Agreement
2025-09-22T19:45:56.7180621Z 
2025-09-22T19:45:56.7180896Z 9.1 This License Agreement will continue to apply until terminated by either you or Google as set out below.
2025-09-22T19:45:56.7181256Z 
2025-09-22T19:45:56.7181584Z 9.2 If you want to terminate this License Agreement, you may do so by ceasing your use of the GDK and any relevant developer credentials.
2025-09-22T19:45:56.7181992Z 
2025-09-22T19:45:56.7183672Z 9.3 Google may at any time, terminate this License Agreement with you if: (A) you have breached any provision of this License Agreement; or (B) Google is required to do so by law; or (C) the partner with whom Google offered certain parts of GDK (such as APIs) to you has terminated its relationship with Google or ceased to offer certain parts of the GDK to you; or (D) Google decides to no longer provide the GDK or certain parts of the GDK to users in the country in which you are resident or from which you use the service, or the provision of the GDK or certain GDK services to you by Google is, in Google's sole discretion, no longer commercially viable.
2025-09-22T19:45:56.7185945Z 
2025-09-22T19:45:56.7187184Z 9.4 When this License Agreement comes to an end, all of the legal rights, obligations and liabilities that you and Google have benefited from, been subject to (or which have accrued over time whilst this License Agreement has been in force) or which are expressed to continue indefinitely, shall be unaffected by this cessation, and the provisions of paragraph 14.7 shall continue to apply to such rights, obligations and liabilities indefinitely.
2025-09-22T19:45:56.7188482Z 
2025-09-22T19:45:56.7188571Z 10. DISCLAIMER OF WARRANTIES
2025-09-22T19:45:56.7188713Z 
2025-09-22T19:45:56.7189146Z 10.1 YOU EXPRESSLY UNDERSTAND AND AGREE THAT YOUR USE OF THE GDK IS AT YOUR SOLE RISK AND THAT THE GDK IS PROVIDED "AS IS" AND "AS AVAILABLE" WITHOUT WARRANTY OF ANY KIND FROM GOOGLE.
2025-09-22T19:45:56.7189661Z 
2025-09-22T19:45:56.7190336Z 10.2 YOUR USE OF THE GDK AND ANY MATERIAL DOWNLOADED OR OTHERWISE OBTAINED THROUGH THE USE OF THE GDK IS AT YOUR OWN DISCRETION AND RISK AND YOU ARE SOLELY RESPONSIBLE FOR ANY DAMAGE TO YOUR COMPUTER SYSTEM OR OTHER DEVICE OR LOSS OF DATA THAT RESULTS FROM SUCH USE.
2025-09-22T19:45:56.7191231Z 
2025-09-22T19:45:56.7191942Z 10.3 GOOGLE FURTHER EXPRESSLY DISCLAIMS ALL WARRANTIES AND CONDITIONS OF ANY KIND, WHETHER EXPRESS OR IMPLIED, INCLUDING, BUT NOT LIMITED TO THE IMPLIED WARRANTIES AND CONDITIONS OF MERCHANTABILITY, FITNESS FOR A PARTICULAR PURPOSE AND NON-INFRINGEMENT.
2025-09-22T19:45:56.7192721Z 
2025-09-22T19:45:56.7192807Z 11. LIMITATION OF LIABILITY
2025-09-22T19:45:56.7192939Z 
2025-09-22T19:45:56.7194136Z 11.1 YOU EXPRESSLY UNDERSTAND AND AGREE THAT GOOGLE, ITS SUBSIDIARIES AND AFFILIATES, AND ITS LICENSORS SHALL NOT BE LIABLE TO YOU UNDER ANY THEORY OF LIABILITY FOR ANY DIRECT, INDIRECT, INCIDENTAL, SPECIAL, CONSEQUENTIAL OR EXEMPLARY DAMAGES THAT MAY BE INCURRED BY YOU, INCLUDING ANY LOSS OF DATA, WHETHER OR NOT GOOGLE OR ITS REPRESENTATIVES HAVE BEEN ADVISED OF OR SHOULD HAVE BEEN AWARE OF THE POSSIBILITY OF ANY SUCH LOSSES ARISING.
2025-09-22T19:45:56.7195524Z 
2025-09-22T19:45:56.7195597Z 12. Indemnification
2025-09-22T19:45:56.7195711Z 
2025-09-22T19:45:56.7197804Z 12.1 To the maximum extent permitted by law, you agree to defend, indemnify and hold harmless Google, its affiliates and their respective directors, officers, employees and agents from and against any and all claims, actions, suits or proceedings, as well as any and all losses, liabilities, damages, costs and expenses (including reasonable attorneys fees) arising out of or accruing from (a) your use of the GDK, (b) any application you develop on the GDK that infringes any copyright, trademark, trade secret, trade dress, patent or other intellectual property right of any person or defames any person or violates their rights of publicity or privacy, and (c) any non-compliance by you with this License Agreement.
2025-09-22T19:45:56.7199839Z 
2025-09-22T19:45:56.7199931Z 13. Changes to the License Agreement
2025-09-22T19:45:56.7200093Z 
2025-09-22T19:45:56.7200707Z 13.1 Google may make changes to the License Agreement as it distributes new versions of the GDK. When these changes are made, Google will make a new version of the License Agreement available on the website where the GDK is made available.
2025-09-22T19:45:56.7201406Z 
2025-09-22T19:45:56.7201480Z 14. General Legal Terms
2025-09-22T19:45:56.7201600Z 
2025-09-22T19:45:56.7202442Z 14.1 This License Agreement constitutes the whole legal agreement between you and Google and governs your use of the GDK (excluding any services which Google may provide to you under a separate written agreement), and completely replaces any prior agreements between you and Google in relation to the GDK.
2025-09-22T19:45:56.7203354Z 
2025-09-22T19:45:56.7204190Z 14.2 You agree that if Google does not exercise or enforce any legal right or remedy which is contained in this License Agreement (or which Google has the benefit of under any applicable law), this will not be taken to be a formal waiver of Google's rights and that those rights or remedies will still be available to Google.
2025-09-22T19:45:56.7205106Z 
2025-09-22T19:45:56.7206250Z 14.3 If any court of law, having the jurisdiction to decide on this matter, rules that any provision of this License Agreement is invalid, then that provision will be removed from this License Agreement without affecting the rest of this License Agreement. The remaining provisions of this License Agreement will continue to be valid and enforceable.
2025-09-22T19:45:56.7207290Z 
2025-09-22T19:45:56.7208498Z 14.4 You acknowledge and agree that each member of the group of companies of which Google is the parent shall be third party beneficiaries to this License Agreement and that such other companies shall be entitled to directly enforce, and rely upon, any provision of this License Agreement that confers a benefit on (or rights in favor of) them. Other than this, no other person or company shall be third party beneficiaries to this License Agreement.
2025-09-22T19:45:56.7209781Z 
2025-09-22T19:45:56.7210502Z 14.5 EXPORT RESTRICTIONS. THE GDK IS SUBJECT TO UNITED STATES EXPORT LAWS AND REGULATIONS. YOU MUST COMPLY WITH ALL DOMESTIC AND INTERNATIONAL EXPORT LAWS AND REGULATIONS THAT APPLY TO THE GDK. THESE LAWS INCLUDE RESTRICTIONS ON DESTINATIONS, END USERS AND END USE.
2025-09-22T19:45:56.7211472Z 
2025-09-22T19:45:56.7212563Z 14.6 The rights granted in this License Agreement may not be assigned or transferred by either you or Google without the prior written approval of the other party. Neither you nor Google shall be permitted to delegate their responsibilities or obligations under this License Agreement without the prior written approval of the other party.
2025-09-22T19:45:56.7213586Z 
2025-09-22T19:45:56.7215388Z 14.7 This License Agreement, and your relationship with Google under this License Agreement, shall be governed by the laws of the State of California without regard to its conflict of laws provisions. You and Google agree to submit to the exclusive jurisdiction of the courts located within the county of Santa Clara, California to resolve any legal matter arising from this License Agreement. Notwithstanding this, you agree that Google shall still be allowed to apply for injunctive remedies (or an equivalent type of urgent legal relief) in any jurisdiction.
2025-09-22T19:45:56.7217047Z 
2025-09-22T19:45:56.7217128Z November 19, 2013
2025-09-22T19:45:56.7217320Z ---------------------------------------
2025-09-22T19:45:56.7217684Z Accept? (y/N): 
2025-09-22T19:45:56.7218017Z 6/6: License mips-android-sysimage-license:
2025-09-22T19:45:56.7218398Z ---------------------------------------
2025-09-22T19:45:56.7221532Z MIPS Technologies, Inc. (“MIPS”) Internal Evaluation License Agreement for MIPS Android™ System Images for Android Software Development Kit (SDK): This Internal Evaluation License Agreement (this "Agreement") is entered into by and between MIPS and you (as an individual developer or a legal entity -- identified below as “Recipient”). MIPS shall make the Evaluation Software available to Recipient as described in accordance with the terms and conditions set forth below.
2025-09-22T19:45:56.7223437Z 
2025-09-22T19:45:56.7225497Z By clicking on the “Accept” button, downloading, installing, or otherwise using the Evaluation Materials (defined below), you agree to be bound by the terms of this Agreement effective as of the date you click “Accept” (the “Effective Date”), and if doing so on behalf of an entity, you represent that you are authorized to bind the entity to the terms and conditions of this Agreement. If you do not agree to be bound by the terms and conditions of this Agreement, do not download, install, or use the Evaluation Materials.
2025-09-22T19:45:56.7228057Z 
2025-09-22T19:45:56.7228365Z 1. DEFINITIONS. These terms shall have the following meanings:
2025-09-22T19:45:56.7228836Z 
2025-09-22T19:45:56.7229551Z 1.1 “MIPS” shall mean MIPS Technologies, Inc., a Delaware corporation having a principal place of business at: 955 East Arques Ave., Sunnyvale, CA 94085
2025-09-22T19:45:56.7230033Z 
2025-09-22T19:45:56.7230548Z 1.2 “Evaluation Software” shall mean MIPS Android™ emulator system images for Android Software Development Kit (SDK), as made available to Recipient.
2025-09-22T19:45:56.7231057Z 
2025-09-22T19:45:56.7232124Z 1.3 “Evaluation Materials" means, collectively, the Evaluation Software (in source and/or object code form) and documentation (including, without limitation, any design documents, specifications, reference manuals, and other related materials) related to the Evaluation Software as made available to Recipient.
2025-09-22T19:45:56.7233092Z 
2025-09-22T19:45:56.7236679Z 1.4 “Open Source Software” means any software that requires (as a condition of use, modification and/or distribution of such software) that such software or other software incorporated into, derived from or distributed with such software (a) be disclosed or distributed in source code form; or (b) be licensed by the user to third parties for the purpose of making and/or distributing derivative works; or (c) be redistributable at no charge. Open Source Software includes, without limitation, software licensed or distributed under any of the following licenses or distribution models, or licenses or distribution models substantially similar to any of the following: (a) GNU’s General Public License (GPL) or Lesser/Library GPL (LGPL), (b) the Artistic License (e.g., PERL), (c) the Mozilla Public License, (d) the Netscape Public License, (e) the Sun Community Source License (SCSL), (f) the Sun Industry Source License (SISL), (g) the Apache Software license and (h) the Common Public License (CPL).
2025-09-22T19:45:56.7239739Z 
2025-09-22T19:45:56.7240751Z 1.5 “Pre-Release Materials” means “alpha” or “beta” designated pre-release features, which may not be fully functional, which MIPS may substantially modify in producing any production version of the Evaluation Materials, and/or which is still under development by MIPS and/or MIPS’ suppliers.
2025-09-22T19:45:56.7241661Z 
2025-09-22T19:45:56.7243690Z 2. PURPOSE. MIPS desires to make the Evaluation Materials available to Recipient solely for Recipient's internal evaluation of the Evaluation Software to evaluate the desirability of cooperating with MIPS in developing products that are compatible with the Evaluation Software and/or to advise MIPS as to possible modifications to the Evaluation Software. Recipient may not disclose, distribute, modify (except to facilitate the above-mentioned internal evaluation), or make commercial use of the Evaluation Materials or any modifications of the Evaluation Materials.
2025-09-22T19:45:56.7246141Z 
2025-09-22T19:45:56.7247441Z THE EVALUATION MATERIALS ARE PROVIDED FOR EVALUATION PURPOSES ONLY AND MAY NOT BE MODIFIED (EXCEPT TO FACILITATE THE INTERNAL EVALUATION) OR DISTRIBUTED BY RECIPIENT OR INCORPORATED INTO RECIPIENT’S PRODUCTS OR SOFTWARE. PLEASE CONTACT A MIPS SALES REPRESENTATIVE TO LEARN ABOUT THE AVAILABILITY AND COST OF A COMMERCIAL VERSION OF THE EVALUATION SOFTWARE.
2025-09-22T19:45:56.7248956Z 
2025-09-22T19:45:56.7249843Z 3. TITLE. Title to the Evaluation Materials remains with MIPS or its suppliers. Recipient shall not mortgage, pledge or encumber the Evaluation Materials in any way. Recipient shall return all Evaluation Materials, keeping no copies, upon termination or expiration of this Agreement.
2025-09-22T19:45:56.7250952Z 
2025-09-22T19:45:56.7254285Z 4. LICENSE. MIPS grants Recipient a royalty-free, personal, nontransferable, nonexclusive license under its copyrights to use the Evaluation Software only for the purposes described in paragraph 2 above and only for a period beginning on the Effective Date and extending to the first anniversary of the Effective Date (the “Evaluation Period”). Unless otherwise communicated in writing by MIPS to Recipient, to the extent the Evaluation Software is provided in more than one delivery or release (each, a “Release”) the license grant in this Section 4 and the Evaluation Period shall apply to each Release, in which case the Evaluation Period shall begin on the date that the Release is made generally available and continue to the first anniversary of such date. Recipient may not make modifications to the Evaluation Software. Recipient shall not disassemble, reverse-engineer, or decompile any software that is not provided to Recipient in source code form.
2025-09-22T19:45:56.7257288Z 
2025-09-22T19:45:56.7257293Z 
2025-09-22T19:45:56.7258213Z EXCEPT AS PROVIDED HEREIN, NO OTHER LICENSE, EXPRESS OR IMPLIED, BY ESTOPPEL OR OTHERWISE, TO ANY OTHER MIPS INTELLECTUAL PROPERTY RIGHTS IS GRANTED TO THE RECIPIENT. OTHER THAN AS EXPLICITLY SET FORTH IN PARAGRAPH 2 ABOVE, NO RIGHT TO COPY, TO REPRODUCE, TO MODIFY, OR TO CREATE DERIVATIVE WORKS OF, THE EVALUATION MATERIALS IS GRANTED HEREIN.
2025-09-22T19:45:56.7259210Z 
2025-09-22T19:45:56.7259907Z 5. NO OBLIGATION. Recipient shall have no duty to purchase or license any product from MIPS. MIPS and its suppliers shall have no obligation to provide support for, or develop a non-evaluation version of, the Evaluation Software or to license any version of it.
2025-09-22T19:45:56.7260681Z 
2025-09-22T19:45:56.7263976Z 6. MODIFICATIONS. This Agreement does not obligate Recipient to provide MIPS with comments or suggestions regarding Evaluation Materials. However, should Recipient provide MIPS with comments or suggestions for the modification, correction, improvement or enhancement of (a) the Evaluation Materials or (b) MIPS products or processes which may embody the Evaluation Materials, then Recipient agrees to grant and hereby grants to MIPS a non-exclusive, irrevocable, worldwide, fully paid-up, royalty-free license, with the right to sublicense MIPS’ licensees and customers, under Recipient’s Intellectual property rights, to use and disclose such comments and suggestions in any manner MIPS chooses and to display, perform, copy, make, have made, use, sell, offer to sell, import, and otherwise dispose of MIPS’ and its sublicensee’s products embodying such comments and suggestions in any manner and via any media MIPS chooses, without reference to the source.
2025-09-22T19:45:56.7267467Z 
2025-09-22T19:45:56.7269152Z 7. WARRANTY DISCLAIMER. MIPS AND ITS SUPPLIERS MAKE NO WARRANTIES WITH RESPECT TO EVALUATION MATERIALS, EITHER EXPRESS OR IMPLIED, INCLUDING ANY IMPLIED WARRANTIES OF MERCHANTABILITY OR FITNESS FOR A PARTICULAR PURPOSE, OR ANY IMPLIED WARRANTY OF NONINFRINGEMENT WITH RESPECT TO THIRD PARTY INTELLECTUAL PROPERTY. RECIPIENT ACKNOWLEDGES AND AGREES THAT THE EVALUATION MATERIALS ARE PROVIDED “AS IS,” WITHOUT WARRANTY OF ANY KIND.
2025-09-22T19:45:56.7270492Z 
2025-09-22T19:45:56.7272134Z 8. LIMITATION OF LIABILITY. MIPS AND ITS SUPPLIERS SHALL NOT BE LIABLE FOR ANY PROPERTY DAMAGE, PERSONAL INJURY, LOSS OF PROFITS, INTERRUPTION OF BUSINESS OR FOR ANY DIRECT, INDIRECT, SPECIAL, CONSEQUENTIAL OR INCIDENTAL DAMAGES, HOWEVER CAUSED OR ALLEGED, WHETHER FOR BREACH OF WARRANTY, CONTRACT, STRICT LIABILITY OR OTHERWISE, INCLUDING WITHOUT LIMITATION, UNDER TORT OR OTHER LEGAL THEORY. MIPS AND ITS SUPPLIERS DISCLAIM ANY AND ALL LIABILITY, INCLUDING LIABILITY FOR INFRINGEMENT OF ANY INTELLECTUAL PROPERTY RIGHTS OF ANY KIND RELATING TO THE EVALUATION MATERIALS.
2025-09-22T19:45:56.7273841Z 
2025-09-22T19:45:56.7274475Z 9. EXPIRATION. MIPS may terminate this Agreement immediately after a breach by Recipient or otherwise at MIPS’ reasonable discretion and upon five (5) business days’ notice to Recipient.
2025-09-22T19:45:56.7275066Z 
2025-09-22T19:45:56.7275139Z 10. GENERAL.
2025-09-22T19:45:56.7275443Z 
2025-09-22T19:45:56.7278340Z 10.1 Controlling Law. This Agreement shall be governed by California law excluding its choice of law rules. With the exception of MIPS’ rights to enforce its intellectual property rights and any confidentiality obligations under this Agreement or any licenses distributed with the Evaluation Materials, all disputes and any claims arising under or relating to this Agreement shall be subject to the exclusive jurisdiction and venue of the state and federal courts located in Santa Clara County, California. Each party hereby agrees to jurisdiction and venue in the courts set forth in the preceding sentence. The parties agree that the United Nations Convention on Contracts for the International Sale of Goods is specifically excluded from application to this Agreement. The parties consent to the personal jurisdiction of the above courts.
2025-09-22T19:45:56.7280815Z 
2025-09-22T19:45:56.7282192Z 10.2 Remedies. Recipient acknowledges and agrees that any breach of confidentiality obligations under this Agreement or any licenses distributed with the Evaluation Materials, as well as any disclosure, commercialization, or public use of the Evaluation Materials, would cause irreparable injury to MIPS, and therefore Recipient agrees to consent to, and hereby consents to, the grant of an injunction by any court of competent jurisdiction in the event of an actual or threatened breach.
2025-09-22T19:45:56.7283639Z 
2025-09-22T19:45:56.7285565Z 10.3 Assignment. Recipient may not delegate, assign or transfer this Agreement, the license granted or any of Recipient’s rights, obligations, or duties hereunder, expressly, by implication, by operation of law, by way of merger (regardless of whether Recipient is the surviving entity) or acquisition, or otherwise and any attempt to do so, without MIPS’ express prior written consent, shall be ineffective, null and void. MIPS may freely assign this Agreement, and its rights and obligations hereunder, in its sole discretion.
2025-09-22T19:45:56.7288283Z 
2025-09-22T19:45:56.7290373Z 10.4 Entire Agreement. This Agreement constitutes the entire agreement between Recipient and MIPS and supersedes in their entirety any and all oral or written agreements previously existing between Recipient and MIPS with respect to the subject matter hereof. This Agreement may only be amended or supplemented by a writing that refers explicitly to this Agreement and that is signed or otherwise accepted by duly authorized representatives of Recipient and MIPS.
2025-09-22T19:45:56.7291783Z 
2025-09-22T19:45:56.7293384Z 10.5 Severability. In the event that any provision of this Agreement is finally adjudicated to be unenforceable or invalid under any applicable law, such unenforceability or invalidity shall not render this Agreement unenforceable or invalid as a whole, and, in such event, such unenforceable or invalid provision shall be interpreted so as to best accomplish the objectives of such provision within the limits of applicable law or applicable court decisions.
2025-09-22T19:45:56.7295529Z 
2025-09-22T19:45:56.7299655Z 10.6 Export Regulations / Export Control. Recipient shall not export, either directly or indirectly, any product, service or technical data or system incorporating the Evaluation Materials without first obtaining any required license or other necessary approval from the U.S. Department of Commerce or any other governing agency or department of the United States Government. In the event any product is exported from the United States or re-exported from a foreign destination by Recipient, Recipient shall ensure that the distribution and export/re-export or import of the product is in compliance with all applicable laws, regulations, orders, or other restrictions of the U.S. Export Administration Regulations and the appropriate foreign government. Recipient agrees that neither it nor any of its subsidiaries will export/re-export any technical data, process, product, or service, directly or indirectly, to any country for which the United States government or any agency thereof or the foreign government from where it is shipping requires an export license, or other governmental approval, without first obtaining such license or approval. Recipient also agrees to implement measures to ensure that foreign national employees are authorized to receive any information controlled by U.S. export control laws. An export is "deemed" to take place when information is released to a foreign national wherever located.
2025-09-22T19:45:56.7303994Z 
2025-09-22T19:45:56.7307385Z 10.7 Special Terms for Pre-Release Materials. If so indicated in the description of the Evaluation Software, the Evaluation Software may contain Pre-Release Materials. Recipient hereby understands, acknowledges and agrees that: (i) Pre-Release Materials may not be fully tested and may contain bugs or errors; (ii) Pre-Release materials are not suitable for commercial release in their current state; (iii) regulatory approvals for Pre-Release Materials (such as UL or FCC) have not been obtained, and Pre-Release Materials may therefore not be certified for use in certain countries or environments or may not be suitable for certain applications and (iv) MIPS can provide no assurance that it will ever produce or make generally available a production version of the Pre-Release Materials . MIPS is not under any obligation to develop and/or release or offer for sale or license a final product based upon the Pre-Release Materials and may unilaterally elect to abandon the Pre-Release Materials or any such development platform at any time and without any obligation or liability whatsoever to Recipient or any other person.
2025-09-22T19:45:56.7310758Z 
2025-09-22T19:45:56.7311391Z ANY PRE-RELEASE MATERIALS ARE NON-QUALIFIED AND, AS SUCH, ARE PROVIDED “AS IS” AND “AS AVAILABLE”, POSSIBLY WITH FAULTS, AND WITHOUT REPRESENTATION OR WARRANTY OF ANY KIND.
2025-09-22T19:45:56.7312085Z 
2025-09-22T19:45:56.7313886Z 10.8 Open Source Software. In the event Open Source software is included with Evaluation Software, such Open Source software is licensed pursuant to the applicable Open Source software license agreement identified in the Open Source software comments in the applicable source code file(s) and/or file header as indicated in the Evaluation Software. Additional detail may be available (where applicable) in the accompanying on-line documentation. With respect to the Open Source software, nothing in this Agreement limits any rights under, or grants rights that supersede, the terms of any applicable Open Source software license agreement.
2025-09-22T19:45:56.7316089Z ---------------------------------------
2025-09-22T19:45:56.7316377Z Accept? (y/N): All SDK package licenses accepted
2025-09-22T19:45:56.7316569Z 
2025-09-22T19:45:56.7316807Z [command]/usr/local/lib/android/sdk/cmdline-tools/16.0/bin/sdkmanager tools
2025-09-22T19:45:57.4161023Z Loading package information...                                                  
2025-09-22T19:45:57.5115679Z Loading local repository...                                                     
2025-09-22T19:45:57.5117967Z [                                       ] 3% Loading local repository...        
2025-09-22T19:45:57.5231047Z [                                       ] 3% Fetch remote repository...         
2025-09-22T19:45:57.7939052Z [=                                      ] 3% Fetch remote repository...         
2025-09-22T19:45:57.9106466Z [=                                      ] 4% Fetch remote repository...         
2025-09-22T19:45:57.9417775Z [=                                      ] 5% Fetch remote repository...         
2025-09-22T19:45:57.9976706Z [==                                     ] 5% Fetch remote repository...         
2025-09-22T19:45:58.0651413Z [==                                     ] 6% Fetch remote repository...         
2025-09-22T19:45:58.1434215Z [==                                     ] 7% Fetch remote repository...         
2025-09-22T19:45:58.1474366Z [==                                     ] 7% Computing updates...               
2025-09-22T19:45:58.1539527Z [===                                    ] 8% Computing updates...               
2025-09-22T19:45:58.1720593Z [===                                    ] 10% Computing updates...              
2025-09-22T19:45:58.7749412Z [===                                    ] 10% Installing Android Emulator       
2025-09-22T19:45:58.9955470Z [===                                    ] 10% Downloading emulator-linux_x64-138
2025-09-22T19:45:59.0826680Z [====                                   ] 10% Downloading emulator-linux_x64-138
2025-09-22T19:45:59.2598553Z [====                                   ] 11% Downloading emulator-linux_x64-138
2025-09-22T19:45:59.4418474Z [====                                   ] 12% Downloading emulator-linux_x64-138
2025-09-22T19:45:59.6292351Z [=====                                  ] 13% Downloading emulator-linux_x64-138
2025-09-22T19:45:59.7850528Z [=====                                  ] 14% Downloading emulator-linux_x64-138
2025-09-22T19:45:59.8831571Z [=====                                  ] 15% Downloading emulator-linux_x64-138
2025-09-22T19:45:59.9619233Z [======                                 ] 15% Downloading emulator-linux_x64-138
2025-09-22T19:46:00.1449730Z [======                                 ] 16% Downloading emulator-linux_x64-138
2025-09-22T19:46:00.3270941Z [======                                 ] 17% Downloading emulator-linux_x64-138
2025-09-22T19:46:00.5015962Z [=======                                ] 18% Downloading emulator-linux_x64-138
2025-09-22T19:46:00.7056991Z [=======                                ] 19% Downloading emulator-linux_x64-138
2025-09-22T19:46:00.7955069Z [=======                                ] 20% Downloading emulator-linux_x64-138
2025-09-22T19:46:00.8921842Z [========                               ] 20% Downloading emulator-linux_x64-138
2025-09-22T19:46:01.0216892Z [========                               ] 21% Downloading emulator-linux_x64-138
2025-09-22T19:46:01.1048704Z [========                               ] 21% Unzipping...                      
2025-09-22T19:46:01.1049824Z [========                               ] 21% Unzipping... emulator/            
2025-09-22T19:46:01.1067666Z [========                               ] 21% Unzipping... emulator/LICENSE     
2025-09-22T19:46:01.1069396Z [========                               ] 21% Unzipping... emulator/qemu/       
2025-09-22T19:46:01.1109539Z [========                               ] 21% Unzipping... emulator/NOTICE.txt  
2025-09-22T19:46:01.1115127Z [========                               ] 21% Unzipping... emulator/android-info
2025-09-22T19:46:01.1117521Z [========                               ] 21% Unzipping... emulator/include/    
2025-09-22T19:46:01.1118536Z [========                               ] 21% Unzipping... emulator/resources/  
2025-09-22T19:46:01.1415996Z [========                               ] 21% Unzipping... emulator/emulator    
2025-09-22T19:46:01.2069320Z [========                               ] 21% Unzipping... emulator/nimble_bridg
2025-09-22T19:46:01.2070481Z [========                               ] 21% Unzipping... emulator/lib/        
2025-09-22T19:46:01.2071209Z [========                               ] 21% Unzipping... emulator/bin64/      
2025-09-22T19:46:01.2072368Z [========                               ] 21% Unzipping... emulator/lib64/      
2025-09-22T19:46:01.2264989Z [========                               ] 21% Unzipping... emulator/emulator-che
2025-09-22T19:46:01.2454888Z [========                               ] 21% Unzipping... emulator/crashreport 
2025-09-22T19:46:01.2476511Z [========                               ] 21% Unzipping... emulator/crashpad_han
2025-09-22T19:46:01.2617423Z [========                               ] 22% Unzipping... emulator/crashpad_han
2025-09-22T19:46:01.2871254Z [========                               ] 22% Unzipping... emulator/qsn         
2025-09-22T19:46:01.2880004Z [========                               ] 22% Unzipping... emulator/mksdcard    
2025-09-22T19:46:01.2882610Z [========                               ] 22% Unzipping... emulator/NOTICE.csv  
2025-09-22T19:46:01.4171068Z [========                               ] 22% Unzipping... emulator/netsimd     
2025-09-22T19:46:01.4173105Z [========                               ] 22% Unzipping... emulator/source.prope
2025-09-22T19:46:01.4255421Z [========                               ] 22% Unzipping... emulator/qemu-img    
2025-09-22T19:46:01.5921577Z [========                               ] 22% Unzipping... emulator/qemu/linux-x
2025-09-22T19:46:01.9071190Z [=========                              ] 23% Unzipping... emulator/qemu/linux-x
2025-09-22T19:46:02.2771021Z [=========                              ] 24% Unzipping... emulator/qemu/linux-x
2025-09-22T19:46:02.4583070Z [=========                              ] 25% Unzipping... emulator/qemu/linux-x
2025-09-22T19:46:02.4858567Z [==========                             ] 25% Unzipping... emulator/qemu/linux-x
2025-09-22T19:46:02.4959897Z [==========                             ] 25% Unzipping... emulator/include/flat
2025-09-22T19:46:02.5278230Z [==========                             ] 25% Unzipping... emulator/resources/To
2025-09-22T19:46:02.5278993Z [==========                             ] 25% Unzipping... emulator/resources/ma
2025-09-22T19:46:02.5291057Z [==========                             ] 25% Unzipping... emulator/resources/po
2025-09-22T19:46:02.5291665Z [==========                             ] 25% Unzipping... emulator/resources/ma
2025-09-22T19:46:02.5295075Z [==========                             ] 25% Unzipping... emulator/resources/To
2025-09-22T19:46:02.5381069Z [==========                             ] 25% Unzipping... emulator/resources/ma
2025-09-22T19:46:02.5386404Z [==========                             ] 25% Unzipping... emulator/lib/emulated
2025-09-22T19:46:02.5402068Z [==========                             ] 25% Unzipping... emulator/lib/ca-bundl
2025-09-22T19:46:02.5404469Z [==========                             ] 25% Unzipping... emulator/lib/grpc_end
2025-09-22T19:46:02.5410224Z [==========                             ] 25% Unzipping... emulator/lib/emulator
2025-09-22T19:46:02.5413332Z [==========                             ] 25% Unzipping... emulator/lib/emu-orig
2025-09-22T19:46:02.5547396Z [==========                             ] 25% Unzipping... emulator/lib/libflatb
2025-09-22T19:46:02.5735676Z [==========                             ] 26% Unzipping... emulator/lib/libflatb
2025-09-22T19:46:02.5739201Z [==========                             ] 26% Unzipping... emulator/lib/rtc_serv
2025-09-22T19:46:02.5742494Z [==========                             ] 26% Unzipping... emulator/lib/waterfal
2025-09-22T19:46:02.5745419Z [==========                             ] 26% Unzipping... emulator/lib/emulator
2025-09-22T19:46:02.5747159Z [==========                             ] 26% Unzipping... emulator/lib/pkgconfi
2025-09-22T19:46:02.5749706Z [==========                             ] 26% Unzipping... emulator/lib/snapshot
2025-09-22T19:46:02.5757644Z [==========                             ] 26% Unzipping... emulator/lib/hostapd.
2025-09-22T19:46:02.5761867Z [==========                             ] 26% Unzipping... emulator/lib/advanced
2025-09-22T19:46:02.5763180Z [==========                             ] 26% Unzipping... emulator/lib/pc-bios/
2025-09-22T19:46:02.5767008Z [==========                             ] 26% Unzipping... emulator/lib/ui_contr
2025-09-22T19:46:02.5770201Z [==========                             ] 26% Unzipping... emulator/lib/control_
2025-09-22T19:46:02.5770869Z [==========                             ] 26% Unzipping... emulator/lib/cmake/  
2025-09-22T19:46:02.5773888Z [==========                             ] 26% Unzipping... emulator/lib/emulator
2025-09-22T19:46:02.5777964Z [==========                             ] 26% Unzipping... emulator/lib/hardware
2025-09-22T19:46:02.5780706Z [==========                             ] 26% Unzipping... emulator/lib/adb_serv
2025-09-22T19:46:02.5783253Z [==========                             ] 26% Unzipping... emulator/lib/ice_conf
2025-09-22T19:46:02.5786566Z [==========                             ] 26% Unzipping... emulator/lib/snapshot
2025-09-22T19:46:02.5789491Z [==========                             ] 26% Unzipping... emulator/lib/rtc_serv
2025-09-22T19:46:02.5791959Z [==========                             ] 26% Unzipping... emulator/lib/pkgconfi
2025-09-22T19:46:02.5987730Z [==========                             ] 26% Unzipping... emulator/lib/pc-bios/
2025-09-22T19:46:02.6000877Z [==========                             ] 26% Unzipping... emulator/lib/cmake/fl
2025-09-22T19:46:02.6031484Z [==========                             ] 26% Unzipping... emulator/bin64/mkfs.e
2025-09-22T19:46:02.6048868Z [==========                             ] 26% Unzipping... emulator/bin64/resize
2025-09-22T19:46:02.6093221Z [==========                             ] 26% Unzipping... emulator/bin64/fsck.e
2025-09-22T19:46:02.6136600Z [==========                             ] 26% Unzipping... emulator/bin64/e2fsck
2025-09-22T19:46:02.6158690Z [==========                             ] 26% Unzipping... emulator/bin64/tune2f
2025-09-22T19:46:02.6204311Z [==========                             ] 26% Unzipping... emulator/lib64/libabs
2025-09-22T19:46:02.6212621Z [==========                             ] 26% Unzipping... emulator/lib64/liband
2025-09-22T19:46:02.6213158Z [==========                             ] 26% Unzipping... emulator/lib64/qt/   
2025-09-22T19:46:02.6916353Z [==========                             ] 26% Unzipping... emulator/lib64/libgfx
2025-09-22T19:46:02.7037387Z [==========                             ] 26% Unzipping... emulator/lib64/libpro
2025-09-22T19:46:02.7098414Z [==========                             ] 26% Unzipping... emulator/lib64/libc++
2025-09-22T19:46:02.7106792Z [==========                             ] 26% Unzipping... emulator/lib64/libdrm
2025-09-22T19:46:02.7299220Z [==========                             ] 26% Unzipping... emulator/lib64/liband
2025-09-22T19:46:02.7301289Z [==========                             ] 26% Unzipping... emulator/lib64/vulkan
2025-09-22T19:46:02.7408854Z [==========                             ] 26% Unzipping... emulator/lib64/liband
2025-09-22T19:46:02.7479430Z [==========                             ] 26% Unzipping... emulator/lib64/libgli
2025-09-22T19:46:02.7482165Z [==========                             ] 26% Unzipping... emulator/lib64/libima
2025-09-22T19:46:02.7482878Z [==========                             ] 26% Unzipping... emulator/lib64/gles_m
2025-09-22T19:46:02.7544178Z [==========                             ] 26% Unzipping... emulator/lib64/libc++
2025-09-22T19:46:02.7599254Z [==========                             ] 26% Unzipping... emulator/lib64/libzst
2025-09-22T19:46:02.7603529Z [==========                             ] 26% Unzipping... emulator/lib64/libemu
2025-09-22T19:46:02.7608694Z [==========                             ] 26% Unzipping... emulator/lib64/liband
2025-09-22T19:46:02.7609746Z [==========                             ] 26% Unzipping... emulator/lib64/gles_s
2025-09-22T19:46:02.7628553Z [==========                             ] 26% Unzipping... emulator/lib64/libtcm
2025-09-22T19:46:02.7699618Z [==========                             ] 26% Unzipping... emulator/lib64/libsha
2025-09-22T19:46:02.9083925Z [==========                             ] 26% Unzipping... emulator/lib64/liband
2025-09-22T19:46:02.9085794Z [==========                             ] 26% Unzipping... emulator/lib64/gles_a
2025-09-22T19:46:02.9222872Z [==========                             ] 26% Unzipping... emulator/lib64/libpro
2025-09-22T19:46:02.9474544Z [==========                             ] 26% Unzipping... emulator/lib64/liband
2025-09-22T19:46:02.9475591Z [==========                             ] 26% Unzipping... emulator/lib64/qt/res
2025-09-22T19:46:02.9477282Z [==========                             ] 26% Unzipping... emulator/lib64/qt/tra
2025-09-22T19:46:02.9479140Z [==========                             ] 26% Unzipping... emulator/lib64/qt/lib
2025-09-22T19:46:02.9479717Z [==========                             ] 26% Unzipping... emulator/lib64/qt/plu
2025-09-22T19:46:02.9494254Z [==========                             ] 26% Unzipping... emulator/lib64/qt/res
2025-09-22T19:46:03.0257534Z [==========                             ] 27% Unzipping... emulator/lib64/qt/res
2025-09-22T19:46:03.1416198Z [==========                             ] 27% Unzipping... emulator/lib64/qt/tra
2025-09-22T19:46:03.2300116Z [==========                             ] 27% Unzipping... emulator/lib64/qt/lib
2025-09-22T19:46:03.5797404Z [===========                            ] 28% Unzipping... emulator/lib64/qt/lib
2025-09-22T19:46:03.9486419Z [===========                            ] 29% Unzipping... emulator/lib64/qt/lib
2025-09-22T19:46:04.1406637Z [===========                            ] 30% Unzipping... emulator/lib64/qt/lib
2025-09-22T19:46:04.2248490Z [============                           ] 30% Unzipping... emulator/lib64/qt/lib
2025-09-22T19:46:04.3498988Z [============                           ] 31% Unzipping... emulator/lib64/qt/lib
2025-09-22T19:46:04.3621536Z [============                           ] 31% Unzipping... emulator/lib64/qt/plu
2025-09-22T19:46:04.6054943Z [============                           ] 31% Unzipping... emulator/lib64/vulkan
2025-09-22T19:46:04.6924204Z [============                           ] 32% Unzipping... emulator/lib64/vulkan
2025-09-22T19:46:04.8829840Z [============                           ] 32% Unzipping... emulator/lib64/gles_m
2025-09-22T19:46:04.9523444Z [============                           ] 32% Unzipping... emulator/lib64/gles_s
2025-09-22T19:46:05.0109720Z [============                           ] 32% Unzipping... emulator/lib64/gles_a
2025-09-22T19:46:05.0768471Z [=============                          ] 33% Unzipping... emulator/lib64/gles_a
2025-09-22T19:46:05.7642540Z [=====================                  ] 55% Unzipping... emulator/lib64/gles_a
2025-09-22T19:46:05.8312010Z [=====================                  ] 55% Installing Android SDK Tools emula
2025-09-22T19:46:05.8489219Z [=====================                  ] 55% Downloading sdk-tools-linux-433379
2025-09-22T19:46:05.8883396Z [======================                 ] 55% Downloading sdk-tools-linux-433379
2025-09-22T19:46:05.9877955Z [======================                 ] 56% Downloading sdk-tools-linux-433379
2025-09-22T19:46:06.1659893Z [======================                 ] 57% Downloading sdk-tools-linux-433379
2025-09-22T19:46:06.2712964Z [=======================                ] 58% Downloading sdk-tools-linux-433379
2025-09-22T19:46:06.3596885Z [=======================                ] 59% Downloading sdk-tools-linux-433379
2025-09-22T19:46:06.4071806Z [=======================                ] 60% Downloading sdk-tools-linux-433379
2025-09-22T19:46:06.4448272Z [========================               ] 60% Downloading sdk-tools-linux-433379
2025-09-22T19:46:06.5324665Z [========================               ] 61% Downloading sdk-tools-linux-433379
2025-09-22T19:46:06.6187488Z [========================               ] 62% Downloading sdk-tools-linux-433379
2025-09-22T19:46:06.7058874Z [=========================              ] 63% Downloading sdk-tools-linux-433379
2025-09-22T19:46:06.7899877Z [=========================              ] 64% Downloading sdk-tools-linux-433379
2025-09-22T19:46:06.8282198Z [=========================              ] 65% Downloading sdk-tools-linux-433379
2025-09-22T19:46:06.8750445Z [==========================             ] 65% Downloading sdk-tools-linux-433379
2025-09-22T19:46:06.9314818Z [==========================             ] 66% Downloading sdk-tools-linux-433379
2025-09-22T19:46:06.9806443Z [==========================             ] 66% Unzipping... emulator/lib64/gles_a
2025-09-22T19:46:06.9807073Z [==========================             ] 66% Unzipping... tools/               
2025-09-22T19:46:06.9807944Z [==========================             ] 66% Unzipping... tools/proguard/      
2025-09-22T19:46:06.9810795Z [==========================             ] 66% Unzipping... tools/proguard/licens
2025-09-22T19:46:06.9811918Z [==========================             ] 66% Unzipping... tools/proguard/lib/  
2025-09-22T19:46:06.9848925Z [==========================             ] 66% Unzipping... tools/proguard/lib/pr
2025-09-22T19:46:06.9851457Z [==========================             ] 66% Unzipping... tools/proguard/lib/re
2025-09-22T19:46:06.9860628Z [==========================             ] 66% Unzipping... tools/proguard/lib/pr
2025-09-22T19:46:06.9861245Z [==========================             ] 66% Unzipping... tools/proguard/ant/  
2025-09-22T19:46:06.9863586Z [==========================             ] 66% Unzipping... tools/proguard/ant/ta
2025-09-22T19:46:06.9864380Z [==========================             ] 66% Unzipping... tools/proguard/docs/ 
2025-09-22T19:46:06.9867340Z [==========================             ] 66% Unzipping... tools/proguard/docs/f
2025-09-22T19:46:06.9873933Z [==========================             ] 66% Unzipping... tools/proguard/docs/s
2025-09-22T19:46:06.9876318Z [==========================             ] 66% Unzipping... tools/proguard/docs/d
2025-09-22T19:46:06.9879198Z [==========================             ] 66% Unzipping... tools/proguard/docs/s
2025-09-22T19:46:06.9881884Z [==========================             ] 66% Unzipping... tools/proguard/docs/F
2025-09-22T19:46:06.9885843Z [==========================             ] 66% Unzipping... tools/proguard/docs/s
2025-09-22T19:46:06.9888517Z [==========================             ] 66% Unzipping... tools/proguard/docs/l
2025-09-22T19:46:06.9892307Z [==========================             ] 66% Unzipping... tools/proguard/docs/s
2025-09-22T19:46:06.9895627Z [==========================             ] 66% Unzipping... tools/proguard/docs/d
2025-09-22T19:46:06.9901722Z [==========================             ] 66% Unzipping... tools/proguard/docs/s
2025-09-22T19:46:06.9903710Z [==========================             ] 66% Unzipping... tools/proguard/docs/r
2025-09-22T19:46:06.9905826Z [==========================             ] 66% Unzipping... tools/proguard/docs/d
2025-09-22T19:46:06.9908915Z [==========================             ] 66% Unzipping... tools/proguard/docs/t
2025-09-22T19:46:06.9911563Z [==========================             ] 66% Unzipping... tools/proguard/docs/f
2025-09-22T19:46:06.9918193Z [==========================             ] 66% Unzipping... tools/proguard/docs/s
2025-09-22T19:46:06.9918656Z [==========================             ] 66% Unzipping... tools/proguard/docs/t
2025-09-22T19:46:06.9925096Z [==========================             ] 66% Unzipping... tools/proguard/docs/i
2025-09-22T19:46:06.9925841Z [==========================             ] 66% Unzipping... tools/proguard/docs/s
2025-09-22T19:46:06.9928346Z [==========================             ] 66% Unzipping... tools/proguard/docs/m
2025-09-22T19:46:06.9930753Z [==========================             ] 66% Unzipping... tools/proguard/docs/s
2025-09-22T19:46:06.9933080Z [==========================             ] 66% Unzipping... tools/proguard/docs/q
2025-09-22T19:46:06.9936579Z [==========================             ] 66% Unzipping... tools/proguard/docs/G
2025-09-22T19:46:06.9938757Z [==========================             ] 66% Unzipping... tools/proguard/docs/t
2025-09-22T19:46:06.9951060Z [==========================             ] 66% Unzipping... tools/proguard/docs/s
2025-09-22T19:46:06.9992243Z [==========================             ] 66% Unzipping... tools/proguard/docs/m
2025-09-22T19:46:06.9994280Z [==========================             ] 66% Unzipping... tools/proguard/docs/s
2025-09-22T19:46:06.9996164Z [==========================             ] 66% Unzipping... tools/proguard/docs/G
2025-09-22T19:46:06.9999018Z [==========================             ] 66% Unzipping... tools/proguard/docs/c
2025-09-22T19:46:07.0003672Z [==========================             ] 66% Unzipping... tools/proguard/docs/a
2025-09-22T19:46:07.0011318Z [==========================             ] 66% Unzipping... tools/proguard/docs/s
2025-09-22T19:46:07.0013276Z [==========================             ] 66% Unzipping... tools/proguard/docs/d
2025-09-22T19:46:07.0088254Z [==========================             ] 66% Unzipping... tools/proguard/exampl
2025-09-22T19:46:07.0088924Z [==========================             ] 66% Unzipping... tools/proguard/bin/  
2025-09-22T19:46:07.0093312Z [==========================             ] 66% Unzipping... tools/proguard/bin/pr
2025-09-22T19:46:07.0095696Z [==========================             ] 66% Unzipping... tools/proguard/bin/re
2025-09-22T19:46:07.0097870Z [==========================             ] 66% Unzipping... tools/proguard/README
2025-09-22T19:46:07.0103290Z [==========================             ] 66% Unzipping... tools/proguard/progua
2025-09-22T19:46:07.0105662Z [==========================             ] 66% Unzipping... tools/lib/           
2025-09-22T19:46:07.0139210Z [==========================             ] 66% Unzipping... tools/lib/bcpkix-jdk1
2025-09-22T19:46:07.0146335Z [==========================             ] 66% Unzipping... tools/lib/org-eclipse
2025-09-22T19:46:07.0155962Z [==========================             ] 66% Unzipping... tools/lib/manifest-me
2025-09-22T19:46:07.0161554Z [==========================             ] 66% Unzipping... tools/lib/jcommander-
2025-09-22T19:46:07.0174806Z [==========================             ] 66% Unzipping... tools/lib/gson-2.3.ja
2025-09-22T19:46:07.0177296Z [==========================             ] 66% Unzipping... tools/lib/ddms-26.0.0
2025-09-22T19:46:07.0180639Z [==========================             ] 66% Unzipping... tools/lib/asm-tree-5.
2025-09-22T19:46:07.0226279Z [==========================             ] 66% Unzipping... tools/lib/uast-26.0.0
2025-09-22T19:46:07.0234616Z [==========================             ] 66% Unzipping... tools/lib/dexlib2-2.2
2025-09-22T19:46:07.0273904Z [==========================             ] 67% Unzipping... tools/lib/dexlib2-2.2
2025-09-22T19:46:07.0276173Z [==========================             ] 67% Unzipping... tools/lib/android.el 
2025-09-22T19:46:07.0281564Z [==========================             ] 67% Unzipping... tools/lib/apkanalyzer
2025-09-22T19:46:07.0403492Z [==========================             ] 67% Unzipping... tools/lib/guava-22.0.
2025-09-22T19:46:07.0432448Z [==========================             ] 67% Unzipping... tools/lib/lint-api-26
2025-09-22T19:46:07.0440933Z [==========================             ] 67% Unzipping... tools/lib/baksmali-2.
2025-09-22T19:46:07.0447664Z [==========================             ] 67% Unzipping... tools/lib/shared.jar 
2025-09-22T19:46:07.0449726Z [==========================             ] 67% Unzipping... tools/lib/jsr305-1.3.
2025-09-22T19:46:07.0473756Z [==========================             ] 67% Unzipping... tools/lib/httpclient-
2025-09-22T19:46:07.0582282Z [==========================             ] 67% Unzipping... tools/lib/ecj-4.6.1.j
2025-09-22T19:46:07.0586388Z [==========================             ] 67% Unzipping... tools/lib/jobb-26.0.0
2025-09-22T19:46:07.0604271Z [==========================             ] 67% Unzipping... tools/lib/jcommon-1.0
2025-09-22T19:46:07.0609273Z [==========================             ] 67% Unzipping... tools/lib/kxml2-2.3.0
2025-09-22T19:46:07.0673208Z [==========================             ] 67% Unzipping... tools/lib/jfreechart-
2025-09-22T19:46:07.0683668Z [==========================             ] 67% Unzipping... tools/lib/common-26.0
2025-09-22T19:46:07.0738733Z [==========================             ] 67% Unzipping... tools/lib/lint-checks
2025-09-22T19:46:07.0853034Z [==========================             ] 67% Unzipping... tools/lib/kotlin-refl
2025-09-22T19:46:07.0856912Z [==========================             ] 67% Unzipping... tools/lib/builder-mod
2025-09-22T19:46:07.0891410Z [==========================             ] 67% Unzipping... tools/lib/sdklib-26.0
2025-09-22T19:46:07.0898058Z [==========================             ] 67% Unzipping... tools/lib/layoutlib-a
2025-09-22T19:46:07.0901322Z [==========================             ] 67% Unzipping... tools/lib/annotations
2025-09-22T19:46:07.0906940Z [==========================             ] 67% Unzipping... tools/lib/fat32lib.ja
2025-09-22T19:46:07.0910877Z [==========================             ] 67% Unzipping... tools/lib/jsr305-3.0.
2025-09-22T19:46:07.0963270Z [==========================             ] 67% Unzipping... tools/lib/org-eclipse
2025-09-22T19:46:07.0965580Z [==========================             ] 67% Unzipping... tools/lib/error_prone
2025-09-22T19:46:07.0973603Z [==========================             ] 67% Unzipping... tools/lib/org-eclipse
2025-09-22T19:46:07.0977645Z [==========================             ] 67% Unzipping... tools/lib/animal-snif
2025-09-22T19:46:07.1011995Z [==========================             ] 67% Unzipping... tools/lib/asset-studi
2025-09-22T19:46:07.1044425Z [===========================            ] 68% Unzipping... tools/lib/asset-studi
2025-09-22T19:46:07.1057245Z [===========================            ] 68% Unzipping... tools/lib/repository-
2025-09-22T19:46:07.1060906Z [===========================            ] 68% Unzipping... tools/lib/dvlib-26.0.
2025-09-22T19:46:07.1091079Z [===========================            ] 68% Unzipping... tools/lib/jsilver-1.0
2025-09-22T19:46:07.1097336Z [===========================            ] 68% Unzipping... tools/lib/asm-5.1.jar
2025-09-22T19:46:07.1101078Z [===========================            ] 68% Unzipping... tools/lib/devices.xml
2025-09-22T19:46:07.1103778Z [===========================            ] 68% Unzipping... tools/lib/asm-analysi
2025-09-22T19:46:07.1126390Z [===========================            ] 68% Unzipping... tools/lib/hierarchyvi
2025-09-22T19:46:07.1133781Z [===========================            ] 68% Unzipping... tools/lib/monkeyrunne
2025-09-22T19:46:07.1139636Z [===========================            ] 68% Unzipping... tools/lib/uiautomator
2025-09-22T19:46:07.1141082Z [===========================            ] 68% Unzipping... tools/lib/archquery-2
2025-09-22T19:46:07.1148192Z [===========================            ] 68% Unzipping... tools/lib/chimpchat-2
2025-09-22T19:46:07.1150605Z [===========================            ] 68% Unzipping... tools/lib/explainer.j
2025-09-22T19:46:07.1169468Z [===========================            ] 68% Unzipping... tools/lib/ddmlib-26.0
2025-09-22T19:46:07.1172704Z [===========================            ] 68% Unzipping... tools/lib/swtmenubar-
2025-09-22T19:46:07.1245768Z [===========================            ] 68% Unzipping... tools/lib/osgi-4.0.0.
2025-09-22T19:46:07.1246453Z [===========================            ] 68% Unzipping... tools/lib/x86_64/    
2025-09-22T19:46:07.1319352Z [===========================            ] 68% Unzipping... tools/lib/x86_64/swt.
2025-09-22T19:46:07.1762862Z [===========================            ] 68% Unzipping... tools/lib/monitor-x86
2025-09-22T19:46:07.2558387Z [===========================            ] 69% Unzipping... tools/lib/monitor-x86
2025-09-22T19:46:07.3021935Z [===========================            ] 70% Unzipping... tools/lib/monitor-x86
2025-09-22T19:46:07.3409697Z [============================           ] 70% Unzipping... tools/lib/monitor-x86
2025-09-22T19:46:07.4890424Z [============================           ] 71% Unzipping... tools/lib/monitor-x86
2025-09-22T19:46:07.4892826Z [============================           ] 71% Unzipping... tools/lib/httpmime-4.
2025-09-22T19:46:07.4895396Z [============================           ] 71% Unzipping... tools/lib/annotations
2025-09-22T19:46:07.4909019Z [============================           ] 71% Unzipping... tools/lib/lint-26.0.0
2025-09-22T19:46:07.4914977Z [============================           ] 71% Unzipping... tools/lib/apkanalyzer
2025-09-22T19:46:07.4921469Z [============================           ] 71% Unzipping... tools/lib/binary-reso
2025-09-22T19:46:07.4927315Z [============================           ] 71% Unzipping... tools/lib/jopt-simple
2025-09-22T19:46:07.4935141Z [============================           ] 71% Unzipping... tools/lib/util-2.2.1.
2025-09-22T19:46:07.4953157Z [============================           ] 71% Unzipping... tools/lib/ddmuilib-26
2025-09-22T19:46:07.4967392Z [============================           ] 72% Unzipping... tools/lib/ddmuilib-26
2025-09-22T19:46:07.5013526Z [============================           ] 72% Unzipping... tools/lib/sdk-common-
2025-09-22T19:46:07.5022831Z [============================           ] 72% Unzipping... tools/lib/traceview-2
2025-09-22T19:46:07.5035625Z [============================           ] 72% Unzipping... tools/lib/httpcore-4.
2025-09-22T19:46:07.5038067Z [============================           ] 72% Unzipping... tools/lib/screenshot2
2025-09-22T19:46:07.5055690Z [============================           ] 72% Unzipping... tools/lib/commons-cod
2025-09-22T19:46:07.5057910Z [============================           ] 72% Unzipping... tools/lib/proguard-pr
2025-09-22T19:46:07.5618703Z [============================           ] 72% Unzipping... tools/lib/jython-stan
2025-09-22T19:46:07.5678020Z [=============================          ] 73% Unzipping... tools/lib/jython-stan
2025-09-22T19:46:07.5681000Z [=============================          ] 73% Unzipping... tools/lib/annotations
2025-09-22T19:46:07.5685956Z [=============================          ] 73% Unzipping... tools/lib/commons-log
2025-09-22T19:46:07.5750113Z [=============================          ] 73% Unzipping... tools/lib/protobuf-ja
2025-09-22T19:46:07.5754411Z [=============================          ] 73% Unzipping... tools/lib/fakeadbserv
2025-09-22T19:46:07.5915439Z [=============================          ] 73% Unzipping... tools/lib/bcprov-jdk1
2025-09-22T19:46:07.5916575Z [=============================          ] 73% Unzipping... tools/lib/x86/       
2025-09-22T19:46:07.5982222Z [=============================          ] 73% Unzipping... tools/lib/x86/swt.jar
2025-09-22T19:46:07.6026042Z [=============================          ] 73% Unzipping... tools/lib/kotlin-stdl
2025-09-22T19:46:07.6049278Z [=============================          ] 73% Unzipping... tools/lib/commons-com
2025-09-22T19:46:07.6085768Z [=============================          ] 73% Unzipping... tools/lib/lombok-ast-
2025-09-22T19:46:07.6115637Z [=============================          ] 73% Unzipping... tools/lib/trove4j-201
2025-09-22T19:46:07.6346023Z [=============================          ] 73% Unzipping... tools/lib/intellij-co
2025-09-22T19:46:07.6495722Z [=============================          ] 74% Unzipping... tools/lib/intellij-co
2025-09-22T19:46:07.6508483Z [=============================          ] 74% Unzipping... tools/lib/jimfs-1.1.j
2025-09-22T19:46:07.6510899Z [=============================          ] 74% Unzipping... tools/lib/j2objc-anno
2025-09-22T19:46:07.6516859Z [=============================          ] 74% Unzipping... tools/lib/jfreechart-
2025-09-22T19:46:07.6976455Z [=============================          ] 74% Unzipping... tools/lib/monitor-x86
2025-09-22T19:46:07.7364824Z [=============================          ] 75% Unzipping... tools/lib/monitor-x86
2025-09-22T19:46:07.7726076Z [==============================         ] 75% Unzipping... tools/lib/monitor-x86
2025-09-22T19:46:07.8555022Z [==============================         ] 76% Unzipping... tools/lib/monitor-x86
2025-09-22T19:46:07.9927629Z [==============================         ] 77% Unzipping... tools/lib/monitor-x86
2025-09-22T19:46:07.9931595Z [==============================         ] 77% Unzipping... tools/lib/generator.j
2025-09-22T19:46:07.9933279Z [==============================         ] 77% Unzipping... tools/source.properti
2025-09-22T19:46:07.9934064Z [==============================         ] 77% Unzipping... tools/bin/           
2025-09-22T19:46:07.9936574Z [==============================         ] 77% Unzipping... tools/bin/avdmanager 
2025-09-22T19:46:07.9938881Z [==============================         ] 77% Unzipping... tools/bin/jobb       
2025-09-22T19:46:07.9941216Z [==============================         ] 77% Unzipping... tools/bin/uiautomator
2025-09-22T19:46:07.9943989Z [==============================         ] 77% Unzipping... tools/bin/apkanalyzer
2025-09-22T19:46:07.9946301Z [==============================         ] 77% Unzipping... tools/bin/monkeyrunne
2025-09-22T19:46:07.9949551Z [==============================         ] 77% Unzipping... tools/bin/archquery  
2025-09-22T19:46:07.9951603Z [==============================         ] 77% Unzipping... tools/bin/sdkmanager 
2025-09-22T19:46:07.9953857Z [==============================         ] 77% Unzipping... tools/bin/lint       
2025-09-22T19:46:07.9956324Z [==============================         ] 77% Unzipping... tools/bin/screenshot2
2025-09-22T19:46:07.9980541Z [==============================         ] 77% Unzipping... tools/NOTICE.txt     
2025-09-22T19:46:08.0017077Z [==============================         ] 77% Unzipping... tools/emulator       
2025-09-22T19:46:08.0042140Z [==============================         ] 77% Unzipping... tools/emulator-check 
2025-09-22T19:46:08.0043380Z [==============================         ] 77% Unzipping... tools/monitor        
2025-09-22T19:46:08.0046651Z [==============================         ] 77% Unzipping... tools/android        
2025-09-22T19:46:08.0049225Z [==============================         ] 77% Unzipping... tools/mksdcard       
2025-09-22T19:46:08.0049831Z [==============================         ] 77% Unzipping... tools/support/       
2025-09-22T19:46:08.0054984Z [==============================         ] 77% Unzipping... tools/support/typos-d
2025-09-22T19:46:08.0058562Z [==============================         ] 77% Unzipping... tools/support/typos-e
2025-09-22T19:46:08.0060177Z [==============================         ] 77% Unzipping... tools/support/annotat
2025-09-22T19:46:08.0067922Z [==============================         ] 77% Unzipping... tools/support/typos-e
2025-09-22T19:46:08.0071227Z [==============================         ] 77% Unzipping... tools/support/typos-t
2025-09-22T19:46:08.0075822Z [==============================         ] 77% Unzipping... tools/support/typos-p
2025-09-22T19:46:08.0079141Z [==============================         ] 77% Unzipping... tools/support/typos-i
2025-09-22T19:46:08.0082208Z [==============================         ] 77% Unzipping... tools/support/typos-n
2025-09-22T19:46:08.0086217Z [==============================         ] 77% Unzipping... tools/support/typos-h
2025-09-22T19:46:08.0380654Z [==============================         ] 78% Unzipping... tools/support/typos-h
2025-09-22T19:46:08.0382368Z [=======================================] 100% Unzipping... tools/support/typos-
2025-09-22T19:46:08.0424416Z 
2025-09-22T19:46:08.0662797Z [command]/usr/local/lib/android/sdk/cmdline-tools/16.0/bin/sdkmanager platform-tools
2025-09-22T19:46:08.7877373Z Loading package information...                                                  
2025-09-22T19:46:08.8770550Z Loading local repository...                                                     
2025-09-22T19:46:08.8773326Z [                                       ] 3% Loading local repository...        
2025-09-22T19:46:08.8859945Z [                                       ] 3% Fetch remote repository...         
2025-09-22T19:46:09.2109599Z [=                                      ] 3% Fetch remote repository...         
2025-09-22T19:46:09.2848972Z [=                                      ] 4% Fetch remote repository...         
2025-09-22T19:46:09.3160799Z [=                                      ] 5% Fetch remote repository...         
2025-09-22T19:46:09.3826840Z [==                                     ] 5% Fetch remote repository...         
2025-09-22T19:46:09.4607900Z [==                                     ] 6% Fetch remote repository...         
2025-09-22T19:46:09.5144243Z [==                                     ] 7% Fetch remote repository...         
2025-09-22T19:46:09.5166055Z [==                                     ] 7% Computing updates...               
2025-09-22T19:46:09.5278991Z [===                                    ] 8% Computing updates...               
2025-09-22T19:46:09.5341585Z [===                                    ] 10% Computing updates...              
2025-09-22T19:46:09.5351239Z [=======================================] 100% Computing updates...             
2025-09-22T19:46:09.5354557Z 
2025-09-22T19:46:09.5677078Z ##[group]Run chmod +x gradlew
2025-09-22T19:46:09.5677396Z [36;1mchmod +x gradlew[0m
2025-09-22T19:46:09.5734609Z shell: /usr/bin/bash -e {0}
2025-09-22T19:46:09.5734859Z env:
2025-09-22T19:46:09.5735149Z   JAVA_HOME: /opt/hostedtoolcache/Java_Temurin-Hotspot_jdk/17.0.16-8/x64
2025-09-22T19:46:09.5735841Z   JAVA_HOME_17_X64: /opt/hostedtoolcache/Java_Temurin-Hotspot_jdk/17.0.16-8/x64
2025-09-22T19:46:09.5736221Z   ANDROID_HOME: /usr/local/lib/android/sdk
2025-09-22T19:46:09.5736496Z   ANDROID_SDK_ROOT: /usr/local/lib/android/sdk
2025-09-22T19:46:09.5736752Z ##[endgroup]
2025-09-22T19:46:09.5844679Z ##[group]Run ./gradlew testDebugUnitTest jacocoTestReport
2025-09-22T19:46:09.5845103Z [36;1m./gradlew testDebugUnitTest jacocoTestReport[0m
2025-09-22T19:46:09.5872931Z shell: /usr/bin/bash -e {0}
2025-09-22T19:46:09.5873159Z env:
2025-09-22T19:46:09.5873443Z   JAVA_HOME: /opt/hostedtoolcache/Java_Temurin-Hotspot_jdk/17.0.16-8/x64
2025-09-22T19:46:09.5873910Z   JAVA_HOME_17_X64: /opt/hostedtoolcache/Java_Temurin-Hotspot_jdk/17.0.16-8/x64
2025-09-22T19:46:09.5874279Z   ANDROID_HOME: /usr/local/lib/android/sdk
2025-09-22T19:46:09.5874554Z   ANDROID_SDK_ROOT: /usr/local/lib/android/sdk
2025-09-22T19:46:09.5874797Z ##[endgroup]
2025-09-22T19:46:09.6959571Z Downloading https://services.gradle.org/distributions/gradle-8.13-bin.zip
2025-09-22T19:46:11.3603483Z .............10%.............20%.............30%.............40%.............50%.............60%.............70%.............80%.............90%.............100%
2025-09-22T19:46:12.6571076Z 
2025-09-22T19:46:12.6584898Z Welcome to Gradle 8.13!
2025-09-22T19:46:12.6591709Z 
2025-09-22T19:46:12.6592084Z Here are the highlights of this release:
2025-09-22T19:46:12.6592679Z  - Daemon JVM auto-provisioning
2025-09-22T19:46:12.6593274Z  - Enhancements for Scala plugin and JUnit testing
2025-09-22T19:46:12.6593998Z  - Improvements for build authors and plugin developers
2025-09-22T19:46:12.6594394Z 
2025-09-22T19:46:12.6594848Z For more details see https://docs.gradle.org/8.13/release-notes.html
2025-09-22T19:46:12.6595495Z 
2025-09-22T19:46:12.6686069Z 
2025-09-22T19:46:12.6688276Z FAILURE: Build failed with an exception.
2025-09-22T19:46:12.6688634Z 
2025-09-22T19:46:12.6688841Z * What went wrong:
2025-09-22T19:46:12.6690386Z Value 'C:/Program Files/Android/Android Studio/jbr' given for org.gradle.java.home Gradle property is invalid (Java home supplied is invalid)
2025-09-22T19:46:12.6691324Z 
2025-09-22T19:46:12.6691455Z * Try:
2025-09-22T19:46:12.6691994Z > Run with --stacktrace option to get the stack trace.
2025-09-22T19:46:12.6693125Z > Run with --info or --debug option to get more log output.
2025-09-22T19:46:12.6693862Z > Run with --scan to get full insights.
2025-09-22T19:46:12.6694725Z > Get more help at https://help.gradle.org.
2025-09-22T19:46:12.6811018Z ##[error]Process completed with exit code 1.
2025-09-22T19:46:12.6916342Z Post job cleanup.
2025-09-22T19:46:12.8620004Z Post job cleanup.
2025-09-22T19:46:12.9553402Z [command]/usr/bin/git version
2025-09-22T19:46:12.9589159Z git version 2.51.0
2025-09-22T19:46:12.9631233Z Temporarily overriding HOME='/home/runner/work/_temp/b6452386-0fdb-4745-af2d-4c7897e88a43' before making global git config changes
2025-09-22T19:46:12.9632488Z Adding repository directory to the temporary git global config as a safe directory
2025-09-22T19:46:12.9636679Z [command]/usr/bin/git config --global --add safe.directory /home/runner/work/pose-coach-android-starter/pose-coach-android-starter
2025-09-22T19:46:12.9671743Z [command]/usr/bin/git config --local --name-only --get-regexp core\.sshCommand
2025-09-22T19:46:12.9703475Z [command]/usr/bin/git submodule foreach --recursive sh -c "git config --local --name-only --get-regexp 'core\.sshCommand' && git config --local --unset-all 'core.sshCommand' || :"
2025-09-22T19:46:12.9915966Z fatal: No url found for submodule path 'pose-coach-skeleton' in .gitmodules
2025-09-22T19:46:12.9952977Z ##[warning]The process '/usr/bin/git' failed with exit code 128
2025-09-22T19:46:13.0027706Z Cleaning up orphan processes
