2025-09-22T19:45:40.0334579Z Current runner version: '2.328.0'
2025-09-22T19:45:40.0370819Z ##[group]Runner Image Provisioner
2025-09-22T19:45:40.0371550Z Hosted Compute Agent
2025-09-22T19:45:40.0372173Z Version: 20250829.383
2025-09-22T19:45:40.0372745Z Commit: 27cb235aab5b0e52e153a26cd86b4742e89dac5d
2025-09-22T19:45:40.0373425Z Build Date: 2025-08-29T13:48:48Z
2025-09-22T19:45:40.0373960Z ##[endgroup]
2025-09-22T19:45:40.0374603Z ##[group]Operating System
2025-09-22T19:45:40.0375150Z Ubuntu
2025-09-22T19:45:40.0375569Z 24.04.3
2025-09-22T19:45:40.0376093Z LTS
2025-09-22T19:45:40.0376502Z ##[endgroup]
2025-09-22T19:45:40.0376967Z ##[group]Runner Image
2025-09-22T19:45:40.0377837Z Image: ubuntu-24.04
2025-09-22T19:45:40.0378358Z Version: 20250907.24.1
2025-09-22T19:45:40.0379309Z Included Software: https://github.com/actions/runner-images/blob/ubuntu24/20250907.24/images/ubuntu/Ubuntu2404-Readme.md
2025-09-22T19:45:40.0380882Z Image Release: https://github.com/actions/runner-images/releases/tag/ubuntu24%2F20250907.24
2025-09-22T19:45:40.0381806Z ##[endgroup]
2025-09-22T19:45:40.0382931Z ##[group]GITHUB_TOKEN Permissions
2025-09-22T19:45:40.0384727Z Contents: read
2025-09-22T19:45:40.0385359Z Metadata: read
2025-09-22T19:45:40.0385824Z Packages: read
2025-09-22T19:45:40.0386307Z ##[endgroup]
2025-09-22T19:45:40.0388610Z Secret source: Actions
2025-09-22T19:45:40.0389344Z Prepare workflow directory
2025-09-22T19:45:40.0753181Z Prepare all required actions
2025-09-22T19:45:40.0790465Z Getting action download info
2025-09-22T19:45:40.4616981Z Download action repository 'actions/checkout@v4' (SHA:08eba0b27e820071cde6df949e0beb9ba4906955)
2025-09-22T19:45:40.5280178Z Download action repository 'actions/setup-java@v4' (SHA:c5195efecf7bdfc987ee8bae7a71cb8b11521c00)
2025-09-22T19:45:40.8379831Z Download action repository 'android-actions/setup-android@v3' (SHA:9fc6c4e9069bf8d3d10b2204b1fb8f6ef7065407)
2025-09-22T19:45:41.1256286Z Download action repository 'actions/cache@v4' (SHA:0400d5f644dc74513175e3cd8d07132dd4860809)
2025-09-22T19:45:41.3830240Z Complete job name: Enforce Quality Standards
2025-09-22T19:45:41.4658239Z ##[group]Run actions/checkout@v4
2025-09-22T19:45:41.4659667Z with:
2025-09-22T19:45:41.4660412Z   fetch-depth: 0
2025-09-22T19:45:41.4661342Z   repository: thc1006/pose-coach-android-starter
2025-09-22T19:45:41.4662865Z   token: ***
2025-09-22T19:45:41.4663616Z   ssh-strict: true
2025-09-22T19:45:41.4664405Z   ssh-user: git
2025-09-22T19:45:41.4665227Z   persist-credentials: true
2025-09-22T19:45:41.4666125Z   clean: true
2025-09-22T19:45:41.4666949Z   sparse-checkout-cone-mode: true
2025-09-22T19:45:41.4668154Z   fetch-tags: false
2025-09-22T19:45:41.4668962Z   show-progress: true
2025-09-22T19:45:41.4669758Z   lfs: false
2025-09-22T19:45:41.4670502Z   submodules: false
2025-09-22T19:45:41.4671312Z   set-safe-directory: true
2025-09-22T19:45:41.4672469Z ##[endgroup]
2025-09-22T19:45:41.5771864Z Syncing repository: thc1006/pose-coach-android-starter
2025-09-22T19:45:41.5774552Z ##[group]Getting Git version info
2025-09-22T19:45:41.5776398Z Working directory is '/home/runner/work/pose-coach-android-starter/pose-coach-android-starter'
2025-09-22T19:45:41.5779267Z [command]/usr/bin/git version
2025-09-22T19:45:41.5796294Z git version 2.51.0
2025-09-22T19:45:41.5822844Z ##[endgroup]
2025-09-22T19:45:41.5838352Z Temporarily overriding HOME='/home/runner/work/_temp/8a4bfb3e-1ba3-4326-a270-b1e659df2979' before making global git config changes
2025-09-22T19:45:41.5841246Z Adding repository directory to the temporary git global config as a safe directory
2025-09-22T19:45:41.5851600Z [command]/usr/bin/git config --global --add safe.directory /home/runner/work/pose-coach-android-starter/pose-coach-android-starter
2025-09-22T19:45:41.5885546Z Deleting the contents of '/home/runner/work/pose-coach-android-starter/pose-coach-android-starter'
2025-09-22T19:45:41.5888706Z ##[group]Initializing the repository
2025-09-22T19:45:41.5893250Z [command]/usr/bin/git init /home/runner/work/pose-coach-android-starter/pose-coach-android-starter
2025-09-22T19:45:41.5953243Z hint: Using 'master' as the name for the initial branch. This default branch name
2025-09-22T19:45:41.5956141Z hint: is subject to change. To configure the initial branch name to use in all
2025-09-22T19:45:41.5958189Z hint: of your new repositories, which will suppress this warning, call:
2025-09-22T19:45:41.5959502Z hint:
2025-09-22T19:45:41.5960788Z hint: 	git config --global init.defaultBranch <name>
2025-09-22T19:45:41.5962585Z hint:
2025-09-22T19:45:41.5964029Z hint: Names commonly chosen instead of 'master' are 'main', 'trunk' and
2025-09-22T19:45:41.5966219Z hint: 'development'. The just-created branch can be renamed via this command:
2025-09-22T19:45:41.5967886Z hint:
2025-09-22T19:45:41.5968607Z hint: 	git branch -m <name>
2025-09-22T19:45:41.5969435Z hint:
2025-09-22T19:45:41.5970571Z hint: Disable this message with "git config set advice.defaultBranchName false"
2025-09-22T19:45:41.5972915Z Initialized empty Git repository in /home/runner/work/pose-coach-android-starter/pose-coach-android-starter/.git/
2025-09-22T19:45:41.5976562Z [command]/usr/bin/git remote add origin https://github.com/thc1006/pose-coach-android-starter
2025-09-22T19:45:41.6001647Z ##[endgroup]
2025-09-22T19:45:41.6003137Z ##[group]Disabling automatic garbage collection
2025-09-22T19:45:41.6004940Z [command]/usr/bin/git config --local gc.auto 0
2025-09-22T19:45:41.6033628Z ##[endgroup]
2025-09-22T19:45:41.6035041Z ##[group]Setting up auth
2025-09-22T19:45:41.6039189Z [command]/usr/bin/git config --local --name-only --get-regexp core\.sshCommand
2025-09-22T19:45:41.6070059Z [command]/usr/bin/git submodule foreach --recursive sh -c "git config --local --name-only --get-regexp 'core\.sshCommand' && git config --local --unset-all 'core.sshCommand' || :"
2025-09-22T19:45:41.6330955Z [command]/usr/bin/git config --local --name-only --get-regexp http\.https\:\/\/github\.com\/\.extraheader
2025-09-22T19:45:41.6362490Z [command]/usr/bin/git submodule foreach --recursive sh -c "git config --local --name-only --get-regexp 'http\.https\:\/\/github\.com\/\.extraheader' && git config --local --unset-all 'http.https://github.com/.extraheader' || :"
2025-09-22T19:45:41.6583832Z [command]/usr/bin/git config --local http.https://github.com/.extraheader AUTHORIZATION: basic ***
2025-09-22T19:45:41.6618455Z ##[endgroup]
2025-09-22T19:45:41.6619801Z ##[group]Fetching the repository
2025-09-22T19:45:41.6636524Z [command]/usr/bin/git -c protocol.version=2 fetch --prune --no-recurse-submodules origin +refs/heads/*:refs/remotes/origin/* +refs/tags/*:refs/tags/*
2025-09-22T19:45:42.5043575Z From https://github.com/thc1006/pose-coach-android-starter
2025-09-22T19:45:42.5045031Z  * [new branch]      main       -> origin/main
2025-09-22T19:45:42.5079580Z [command]/usr/bin/git branch --list --remote origin/main
2025-09-22T19:45:42.5102465Z   origin/main
2025-09-22T19:45:42.5111989Z [command]/usr/bin/git rev-parse refs/remotes/origin/main
2025-09-22T19:45:42.5132946Z 685d758d9ae8c729893935dc590157eded077a04
2025-09-22T19:45:42.5139487Z ##[endgroup]
2025-09-22T19:45:42.5140878Z ##[group]Determining the checkout info
2025-09-22T19:45:42.5142307Z ##[endgroup]
2025-09-22T19:45:42.5143702Z [command]/usr/bin/git sparse-checkout disable
2025-09-22T19:45:42.5180269Z [command]/usr/bin/git config --local --unset-all extensions.worktreeConfig
2025-09-22T19:45:42.5205115Z ##[group]Checking out the ref
2025-09-22T19:45:42.5210377Z [command]/usr/bin/git checkout --progress --force -B main refs/remotes/origin/main
2025-09-22T19:45:42.6050407Z Switched to a new branch 'main'
2025-09-22T19:45:42.6052192Z branch 'main' set up to track 'origin/main'.
2025-09-22T19:45:42.6063835Z ##[endgroup]
2025-09-22T19:45:42.6101656Z [command]/usr/bin/git log -1 --format=%H
2025-09-22T19:45:42.6124445Z 685d758d9ae8c729893935dc590157eded077a04
2025-09-22T19:45:42.6433769Z ##[group]Run actions/setup-java@v4
2025-09-22T19:45:42.6434840Z with:
2025-09-22T19:45:42.6435571Z   java-version: 17
2025-09-22T19:45:42.6436464Z   distribution: temurin
2025-09-22T19:45:42.6437517Z   cache: gradle
2025-09-22T19:45:42.6438595Z   java-package: jdk
2025-09-22T19:45:42.6439385Z   check-latest: false
2025-09-22T19:45:42.6440314Z   server-id: github
2025-09-22T19:45:42.6441178Z   server-username: GITHUB_ACTOR
2025-09-22T19:45:42.6442123Z   server-password: GITHUB_TOKEN
2025-09-22T19:45:42.6443169Z   overwrite-settings: true
2025-09-22T19:45:42.6444086Z   job-status: success
2025-09-22T19:45:42.6445161Z   token: ***
2025-09-22T19:45:42.6445963Z ##[endgroup]
2025-09-22T19:45:42.8393257Z ##[group]Installed distributions
2025-09-22T19:45:42.8442142Z Resolved Java 17.0.16+8 from tool-cache
2025-09-22T19:45:42.8444008Z Setting Java 17.0.16+8 as the default
2025-09-22T19:45:42.8456494Z Creating toolchains.xml for JDK version 17 from temurin
2025-09-22T19:45:42.8535287Z Writing to /home/runner/.m2/toolchains.xml
2025-09-22T19:45:42.8536510Z 
2025-09-22T19:45:42.8537087Z Java configuration:
2025-09-22T19:45:42.8538689Z   Distribution: temurin
2025-09-22T19:45:42.8540136Z   Version: 17.0.16+8
2025-09-22T19:45:42.8541915Z   Path: /opt/hostedtoolcache/Java_Temurin-Hotspot_jdk/17.0.16-8/x64
2025-09-22T19:45:42.8543473Z 
2025-09-22T19:45:42.8544927Z ##[endgroup]
2025-09-22T19:45:42.8563447Z Creating settings.xml with server-id: github
2025-09-22T19:45:42.8566095Z Writing to /home/runner/.m2/settings.xml
2025-09-22T19:45:43.0817957Z gradle cache is not found
2025-09-22T19:45:43.1042251Z ##[group]Run android-actions/setup-android@v3
2025-09-22T19:45:43.1043024Z with:
2025-09-22T19:45:43.1043672Z   cmdline-tools-version: 12266719
2025-09-22T19:45:43.1044404Z   accept-android-sdk-licenses: true
2025-09-22T19:45:43.1045150Z   log-accepted-android-sdk-licenses: true
2025-09-22T19:45:43.1045896Z   packages: tools platform-tools
2025-09-22T19:45:43.1046563Z env:
2025-09-22T19:45:43.1047528Z   JAVA_HOME: /opt/hostedtoolcache/Java_Temurin-Hotspot_jdk/17.0.16-8/x64
2025-09-22T19:45:43.1048541Z   JAVA_HOME_17_X64: /opt/hostedtoolcache/Java_Temurin-Hotspot_jdk/17.0.16-8/x64
2025-09-22T19:45:43.1049378Z ##[endgroup]
2025-09-22T19:45:43.1921394Z Found preinstalled sdkmanager in /usr/local/lib/android/sdk/cmdline-tools/latest with following source.properties:
2025-09-22T19:45:43.1923311Z Pkg.Revision=12.0
2025-09-22T19:45:43.1924113Z Pkg.Path=cmdline-tools;12.0
2025-09-22T19:45:43.1924976Z Pkg.Desc=Android SDK Command-line Tools
2025-09-22T19:45:43.1925514Z 
2025-09-22T19:45:43.1927558Z Wrong version in preinstalled sdkmanager
2025-09-22T19:45:43.1929017Z Downloading commandline tools from https://dl.google.com/android/repository/commandlinetools-linux-12266719_latest.zip
2025-09-22T19:45:44.4244209Z [command]/usr/bin/unzip -o -q /home/runner/work/_temp/5acfb57f-74e7-4a2f-b8a1-d81bac42c471
2025-09-22T19:45:45.2505022Z Accepting Android SDK licenses
2025-09-22T19:45:45.2512751Z [command]/usr/local/lib/android/sdk/cmdline-tools/16.0/bin/sdkmanager --licenses
2025-09-22T19:45:48.1265936Z Loading local repository...                                                     
2025-09-22T19:45:48.1266830Z [=========                              ] 25% Loading local repository...       
2025-09-22T19:45:49.1496478Z [=========                              ] 25% Fetch remote repository...        
2025-09-22T19:45:49.6337216Z [==========                             ] 26% Fetch remote repository...        
2025-09-22T19:45:49.6344169Z [============                           ] 31% Fetch remote repository...        
2025-09-22T19:45:49.6561319Z [============                           ] 32% Fetch remote repository...        
2025-09-22T19:45:49.6564021Z [=============                          ] 33% Fetch remote repository...        
2025-09-22T19:45:49.6921069Z [=============                          ] 35% Fetch remote repository...        
2025-09-22T19:45:49.6924167Z [==============                         ] 36% Fetch remote repository...        
2025-09-22T19:45:49.7073420Z [==============                         ] 37% Fetch remote repository...        
2025-09-22T19:45:49.7076259Z [===============                        ] 38% Fetch remote repository...        
2025-09-22T19:45:49.7306676Z [===============                        ] 39% Fetch remote repository...        
2025-09-22T19:45:49.7309665Z [================                       ] 40% Fetch remote repository...        
2025-09-22T19:45:49.7532386Z [================                       ] 41% Fetch remote repository...        
2025-09-22T19:45:49.7535320Z [================                       ] 42% Fetch remote repository...        
2025-09-22T19:45:49.7742755Z [=================                      ] 44% Fetch remote repository...        
2025-09-22T19:45:49.7747611Z [=================                      ] 45% Fetch remote repository...        
2025-09-22T19:45:49.7856503Z [==================                     ] 46% Fetch remote repository...        
2025-09-22T19:45:49.7882825Z [==================                     ] 47% Fetch remote repository...        
2025-09-22T19:45:49.8066327Z [===================                    ] 48% Fetch remote repository...        
2025-09-22T19:45:49.8068522Z [===================                    ] 49% Fetch remote repository...        
2025-09-22T19:45:49.8161981Z [====================                   ] 50% Fetch remote repository...        
2025-09-22T19:45:49.8169815Z [====================                   ] 51% Fetch remote repository...        
2025-09-22T19:45:49.8261054Z [====================                   ] 53% Fetch remote repository...        
2025-09-22T19:45:49.8269753Z [=====================                  ] 54% Fetch remote repository...        
2025-09-22T19:45:49.8439882Z [=====================                  ] 55% Fetch remote repository...        
2025-09-22T19:45:49.8440632Z [======================                 ] 56% Fetch remote repository...        
2025-09-22T19:45:49.8588959Z [======================                 ] 57% Fetch remote repository...        
2025-09-22T19:45:49.8589758Z [=======================                ] 58% Fetch remote repository...        
2025-09-22T19:45:49.8878680Z [=======================                ] 59% Fetch remote repository...        
2025-09-22T19:45:49.8898535Z [========================               ] 60% Fetch remote repository...        
2025-09-22T19:45:49.8980188Z [========================               ] 61% Fetch remote repository...        
2025-09-22T19:45:49.8984179Z [=========================              ] 63% Fetch remote repository...        
2025-09-22T19:45:49.9105051Z [=========================              ] 64% Fetch remote repository...        
2025-09-22T19:45:49.9128036Z [=========================              ] 65% Fetch remote repository...        
2025-09-22T19:45:49.9410253Z [==========================             ] 66% Fetch remote repository...        
2025-09-22T19:45:49.9414423Z [==========================             ] 67% Fetch remote repository...        
2025-09-22T19:45:49.9620973Z [===========================            ] 68% Fetch remote repository...        
2025-09-22T19:45:49.9621660Z [===========================            ] 69% Fetch remote repository...        
2025-09-22T19:45:50.1813923Z [============================           ] 70% Fetch remote repository...        
2025-09-22T19:45:50.1814842Z [============================           ] 72% Fetch remote repository...        
2025-09-22T19:45:50.2414473Z [=============================          ] 73% Fetch remote repository...        
2025-09-22T19:45:50.2427144Z [=============================          ] 74% Fetch remote repository...        
2025-09-22T19:45:50.2510665Z [=============================          ] 75% Fetch remote repository...        
2025-09-22T19:45:50.2619318Z [=============================          ] 75% Computing updates...              
2025-09-22T19:45:50.2622923Z [=======================================] 100% Computing updates...             
2025-09-22T19:45:50.3093194Z 6 of 7 SDK package licenses not accepted.
2025-09-22T19:45:50.3096870Z Review licenses that have not been accepted (y/N)? 
2025-09-22T19:45:50.3101046Z 1/6: License android-googletv-license:
2025-09-22T19:45:50.3101493Z ---------------------------------------
2025-09-22T19:45:50.3108294Z Terms and Conditions
2025-09-22T19:45:50.3109185Z 
2025-09-22T19:45:50.3109731Z This is the Google TV Add-on for the Android Software Development Kit License Agreement.
2025-09-22T19:45:50.3111532Z 
2025-09-22T19:45:50.3112824Z 1. Introduction
2025-09-22T19:45:50.3113496Z 
2025-09-22T19:45:50.3115854Z 1.1 The Google TV Add-on for the Android Software Development Kit (referred to in this License Agreement as the "Google TV Add-on" and specifically including the Android system files, packaged APIs, and Google APIs add-ons) is licensed to you subject to the terms of this License Agreement. This License Agreement forms a legally binding contract between you and Google in relation to your use of the Google TV Add-on.
2025-09-22T19:45:50.3118649Z 
2025-09-22T19:45:50.3119624Z 1.2 "Google" means Google Inc., a Delaware corporation with principal place of business at 1600 Amphitheatre Parkway, Mountain View, CA 94043, United States.
2025-09-22T19:45:50.3120819Z 
2025-09-22T19:45:50.3129990Z 2. Accepting this License Agreement
2025-09-22T19:45:50.3130840Z 
2025-09-22T19:45:50.3134247Z 2.1 In order to use the Google TV Add-on, you must first agree to this License Agreement. You may not use the Google TV Add-on if you do not accept this License Agreement.
2025-09-22T19:45:50.3135219Z 
2025-09-22T19:45:50.3141493Z 2.2 You can accept this License Agreement by:
2025-09-22T19:45:50.3141905Z 
2025-09-22T19:45:50.3142494Z (A) clicking to accept or agree to this License Agreement, where this option is made available to you; or
2025-09-22T19:45:50.3143184Z 
2025-09-22T19:45:50.3144006Z (B) by actually using the Google TV Add-on. In this case, you agree that use of the Google TV Add-on constitutes acceptance of the License Agreement from that point onwards.
2025-09-22T19:45:50.3145000Z 
2025-09-22T19:45:50.3146462Z 2.3 You may not use the Google TV Add-on and may not accept the Licensing Agreement if you are a person barred from receiving the Google TV Add-on under the laws of the United States or other countries including the country in which you are resident or from which you use the Google TV Add-on.
2025-09-22T19:45:50.3148449Z 
2025-09-22T19:45:50.3150471Z 2.4 If you are agreeing to be bound by this License Agreement on behalf of your employer or other entity, you represent and warrant that you have full legal authority to bind your employer or such entity to this License Agreement. If you do not have the requisite authority, you may not accept the Licensing Agreement or use the Google TV Add-on on behalf of your employer or other entity.
2025-09-22T19:45:50.3152641Z 
2025-09-22T19:45:50.3152836Z 3. Google TV Add-on License from Google
2025-09-22T19:45:50.3153196Z 
2025-09-22T19:45:50.3154437Z 3.1 Subject to the terms of this License Agreement, Google grants you a limited, worldwide, royalty-free, non- assignable and non-exclusive license to use the Google TV Add-on solely to develop applications to run on the Google TV platform.
2025-09-22T19:45:50.3155825Z 
2025-09-22T19:45:50.3158264Z 3.2 You agree that Google or third parties own all legal right, title and interest in and to the Google TV Add-on, including any Intellectual Property Rights that subsist in the Google TV Add-on. "Intellectual Property Rights" means any and all rights under patent law, copyright law, trade secret law, trademark law, and any and all other proprietary rights. Google reserves all rights not expressly granted to you.
2025-09-22T19:45:50.3160638Z 
2025-09-22T19:45:50.3163985Z 3.3 Except to the extent required by applicable third party licenses, you may not copy (except for backup purposes), modify, adapt, redistribute, decompile, reverse engineer, disassemble, or create derivative works of the Google TV Add-on or any part of the Google TV Add-on. Except to the extent required by applicable third party licenses, you may not load any part of the Google TV Add-on onto a mobile handset, television, or any other hardware device except a personal computer, combine any part of the Google TV Add-on with other software, or distribute any software or device incorporating a part of the Google TV Add-on.
2025-09-22T19:45:50.3167975Z 
2025-09-22T19:45:50.3169182Z 3.4 Use, reproduction and distribution of components of the Google TV Add-on licensed under an open source software license are governed solely by the terms of that open source software license and not this License Agreement.
2025-09-22T19:45:50.3170558Z 
2025-09-22T19:45:50.3173100Z 3.5 You agree that the form and nature of the Google TV Add-on that Google provides may change without prior notice to you and that future versions of the Google TV Add-on may be incompatible with applications developed on previous versions of the Google TV Add-on. You agree that Google may stop (permanently or temporarily) providing the Google TV Add-on (or any features within the Google TV Add-on) to you or to users generally at Google's sole discretion, without prior notice to you.
2025-09-22T19:45:50.3175742Z 
2025-09-22T19:45:50.3180928Z 3.6 Nothing in this License Agreement gives you a right to use any of Google's or it’s licensors’ trade names, trademarks, service marks, logos, domain names, or other distinctive brand features.
2025-09-22T19:45:50.3182134Z 
2025-09-22T19:45:50.3183376Z 3.7 You agree that you will not remove, obscure, or alter any proprietary rights notices (including copyright and trademark notices) that may be affixed to or contained within the Google TV Add-on.
2025-09-22T19:45:50.3184590Z 
2025-09-22T19:45:50.3184771Z 4. Use of the Google TV Add-on by You
2025-09-22T19:45:50.3185093Z 
2025-09-22T19:45:50.3186546Z 4.1 Google agrees that it obtains no right, title or interest from you (or your licensors) under this License Agreement in or to any software applications that you develop using the Google TV Add-on, including any intellectual property rights that subsist in those applications.
2025-09-22T19:45:50.3188386Z 
2025-09-22T19:45:50.3190295Z 4.2 You agree to use the Google TV Add-on and write applications only for purposes that are permitted by (a) this License Agreement and (b) any applicable law, regulation or generally accepted practices or guidelines in the relevant jurisdictions (including any laws regarding the export of data or software to and from the United States or other relevant countries).
2025-09-22T19:45:50.3195631Z 
2025-09-22T19:45:50.3200147Z 4.3 You agree that if you use the Google TV Add-on to develop applications for general public users, you will protect the privacy and legal rights of those users. If the users provide you with user names, passwords, or other login information or personal information, your must make the users aware that the information will be available to your application, and you must provide legally adequate privacy notice and protection for those users. If your application stores personal or sensitive information provided by users, it must do so securely. If the user provides your application with Google Account information, your application may only use that information to access the user's Google Account when, and for the limited purposes for which, the user has given you explicit permission to do so.
2025-09-22T19:45:50.3204684Z 
2025-09-22T19:45:50.3206893Z 4.4 You agree that you will not engage in any activity with the Google TV Add-on, including the development or distribution of an application, that interferes with, disrupts, damages, or accesses in an unauthorized manner the servers, networks, or other properties or services of any third party including, but not limited to, Google, Multichannel Video Program Distributors or any mobile communications carrier.
2025-09-22T19:45:50.3209486Z 
2025-09-22T19:45:50.3211464Z 4.5 You agree that you are solely responsible for (and that Google has no responsibility to you or to any third party for) any data, content, or resources that you create, transmit or display through the Google TV platform and/or applications for the Google TV platform, and for the consequences of your actions (including any loss or damage which Google may suffer) by doing so.
2025-09-22T19:45:50.3213865Z 
2025-09-22T19:45:50.3215946Z 4.6 You agree that you are solely responsible for (and that Google has no responsibility to you or to any third party for) any breach of your obligations under this License Agreement, any applicable third party contract or Terms of Service, or any applicable law or regulation, and for the consequences (including any loss or damage which Google or any third party may suffer) of any such breach.
2025-09-22T19:45:50.3218383Z 
2025-09-22T19:45:50.3218560Z 5. Your Developer Credentials
2025-09-22T19:45:50.3218849Z 
2025-09-22T19:45:50.3220376Z 5.1 You agree that you are responsible for maintaining the confidentiality of any developer credentials that may be issued to you by Google or which you may choose yourself and that you will be solely responsible for all applications that are developed under your developer credentials.
2025-09-22T19:45:50.3222041Z 
2025-09-22T19:45:50.3222209Z 6. Privacy and Information
2025-09-22T19:45:50.3222486Z 
2025-09-22T19:45:50.3225425Z 6.1 In order to continually innovate and improve the Google TV Add-on, Google may collect certain usage statistics from the software including but not limited to a unique identifier, associated IP address, version number of the software, and information on which tools and/or services in the Google TV Add-on are being used and how they are being used. Before any of this information is collected, the Google TV Add-on will notify you and seek your consent. If you withhold consent, the information will not be collected.
2025-09-22T19:45:50.3228513Z 
2025-09-22T19:45:50.3229235Z 6.2 The data collected is examined in the aggregate to improve the Google TV Add-on and is maintained in accordance with Google's Privacy Policy.
2025-09-22T19:45:50.3230103Z 
2025-09-22T19:45:50.3230342Z 7. Third Party Applications for the Google TV Platform
2025-09-22T19:45:50.3230754Z 
2025-09-22T19:45:50.3233924Z 7.1 If you use the Google TV Add-on to run applications developed by a third party or that access data, content or resources provided by a third party, you agree that Google is not responsible for those applications, data, content, or resources. You understand that all data, content or resources which you may access through such third party applications are the sole responsibility of the person from which they originated and that Google is not liable for any loss or damage that you may experience as a result of the use or access of any of those third party applications, data, content, or resources.
2025-09-22T19:45:50.3237536Z 
2025-09-22T19:45:50.3240051Z 7.2 You should be aware the data, content, and resources presented to you through such a third party application may be protected by intellectual property rights which are owned by the providers (or by other persons or companies on their behalf). You may not modify, rent, lease, loan, sell, distribute or create derivative works based on these data, content, or resources (either in whole or in part) unless you have been specifically given permission to do so by the relevant owners.
2025-09-22T19:45:50.3242830Z 
2025-09-22T19:45:50.3244251Z 7.3 You acknowledge that your use of such third party applications, data, content, or resources may be subject to separate terms between you and the relevant third party. In that case, this License Agreement does not affect your legal relationship with these third parties.
2025-09-22T19:45:50.3245817Z 
2025-09-22T19:45:50.3245982Z 8. Using Google TV APIs
2025-09-22T19:45:50.3246223Z 
2025-09-22T19:45:50.3250727Z 8.1 If you use any Google TV API to retrieve data from Google, you acknowledge that the data (“Google TV API Content”) may be protected by intellectual property rights which are owned by Google or those parties that provide the data (or by other persons or companies on their behalf). Your use of any such API may be subject to additional Terms of Service. You may not modify, rent, lease, loan, sell, distribute or create derivative works based on this data (either in whole or in part) unless allowed by the relevant Terms of Service. Some portions of the Google TV API Content are licensed to Google by third parties, including but not limited to Tribune Media Services
2025-09-22T19:45:50.3254650Z 
2025-09-22T19:45:50.3255906Z 8.2 If you use any API to retrieve a user's data from Google, you acknowledge and agree that you shall retrieve data only with the user's explicit consent and only when, and for the limited purposes for which, the user has given you permission to do so.
2025-09-22T19:45:50.3257540Z 
2025-09-22T19:45:50.3258025Z 8.3 Except as explicitly permitted in Section 3 (Google TV Add-on License from Google), you must:
2025-09-22T19:45:50.3258674Z 
2025-09-22T19:45:50.3259623Z (a) not modify nor format the Google TV API Content except to the extent reasonably and technically necessary to optimize the display such Google TV API Content in your application;
2025-09-22T19:45:50.3260716Z 
2025-09-22T19:45:50.3261730Z (b) not edit the Google TV API Content in a manner that renders the Google TV API Content inaccurate of alters its inherent meaning (provided that displaying excerpts will not violate the foregoing); or
2025-09-22T19:45:50.3262911Z 
2025-09-22T19:45:50.3263386Z (c) not create any commercial audience measurement tool or service using the Google TV API Content
2025-09-22T19:45:50.3264037Z 
2025-09-22T19:45:50.3264217Z 9. Terminating this License Agreement
2025-09-22T19:45:50.3264765Z 
2025-09-22T19:45:50.3265322Z 9.1 This License Agreement will continue to apply until terminated by either you or Google as set out below.
2025-09-22T19:45:50.3266035Z 
2025-09-22T19:45:50.3266730Z 9.2 If you want to terminate this License Agreement, you may do so by ceasing your use of the Google TV Add-on and any relevant developer credentials.
2025-09-22T19:45:50.3267791Z 
2025-09-22T19:45:50.3268113Z 9.3 Google may at any time, terminate this License Agreement with you if:
2025-09-22T19:45:50.3273659Z 
2025-09-22T19:45:50.3273958Z (A) you have breached any provision of this License Agreement; or
2025-09-22T19:45:50.3274390Z 
2025-09-22T19:45:50.3274566Z (B) Google is required to do so by law; or
2025-09-22T19:45:50.3274896Z 
2025-09-22T19:45:50.3275890Z (C) the partner with whom Google offered certain parts of Google TV Add-on (such as APIs) to you has terminated its relationship with Google or ceased to offer certain parts of the Google TV Add-on to you; or
2025-09-22T19:45:50.3277011Z 
2025-09-22T19:45:50.3278767Z (D) Google decides to no longer providing the Google TV Add-on or certain parts of the Google TV Add-on to users in the country in which you are resident or from which you use the service, or the provision of the Google TV Add-on or certain Google TV Add-on services to you by Google is, in Google's sole discretion, no longer commercially viable.
2025-09-22T19:45:50.3280485Z 
2025-09-22T19:45:50.3282639Z 9.4 When this License Agreement comes to an end, all of the legal rights, obligations and liabilities that you and Google have benefited from, been subject to (or which have accrued over time whilst this License Agreement has been in force) or which are expressed to continue indefinitely, shall be unaffected by this cessation, and the provisions of paragraph 14.7 shall continue to apply to such rights, obligations and liabilities indefinitely.
2025-09-22T19:45:50.3284914Z 
2025-09-22T19:45:50.3285071Z 10. DISCLAIMER OF WARRANTIES
2025-09-22T19:45:50.3285323Z 
2025-09-22T19:45:50.3286240Z 10.1 YOU EXPRESSLY UNDERSTAND AND AGREE THAT YOUR USE OF THE GOOGLE TV ADD-ON IS AT YOUR SOLE RISK AND THAT THE GOOGLE TV ADD-ON IS PROVIDED "AS IS" AND "AS AVAILABLE" WITHOUT WARRANTY OF ANY KIND FROM GOOGLE.
2025-09-22T19:45:50.3287462Z 
2025-09-22T19:45:50.3288805Z 10.2 YOUR USE OF THE GOOGLE TV ADD-ON AND ANY MATERIAL DOWNLOADED OR OTHERWISE OBTAINED THROUGH THE USE OF THE GOOGLE TV ADD-ON IS AT YOUR OWN DISCRETION AND RISK AND YOU ARE SOLELY RESPONSIBLE FOR ANY DAMAGE TO YOUR COMPUTER SYSTEM OR OTHER DEVICE OR LOSS OF DATA THAT RESULTS FROM SUCH USE.
2025-09-22T19:45:50.3290389Z 
2025-09-22T19:45:50.3291812Z 10.3 GOOGLE FURTHER EXPRESSLY DISCLAIMS ALL WARRANTIES AND CONDITIONS OF ANY KIND, WHETHER EXPRESS OR IMPLIED, INCLUDING, BUT NOT LIMITED TO THE IMPLIED WARRANTIES AND CONDITIONS OF MERCHANTABILITY, FITNESS FOR A PARTICULAR PURPOSE AND NON-INFRINGEMENT.
2025-09-22T19:45:50.3293499Z 
2025-09-22T19:45:50.3293648Z 11. LIMITATION OF LIABILITY
2025-09-22T19:45:50.3293898Z 
2025-09-22T19:45:50.3296153Z 11.1 YOU EXPRESSLY UNDERSTAND AND AGREE THAT GOOGLE, ITS SUBSIDIARIES AND AFFILIATES, AND ITS LICENSORS SHALL NOT BE LIABLE TO YOU UNDER ANY THEORY OF LIABILITY FOR ANY DIRECT, INDIRECT, INCIDENTAL, SPECIAL CONSEQUENTIAL OR EXEMPLARY DAMAGES THAT MAY BE INCURRED BY YOU, INCLUDING ANY LOSS OF DATA, WHETHER OR NOT GOOGLE OR ITS REPRESENTATIVES HAVE BEEN ADVISED OF OR SHOULD HAVE BEEN AWARE OF THE POSSIBILITY OF ANY SUCH LOSSES ARISING.
2025-09-22T19:45:50.3298705Z 
2025-09-22T19:45:50.3298844Z 12. Indemnification
2025-09-22T19:45:50.3299060Z 
2025-09-22T19:45:50.3303021Z 12.1 To the maximum extent permitted by law, you agree to defend, indemnify and hold harmless Google, its affiliates and their respective directors, officers, employees and agents from and against any and all claims, actions, suits or proceedings, as well as any and all losses, liabilities, damages, costs and expenses (including reasonable attorneys fees) arising out of or accruing from (a) your use of the Google TV Add-on, (b) any application you develop on the Google TV Add-on that infringes any copyright, trademark, trade secret, trade dress, patent or other intellectual property right of any person or defames any person or violates their rights of publicity or privacy, and (c) any non-compliance by you with this License Agreement.
2025-09-22T19:45:50.3306944Z 
2025-09-22T19:45:50.3307112Z 13. Changes to the License Agreement
2025-09-22T19:45:50.3307674Z 
2025-09-22T19:45:50.3308171Z 13.1 Google may make changes to the License Agreement as it distributes new versions of the Google TV Add-on.
2025-09-22T19:45:50.3308845Z 
2025-09-22T19:45:50.3308983Z 14. General Legal Terms
2025-09-22T19:45:50.3309196Z 
2025-09-22T19:45:50.3310883Z 14.1 This License Agreement constitute the whole legal agreement between you and Google and govern your use of the Google TV Add-on (excluding any services which Google may provide to you under a separate written agreement), and completely replace any prior agreements between you and Google in relation to the Google TV Add-on.
2025-09-22T19:45:50.3312693Z 
2025-09-22T19:45:50.3314239Z 14.2 You agree that if Google does not exercise or enforce any legal right or remedy which is contained in this License Agreement (or which Google has the benefit of under any applicable law), this will not be taken to be a formal waiver of Google's rights and that those rights or remedies will still be available to Google.
2025-09-22T19:45:50.3315918Z 
2025-09-22T19:45:50.3317825Z 14.3 If any court of law, having the jurisdiction to decide on this matter, rules that any provision of this License Agreement is invalid, then that provision will be removed from this License Agreement without affecting the rest of this License Agreement. The remaining provisions of this License Agreement will continue to be valid and enforceable.
2025-09-22T19:45:50.3319728Z 
2025-09-22T19:45:50.3322791Z 14.4 You acknowledge and agree that Google’s API data licensors and each member of the group of companies of which Google is the parent shall be third party beneficiaries to this License Agreement and that such other companies shall be entitled to directly enforce, and rely upon, any provision of this License Agreement that confers a benefit on (or rights in favor of) them. Other than this, no other person or company shall be third party beneficiaries to this License Agreement.
2025-09-22T19:45:50.3325335Z 
2025-09-22T19:45:50.3326840Z 14.5 EXPORT RESTRICTIONS. THE GOOGLE TV ADD-ON IS SUBJECT TO UNITED STATES EXPORT LAWS AND REGULATIONS. YOU MUST COMPLY WITH ALL DOMESTIC AND INTERNATIONAL EXPORT LAWS AND REGULATIONS THAT APPLY TO THE GOOGLE TV ADD-ON. THESE LAWS INCLUDE RESTRICTIONS ON DESTINATIONS, END USERS AND END USE.
2025-09-22T19:45:50.3328855Z 
2025-09-22T19:45:50.3330667Z 14.6 The rights granted in this License Agreement may not be assigned or transferred by either you or Google without the prior written approval of the other party. Neither you nor Google shall be permitted to delegate their responsibilities or obligations under this License Agreement without the prior written approval of the other party.
2025-09-22T19:45:50.3332605Z 
2025-09-22T19:45:50.3335537Z 14.7 This License Agreement, and your relationship with Google under this License Agreement, shall be governed by the laws of the State of California without regard to its conflict of laws provisions. You and Google agree to submit to the exclusive jurisdiction of the courts located within the county of Santa Clara, California to resolve any legal matter arising from this License Agreement. Notwithstanding this, you agree that Google shall still be allowed to apply for injunctive remedies (or an equivalent type of urgent legal relief) in any jurisdiction.
2025-09-22T19:45:50.3338742Z 
2025-09-22T19:45:50.3338749Z 
2025-09-22T19:45:50.3338936Z August 15, 2011
2025-09-22T19:45:50.3339265Z ---------------------------------------
2025-09-22T19:45:50.3339849Z Accept? (y/N): 
2025-09-22T19:45:50.3340203Z 2/6: License android-googlexr-license:
2025-09-22T19:45:50.3340816Z ---------------------------------------
2025-09-22T19:45:50.3342411Z To get started with the Android XR Emulator System Image SDK, you must agree to the following terms and conditions. As described below, please note that this is a preview, emulated version of the Android XR OS, subject to change, that you use at your own risk.
2025-09-22T19:45:50.3343874Z 
2025-09-22T19:45:50.3344148Z This is the Android XR Emulator System Image SDK License Agreement
2025-09-22T19:45:50.3344574Z 
2025-09-22T19:45:50.3344696Z 1. Introduction
2025-09-22T19:45:50.3344889Z 
2025-09-22T19:45:50.3347131Z 1.1 The Android Android XR Emulator System Image SDK (referred to in the License Agreement as the "SDK" and specifically including the Android system files,, packaged APIs, library files (if and when they are made available), and Google applications and APIs add-ons) is licensed to you subject to the terms of the License Agreement. The License Agreement forms a legally binding contract between you and Google in relation to your use of the SDK.
2025-09-22T19:45:50.3349732Z 
2025-09-22T19:45:50.3350824Z 1.2 "Android" means the Android software stack for devices, as made available under the Android Open Source Project, which is located at the following URL: https://source.android.com/, as updated from time to time.
2025-09-22T19:45:50.3352021Z 
2025-09-22T19:45:50.3353033Z 1.3 "Google" means Google LLC, organized under the laws of the State of Delaware, USA, and operating under the laws of the USA with principal place of business at 1600 Amphitheatre Parkway, Mountain View, CA 94043, USA.
2025-09-22T19:45:50.3354061Z 
2025-09-22T19:45:50.3354207Z 2. Accepting this License Agreement
2025-09-22T19:45:50.3354485Z 
2025-09-22T19:45:50.3355075Z 2.1 In order to use the SDK, you must first agree to the License Agreement. You may not use the SDK if you do not accept the License Agreement.
2025-09-22T19:45:50.3355821Z 
2025-09-22T19:45:50.3356260Z 2.2 By clicking to accept and/or using this SDK, you hereby agree to the terms of the License Agreement.
2025-09-22T19:45:50.3356849Z 
2025-09-22T19:45:50.3358209Z 2.3 You may not use the SDK and may not accept the License Agreement if you are a person barred from receiving the SDK under the laws of the United States or other countries, including the country in which you are resident or from which you use the SDK.
2025-09-22T19:45:50.3359371Z 
2025-09-22T19:45:50.3360395Z 2.4 If you are agreeing to be bound by the License Agreement on behalf of your employer or other entity, you represent and warrant that you have full legal authority to bind your employer or such entity to the License Agreement. If you do not have the requisite authority, you may not accept the License Agreement or use the SDK on behalf of your employer or other entity.
2025-09-22T19:45:50.3361719Z 
2025-09-22T19:45:50.3361814Z 3. SDK License from Google
2025-09-22T19:45:50.3361961Z 
2025-09-22T19:45:50.3362624Z 3.1 Subject to the terms of the License Agreement, Google grants you a limited, worldwide, royalty-free, non-assignable, non-exclusive, and non-sublicensable license to use the SDK solely to develop applications for Android XR.
2025-09-22T19:45:50.3363352Z 
2025-09-22T19:45:50.3363949Z 3.2 You may not use this SDK to develop applications for other platforms or to develop another SDK. You are of course free to develop applications for other platforms provided that this SDK is not used for that purpose.
2025-09-22T19:45:50.3364629Z 
2025-09-22T19:45:50.3365719Z 3.3 You agree that Google or third parties own all legal right, title and interest in and to the SDK, including any Intellectual Property Rights that subsist in the SDK. "Intellectual Property Rights" means any and all rights under patent law, copyright law, trade secret law, trademark law, and any and all other proprietary rights. Google reserves all rights not expressly granted to you.
2025-09-22T19:45:50.3366887Z 
2025-09-22T19:45:50.3368859Z 3.4 You may not use the SDK for any purpose not expressly permitted by the License Agreement. Except to the extent required by applicable third party licenses, you may not (a) copy (except for backup purposes), modify, adapt, redistribute, decompile, reverse engineer, disassemble, or create derivative works of the SDK or any part of the SDK; or (b) load any part of the SDK onto a mobile handset or any other hardware device except a personal computer, combine any part of the SDK with other software, or distribute any software or device incorporating a part of the SDK.
2025-09-22T19:45:50.3370533Z 
2025-09-22T19:45:50.3371719Z 3.5 Use, reproduction and distribution of components of the SDK licensed under an open source software license are governed solely by the terms of that open source software license and not the License Agreement. You agree to remain a licensee in good standing in regard to such open source software licenses under all the rights granted and to refrain from any actions that may terminate, suspend, or breach such rights.
2025-09-22T19:45:50.3372969Z 
2025-09-22T19:45:50.3374135Z 3.6 You agree that the form and nature of the SDK that Google provides may change without prior notice to you and that future versions of the SDK may be incompatible with applications developed on previous versions of the SDK. You agree that Google may stop (permanently or temporarily) providing the SDK (or any features within the SDK) to you or to users generally at Google's sole discretion, without prior notice to you.
2025-09-22T19:45:50.3375366Z 
2025-09-22T19:45:50.3375829Z 3.7 Nothing in the License Agreement gives you a right to use any of Google's trade names, trademarks, service marks, logos, domain names, or other distinctive brand features.
2025-09-22T19:45:50.3376368Z 
2025-09-22T19:45:50.3376884Z 3.8 You agree that you will not remove, obscure, or alter any proprietary rights notices (including copyright and trademark notices) that may be affixed to or contained within the SDK.
2025-09-22T19:45:50.3377653Z 
2025-09-22T19:45:50.3377744Z 4. Use of the SDK by You
2025-09-22T19:45:50.3377888Z 
2025-09-22T19:45:50.3378632Z 4.1 Google agrees that it obtains no right, title or interest from you (or your licensors) under the License Agreement in or to any software applications that you develop using the SDK, including any intellectual property rights that subsist in those applications.
2025-09-22T19:45:50.3379442Z 
2025-09-22T19:45:50.3380426Z 4.2 You agree to use the SDK and write applications only for purposes that are permitted by (a) the License Agreement and (b) any applicable law, regulation or generally accepted practices or guidelines in the relevant jurisdictions (including any laws regarding the export of data or software to and from the United States or other relevant countries).
2025-09-22T19:45:50.3381501Z 
2025-09-22T19:45:50.3383741Z 4.3 You agree that if you use the SDK to develop applications for general public users, you will protect the privacy and legal rights of those users. If the users provide you with user names, passwords, or other login information or personal information, you must make the users aware that the information will be available to your application, and you must provide legally adequate privacy notice and protection for those users. If your application stores personal or sensitive information provided by users, it must do so securely. If the user provides your application with Google Account information, your application may only use that information to access the user's Google Account when, and for the limited purposes for which, the user has given you permission to do so.
2025-09-22T19:45:50.3386195Z 
2025-09-22T19:45:50.3387201Z 4.4 You agree that you will not engage in any activity with the SDK, including the development or distribution of an application, that interferes with, disrupts, damages, or accesses in an unauthorized manner the servers, networks, or other properties or services of any third party including, but not limited to, Google or any mobile communications carrier.
2025-09-22T19:45:50.3388438Z 
2025-09-22T19:45:50.3389503Z 4.5 You agree that you are solely responsible for (and that Google has no responsibility to you or to any third party for) any data, content, or resources that you create, transmit or display through Android and/or applications for Android, and for the consequences of your actions (including any loss or damage which Google may suffer) by doing so.
2025-09-22T19:45:50.3390546Z 
2025-09-22T19:45:50.3391628Z 4.6 You agree that you are solely responsible for (and that Google has no responsibility to you or to any third party for) any breach of your obligations under the License Agreement, any applicable third party contract or Terms of Service, or any applicable law or regulation, and for the consequences (including any loss or damage which Google or any third party may suffer) of any such breach.
2025-09-22T19:45:50.3392882Z 
2025-09-22T19:45:50.3393709Z 4.7 The SDK is in development, and your testing and feedback are an important part of the development process. By using the SDK, you acknowledge that implementation of some features are still under development and that you should not rely on the SDK having the full functionality of a stable release.
2025-09-22T19:45:50.3394610Z 
2025-09-22T19:45:50.3394712Z 5. Your Developer Credentials
2025-09-22T19:45:50.3394870Z 
2025-09-22T19:45:50.3395661Z 5.1 You agree that you are responsible for maintaining the confidentiality of any developer credentials that may be issued to you by Google or which you may choose yourself and that you will be solely responsible for all applications that are developed under your developer credentials.
2025-09-22T19:45:50.3396542Z 
2025-09-22T19:45:50.3396633Z 6. Privacy and Information
2025-09-22T19:45:50.3396779Z 
2025-09-22T19:45:50.3398285Z 6.1 In order to continually innovate and improve the SDK, Google may collect certain usage statistics from the software including but not limited to a unique identifier, associated IP address, version number of the software, and information on which tools and/or services in the SDK are being used and how they are being used. Before any of this information is collected, the SDK will notify you and seek your consent. If you withhold consent, the information will not be collected.
2025-09-22T19:45:50.3399704Z 
2025-09-22T19:45:50.3400316Z 6.2 The data collected is examined in the aggregate to improve the SDK and is maintained in accordance with Google's Privacy Policy, which is located at the following URL: https://policies.google.com/privacy
2025-09-22T19:45:50.3400972Z 
2025-09-22T19:45:50.3401233Z 6.3 Anonymized and aggregated sets of the data may be shared with Google partners to improve the SDK.
2025-09-22T19:45:50.3401588Z 
2025-09-22T19:45:50.3401683Z 7. Third Party Applications
2025-09-22T19:45:50.3401839Z 
2025-09-22T19:45:50.3403501Z 7.1 If you use the SDK to run applications developed by a third party or that access data, content or resources provided by a third party, you agree that Google is not responsible for those applications, data, content, or resources. You understand that all data, content or resources which you may access through such third party applications are the sole responsibility of the person from which they originated and that Google is not liable for any loss or damage that you may experience as a result of the use or access of any of those third party applications, data, content, or resources.
2025-09-22T19:45:50.3405324Z 
2025-09-22T19:45:50.3406694Z 7.2 You should be aware that the data, content, and resources presented to you through such a third party application may be protected by intellectual property rights which are owned by the providers (or by other persons or companies on their behalf). You may not modify, rent, lease, loan, sell, distribute or create derivative works based on these data, content, or resources (either in whole or in part) unless you have been specifically given permission to do so by the relevant owners.
2025-09-22T19:45:50.3408370Z 
2025-09-22T19:45:50.3409231Z 7.3 You acknowledge that your use of such third party applications, data, content, or resources may be subject to separate terms between you and the relevant third party. In that case, the License Agreement does not affect your legal relationship with these third parties.
2025-09-22T19:45:50.3410071Z 
2025-09-22T19:45:50.3410159Z 8. Using Android APIs
2025-09-22T19:45:50.3410294Z 
2025-09-22T19:45:50.3410382Z 8.1 Google Data APIs
2025-09-22T19:45:50.3410517Z 
2025-09-22T19:45:50.3411874Z 8.1.1 If you use any API to retrieve data from Google, you acknowledge that the data may be protected by intellectual property rights which are owned by Google or those parties that provide the data (or by other persons or companies on their behalf). Your use of any such API may be subject to additional Terms of Service. You may not modify, rent, lease, loan, sell, distribute or create derivative works based on this data (either in whole or in part) unless allowed by the relevant Terms of Service.
2025-09-22T19:45:50.3413316Z 
2025-09-22T19:45:50.3415753Z 8.1.2 If you use any API to retrieve a user's data from Google, you acknowledge and agree that you shall retrieve data only with the user's explicit consent and only when, and for the limited purposes for which, the user has given you permission to do so. If you use the Android Recognition Service API, documented at the following URL: https://developer.android.com/reference/android/speech/RecognitionService, as updated from time to time, you acknowledge that the use of the API is subject to the Data Processing Addendum for Products where Google is a Data Processor, which is located at the following URL: https://privacy.google.com/businesses/gdprprocessorterms/, as updated from time to time. By clicking to accept, you hereby agree to the terms of the Data Processing Addendum for Products where Google is a Data Processor.
2025-09-22T19:45:50.3418377Z 
2025-09-22T19:45:50.3418489Z 9. Terminating this License Agreement
2025-09-22T19:45:50.3418682Z 
2025-09-22T19:45:50.3418976Z 9.1 The License Agreement will continue to apply until terminated by either you or Google as set out below.
2025-09-22T19:45:50.3419349Z 
2025-09-22T19:45:50.3419699Z 9.2 If you want to terminate the License Agreement, you may do so by ceasing your use of the SDK and any relevant developer credentials.
2025-09-22T19:45:50.3420120Z 
2025-09-22T19:45:50.3421839Z 9.3 Google may at any time, terminate the License Agreement with you if: (A) you have breached any provision of the License Agreement; or (B) Google is required to do so by law; or (C) the partner with whom Google offered certain parts of SDK (such as APIs) to you has terminated its relationship with Google or ceased to offer certain parts of the SDK to you; or (D) Google decides to no longer provide the SDK or certain parts of the SDK to users in the country in which you are resident or from which you use the service, or the provision of the SDK or certain SDK services to you by Google is, in Google's sole discretion, no longer commercially viable.
2025-09-22T19:45:50.3423747Z 
2025-09-22T19:45:50.3425002Z 9.4 When the License Agreement comes to an end, all of the legal rights, obligations and liabilities that you and Google have benefited from, been subject to (or which have accrued over time whilst the License Agreement has been in force) or which are expressed to continue indefinitely, shall be unaffected by this cessation, and the provisions of paragraph 14.7 shall continue to apply to such rights, obligations and liabilities indefinitely.
2025-09-22T19:45:50.3426314Z 
2025-09-22T19:45:50.3426407Z 10. DISCLAIMER OF WARRANTIES
2025-09-22T19:45:50.3426566Z 
2025-09-22T19:45:50.3427018Z 10.1 YOU EXPRESSLY UNDERSTAND AND AGREE THAT YOUR USE OF THE SDK IS AT YOUR SOLE RISK AND THAT THE SDK IS PROVIDED "AS IS" AND "AS AVAILABLE" WITHOUT WARRANTY OF ANY KIND FROM GOOGLE.
2025-09-22T19:45:50.3427710Z 
2025-09-22T19:45:50.3428417Z 10.2 YOUR USE OF THE SDK AND ANY MATERIAL DOWNLOADED OR OTHERWISE OBTAINED THROUGH THE USE OF THE SDK IS AT YOUR OWN DISCRETION AND RISK AND YOU ARE SOLELY RESPONSIBLE FOR ANY DAMAGE TO YOUR COMPUTER SYSTEM OR OTHER DEVICE OR LOSS OF DATA THAT RESULTS FROM SUCH USE.
2025-09-22T19:45:50.3429202Z 
2025-09-22T19:45:50.3430043Z 10.3 GOOGLE FURTHER EXPRESSLY DISCLAIMS ALL WARRANTIES AND CONDITIONS OF ANY KIND, WHETHER EXPRESS OR IMPLIED, INCLUDING, BUT NOT LIMITED TO THE IMPLIED WARRANTIES AND CONDITIONS OF MERCHANTABILITY, FITNESS FOR A PARTICULAR PURPOSE AND NON-INFRINGEMENT.
2025-09-22T19:45:50.3430860Z 
2025-09-22T19:45:50.3430953Z 11. LIMITATION OF LIABILITY
2025-09-22T19:45:50.3431099Z 
2025-09-22T19:45:50.3432328Z 11.1 YOU EXPRESSLY UNDERSTAND AND AGREE THAT GOOGLE, ITS SUBSIDIARIES AND AFFILIATES, AND ITS LICENSORS SHALL NOT BE LIABLE TO YOU UNDER ANY THEORY OF LIABILITY FOR ANY DIRECT, INDIRECT, INCIDENTAL, SPECIAL, CONSEQUENTIAL OR EXEMPLARY DAMAGES THAT MAY BE INCURRED BY YOU, INCLUDING ANY LOSS OF DATA, WHETHER OR NOT GOOGLE OR ITS REPRESENTATIVES HAVE BEEN ADVISED OF OR SHOULD HAVE BEEN AWARE OF THE POSSIBILITY OF ANY SUCH LOSSES ARISING.
2025-09-22T19:45:50.3433623Z 
2025-09-22T19:45:50.3433710Z 12. Indemnification
2025-09-22T19:45:50.3433833Z 
2025-09-22T19:45:50.3435862Z 12.1 To the maximum extent permitted by law, you agree to defend, indemnify and hold harmless Google, its affiliates and their respective directors, officers, employees and agents from and against any and all claims, actions, suits or proceedings, as well as any and all losses, liabilities, damages, costs and expenses (including reasonable attorneys fees) arising out of or accruing from (a) your use of the SDK, (b) any application you develop on the SDK that infringes any copyright, trademark, trade secret, trade dress, patent or other intellectual property right of any person or defames any person or violates their rights of publicity or privacy, and (c) any non-compliance by you with the License Agreement.
2025-09-22T19:45:50.3438080Z 
2025-09-22T19:45:50.3438187Z 13. Changes to the License Agreement
2025-09-22T19:45:50.3438367Z 
2025-09-22T19:45:50.3439011Z 13.1 Google may make changes to the License Agreement as it distributes new versions of the SDK. When these changes are made, Google will make a new version of the License Agreement available on the website where the SDK is made available.
2025-09-22T19:45:50.3439728Z 
2025-09-22T19:45:50.3439820Z 14. General Legal Terms
2025-09-22T19:45:50.3439952Z 
2025-09-22T19:45:50.3440810Z 14.1 The License Agreement constitutes the whole legal agreement between you and Google and governs your use of the SDK (excluding any services which Google may provide to you under a separate written agreement), and completely replaces any prior agreements between you and Google in relation to the SDK.
2025-09-22T19:45:50.3441748Z 
2025-09-22T19:45:50.3442633Z 14.2 You agree that if Google does not exercise or enforce any legal right or remedy which is contained in the License Agreement (or which Google has the benefit of under any applicable law), this will not be taken to be a formal waiver of Google's rights and that those rights or remedies will still be available to Google.
2025-09-22T19:45:50.3443695Z 
2025-09-22T19:45:50.3444658Z 14.3 If any court of law, having the jurisdiction to decide on this matter, rules that any provision of the License Agreement is invalid, then that provision will be removed from the License Agreement without affecting the rest of the License Agreement. The remaining provisions of the License Agreement will continue to be valid and enforceable.
2025-09-22T19:45:50.3445699Z 
2025-09-22T19:45:50.3446930Z 14.4 You acknowledge and agree that each member of the group of companies of which Google is the parent shall be third party beneficiaries to the License Agreement and that such other companies shall be entitled to directly enforce, and rely upon, any provision of the License Agreement that confers a benefit on (or rights in favor of) them. Other than this, no other person or company shall be third party beneficiaries to the License Agreement.
2025-09-22T19:45:50.3448432Z 
2025-09-22T19:45:50.3449300Z 14.5 EXPORT RESTRICTIONS. THE SDK IS SUBJECT TO UNITED STATES EXPORT LAWS AND REGULATIONS. YOU MUST COMPLY WITH ALL DOMESTIC AND INTERNATIONAL EXPORT LAWS AND REGULATIONS THAT APPLY TO THE SDK. THESE LAWS INCLUDE RESTRICTIONS ON DESTINATIONS, END USERS AND END USE.
2025-09-22T19:45:50.3450132Z 
2025-09-22T19:45:50.3451098Z 14.6 The rights granted in the License Agreement may not be assigned or transferred by either you or Google without the prior written approval of the other party. Neither you nor Google shall be permitted to delegate their responsibilities or obligations under the License Agreement without the prior written approval of the other party.
2025-09-22T19:45:50.3452140Z 
2025-09-22T19:45:50.3453732Z 14.7 The License Agreement, and your relationship with Google under the License Agreement, shall be governed by the laws of the State of California without regard to its conflict of laws provisions. You and Google agree to submit to the exclusive jurisdiction of the courts located within the county of Santa Clara, California to resolve any legal matter arising from the License Agreement. Notwithstanding this, you agree that Google shall still be allowed to apply for injunctive remedies (or an equivalent type of urgent legal relief) in any jurisdiction.
2025-09-22T19:45:50.3455481Z ---------------------------------------
2025-09-22T19:45:50.3455739Z Accept? (y/N): 
2025-09-22T19:45:50.3455964Z 3/6: License android-sdk-arm-dbt-license:
2025-09-22T19:45:50.3456247Z ---------------------------------------
2025-09-22T19:45:50.3456488Z Terms and Conditions
2025-09-22T19:45:50.3456625Z 
2025-09-22T19:45:50.3456779Z This is the Android Software Development Kit License Agreement
2025-09-22T19:45:50.3457019Z 
2025-09-22T19:45:50.3457103Z 1. Introduction
2025-09-22T19:45:50.3457216Z 
2025-09-22T19:45:50.3458445Z 1.1 The Android Software Development Kit (referred to in the License Agreement as the "SDK" and specifically including the Android system files, packaged APIs, and Google APIs add-ons) is licensed to you subject to the terms of the License Agreement. The License Agreement forms a legally binding contract between you and Google in relation to your use of the SDK.
2025-09-22T19:45:50.3459565Z 
2025-09-22T19:45:50.3460162Z 1.2 "Android" means the Android software stack for devices, as made available under the Android Open Source Project, which is located at the following URL: http://source.android.com/, as updated from time to time.
2025-09-22T19:45:50.3460826Z 
2025-09-22T19:45:50.3461826Z 1.3 A "compatible implementation" means any Android device that (i) complies with the Android Compatibility Definition document, which can be found at the Android compatibility website (http://source.android.com/compatibility) and which may be updated from time to time; and (ii) successfully passes the Android Compatibility Test Suite (CTS).
2025-09-22T19:45:50.3462894Z 
2025-09-22T19:45:50.3463326Z 1.4 "Google" means Google Inc., a Delaware corporation with principal place of business at 1600 Amphitheatre Parkway, Mountain View, CA 94043, United States.
2025-09-22T19:45:50.3463972Z 
2025-09-22T19:45:50.3463976Z 
2025-09-22T19:45:50.3464075Z 2. Accepting the License Agreement
2025-09-22T19:45:50.3464251Z 
2025-09-22T19:45:50.3464601Z 2.1 In order to use the SDK, you must first agree to the License Agreement. You may not use the SDK if you do not accept the License Agreement.
2025-09-22T19:45:50.3465028Z 
2025-09-22T19:45:50.3465229Z 2.2 By clicking to accept, you hereby agree to the terms of the License Agreement.
2025-09-22T19:45:50.3465512Z 
2025-09-22T19:45:50.3466172Z 2.3 You may not use the SDK and may not accept the License Agreement if you are a person barred from receiving the SDK under the laws of the United States or other countries, including the country in which you are resident or from which you use the SDK.
2025-09-22T19:45:50.3466921Z 
2025-09-22T19:45:50.3468082Z 2.4 If you are agreeing to be bound by the License Agreement on behalf of your employer or other entity, you represent and warrant that you have full legal authority to bind your employer or such entity to the License Agreement. If you do not have the requisite authority, you may not accept the License Agreement or use the SDK on behalf of your employer or other entity.
2025-09-22T19:45:50.3470790Z 
2025-09-22T19:45:50.3470815Z 
2025-09-22T19:45:50.3470971Z 3. SDK License from Google
2025-09-22T19:45:50.3471213Z 
2025-09-22T19:45:50.3472495Z 3.1 Subject to the terms of the License Agreement, Google grants you a limited, worldwide, royalty-free, non-assignable, non-exclusive, and non-sublicensable license to use the SDK solely to develop applications for compatible implementations of Android.
2025-09-22T19:45:50.3473918Z 
2025-09-22T19:45:50.3475627Z 3.2 You may not use this SDK to develop applications for other platforms (including non-compatible implementations of Android) or to develop another SDK. You are of course free to develop applications for other platforms, including non-compatible implementations of Android, provided that this SDK is not used for that purpose.
2025-09-22T19:45:50.3477671Z 
2025-09-22T19:45:50.3479611Z 3.3 You agree that Google or third parties own all legal right, title and interest in and to the SDK, including any Intellectual Property Rights that subsist in the SDK. "Intellectual Property Rights" means any and all rights under patent law, copyright law, trade secret law, trademark law, and any and all other proprietary rights. Google reserves all rights not expressly granted to you.
2025-09-22T19:45:50.3481745Z 
2025-09-22T19:45:50.3483455Z 3.4 You may not use the SDK for any purpose not expressly permitted by the License Agreement. Except to the extent required by applicable third party licenses, you may not copy (except for backup purposes), modify, adapt, redistribute, decompile, reverse engineer, disassemble, or create derivative works of the SDK or any part of the SDK.
2025-09-22T19:45:50.3485242Z 
2025-09-22T19:45:50.3486249Z 3.5 Use, reproduction and distribution of components of the SDK licensed under an open source software license are governed solely by the terms of that open source software license and not the License Agreement.
2025-09-22T19:45:50.3487534Z 
2025-09-22T19:45:50.3489638Z 3.6 You agree that the form and nature of the SDK that Google provides may change without prior notice to you and that future versions of the SDK may be incompatible with applications developed on previous versions of the SDK. You agree that Google may stop (permanently or temporarily) providing the SDK (or any features within the SDK) to you or to users generally at Google's sole discretion, without prior notice to you.
2025-09-22T19:45:50.3491903Z 
2025-09-22T19:45:50.3492721Z 3.7 Nothing in the License Agreement gives you a right to use any of Google's trade names, trademarks, service marks, logos, domain names, or other distinctive brand features.
2025-09-22T19:45:50.3493711Z 
2025-09-22T19:45:50.3494619Z 3.8 You agree that you will not remove, obscure, or alter any proprietary rights notices (including copyright and trademark notices) that may be affixed to or contained within the SDK.
2025-09-22T19:45:50.3495833Z 
2025-09-22T19:45:50.3495840Z 
2025-09-22T19:45:50.3495982Z 4. Use of the SDK by You
2025-09-22T19:45:50.3496208Z 
2025-09-22T19:45:50.3497669Z 4.1 Google agrees that it obtains no right, title or interest from you (or your licensors) under the License Agreement in or to any software applications that you develop using the SDK, including any intellectual property rights that subsist in those applications.
2025-09-22T19:45:50.3499131Z 
2025-09-22T19:45:50.3500916Z 4.2 You agree to use the SDK and write applications only for purposes that are permitted by (a) the License Agreement and (b) any applicable law, regulation or generally accepted practices or guidelines in the relevant jurisdictions (including any laws regarding the export of data or software to and from the United States or other relevant countries).
2025-09-22T19:45:50.3502843Z 
2025-09-22T19:45:50.3507100Z 4.3 You agree that if you use the SDK to develop applications for general public users, you will protect the privacy and legal rights of those users. If the users provide you with user names, passwords, or other login information or personal information, you must make the users aware that the information will be available to your application, and you must provide legally adequate privacy notice and protection for those users. If your application stores personal or sensitive information provided by users, it must do so securely. If the user provides your application with Google Account information, your application may only use that information to access the user's Google Account when, and for the limited purposes for which, the user has given you permission to do so.
2025-09-22T19:45:50.3511429Z 
2025-09-22T19:45:50.3513238Z 4.4 You agree that you will not engage in any activity with the SDK, including the development or distribution of an application, that interferes with, disrupts, damages, or accesses in an unauthorized manner the servers, networks, or other properties or services of any third party including, but not limited to, Google or any mobile communications carrier.
2025-09-22T19:45:50.3515196Z 
2025-09-22T19:45:50.3516935Z 4.5 You agree that you are solely responsible for (and that Google has no responsibility to you or to any third party for) any data, content, or resources that you create, transmit or display through Android and/or applications for Android, and for the consequences of your actions (including any loss or damage which Google may suffer) by doing so.
2025-09-22T19:45:50.3518880Z 
2025-09-22T19:45:50.3520954Z 4.6 You agree that you are solely responsible for (and that Google has no responsibility to you or to any third party for) any breach of your obligations under the License Agreement, any applicable third party contract or Terms of Service, or any applicable law or regulation, and for the consequences (including any loss or damage which Google or any third party may suffer) of any such breach.
2025-09-22T19:45:50.3523053Z 
2025-09-22T19:45:50.3525562Z 4.7 This software enables the execution of intellectual property owned by Arm Limited. You agree that your use of the software, that allows execution of ARM Instruction Set Architecture (“ISA”) compliant executables for application development and debug only on x86 desktop, laptop, customer on-premise servers, and customer-procured cloud-based environments.
2025-09-22T19:45:50.3527717Z 
2025-09-22T19:45:50.3527865Z 5. Your Developer Credentials
2025-09-22T19:45:50.3528124Z 
2025-09-22T19:45:50.3529575Z 5.1 You agree that you are responsible for maintaining the confidentiality of any developer credentials that may be issued to you by Google or which you may choose yourself and that you will be solely responsible for all applications that are developed under your developer credentials.
2025-09-22T19:45:50.3531127Z 
2025-09-22T19:45:50.3531271Z 6. Privacy and Information
2025-09-22T19:45:50.3531497Z 
2025-09-22T19:45:50.3534129Z 6.1 In order to continually innovate and improve the SDK, Google may collect certain usage statistics from the software including but not limited to a unique identifier, associated IP address, version number of the software, and information on which tools and/or services in the SDK are being used and how they are being used. Before any of this information is collected, the SDK will notify you and seek your consent. If you withhold consent, the information will not be collected.
2025-09-22T19:45:50.3536669Z 
2025-09-22T19:45:50.3537417Z 6.2 The data collected is examined in the aggregate to improve the SDK and is maintained in accordance with Google's Privacy Policy.
2025-09-22T19:45:50.3538187Z 
2025-09-22T19:45:50.3538193Z 
2025-09-22T19:45:50.3538337Z 7. Third Party Applications
2025-09-22T19:45:50.3538575Z 
2025-09-22T19:45:50.3541697Z 7.1 If you use the SDK to run applications developed by a third party or that access data, content or resources provided by a third party, you agree that Google is not responsible for those applications, data, content, or resources. You understand that all data, content or resources which you may access through such third party applications are the sole responsibility of the person from which they originated and that Google is not liable for any loss or damage that you may experience as a result of the use or access of any of those third party applications, data, content, or resources.
2025-09-22T19:45:50.3544911Z 
2025-09-22T19:45:50.3547473Z 7.2 You should be aware the data, content, and resources presented to you through such a third party application may be protected by intellectual property rights which are owned by the providers (or by other persons or companies on their behalf). You may not modify, rent, lease, loan, sell, distribute or create derivative works based on these data, content, or resources (either in whole or in part) unless you have been specifically given permission to do so by the relevant owners.
2025-09-22T19:45:50.3550073Z 
2025-09-22T19:45:50.3551433Z 7.3 You acknowledge that your use of such third party applications, data, content, or resources may be subject to separate terms between you and the relevant third party. In that case, the License Agreement does not affect your legal relationship with these third parties.
2025-09-22T19:45:50.3552925Z 
2025-09-22T19:45:50.3552937Z 
2025-09-22T19:45:50.3553066Z 8. Using Android APIs
2025-09-22T19:45:50.3553283Z 
2025-09-22T19:45:50.3553405Z 8.1 Google Data APIs
2025-09-22T19:45:50.3553607Z 
2025-09-22T19:45:50.3556045Z 8.1.1 If you use any API to retrieve data from Google, you acknowledge that the data may be protected by intellectual property rights which are owned by Google or those parties that provide the data (or by other persons or companies on their behalf). Your use of any such API may be subject to additional Terms of Service. You may not modify, rent, lease, loan, sell, distribute or create derivative works based on this data (either in whole or in part) unless allowed by the relevant Terms of Service.
2025-09-22T19:45:50.3558757Z 
2025-09-22T19:45:50.3563137Z 8.1.2 If you use any API to retrieve a user's data from Google, you acknowledge and agree that you shall retrieve data only with the user's explicit consent and only when, and for the limited purposes for which, the user has given you permission to do so. If you use the Android Recognition Service API, documented at the following URL: https://developer.android.com/reference/android/speech/RecognitionService, as updated from time to time, you acknowledge that the use of the API is subject to the Data Processing Addendum for Products where Google is a Data Processor, which is located at the following URL: https://privacy.google.com/businesses/gdprprocessorterms/, as updated from time to time. By clicking to accept, you hereby agree to the terms of the Data Processing Addendum for Products where Google is a Data Processor.
2025-09-22T19:45:50.3567767Z 
2025-09-22T19:45:50.3567773Z 
2025-09-22T19:45:50.3567937Z 9. Terminating the License Agreement
2025-09-22T19:45:50.3568375Z 
2025-09-22T19:45:50.3568870Z 9.1 The License Agreement will continue to apply until terminated by either you or Google as set out below.
2025-09-22T19:45:50.3569501Z 
2025-09-22T19:45:50.3570072Z 9.2 If you want to terminate the License Agreement, you may do so by ceasing your use of the SDK and any relevant developer credentials.
2025-09-22T19:45:50.3570836Z 
2025-09-22T19:45:50.3573804Z 9.3 Google may at any time, terminate the License Agreement with you if: (A) you have breached any provision of the License Agreement; or (B) Google is required to do so by law; or (C) the partner with whom Google offered certain parts of SDK (such as APIs) to you has terminated its relationship with Google or ceased to offer certain parts of the SDK to you; or (D) Google decides to no longer provide the SDK or certain parts of the SDK to users in the country in which you are resident or from which you use the service, or the provision of the SDK or certain SDK services to you by Google is, in Google's sole discretion, no longer commercially viable.
2025-09-22T19:45:50.3576995Z 
2025-09-22T19:45:50.3579598Z 9.4 When the License Agreement comes to an end, all of the legal rights, obligations and liabilities that you and Google have benefited from, been subject to (or which have accrued over time whilst the License Agreement has been in force) or which are expressed to continue indefinitely, shall be unaffected by this cessation, and the provisions of paragraph 14.7 shall continue to apply to such rights, obligations and liabilities indefinitely.
2025-09-22T19:45:50.3581988Z 
2025-09-22T19:45:50.3581995Z 
2025-09-22T19:45:50.3582138Z 10. DISCLAIMER OF WARRANTIES
2025-09-22T19:45:50.3582386Z 
2025-09-22T19:45:50.3583182Z 10.1 YOU EXPRESSLY UNDERSTAND AND AGREE THAT YOUR USE OF THE SDK IS AT YOUR SOLE RISK AND THAT THE SDK IS PROVIDED "AS IS" AND "AS AVAILABLE" WITHOUT WARRANTY OF ANY KIND FROM GOOGLE.
2025-09-22T19:45:50.3584136Z 
2025-09-22T19:45:50.3585402Z 10.2 YOUR USE OF THE SDK AND ANY MATERIAL DOWNLOADED OR OTHERWISE OBTAINED THROUGH THE USE OF THE SDK IS AT YOUR OWN DISCRETION AND RISK AND YOU ARE SOLELY RESPONSIBLE FOR ANY DAMAGE TO YOUR COMPUTER SYSTEM OR OTHER DEVICE OR LOSS OF DATA THAT RESULTS FROM SUCH USE.
2025-09-22T19:45:50.3586839Z 
2025-09-22T19:45:50.3588263Z 10.3 GOOGLE FURTHER EXPRESSLY DISCLAIMS ALL WARRANTIES AND CONDITIONS OF ANY KIND, WHETHER EXPRESS OR IMPLIED, INCLUDING, BUT NOT LIMITED TO THE IMPLIED WARRANTIES AND CONDITIONS OF MERCHANTABILITY, FITNESS FOR A PARTICULAR PURPOSE AND NON-INFRINGEMENT.
2025-09-22T19:45:50.3589636Z 
2025-09-22T19:45:50.3589642Z 
2025-09-22T19:45:50.3589776Z 11. LIMITATION OF LIABILITY
2025-09-22T19:45:50.3589998Z 
2025-09-22T19:45:50.3592086Z 11.1 YOU EXPRESSLY UNDERSTAND AND AGREE THAT GOOGLE, ITS SUBSIDIARIES AND AFFILIATES, AND ITS LICENSORS SHALL NOT BE LIABLE TO YOU UNDER ANY THEORY OF LIABILITY FOR ANY DIRECT, INDIRECT, INCIDENTAL, SPECIAL, CONSEQUENTIAL OR EXEMPLARY DAMAGES THAT MAY BE INCURRED BY YOU, INCLUDING ANY LOSS OF DATA, WHETHER OR NOT GOOGLE OR ITS REPRESENTATIVES HAVE BEEN ADVISED OF OR SHOULD HAVE BEEN AWARE OF THE POSSIBILITY OF ANY SUCH LOSSES ARISING.
2025-09-22T19:45:50.3594310Z 
2025-09-22T19:45:50.3594317Z 
2025-09-22T19:45:50.3594459Z 12. Indemnification
2025-09-22T19:45:50.3594657Z 
2025-09-22T19:45:50.3596832Z 12.1 To the maximum extent permitted by law, you agree to defend, indemnify and hold harmless Google, its affiliates and their respective directors, officers, employees and agents from and against any and all claims, actions, suits or proceedings, as well as any and all losses, liabilities, damages, costs and expenses (including reasonable attorneys fees) arising out of or accruing from (a) your use of the SDK, (b) any application you develop on the SDK that infringes any copyright, trademark, trade secret, trade dress, patent or other intellectual property right of any person or defames any person or violates their rights of publicity or privacy, and (c) any non-compliance by you with the License Agreement.
2025-09-22T19:45:50.3600493Z 
2025-09-22T19:45:50.3600501Z 
2025-09-22T19:45:50.3600674Z 13. Changes to the License Agreement
2025-09-22T19:45:50.3600959Z 
2025-09-22T19:45:50.3602061Z 13.1 Google may make changes to the License Agreement as it distributes new versions of the SDK. When these changes are made, Google will make a new version of the License Agreement available on the website where the SDK is made available.
2025-09-22T19:45:50.3603364Z 
2025-09-22T19:45:50.3603373Z 
2025-09-22T19:45:50.3603534Z 14. General Legal Terms
2025-09-22T19:45:50.3603769Z 
2025-09-22T19:45:50.3605317Z 14.1 The License Agreement constitutes the whole legal agreement between you and Google and governs your use of the SDK (excluding any services which Google may provide to you under a separate written agreement), and completely replaces any prior agreements between you and Google in relation to the SDK.
2025-09-22T19:45:50.3607078Z 
2025-09-22T19:45:50.3609089Z 14.2 You agree that if Google does not exercise or enforce any legal right or remedy which is contained in the License Agreement (or which Google has the benefit of under any applicable law), this will not be taken to be a formal waiver of Google's rights and that those rights or remedies will still be available to Google.
2025-09-22T19:45:50.3610746Z 
2025-09-22T19:45:50.3612643Z 14.3 If any court of law, having the jurisdiction to decide on this matter, rules that any provision of the License Agreement is invalid, then that provision will be removed from the License Agreement without affecting the rest of the License Agreement. The remaining provisions of the License Agreement will continue to be valid and enforceable.
2025-09-22T19:45:50.3614477Z 
2025-09-22T19:45:50.3616624Z 14.4 You acknowledge and agree that each member of the group of companies of which Google is the parent shall be third party beneficiaries to the License Agreement and that such other companies shall be entitled to directly enforce, and rely upon, any provision of the License Agreement that confers a benefit on (or rights in favor of) them. Other than this, no other person or company shall be third party beneficiaries to the License Agreement.
2025-09-22T19:45:50.3619104Z 
2025-09-22T19:45:50.3620144Z 14.5 EXPORT RESTRICTIONS. THE SDK IS SUBJECT TO UNITED STATES EXPORT LAWS AND REGULATIONS. YOU MUST COMPLY WITH ALL DOMESTIC AND INTERNATIONAL EXPORT LAWS AND REGULATIONS THAT APPLY TO THE SDK. THESE LAWS INCLUDE RESTRICTIONS ON DESTINATIONS, END USERS AND END USE.
2025-09-22T19:45:50.3620979Z 
2025-09-22T19:45:50.3621950Z 14.6 The rights granted in the License Agreement may not be assigned or transferred by either you or Google without the prior written approval of the other party. Neither you nor Google shall be permitted to delegate their responsibilities or obligations under the License Agreement without the prior written approval of the other party.
2025-09-22T19:45:50.3622994Z 
2025-09-22T19:45:50.3624582Z 14.7 The License Agreement, and your relationship with Google under the License Agreement, shall be governed by the laws of the State of California without regard to its conflict of laws provisions. You and Google agree to submit to the exclusive jurisdiction of the courts located within the county of Santa Clara, California to resolve any legal matter arising from the License Agreement. Notwithstanding this, you agree that Google shall still be allowed to apply for injunctive remedies (or an equivalent type of urgent legal relief) in any jurisdiction.
2025-09-22T19:45:50.3626259Z 
2025-09-22T19:45:50.3626264Z 
2025-09-22T19:45:50.3626349Z January 16, 2019
2025-09-22T19:45:50.3626569Z ---------------------------------------
2025-09-22T19:45:50.3626825Z Accept? (y/N): 
2025-09-22T19:45:50.3627063Z 4/6: License android-sdk-preview-license:
2025-09-22T19:45:50.3627579Z ---------------------------------------
2025-09-22T19:45:50.3628996Z To get started with the Android SDK Preview, you must agree to the following terms and conditions. As described below, please note that this is a preview version of the Android SDK, subject to change, that you use at your own risk. The Android SDK Preview is not a stable release, and may contain errors and defects that can result in serious damage to your computer systems, devices and data.
2025-09-22T19:45:50.3630478Z 
2025-09-22T19:45:50.3630820Z This is the Android SDK Preview License Agreement (the "License Agreement").
2025-09-22T19:45:50.3631323Z 
2025-09-22T19:45:50.3631454Z 1. Introduction
2025-09-22T19:45:50.3631657Z 
2025-09-22T19:45:50.3634304Z 1.1 The Android SDK Preview (referred to in the License Agreement as the “Preview” and specifically including the Android system files, packaged APIs, and Preview library files, if and when they are made available) is licensed to you subject to the terms of the License Agreement. The License Agreement forms a legally binding contract between you and Google in relation to your use of the Preview.
2025-09-22T19:45:50.3636455Z 
2025-09-22T19:45:50.3637679Z 1.2 "Android" means the Android software stack for devices, as made available under the Android Open Source Project, which is located at the following URL: http://source.android.com/, as updated from time to time.
2025-09-22T19:45:50.3638962Z 
2025-09-22T19:45:50.3639943Z 1.3 "Google" means Google Inc., a Delaware corporation with principal place of business at 1600 Amphitheatre Parkway, Mountain View, CA 94043, United States.
2025-09-22T19:45:50.3640498Z 
2025-09-22T19:45:50.3640605Z 2. Accepting the License Agreement
2025-09-22T19:45:50.3640786Z 
2025-09-22T19:45:50.3641168Z 2.1 In order to use the Preview, you must first agree to the License Agreement. You may not use the Preview if you do not accept the License Agreement.
2025-09-22T19:45:50.3641631Z 
2025-09-22T19:45:50.3641904Z 2.2 By clicking to accept and/or using the Preview, you hereby agree to the terms of the License Agreement.
2025-09-22T19:45:50.3642254Z 
2025-09-22T19:45:50.3643004Z 2.3 You may not use the Preview and may not accept the License Agreement if you are a person barred from receiving the Preview under the laws of the United States or other countries including the country in which you are resident or from which you use the Preview.
2025-09-22T19:45:50.3643803Z 
2025-09-22T19:45:50.3645787Z 2.4 If you will use the Preview internally within your company or organization you agree to be bound by the License Agreement on behalf of your employer or other entity, and you represent and warrant that you have full legal authority to bind your employer or such entity to the License Agreement. If you do not have the requisite authority, you may not accept the License Agreement or use the Preview on behalf of your employer or other entity.
2025-09-22T19:45:50.3647616Z 
2025-09-22T19:45:50.3647780Z 3. Preview License from Google
2025-09-22T19:45:50.3648047Z 
2025-09-22T19:45:50.3649638Z 3.1 Subject to the terms of the License Agreement, Google grants you a royalty-free, non-assignable, non-exclusive, non-sublicensable, limited, revocable license to use the Preview, personally or internally within your company or organization, solely to develop applications to run on the Android platform.
2025-09-22T19:45:50.3651546Z 
2025-09-22T19:45:50.3653637Z 3.2 You agree that Google or third parties owns all legal right, title and interest in and to the Preview, including any Intellectual Property Rights that subsist in the Preview. "Intellectual Property Rights" means any and all rights under patent law, copyright law, trade secret law, trademark law, and any and all other proprietary rights. Google reserves all rights not expressly granted to you.
2025-09-22T19:45:50.3656446Z 
2025-09-22T19:45:50.3658985Z 3.3 You may not use the Preview for any purpose not expressly permitted by the License Agreement. Except to the extent required by applicable third party licenses, you may not: (a) copy (except for backup purposes), modify, adapt, redistribute, decompile, reverse engineer, disassemble, or create derivative works of the Preview or any part of the Preview; or (b) load any part of the Preview onto a mobile handset or any other hardware device except a personal computer, combine any part of the Preview with other software, or distribute any software or device incorporating a part of the Preview.
2025-09-22T19:45:50.3660941Z 
2025-09-22T19:45:50.3661660Z 3.4 You agree that you will not take any actions that may cause or result in the fragmentation of Android, including but not limited to distributing, participating in the creation of, or promoting in any way a software development kit derived from the Preview.
2025-09-22T19:45:50.3662453Z 
2025-09-22T19:45:50.3663727Z 3.5 Use, reproduction and distribution of components of the Preview licensed under an open source software license are governed solely by the terms of that open source software license and not the License Agreement. You agree to remain a licensee in good standing in regard to such open source software licenses under all the rights granted and to refrain from any actions that may terminate, suspend, or breach such rights.
2025-09-22T19:45:50.3664991Z 
2025-09-22T19:45:50.3666346Z 3.6 You agree that the form and nature of the Preview that Google provides may change without prior notice to you and that future versions of the Preview may be incompatible with applications developed on previous versions of the Preview. You agree that Google may stop (permanently or temporarily) providing the Preview (or any features within the Preview) to you or to users generally at Google's sole discretion, without prior notice to you.
2025-09-22T19:45:50.3667966Z 
2025-09-22T19:45:50.3668433Z 3.7 Nothing in the License Agreement gives you a right to use any of Google's trade names, trademarks, service marks, logos, domain names, or other distinctive brand features.
2025-09-22T19:45:50.3668970Z 
2025-09-22T19:45:50.3669483Z 3.8 You agree that you will not remove, obscure, or alter any proprietary rights notices (including copyright and trademark notices) that may be affixed to or contained within the Preview.
2025-09-22T19:45:50.3670084Z 
2025-09-22T19:45:50.3670179Z 4. Use of the Preview by You
2025-09-22T19:45:50.3670337Z 
2025-09-22T19:45:50.3671200Z 4.1 Google agrees that nothing in the License Agreement gives Google any right, title or interest from you (or your licensors) under the License Agreement in or to any software applications that you develop using the Preview, including any intellectual property rights that subsist in those applications.
2025-09-22T19:45:50.3672118Z 
2025-09-22T19:45:50.3673123Z 4.2 You agree to use the Preview and write applications only for purposes that are permitted by (a) the License Agreement, and (b) any applicable law, regulation or generally accepted practices or guidelines in the relevant jurisdictions (including any laws regarding the export of data or software to and from the United States or other relevant countries).
2025-09-22T19:45:50.3674198Z 
2025-09-22T19:45:50.3676284Z 4.3 You agree that if you use the Preview to develop applications, you will protect the privacy and legal rights of users. If users provide you with user names, passwords, or other login information or personal information, you must make the users aware that the information will be available to your application, and you must provide legally adequate privacy notice and protection for those users. If your application stores personal or sensitive information provided by users, it must do so securely. If users provide you with Google Account information, your application may only use that information to access the user's Google Account when, and for the limited purposes for which, each user has given you permission to do so.
2025-09-22T19:45:50.3678590Z 
2025-09-22T19:45:50.3679414Z 4.4 You agree that you will not engage in any activity with the Preview, including the development or distribution of an application, that interferes with, disrupts, damages, or accesses in an unauthorized manner the servers, networks, or other properties or services of Google or any third party.
2025-09-22T19:45:50.3680313Z 
2025-09-22T19:45:50.3681255Z 4.5 You agree that you are solely responsible for (and that Google has no responsibility to you or to any third party for) any data, content, or resources that you create, transmit or display through Android and/or applications for Android, and for the consequences of your actions (including any loss or damage which Google may suffer) by doing so.
2025-09-22T19:45:50.3682415Z 
2025-09-22T19:45:50.3683493Z 4.6 You agree that you are solely responsible for (and that Google has no responsibility to you or to any third party for) any breach of your obligations under the License Agreement, any applicable third party contract or Terms of Service, or any applicable law or regulation, and for the consequences (including any loss or damage which Google or any third party may suffer) of any such breach.
2025-09-22T19:45:50.3684654Z 
2025-09-22T19:45:50.3685998Z 4.7 The Preview is in development, and your testing and feedback are an important part of the development process. By using the Preview, you acknowledge that implementation of some features are still under development and that you should not rely on the Preview having the full functionality of a stable release. You agree not to publicly distribute or ship any application using this Preview as this Preview will no longer be supported after the official Android SDK is released.
2025-09-22T19:45:50.3687602Z 
2025-09-22T19:45:50.3687823Z 5. Your Developer Credentials
2025-09-22T19:45:50.3687989Z 
2025-09-22T19:45:50.3689317Z 5.1 You agree that you are responsible for maintaining the confidentiality of any developer credentials that may be issued to you by Google or which you may choose yourself and that you will be solely responsible for all applications that are developed under your developer credentials.
2025-09-22T19:45:50.3690422Z 
2025-09-22T19:45:50.3690519Z 6. Privacy and Information
2025-09-22T19:45:50.3690674Z 
2025-09-22T19:45:50.3692050Z 6.1 In order to continually innovate and improve the Preview, Google may collect certain usage statistics from the software including but not limited to a unique identifier, associated IP address, version number of the software, and information on which tools and/or services in the Preview are being used and how they are being used. Before any of this information is collected, the Preview will notify you and seek your consent. If you withhold consent, the information will not be collected.
2025-09-22T19:45:50.3693502Z 
2025-09-22T19:45:50.3694060Z 6.2 The data collected is examined in the aggregate to improve the Preview and is maintained in accordance with Google's Privacy Policy located at http://www.google.com/policies/privacy/.
2025-09-22T19:45:50.3694666Z 
2025-09-22T19:45:50.3694761Z 7. Third Party Applications
2025-09-22T19:45:50.3694919Z 
2025-09-22T19:45:50.3696576Z 7.1 If you use the Preview to run applications developed by a third party or that access data, content or resources provided by a third party, you agree that Google is not responsible for those applications, data, content, or resources. You understand that all data, content or resources which you may access through such third party applications are the sole responsibility of the person from which they originated and that Google is not liable for any loss or damage that you may experience as a result of the use or access of any of those third party applications, data, content, or resources.
2025-09-22T19:45:50.3698487Z 
2025-09-22T19:45:50.3699832Z 7.2 You should be aware the data, content, and resources presented to you through such a third party application may be protected by intellectual property rights which are owned by the providers (or by other persons or companies on their behalf). You may not modify, rent, lease, loan, sell, distribute or create derivative works based on these data, content, or resources (either in whole or in part) unless you have been specifically given permission to do so by the relevant owners.
2025-09-22T19:45:50.3701353Z 
2025-09-22T19:45:50.3701953Z 7.3 You acknowledge that your use of such third party applications, data, content, or resources may be subject to separate terms between you and the relevant third party.
2025-09-22T19:45:50.3703131Z 
2025-09-22T19:45:50.3703293Z 8. Using Google APIs
2025-09-22T19:45:50.3703489Z 
2025-09-22T19:45:50.3703572Z 8.1 Google APIs
2025-09-22T19:45:50.3703704Z 
2025-09-22T19:45:50.3705080Z 8.1.1 If you use any API to retrieve data from Google, you acknowledge that the data may be protected by intellectual property rights which are owned by Google or those parties that provide the data (or by other persons or companies on their behalf). Your use of any such API may be subject to additional Terms of Service. You may not modify, rent, lease, loan, sell, distribute or create derivative works based on this data (either in whole or in part) unless allowed by the relevant Terms of Service.
2025-09-22T19:45:50.3706524Z 
2025-09-22T19:45:50.3707184Z 8.1.2 If you use any API to retrieve a user's data from Google, you acknowledge and agree that you shall retrieve data only with the user's explicit consent and only when, and for the limited purposes for which, the user has given you permission to do so.
2025-09-22T19:45:50.3708226Z 
2025-09-22T19:45:50.3708337Z 9. Terminating the License Agreement
2025-09-22T19:45:50.3708515Z 
2025-09-22T19:45:50.3708803Z 9.1 the License Agreement will continue to apply until terminated by either you or Google as set out below.
2025-09-22T19:45:50.3709325Z 
2025-09-22T19:45:50.3709680Z 9.2 If you want to terminate the License Agreement, you may do so by ceasing your use of the Preview and any relevant developer credentials.
2025-09-22T19:45:50.3710114Z 
2025-09-22T19:45:50.3710379Z 9.3 Google may at any time, terminate the License Agreement, with or without cause, upon notice to you.
2025-09-22T19:45:50.3710863Z 
2025-09-22T19:45:50.3711976Z 9.4 The License Agreement will automatically terminate without notice or other action upon the earlier of: (A) when Google ceases to provide the Preview or certain parts of the Preview to users in the country in which you are resident or from which you use the service; and (B) Google issues a final release version of the Android SDK.
2025-09-22T19:45:50.3713422Z 
2025-09-22T19:45:50.3714095Z 9.5 When the License Agreement is terminated, the license granted to you in the License Agreement will terminate, you will immediately cease all use of the Preview, and the provisions of paragraphs 10, 11, 12 and 14 shall survive indefinitely.
2025-09-22T19:45:50.3714834Z 
2025-09-22T19:45:50.3714923Z 10. DISCLAIMERS
2025-09-22T19:45:50.3715040Z 
2025-09-22T19:45:50.3715785Z 10.1 YOU EXPRESSLY UNDERSTAND AND AGREE THAT YOUR USE OF THE PREVIEW IS AT YOUR SOLE RISK AND THAT THE PREVIEW IS PROVIDED "AS IS" AND "AS AVAILABLE" WITHOUT WARRANTY OF ANY KIND FROM GOOGLE.
2025-09-22T19:45:50.3716789Z 
2025-09-22T19:45:50.3719924Z 10.2 YOUR USE OF THE PREVIEW AND ANY MATERIAL DOWNLOADED OR OTHERWISE OBTAINED THROUGH THE USE OF THE PREVIEW IS AT YOUR OWN DISCRETION AND RISK AND YOU ARE SOLELY RESPONSIBLE FOR ANY DAMAGE TO YOUR COMPUTER SYSTEM OR OTHER DEVICE OR LOSS OF DATA THAT RESULTS FROM SUCH USE. WITHOUT LIMITING THE FOREGOING, YOU UNDERSTAND THAT THE PREVIEW IS NOT A STABLE RELEASE AND MAY CONTAIN ERRORS, DEFECTS AND SECURITY VULNERABILITIES THAT CAN RESULT IN SIGNIFICANT DAMAGE, INCLUDING THE COMPLETE, IRRECOVERABLE LOSS OF USE OF YOUR COMPUTER SYSTEM OR OTHER DEVICE.
2025-09-22T19:45:50.3722909Z 
2025-09-22T19:45:50.3724253Z 10.3 GOOGLE FURTHER EXPRESSLY DISCLAIMS ALL WARRANTIES AND CONDITIONS OF ANY KIND, WHETHER EXPRESS OR IMPLIED, INCLUDING, BUT NOT LIMITED TO THE IMPLIED WARRANTIES AND CONDITIONS OF MERCHANTABILITY, FITNESS FOR A PARTICULAR PURPOSE AND NON-INFRINGEMENT.
2025-09-22T19:45:50.3725714Z 
2025-09-22T19:45:50.3725882Z 11. LIMITATION OF LIABILITY
2025-09-22T19:45:50.3726131Z 
2025-09-22T19:45:50.3728503Z 11.1 YOU EXPRESSLY UNDERSTAND AND AGREE THAT GOOGLE, ITS SUBSIDIARIES AND AFFILIATES, AND ITS LICENSORS SHALL NOT BE LIABLE TO YOU UNDER ANY THEORY OF LIABILITY FOR ANY DIRECT, INDIRECT, INCIDENTAL, SPECIAL, CONSEQUENTIAL OR EXEMPLARY DAMAGES THAT MAY BE INCURRED BY YOU, INCLUDING ANY LOSS OF DATA, WHETHER OR NOT GOOGLE OR ITS REPRESENTATIVES HAVE BEEN ADVISED OF OR SHOULD HAVE BEEN AWARE OF THE POSSIBILITY OF ANY SUCH LOSSES ARISING.
2025-09-22T19:45:50.3731124Z 
2025-09-22T19:45:50.3731266Z 12. Indemnification
2025-09-22T19:45:50.3731474Z 
2025-09-22T19:45:50.3735530Z 12.1 To the maximum extent permitted by law, you agree to defend, indemnify and hold harmless Google, its affiliates and their respective directors, officers, employees and agents from and against any and all claims, actions, suits or proceedings, as well as any and all losses, liabilities, damages, costs and expenses (including reasonable attorneys’ fees) arising out of or accruing from (a) your use of the Preview, (b) any application you develop on the Preview that infringes any Intellectual Property Rights of any person or defames any person or violates their rights of publicity or privacy, and (c) any non-compliance by you of the License Agreement.
2025-09-22T19:45:50.3737785Z 
2025-09-22T19:45:50.3737896Z 13. Changes to the License Agreement
2025-09-22T19:45:50.3738084Z 
2025-09-22T19:45:50.3738762Z 13.1 Google may make changes to the License Agreement as it distributes new versions of the Preview. When these changes are made, Google will make a new version of the License Agreement available on the website where the Preview is made available.
2025-09-22T19:45:50.3739667Z 
2025-09-22T19:45:50.3739760Z 14. General Legal Terms
2025-09-22T19:45:50.3739903Z 
2025-09-22T19:45:50.3740795Z 14.1 the License Agreement constitutes the whole legal agreement between you and Google and governs your use of the Preview (excluding any services which Google may provide to you under a separate written agreement), and completely replaces any prior agreements between you and Google in relation to the Preview.
2025-09-22T19:45:50.3741766Z 
2025-09-22T19:45:50.3742660Z 14.2 You agree that if Google does not exercise or enforce any legal right or remedy which is contained in the License Agreement (or which Google has the benefit of under any applicable law), this will not be taken to be a formal waiver of Google's rights and that those rights or remedies will still be available to Google.
2025-09-22T19:45:50.3743606Z 
2025-09-22T19:45:50.3744576Z 14.3 If any court of law, having the jurisdiction to decide on this matter, rules that any provision of the License Agreement is invalid, then that provision will be removed from the License Agreement without affecting the rest of the License Agreement. The remaining provisions of the License Agreement will continue to be valid and enforceable.
2025-09-22T19:45:50.3745602Z 
2025-09-22T19:45:50.3746823Z 14.4 You acknowledge and agree that each member of the group of companies of which Google is the parent shall be third party beneficiaries to the License Agreement and that such other companies shall be entitled to directly enforce, and rely upon, any provision of the License Agreement that confers a benefit on (or rights in favor of) them. Other than this, no other person or company shall be third party beneficiaries to the License Agreement.
2025-09-22T19:45:50.3748363Z 
2025-09-22T19:45:50.3749151Z 14.5 EXPORT RESTRICTIONS. THE PREVIEW IS SUBJECT TO UNITED STATES EXPORT LAWS AND REGULATIONS. YOU MUST COMPLY WITH ALL DOMESTIC AND INTERNATIONAL EXPORT LAWS AND REGULATIONS THAT APPLY TO THE PREVIEW. THESE LAWS INCLUDE RESTRICTIONS ON DESTINATIONS, END USERS AND END USE.
2025-09-22T19:45:50.3750007Z 
2025-09-22T19:45:50.3750889Z 14.6 The License Agreement may not be assigned or transferred by you without the prior written approval of Google, and any attempted assignment without such approval will be void. You shall not delegate your responsibilities or obligations under the License Agreement without the prior written approval of Google.
2025-09-22T19:45:50.3751848Z 
2025-09-22T19:45:50.3753720Z 14.7 The License Agreement, and your relationship with Google under the License Agreement, shall be governed by the laws of the State of California without regard to its conflict of laws provisions. You and Google agree to submit to the exclusive jurisdiction of the courts located within the county of Santa Clara, California to resolve any legal matter arising from the License Agreement. Notwithstanding this, you agree that Google shall still be allowed to apply for injunctive remedies (or an equivalent type of urgent legal relief) in any jurisdiction.
2025-09-22T19:45:50.3755571Z 
2025-09-22T19:45:50.3755658Z June 2014.
2025-09-22T19:45:50.3755859Z ---------------------------------------
2025-09-22T19:45:50.3756118Z Accept? (y/N): 
2025-09-22T19:45:50.3756334Z 5/6: License google-gdk-license:
2025-09-22T19:45:50.3756587Z ---------------------------------------
2025-09-22T19:45:50.3756924Z This is a Developer Preview of the GDK that is subject to change.
2025-09-22T19:45:50.3757179Z 
2025-09-22T19:45:50.3757464Z Terms and Conditions
2025-09-22T19:45:50.3757666Z 
2025-09-22T19:45:50.3757809Z This is the Glass Development Kit License Agreement.
2025-09-22T19:45:50.3758024Z 
2025-09-22T19:45:50.3758107Z 1. Introduction
2025-09-22T19:45:50.3758232Z 
2025-09-22T19:45:50.3759449Z 1.1 The Glass Development Kit (referred to in this License Agreement as the "GDK" and specifically including the Android system files, packaged APIs, and GDK library files, if and when they are made available) is licensed to you subject to the terms of this License Agreement. This License Agreement forms a legally binding contract between you and Google in relation to your use of the GDK.
2025-09-22T19:45:50.3760611Z 
2025-09-22T19:45:50.3760830Z 1.2 "Glass" means Glass devices and the Glass software stack for use on Glass devices.
2025-09-22T19:45:50.3761131Z 
2025-09-22T19:45:50.3761136Z 
2025-09-22T19:45:50.3761737Z 1.3 "Android" means the Android software stack for devices, as made available under the Android Open Source Project, which is located at the following URL: http://source.android.com/, as updated from time to time.
2025-09-22T19:45:50.3762409Z 
2025-09-22T19:45:50.3762836Z 1.4 "Google" means Google Inc., a Delaware corporation with principal place of business at 1600 Amphitheatre Parkway, Mountain View, CA 94043, United States.
2025-09-22T19:45:50.3763361Z 
2025-09-22T19:45:50.3763463Z 2. Accepting this License Agreement
2025-09-22T19:45:50.3763635Z 
2025-09-22T19:45:50.3763992Z 2.1 In order to use the GDK, you must first agree to this License Agreement. You may not use the GDK if you do not accept this License Agreement.
2025-09-22T19:45:50.3764440Z 
2025-09-22T19:45:50.3764642Z 2.2 By clicking to accept, you hereby agree to the terms of this License Agreement.
2025-09-22T19:45:50.3764936Z 
2025-09-22T19:45:50.3765602Z 2.3 You may not use the GDK and may not accept the License Agreement if you are a person barred from receiving the GDK under the laws of the United States or other countries including the country in which you are resident or from which you use the GDK.
2025-09-22T19:45:50.3766334Z 
2025-09-22T19:45:50.3767543Z 2.4 If you are agreeing to be bound by this License Agreement on behalf of your employer or other entity, you represent and warrant that you have full legal authority to bind your employer or such entity to this License Agreement. If you do not have the requisite authority, you may not accept the License Agreement or use the GDK on behalf of your employer or other entity.
2025-09-22T19:45:50.3768871Z 
2025-09-22T19:45:50.3768970Z 3. GDK License from Google
2025-09-22T19:45:50.3769129Z 
2025-09-22T19:45:50.3769811Z 3.1 Subject to the terms of this License Agreement, Google grants you a limited, worldwide, royalty-free, non-assignable and non-exclusive license to use the GDK solely to develop applications to run on the Glass platform for Glass devices.
2025-09-22T19:45:50.3770567Z 
2025-09-22T19:45:50.3771654Z 3.2 You agree that Google or third parties own all legal right, title and interest in and to the GDK, including any Intellectual Property Rights that subsist in the GDK. "Intellectual Property Rights" means any and all rights under patent law, copyright law, trade secret law, trademark law, and any and all other proprietary rights. Google reserves all rights not expressly granted to you.
2025-09-22T19:45:50.3772968Z 
2025-09-22T19:45:50.3774685Z 3.3 You may not use the GDK for any purpose not expressly permitted by this License Agreement. Except to the extent required by applicable third party licenses, you may not: (a) copy (except for backup purposes), modify, adapt, redistribute, decompile, reverse engineer, disassemble, or create derivative works of the GDK or any part of the GDK; or (b) load any part of the GDK onto a mobile handset or wearable computing device or any other hardware device except a Glass device personal computer, combine any part of the GDK with other software, or distribute any software or device incorporating a part of the GDK.
2025-09-22T19:45:50.3776435Z 
2025-09-22T19:45:50.3777118Z 3.4 You agree that you will not take any actions that may cause or result in the fragmentation of Glass, including but not limited to distributing, participating in the creation of, or promoting in any way a software development kit derived from the GDK.
2025-09-22T19:45:50.3778069Z 
2025-09-22T19:45:50.3778772Z 3.5 Use, reproduction and distribution of components of the GDK licensed under an open source software license are governed solely by the terms of that open source software license and not this License Agreement.
2025-09-22T19:45:50.3779938Z 
2025-09-22T19:45:50.3782359Z 3.6 You agree that the form and nature of the GDK that Google provides may change without prior notice to you and that future versions of the GDK may be incompatible with applications developed on previous versions of the GDK. You agree that Google may stop (permanently or temporarily) providing the GDK (or any features within the GDK) to you or to users generally at Google's sole discretion, without prior notice to you.
2025-09-22T19:45:50.3783710Z 
2025-09-22T19:45:50.3784201Z 3.7 Nothing in this License Agreement gives you a right to use any of Google's trade names, trademarks, service marks, logos, domain names, or other distinctive brand features.
2025-09-22T19:45:50.3784780Z 
2025-09-22T19:45:50.3785296Z 3.8 You agree that you will not remove, obscure, or alter any proprietary rights notices (including copyright and trademark notices) that may be affixed to or contained within the GDK.
2025-09-22T19:45:50.3785888Z 
2025-09-22T19:45:50.3785893Z 
2025-09-22T19:45:50.3786932Z 3.9 Your use of any Android system files, packaged APIs, or other components of the GDK which are part of the Android Software Development Kit is subject to the terms of the Android Software Development Kit License Agreement located at http://developer.android.com/sdk/terms.html. These terms are hereby incorporated by reference into this License Agreement.
2025-09-22T19:45:50.3788233Z 
2025-09-22T19:45:50.3788329Z 4. Use of the GDK by You
2025-09-22T19:45:50.3788474Z 
2025-09-22T19:45:50.3789234Z 4.1 Google agrees that it obtains no right, title or interest from you (or your licensors) under this License Agreement in or to any software applications that you develop using the GDK, including any intellectual property rights that subsist in those applications.
2025-09-22T19:45:50.3790049Z 
2025-09-22T19:45:50.3791564Z 4.2 You agree to use the GDK and write applications only for purposes that are permitted by (a) this License Agreement, (b) the Glass Platform Developer Policies (located at https://developers.google.com/glass/policies, and hereby incorporated into this License Agreement by reference), and (c) any applicable law, regulation or generally accepted practices or guidelines in the relevant jurisdictions (including any laws regarding the export of data or software to and from the United States or other relevant countries).
2025-09-22T19:45:50.3793128Z 
2025-09-22T19:45:50.3795353Z 4.3 You agree that if you use the GDK to develop applications for general public users, you will protect the privacy and legal rights of those users. If the users provide you with user names, passwords, or other login information or personal information, you must make the users aware that the information will be available to your application, and you must provide legally adequate privacy notice and protection for those users. If your application stores personal or sensitive information provided by users, it must do so securely. If the user provides your application with Google Account information, your application may only use that information to access the user's Google Account when, and for the limited purposes for which, the user has given you permission to do so.
2025-09-22T19:45:50.3797983Z 
2025-09-22T19:45:50.3798893Z 4.4 You agree that you will not engage in any activity with the GDK, including the development or distribution of an application, that interferes with, disrupts, damages, or accesses in an unauthorized manner the servers, networks, or other properties or services of any third party including, but not limited to, Google.
2025-09-22T19:45:50.3799859Z 
2025-09-22T19:45:50.3800803Z 4.5 You agree that you are solely responsible for (and that Google has no responsibility to you or to any third party for) any data, content, or resources that you create, transmit or display through Glass and/or applications for Glass, and for the consequences of your actions (including any loss or damage which Google may suffer) by doing so.
2025-09-22T19:45:50.3801817Z 
2025-09-22T19:45:50.3803014Z 4.6 You agree that you are solely responsible for (and that Google has no responsibility to you or to any third party for) any breach of your obligations under this License Agreement, any applicable third party contract or Terms of Service, or any applicable law or regulation, and for the consequences (including any loss or damage which Google or any third party may suffer) of any such breach.
2025-09-22T19:45:50.3804177Z 
2025-09-22T19:45:50.3804182Z 
2025-09-22T19:45:50.3805231Z 4.7 The GDK is in development, and your testing and feedback are an important part of the development process. By using the GDK, you acknowledge that implementation of some features are still under development and that you should not rely on the GDK, Glass devices, Glass system software, Google Mirror API, or Glass services having the full functionality of a stable release.
2025-09-22T19:45:50.3806350Z 
2025-09-22T19:45:50.3806447Z 5. Your Developer Credentials
2025-09-22T19:45:50.3806606Z 
2025-09-22T19:45:50.3807591Z 5.1 You agree that you are responsible for maintaining the confidentiality of any developer credentials that may be issued to you by Google or which you may choose yourself and that you will be solely responsible for all applications that are developed under your developer credentials.
2025-09-22T19:45:50.3808463Z 
2025-09-22T19:45:50.3808556Z 6. Privacy and Information
2025-09-22T19:45:50.3808709Z 
2025-09-22T19:45:50.3808714Z 
2025-09-22T19:45:50.3810045Z 6.1 In order to continually innovate and improve the GDK, Google may collect certain usage statistics from the software including but not limited to a unique identifier, associated IP address, version number of the software, and information on which tools and/or services in the GDK are being used and how they are being used. Before any of this information is collected, the GDK will notify you and seek your consent. If you withhold consent, the information will not be collected.
2025-09-22T19:45:50.3811455Z 
2025-09-22T19:45:50.3811801Z 6.2 The data collected is examined in the aggregate to improve the GDK and is maintained in accordance with Google's Privacy Policy.
2025-09-22T19:45:50.3812226Z 
2025-09-22T19:45:50.3812328Z 7. Third Party Applications
2025-09-22T19:45:50.3812477Z 
2025-09-22T19:45:50.3814105Z 7.1 If you use the GDK to run applications developed by a third party or that access data, content or resources provided by a third party, you agree that Google is not responsible for those applications, data, content, or resources. You understand that all data, content or resources which you may access through such third party applications are the sole responsibility of the person from which they originated and that Google is not liable for any loss or damage that you may experience as a result of the use or access of any of those third party applications, data, content, or resources.
2025-09-22T19:45:50.3815944Z 
2025-09-22T19:45:50.3817435Z 7.2 You should be aware the data, content, and resources presented to you through such a third party application may be protected by intellectual property rights which are owned by the providers (or by other persons or companies on their behalf). You may not modify, rent, lease, loan, sell, distribute or create derivative works based on these data, content, or resources (either in whole or in part) unless you have been specifically given permission to do so by the relevant owners.
2025-09-22T19:45:50.3818850Z 
2025-09-22T19:45:50.3819594Z 7.3 You acknowledge that your use of such third party applications, data, content, or resources may be subject to separate terms between you and the relevant third party. In that case, this License Agreement does not affect your legal relationship with these third parties.
2025-09-22T19:45:50.3820423Z 
2025-09-22T19:45:50.3820506Z 8. Using Google APIs
2025-09-22T19:45:50.3820642Z 
2025-09-22T19:45:50.3820728Z 8.1 Google APIs
2025-09-22T19:45:50.3820845Z 
2025-09-22T19:45:50.3822302Z 8.1.1 If you use any API to retrieve data from Google, you acknowledge that the data may be protected by intellectual property rights which are owned by Google or those parties that provide the data (or by other persons or companies on their behalf). Your use of any such API may be subject to additional Terms of Service. You may not modify, rent, lease, loan, sell, distribute or create derivative works based on this data (either in whole or in part) unless allowed by the relevant Terms of Service.
2025-09-22T19:45:50.3823725Z 
2025-09-22T19:45:50.3824403Z 8.1.2 If you use any API to retrieve a user's data from Google, you acknowledge and agree that you shall retrieve data only with the user's explicit consent and only when, and for the limited purposes for which, the user has given you permission to do so.
2025-09-22T19:45:50.3825152Z 
2025-09-22T19:45:50.3825259Z 9. Terminating this License Agreement
2025-09-22T19:45:50.3825440Z 
2025-09-22T19:45:50.3825729Z 9.1 This License Agreement will continue to apply until terminated by either you or Google as set out below.
2025-09-22T19:45:50.3826111Z 
2025-09-22T19:45:50.3826454Z 9.2 If you want to terminate this License Agreement, you may do so by ceasing your use of the GDK and any relevant developer credentials.
2025-09-22T19:45:50.3826878Z 
2025-09-22T19:45:50.3828787Z 9.3 Google may at any time, terminate this License Agreement with you if: (A) you have breached any provision of this License Agreement; or (B) Google is required to do so by law; or (C) the partner with whom Google offered certain parts of GDK (such as APIs) to you has terminated its relationship with Google or ceased to offer certain parts of the GDK to you; or (D) Google decides to no longer provide the GDK or certain parts of the GDK to users in the country in which you are resident or from which you use the service, or the provision of the GDK or certain GDK services to you by Google is, in Google's sole discretion, no longer commercially viable.
2025-09-22T19:45:50.3830561Z 
2025-09-22T19:45:50.3831795Z 9.4 When this License Agreement comes to an end, all of the legal rights, obligations and liabilities that you and Google have benefited from, been subject to (or which have accrued over time whilst this License Agreement has been in force) or which are expressed to continue indefinitely, shall be unaffected by this cessation, and the provisions of paragraph 14.7 shall continue to apply to such rights, obligations and liabilities indefinitely.
2025-09-22T19:45:50.3833095Z 
2025-09-22T19:45:50.3833199Z 10. DISCLAIMER OF WARRANTIES
2025-09-22T19:45:50.3833350Z 
2025-09-22T19:45:50.3833807Z 10.1 YOU EXPRESSLY UNDERSTAND AND AGREE THAT YOUR USE OF THE GDK IS AT YOUR SOLE RISK AND THAT THE GDK IS PROVIDED "AS IS" AND "AS AVAILABLE" WITHOUT WARRANTY OF ANY KIND FROM GOOGLE.
2025-09-22T19:45:50.3834348Z 
2025-09-22T19:45:50.3835051Z 10.2 YOUR USE OF THE GDK AND ANY MATERIAL DOWNLOADED OR OTHERWISE OBTAINED THROUGH THE USE OF THE GDK IS AT YOUR OWN DISCRETION AND RISK AND YOU ARE SOLELY RESPONSIBLE FOR ANY DAMAGE TO YOUR COMPUTER SYSTEM OR OTHER DEVICE OR LOSS OF DATA THAT RESULTS FROM SUCH USE.
2025-09-22T19:45:50.3835992Z 
2025-09-22T19:45:50.3836728Z 10.3 GOOGLE FURTHER EXPRESSLY DISCLAIMS ALL WARRANTIES AND CONDITIONS OF ANY KIND, WHETHER EXPRESS OR IMPLIED, INCLUDING, BUT NOT LIMITED TO THE IMPLIED WARRANTIES AND CONDITIONS OF MERCHANTABILITY, FITNESS FOR A PARTICULAR PURPOSE AND NON-INFRINGEMENT.
2025-09-22T19:45:50.3837747Z 
2025-09-22T19:45:50.3837852Z 11. LIMITATION OF LIABILITY
2025-09-22T19:45:50.3837999Z 
2025-09-22T19:45:50.3839222Z 11.1 YOU EXPRESSLY UNDERSTAND AND AGREE THAT GOOGLE, ITS SUBSIDIARIES AND AFFILIATES, AND ITS LICENSORS SHALL NOT BE LIABLE TO YOU UNDER ANY THEORY OF LIABILITY FOR ANY DIRECT, INDIRECT, INCIDENTAL, SPECIAL, CONSEQUENTIAL OR EXEMPLARY DAMAGES THAT MAY BE INCURRED BY YOU, INCLUDING ANY LOSS OF DATA, WHETHER OR NOT GOOGLE OR ITS REPRESENTATIVES HAVE BEEN ADVISED OF OR SHOULD HAVE BEEN AWARE OF THE POSSIBILITY OF ANY SUCH LOSSES ARISING.
2025-09-22T19:45:50.3840527Z 
2025-09-22T19:45:50.3840610Z 12. Indemnification
2025-09-22T19:45:50.3840734Z 
2025-09-22T19:45:50.3842904Z 12.1 To the maximum extent permitted by law, you agree to defend, indemnify and hold harmless Google, its affiliates and their respective directors, officers, employees and agents from and against any and all claims, actions, suits or proceedings, as well as any and all losses, liabilities, damages, costs and expenses (including reasonable attorneys fees) arising out of or accruing from (a) your use of the GDK, (b) any application you develop on the GDK that infringes any copyright, trademark, trade secret, trade dress, patent or other intellectual property right of any person or defames any person or violates their rights of publicity or privacy, and (c) any non-compliance by you with this License Agreement.
2025-09-22T19:45:50.3844972Z 
2025-09-22T19:45:50.3845088Z 13. Changes to the License Agreement
2025-09-22T19:45:50.3845265Z 
2025-09-22T19:45:50.3845901Z 13.1 Google may make changes to the License Agreement as it distributes new versions of the GDK. When these changes are made, Google will make a new version of the License Agreement available on the website where the GDK is made available.
2025-09-22T19:45:50.3846616Z 
2025-09-22T19:45:50.3846702Z 14. General Legal Terms
2025-09-22T19:45:50.3846837Z 
2025-09-22T19:45:50.3847889Z 14.1 This License Agreement constitutes the whole legal agreement between you and Google and governs your use of the GDK (excluding any services which Google may provide to you under a separate written agreement), and completely replaces any prior agreements between you and Google in relation to the GDK.
2025-09-22T19:45:50.3848833Z 
2025-09-22T19:45:50.3849693Z 14.2 You agree that if Google does not exercise or enforce any legal right or remedy which is contained in this License Agreement (or which Google has the benefit of under any applicable law), this will not be taken to be a formal waiver of Google's rights and that those rights or remedies will still be available to Google.
2025-09-22T19:45:50.3850638Z 
2025-09-22T19:45:50.3851611Z 14.3 If any court of law, having the jurisdiction to decide on this matter, rules that any provision of this License Agreement is invalid, then that provision will be removed from this License Agreement without affecting the rest of this License Agreement. The remaining provisions of this License Agreement will continue to be valid and enforceable.
2025-09-22T19:45:50.3852658Z 
2025-09-22T19:45:50.3853899Z 14.4 You acknowledge and agree that each member of the group of companies of which Google is the parent shall be third party beneficiaries to this License Agreement and that such other companies shall be entitled to directly enforce, and rely upon, any provision of this License Agreement that confers a benefit on (or rights in favor of) them. Other than this, no other person or company shall be third party beneficiaries to this License Agreement.
2025-09-22T19:45:50.3855327Z 
2025-09-22T19:45:50.3856067Z 14.5 EXPORT RESTRICTIONS. THE GDK IS SUBJECT TO UNITED STATES EXPORT LAWS AND REGULATIONS. YOU MUST COMPLY WITH ALL DOMESTIC AND INTERNATIONAL EXPORT LAWS AND REGULATIONS THAT APPLY TO THE GDK. THESE LAWS INCLUDE RESTRICTIONS ON DESTINATIONS, END USERS AND END USE.
2025-09-22T19:45:50.3856890Z 
2025-09-22T19:45:50.3858066Z 14.6 The rights granted in this License Agreement may not be assigned or transferred by either you or Google without the prior written approval of the other party. Neither you nor Google shall be permitted to delegate their responsibilities or obligations under this License Agreement without the prior written approval of the other party.
2025-09-22T19:45:50.3859112Z 
2025-09-22T19:45:50.3860824Z 14.7 This License Agreement, and your relationship with Google under this License Agreement, shall be governed by the laws of the State of California without regard to its conflict of laws provisions. You and Google agree to submit to the exclusive jurisdiction of the courts located within the county of Santa Clara, California to resolve any legal matter arising from this License Agreement. Notwithstanding this, you agree that Google shall still be allowed to apply for injunctive remedies (or an equivalent type of urgent legal relief) in any jurisdiction.
2025-09-22T19:45:50.3862493Z 
2025-09-22T19:45:50.3862583Z November 19, 2013
2025-09-22T19:45:50.3862795Z ---------------------------------------
2025-09-22T19:45:50.3863053Z Accept? (y/N): 
2025-09-22T19:45:50.3863286Z 6/6: License mips-android-sysimage-license:
2025-09-22T19:45:50.3863568Z ---------------------------------------
2025-09-22T19:45:50.3865603Z MIPS Technologies, Inc. (“MIPS”) Internal Evaluation License Agreement for MIPS Android™ System Images for Android Software Development Kit (SDK): This Internal Evaluation License Agreement (this "Agreement") is entered into by and between MIPS and you (as an individual developer or a legal entity -- identified below as “Recipient”). MIPS shall make the Evaluation Software available to Recipient as described in accordance with the terms and conditions set forth below.
2025-09-22T19:45:50.3867051Z 
2025-09-22T19:45:50.3869004Z By clicking on the “Accept” button, downloading, installing, or otherwise using the Evaluation Materials (defined below), you agree to be bound by the terms of this Agreement effective as of the date you click “Accept” (the “Effective Date”), and if doing so on behalf of an entity, you represent that you are authorized to bind the entity to the terms and conditions of this Agreement. If you do not agree to be bound by the terms and conditions of this Agreement, do not download, install, or use the Evaluation Materials.
2025-09-22T19:45:50.3870491Z 
2025-09-22T19:45:50.3870655Z 1. DEFINITIONS. These terms shall have the following meanings:
2025-09-22T19:45:50.3870901Z 
2025-09-22T19:45:50.3871440Z 1.1 “MIPS” shall mean MIPS Technologies, Inc., a Delaware corporation having a principal place of business at: 955 East Arques Ave., Sunnyvale, CA 94085
2025-09-22T19:45:50.3871942Z 
2025-09-22T19:45:50.3872464Z 1.2 “Evaluation Software” shall mean MIPS Android™ emulator system images for Android Software Development Kit (SDK), as made available to Recipient.
2025-09-22T19:45:50.3872979Z 
2025-09-22T19:45:50.3874071Z 1.3 “Evaluation Materials" means, collectively, the Evaluation Software (in source and/or object code form) and documentation (including, without limitation, any design documents, specifications, reference manuals, and other related materials) related to the Evaluation Software as made available to Recipient.
2025-09-22T19:45:50.3875078Z 
2025-09-22T19:45:50.3878769Z 1.4 “Open Source Software” means any software that requires (as a condition of use, modification and/or distribution of such software) that such software or other software incorporated into, derived from or distributed with such software (a) be disclosed or distributed in source code form; or (b) be licensed by the user to third parties for the purpose of making and/or distributing derivative works; or (c) be redistributable at no charge. Open Source Software includes, without limitation, software licensed or distributed under any of the following licenses or distribution models, or licenses or distribution models substantially similar to any of the following: (a) GNU’s General Public License (GPL) or Lesser/Library GPL (LGPL), (b) the Artistic License (e.g., PERL), (c) the Mozilla Public License, (d) the Netscape Public License, (e) the Sun Community Source License (SCSL), (f) the Sun Industry Source License (SISL), (g) the Apache Software license and (h) the Common Public License (CPL).
2025-09-22T19:45:50.3881824Z 
2025-09-22T19:45:50.3882866Z 1.5 “Pre-Release Materials” means “alpha” or “beta” designated pre-release features, which may not be fully functional, which MIPS may substantially modify in producing any production version of the Evaluation Materials, and/or which is still under development by MIPS and/or MIPS’ suppliers.
2025-09-22T19:45:50.3883798Z 
2025-09-22T19:45:50.3885584Z 2. PURPOSE. MIPS desires to make the Evaluation Materials available to Recipient solely for Recipient's internal evaluation of the Evaluation Software to evaluate the desirability of cooperating with MIPS in developing products that are compatible with the Evaluation Software and/or to advise MIPS as to possible modifications to the Evaluation Software. Recipient may not disclose, distribute, modify (except to facilitate the above-mentioned internal evaluation), or make commercial use of the Evaluation Materials or any modifications of the Evaluation Materials.
2025-09-22T19:45:50.3887490Z 
2025-09-22T19:45:50.3888753Z THE EVALUATION MATERIALS ARE PROVIDED FOR EVALUATION PURPOSES ONLY AND MAY NOT BE MODIFIED (EXCEPT TO FACILITATE THE INTERNAL EVALUATION) OR DISTRIBUTED BY RECIPIENT OR INCORPORATED INTO RECIPIENT’S PRODUCTS OR SOFTWARE. PLEASE CONTACT A MIPS SALES REPRESENTATIVE TO LEARN ABOUT THE AVAILABILITY AND COST OF A COMMERCIAL VERSION OF THE EVALUATION SOFTWARE.
2025-09-22T19:45:50.3889878Z 
2025-09-22T19:45:50.3890685Z 3. TITLE. Title to the Evaluation Materials remains with MIPS or its suppliers. Recipient shall not mortgage, pledge or encumber the Evaluation Materials in any way. Recipient shall return all Evaluation Materials, keeping no copies, upon termination or expiration of this Agreement.
2025-09-22T19:45:50.3891562Z 
2025-09-22T19:45:50.3894884Z 4. LICENSE. MIPS grants Recipient a royalty-free, personal, nontransferable, nonexclusive license under its copyrights to use the Evaluation Software only for the purposes described in paragraph 2 above and only for a period beginning on the Effective Date and extending to the first anniversary of the Effective Date (the “Evaluation Period”). Unless otherwise communicated in writing by MIPS to Recipient, to the extent the Evaluation Software is provided in more than one delivery or release (each, a “Release”) the license grant in this Section 4 and the Evaluation Period shall apply to each Release, in which case the Evaluation Period shall begin on the date that the Release is made generally available and continue to the first anniversary of such date. Recipient may not make modifications to the Evaluation Software. Recipient shall not disassemble, reverse-engineer, or decompile any software that is not provided to Recipient in source code form.
2025-09-22T19:45:50.3897820Z 
2025-09-22T19:45:50.3897825Z 
2025-09-22T19:45:50.3898767Z EXCEPT AS PROVIDED HEREIN, NO OTHER LICENSE, EXPRESS OR IMPLIED, BY ESTOPPEL OR OTHERWISE, TO ANY OTHER MIPS INTELLECTUAL PROPERTY RIGHTS IS GRANTED TO THE RECIPIENT. OTHER THAN AS EXPLICITLY SET FORTH IN PARAGRAPH 2 ABOVE, NO RIGHT TO COPY, TO REPRODUCE, TO MODIFY, OR TO CREATE DERIVATIVE WORKS OF, THE EVALUATION MATERIALS IS GRANTED HEREIN.
2025-09-22T19:45:50.3899789Z 
2025-09-22T19:45:50.3900509Z 5. NO OBLIGATION. Recipient shall have no duty to purchase or license any product from MIPS. MIPS and its suppliers shall have no obligation to provide support for, or develop a non-evaluation version of, the Evaluation Software or to license any version of it.
2025-09-22T19:45:50.3901464Z 
2025-09-22T19:45:50.3904872Z 6. MODIFICATIONS. This Agreement does not obligate Recipient to provide MIPS with comments or suggestions regarding Evaluation Materials. However, should Recipient provide MIPS with comments or suggestions for the modification, correction, improvement or enhancement of (a) the Evaluation Materials or (b) MIPS products or processes which may embody the Evaluation Materials, then Recipient agrees to grant and hereby grants to MIPS a non-exclusive, irrevocable, worldwide, fully paid-up, royalty-free license, with the right to sublicense MIPS’ licensees and customers, under Recipient’s Intellectual property rights, to use and disclose such comments and suggestions in any manner MIPS chooses and to display, perform, copy, make, have made, use, sell, offer to sell, import, and otherwise dispose of MIPS’ and its sublicensee’s products embodying such comments and suggestions in any manner and via any media MIPS chooses, without reference to the source.
2025-09-22T19:45:50.3907981Z 
2025-09-22T19:45:50.3909666Z 7. WARRANTY DISCLAIMER. MIPS AND ITS SUPPLIERS MAKE NO WARRANTIES WITH RESPECT TO EVALUATION MATERIALS, EITHER EXPRESS OR IMPLIED, INCLUDING ANY IMPLIED WARRANTIES OF MERCHANTABILITY OR FITNESS FOR A PARTICULAR PURPOSE, OR ANY IMPLIED WARRANTY OF NONINFRINGEMENT WITH RESPECT TO THIRD PARTY INTELLECTUAL PROPERTY. RECIPIENT ACKNOWLEDGES AND AGREES THAT THE EVALUATION MATERIALS ARE PROVIDED “AS IS,” WITHOUT WARRANTY OF ANY KIND.
2025-09-22T19:45:50.3911037Z 
2025-09-22T19:45:50.3912711Z 8. LIMITATION OF LIABILITY. MIPS AND ITS SUPPLIERS SHALL NOT BE LIABLE FOR ANY PROPERTY DAMAGE, PERSONAL INJURY, LOSS OF PROFITS, INTERRUPTION OF BUSINESS OR FOR ANY DIRECT, INDIRECT, SPECIAL, CONSEQUENTIAL OR INCIDENTAL DAMAGES, HOWEVER CAUSED OR ALLEGED, WHETHER FOR BREACH OF WARRANTY, CONTRACT, STRICT LIABILITY OR OTHERWISE, INCLUDING WITHOUT LIMITATION, UNDER TORT OR OTHER LEGAL THEORY. MIPS AND ITS SUPPLIERS DISCLAIM ANY AND ALL LIABILITY, INCLUDING LIABILITY FOR INFRINGEMENT OF ANY INTELLECTUAL PROPERTY RIGHTS OF ANY KIND RELATING TO THE EVALUATION MATERIALS.
2025-09-22T19:45:50.3914454Z 
2025-09-22T19:45:50.3915114Z 9. EXPIRATION. MIPS may terminate this Agreement immediately after a breach by Recipient or otherwise at MIPS’ reasonable discretion and upon five (5) business days’ notice to Recipient.
2025-09-22T19:45:50.3915729Z 
2025-09-22T19:45:50.3915808Z 10. GENERAL.
2025-09-22T19:45:50.3915927Z 
2025-09-22T19:45:50.3919104Z 10.1 Controlling Law. This Agreement shall be governed by California law excluding its choice of law rules. With the exception of MIPS’ rights to enforce its intellectual property rights and any confidentiality obligations under this Agreement or any licenses distributed with the Evaluation Materials, all disputes and any claims arising under or relating to this Agreement shall be subject to the exclusive jurisdiction and venue of the state and federal courts located in Santa Clara County, California. Each party hereby agrees to jurisdiction and venue in the courts set forth in the preceding sentence. The parties agree that the United Nations Convention on Contracts for the International Sale of Goods is specifically excluded from application to this Agreement. The parties consent to the personal jurisdiction of the above courts.
2025-09-22T19:45:50.3921656Z 
2025-09-22T19:45:50.3923539Z 10.2 Remedies. Recipient acknowledges and agrees that any breach of confidentiality obligations under this Agreement or any licenses distributed with the Evaluation Materials, as well as any disclosure, commercialization, or public use of the Evaluation Materials, would cause irreparable injury to MIPS, and therefore Recipient agrees to consent to, and hereby consents to, the grant of an injunction by any court of competent jurisdiction in the event of an actual or threatened breach.
2025-09-22T19:45:50.3926219Z 
2025-09-22T19:45:50.3928982Z 10.3 Assignment. Recipient may not delegate, assign or transfer this Agreement, the license granted or any of Recipient’s rights, obligations, or duties hereunder, expressly, by implication, by operation of law, by way of merger (regardless of whether Recipient is the surviving entity) or acquisition, or otherwise and any attempt to do so, without MIPS’ express prior written consent, shall be ineffective, null and void. MIPS may freely assign this Agreement, and its rights and obligations hereunder, in its sole discretion.
2025-09-22T19:45:50.3930979Z 
2025-09-22T19:45:50.3933321Z 10.4 Entire Agreement. This Agreement constitutes the entire agreement between Recipient and MIPS and supersedes in their entirety any and all oral or written agreements previously existing between Recipient and MIPS with respect to the subject matter hereof. This Agreement may only be amended or supplemented by a writing that refers explicitly to this Agreement and that is signed or otherwise accepted by duly authorized representatives of Recipient and MIPS.
2025-09-22T19:45:50.3935492Z 
2025-09-22T19:45:50.3936969Z 10.5 Severability. In the event that any provision of this Agreement is finally adjudicated to be unenforceable or invalid under any applicable law, such unenforceability or invalidity shall not render this Agreement unenforceable or invalid as a whole, and, in such event, such unenforceable or invalid provision shall be interpreted so as to best accomplish the objectives of such provision within the limits of applicable law or applicable court decisions.
2025-09-22T19:45:50.3938591Z 
2025-09-22T19:45:50.3942807Z 10.6 Export Regulations / Export Control. Recipient shall not export, either directly or indirectly, any product, service or technical data or system incorporating the Evaluation Materials without first obtaining any required license or other necessary approval from the U.S. Department of Commerce or any other governing agency or department of the United States Government. In the event any product is exported from the United States or re-exported from a foreign destination by Recipient, Recipient shall ensure that the distribution and export/re-export or import of the product is in compliance with all applicable laws, regulations, orders, or other restrictions of the U.S. Export Administration Regulations and the appropriate foreign government. Recipient agrees that neither it nor any of its subsidiaries will export/re-export any technical data, process, product, or service, directly or indirectly, to any country for which the United States government or any agency thereof or the foreign government from where it is shipping requires an export license, or other governmental approval, without first obtaining such license or approval. Recipient also agrees to implement measures to ensure that foreign national employees are authorized to receive any information controlled by U.S. export control laws. An export is "deemed" to take place when information is released to a foreign national wherever located.
2025-09-22T19:45:50.3947219Z 
2025-09-22T19:45:50.3951018Z 10.7 Special Terms for Pre-Release Materials. If so indicated in the description of the Evaluation Software, the Evaluation Software may contain Pre-Release Materials. Recipient hereby understands, acknowledges and agrees that: (i) Pre-Release Materials may not be fully tested and may contain bugs or errors; (ii) Pre-Release materials are not suitable for commercial release in their current state; (iii) regulatory approvals for Pre-Release Materials (such as UL or FCC) have not been obtained, and Pre-Release Materials may therefore not be certified for use in certain countries or environments or may not be suitable for certain applications and (iv) MIPS can provide no assurance that it will ever produce or make generally available a production version of the Pre-Release Materials . MIPS is not under any obligation to develop and/or release or offer for sale or license a final product based upon the Pre-Release Materials and may unilaterally elect to abandon the Pre-Release Materials or any such development platform at any time and without any obligation or liability whatsoever to Recipient or any other person.
2025-09-22T19:45:50.3955380Z 
2025-09-22T19:45:50.3956178Z ANY PRE-RELEASE MATERIALS ARE NON-QUALIFIED AND, AS SUCH, ARE PROVIDED “AS IS” AND “AS AVAILABLE”, POSSIBLY WITH FAULTS, AND WITHOUT REPRESENTATION OR WARRANTY OF ANY KIND.
2025-09-22T19:45:50.3956819Z 
2025-09-22T19:45:50.3959301Z 10.8 Open Source Software. In the event Open Source software is included with Evaluation Software, such Open Source software is licensed pursuant to the applicable Open Source software license agreement identified in the Open Source software comments in the applicable source code file(s) and/or file header as indicated in the Evaluation Software. Additional detail may be available (where applicable) in the accompanying on-line documentation. With respect to the Open Source software, nothing in this Agreement limits any rights under, or grants rights that supersede, the terms of any applicable Open Source software license agreement.
2025-09-22T19:45:50.3961341Z ---------------------------------------
2025-09-22T19:45:50.3961655Z Accept? (y/N): All SDK package licenses accepted
2025-09-22T19:45:50.3961865Z 
2025-09-22T19:45:50.3962113Z [command]/usr/local/lib/android/sdk/cmdline-tools/16.0/bin/sdkmanager tools
2025-09-22T19:45:51.1300440Z Loading package information...                                                  
2025-09-22T19:45:51.2280336Z Loading local repository...                                                     
2025-09-22T19:45:51.2284702Z [                                       ] 3% Loading local repository...        
2025-09-22T19:45:51.2383627Z [                                       ] 3% Fetch remote repository...         
2025-09-22T19:45:51.5549735Z [=                                      ] 3% Fetch remote repository...         
2025-09-22T19:45:51.6176370Z [=                                      ] 4% Fetch remote repository...         
2025-09-22T19:45:51.6373205Z [=                                      ] 5% Fetch remote repository...         
2025-09-22T19:45:51.6717428Z [==                                     ] 5% Fetch remote repository...         
2025-09-22T19:45:51.7130159Z [==                                     ] 6% Fetch remote repository...         
2025-09-22T19:45:51.7763426Z [==                                     ] 7% Fetch remote repository...         
2025-09-22T19:45:51.7764099Z [==                                     ] 7% Computing updates...               
2025-09-22T19:45:51.7900255Z [===                                    ] 8% Computing updates...               
2025-09-22T19:45:51.8085519Z [===                                    ] 10% Computing updates...              
2025-09-22T19:45:52.3074858Z [===                                    ] 10% Installing Android Emulator       
2025-09-22T19:45:52.4735376Z [===                                    ] 10% Downloading emulator-linux_x64-138
2025-09-22T19:45:52.9251347Z [====                                   ] 10% Downloading emulator-linux_x64-138
2025-09-22T19:45:53.0617144Z [====                                   ] 11% Downloading emulator-linux_x64-138
2025-09-22T19:45:53.1648390Z [====                                   ] 12% Downloading emulator-linux_x64-138
2025-09-22T19:45:53.2608378Z [=====                                  ] 13% Downloading emulator-linux_x64-138
2025-09-22T19:45:53.3533791Z [=====                                  ] 14% Downloading emulator-linux_x64-138
2025-09-22T19:45:53.4046209Z [=====                                  ] 15% Downloading emulator-linux_x64-138
2025-09-22T19:45:53.4623956Z [======                                 ] 15% Downloading emulator-linux_x64-138
2025-09-22T19:45:53.6002954Z [======                                 ] 16% Downloading emulator-linux_x64-138
2025-09-22T19:45:53.6873507Z [======                                 ] 17% Downloading emulator-linux_x64-138
2025-09-22T19:45:53.7713505Z [=======                                ] 18% Downloading emulator-linux_x64-138
2025-09-22T19:45:53.8545548Z [=======                                ] 19% Downloading emulator-linux_x64-138
2025-09-22T19:45:53.8913689Z [=======                                ] 20% Downloading emulator-linux_x64-138
2025-09-22T19:45:53.9682053Z [========                               ] 20% Downloading emulator-linux_x64-138
2025-09-22T19:45:54.0274219Z [========                               ] 21% Downloading emulator-linux_x64-138
2025-09-22T19:45:54.1162001Z [========                               ] 21% Unzipping...                      
2025-09-22T19:45:54.1162650Z [========                               ] 21% Unzipping... emulator/            
2025-09-22T19:45:54.1168772Z [========                               ] 21% Unzipping... emulator/LICENSE     
2025-09-22T19:45:54.1169688Z [========                               ] 21% Unzipping... emulator/qemu/       
2025-09-22T19:45:54.1218006Z [========                               ] 21% Unzipping... emulator/NOTICE.txt  
2025-09-22T19:45:54.1218629Z [========                               ] 21% Unzipping... emulator/android-info
2025-09-22T19:45:54.1219207Z [========                               ] 21% Unzipping... emulator/include/    
2025-09-22T19:45:54.1219749Z [========                               ] 21% Unzipping... emulator/resources/  
2025-09-22T19:45:54.1401719Z [========                               ] 21% Unzipping... emulator/emulator    
2025-09-22T19:45:54.2025056Z [========                               ] 21% Unzipping... emulator/nimble_bridg
2025-09-22T19:45:54.2026778Z [========                               ] 21% Unzipping... emulator/lib/        
2025-09-22T19:45:54.2028494Z [========                               ] 21% Unzipping... emulator/bin64/      
2025-09-22T19:45:54.2029036Z [========                               ] 21% Unzipping... emulator/lib64/      
2025-09-22T19:45:54.2238734Z [========                               ] 21% Unzipping... emulator/emulator-che
2025-09-22T19:45:54.2436183Z [========                               ] 21% Unzipping... emulator/crashreport 
2025-09-22T19:45:54.2456512Z [========                               ] 21% Unzipping... emulator/crashpad_han
2025-09-22T19:45:54.2599342Z [========                               ] 22% Unzipping... emulator/crashpad_han
2025-09-22T19:45:54.2816531Z [========                               ] 22% Unzipping... emulator/qsn         
2025-09-22T19:45:54.2825202Z [========                               ] 22% Unzipping... emulator/mksdcard    
2025-09-22T19:45:54.2827775Z [========                               ] 22% Unzipping... emulator/NOTICE.csv  
2025-09-22T19:45:54.4126029Z [========                               ] 22% Unzipping... emulator/netsimd     
2025-09-22T19:45:54.4129281Z [========                               ] 22% Unzipping... emulator/source.prope
2025-09-22T19:45:54.4213690Z [========                               ] 22% Unzipping... emulator/qemu-img    
2025-09-22T19:45:54.5860622Z [========                               ] 22% Unzipping... emulator/qemu/linux-x
2025-09-22T19:45:54.9044636Z [=========                              ] 23% Unzipping... emulator/qemu/linux-x
2025-09-22T19:45:55.2665707Z [=========                              ] 24% Unzipping... emulator/qemu/linux-x
2025-09-22T19:45:55.4482374Z [=========                              ] 25% Unzipping... emulator/qemu/linux-x
2025-09-22T19:45:55.4758305Z [==========                             ] 25% Unzipping... emulator/qemu/linux-x
2025-09-22T19:45:55.4848239Z [==========                             ] 25% Unzipping... emulator/include/flat
2025-09-22T19:45:55.5168110Z [==========                             ] 25% Unzipping... emulator/resources/To
2025-09-22T19:45:55.5168886Z [==========                             ] 25% Unzipping... emulator/resources/ma
2025-09-22T19:45:55.5182654Z [==========                             ] 25% Unzipping... emulator/resources/po
2025-09-22T19:45:55.5186405Z [==========                             ] 25% Unzipping... emulator/resources/ma
2025-09-22T19:45:55.5187507Z [==========                             ] 25% Unzipping... emulator/resources/To
2025-09-22T19:45:55.5273161Z [==========                             ] 25% Unzipping... emulator/resources/ma
2025-09-22T19:45:55.5278949Z [==========                             ] 25% Unzipping... emulator/lib/emulated
2025-09-22T19:45:55.5295058Z [==========                             ] 25% Unzipping... emulator/lib/ca-bundl
2025-09-22T19:45:55.5298446Z [==========                             ] 25% Unzipping... emulator/lib/grpc_end
2025-09-22T19:45:55.5304141Z [==========                             ] 25% Unzipping... emulator/lib/emulator
2025-09-22T19:45:55.5308880Z [==========                             ] 25% Unzipping... emulator/lib/emu-orig
2025-09-22T19:45:55.5438580Z [==========                             ] 25% Unzipping... emulator/lib/libflatb
2025-09-22T19:45:55.5626242Z [==========                             ] 26% Unzipping... emulator/lib/libflatb
2025-09-22T19:45:55.5630098Z [==========                             ] 26% Unzipping... emulator/lib/rtc_serv
2025-09-22T19:45:55.5633075Z [==========                             ] 26% Unzipping... emulator/lib/waterfal
2025-09-22T19:45:55.5636908Z [==========                             ] 26% Unzipping... emulator/lib/emulator
2025-09-22T19:45:55.5637911Z [==========                             ] 26% Unzipping... emulator/lib/pkgconfi
2025-09-22T19:45:55.5641230Z [==========                             ] 26% Unzipping... emulator/lib/snapshot
2025-09-22T19:45:55.5648351Z [==========                             ] 26% Unzipping... emulator/lib/hostapd.
2025-09-22T19:45:55.5652362Z [==========                             ] 26% Unzipping... emulator/lib/advanced
2025-09-22T19:45:55.5653667Z [==========                             ] 26% Unzipping... emulator/lib/pc-bios/
2025-09-22T19:45:55.5656330Z [==========                             ] 26% Unzipping... emulator/lib/ui_contr
2025-09-22T19:45:55.5659673Z [==========                             ] 26% Unzipping... emulator/lib/control_
2025-09-22T19:45:55.5660688Z [==========                             ] 26% Unzipping... emulator/lib/cmake/  
2025-09-22T19:45:55.5663960Z [==========                             ] 26% Unzipping... emulator/lib/emulator
2025-09-22T19:45:55.5667832Z [==========                             ] 26% Unzipping... emulator/lib/hardware
2025-09-22T19:45:55.5670494Z [==========                             ] 26% Unzipping... emulator/lib/adb_serv
2025-09-22T19:45:55.5673225Z [==========                             ] 26% Unzipping... emulator/lib/ice_conf
2025-09-22T19:45:55.5676574Z [==========                             ] 26% Unzipping... emulator/lib/snapshot
2025-09-22T19:45:55.5679783Z [==========                             ] 26% Unzipping... emulator/lib/rtc_serv
2025-09-22T19:45:55.5682635Z [==========                             ] 26% Unzipping... emulator/lib/pkgconfi
2025-09-22T19:45:55.5876587Z [==========                             ] 26% Unzipping... emulator/lib/pc-bios/
2025-09-22T19:45:55.5888980Z [==========                             ] 26% Unzipping... emulator/lib/cmake/fl
2025-09-22T19:45:55.5919489Z [==========                             ] 26% Unzipping... emulator/bin64/mkfs.e
2025-09-22T19:45:55.5936584Z [==========                             ] 26% Unzipping... emulator/bin64/resize
2025-09-22T19:45:55.5980914Z [==========                             ] 26% Unzipping... emulator/bin64/fsck.e
2025-09-22T19:45:55.6024733Z [==========                             ] 26% Unzipping... emulator/bin64/e2fsck
2025-09-22T19:45:55.6050537Z [==========                             ] 26% Unzipping... emulator/bin64/tune2f
2025-09-22T19:45:55.6095696Z [==========                             ] 26% Unzipping... emulator/lib64/libabs
2025-09-22T19:45:55.6103088Z [==========                             ] 26% Unzipping... emulator/lib64/liband
2025-09-22T19:45:55.6104806Z [==========                             ] 26% Unzipping... emulator/lib64/qt/   
2025-09-22T19:45:55.6808447Z [==========                             ] 26% Unzipping... emulator/lib64/libgfx
2025-09-22T19:45:55.6929870Z [==========                             ] 26% Unzipping... emulator/lib64/libpro
2025-09-22T19:45:55.6990416Z [==========                             ] 26% Unzipping... emulator/lib64/libc++
2025-09-22T19:45:55.6997877Z [==========                             ] 26% Unzipping... emulator/lib64/libdrm
2025-09-22T19:45:55.7190014Z [==========                             ] 26% Unzipping... emulator/lib64/liband
2025-09-22T19:45:55.7192781Z [==========                             ] 26% Unzipping... emulator/lib64/vulkan
2025-09-22T19:45:55.7299843Z [==========                             ] 26% Unzipping... emulator/lib64/liband
2025-09-22T19:45:55.7371831Z [==========                             ] 26% Unzipping... emulator/lib64/libgli
2025-09-22T19:45:55.7374613Z [==========                             ] 26% Unzipping... emulator/lib64/libima
2025-09-22T19:45:55.7375638Z [==========                             ] 26% Unzipping... emulator/lib64/gles_m
2025-09-22T19:45:55.7439550Z [==========                             ] 26% Unzipping... emulator/lib64/libc++
2025-09-22T19:45:55.7492591Z [==========                             ] 26% Unzipping... emulator/lib64/libzst
2025-09-22T19:45:55.7496719Z [==========                             ] 26% Unzipping... emulator/lib64/libemu
2025-09-22T19:45:55.7502010Z [==========                             ] 26% Unzipping... emulator/lib64/liband
2025-09-22T19:45:55.7503387Z [==========                             ] 26% Unzipping... emulator/lib64/gles_s
2025-09-22T19:45:55.7521021Z [==========                             ] 26% Unzipping... emulator/lib64/libtcm
2025-09-22T19:45:55.7594870Z [==========                             ] 26% Unzipping... emulator/lib64/libsha
2025-09-22T19:45:55.8978842Z [==========                             ] 26% Unzipping... emulator/lib64/liband
2025-09-22T19:45:55.8979767Z [==========                             ] 26% Unzipping... emulator/lib64/gles_a
2025-09-22T19:45:55.9124225Z [==========                             ] 26% Unzipping... emulator/lib64/libpro
2025-09-22T19:45:55.9421446Z [==========                             ] 26% Unzipping... emulator/lib64/liband
2025-09-22T19:45:55.9422538Z [==========                             ] 26% Unzipping... emulator/lib64/qt/res
2025-09-22T19:45:55.9426779Z [==========                             ] 26% Unzipping... emulator/lib64/qt/tra
2025-09-22T19:45:55.9427742Z [==========                             ] 26% Unzipping... emulator/lib64/qt/lib
2025-09-22T19:45:55.9428304Z [==========                             ] 26% Unzipping... emulator/lib64/qt/plu
2025-09-22T19:45:55.9438747Z [==========                             ] 26% Unzipping... emulator/lib64/qt/res
2025-09-22T19:45:56.0194210Z [==========                             ] 27% Unzipping... emulator/lib64/qt/res
2025-09-22T19:45:56.1358336Z [==========                             ] 27% Unzipping... emulator/lib64/qt/tra
2025-09-22T19:45:56.2243044Z [==========                             ] 27% Unzipping... emulator/lib64/qt/lib
2025-09-22T19:45:56.5726972Z [===========                            ] 28% Unzipping... emulator/lib64/qt/lib
2025-09-22T19:45:56.9400251Z [===========                            ] 29% Unzipping... emulator/lib64/qt/lib
2025-09-22T19:45:57.3144559Z [===========                            ] 30% Unzipping... emulator/lib64/qt/lib
2025-09-22T19:45:57.4032056Z [============                           ] 30% Unzipping... emulator/lib64/qt/lib
2025-09-22T19:45:57.5274217Z [============                           ] 31% Unzipping... emulator/lib64/qt/lib
2025-09-22T19:45:57.5392462Z [============                           ] 31% Unzipping... emulator/lib64/qt/plu
2025-09-22T19:45:57.7833374Z [============                           ] 31% Unzipping... emulator/lib64/vulkan
2025-09-22T19:45:57.8689470Z [============                           ] 32% Unzipping... emulator/lib64/vulkan
2025-09-22T19:45:58.0594966Z [============                           ] 32% Unzipping... emulator/lib64/gles_m
2025-09-22T19:45:58.1291373Z [============                           ] 32% Unzipping... emulator/lib64/gles_s
2025-09-22T19:45:58.1923525Z [============                           ] 32% Unzipping... emulator/lib64/gles_a
2025-09-22T19:45:58.2540838Z [=============                          ] 33% Unzipping... emulator/lib64/gles_a
2025-09-22T19:45:58.7953732Z [=====================                  ] 55% Unzipping... emulator/lib64/gles_a
2025-09-22T19:45:58.9886654Z [=====================                  ] 55% Installing Android SDK Tools emula
2025-09-22T19:45:58.9973732Z [=====================                  ] 55% Downloading sdk-tools-linux-433379
2025-09-22T19:45:59.0183230Z [======================                 ] 55% Downloading sdk-tools-linux-433379
2025-09-22T19:45:59.0661383Z [======================                 ] 56% Downloading sdk-tools-linux-433379
2025-09-22T19:45:59.1112426Z [======================                 ] 57% Downloading sdk-tools-linux-433379
2025-09-22T19:45:59.1569518Z [=======================                ] 58% Downloading sdk-tools-linux-433379
2025-09-22T19:45:59.1971039Z [=======================                ] 59% Downloading sdk-tools-linux-433379
2025-09-22T19:45:59.2205108Z [=======================                ] 60% Downloading sdk-tools-linux-433379
2025-09-22T19:45:59.2393550Z [========================               ] 60% Downloading sdk-tools-linux-433379
2025-09-22T19:45:59.2820497Z [========================               ] 61% Downloading sdk-tools-linux-433379
2025-09-22T19:45:59.3223029Z [========================               ] 62% Downloading sdk-tools-linux-433379
2025-09-22T19:45:59.3637464Z [=========================              ] 63% Downloading sdk-tools-linux-433379
2025-09-22T19:45:59.4062055Z [=========================              ] 64% Downloading sdk-tools-linux-433379
2025-09-22T19:45:59.4243751Z [=========================              ] 65% Downloading sdk-tools-linux-433379
2025-09-22T19:45:59.4647559Z [==========================             ] 65% Downloading sdk-tools-linux-433379
2025-09-22T19:45:59.4876272Z [==========================             ] 66% Downloading sdk-tools-linux-433379
2025-09-22T19:45:59.5460230Z [==========================             ] 66% Unzipping... emulator/lib64/gles_a
2025-09-22T19:45:59.5461307Z [==========================             ] 66% Unzipping... tools/               
2025-09-22T19:45:59.5463158Z [==========================             ] 66% Unzipping... tools/proguard/      
2025-09-22T19:45:59.5463895Z [==========================             ] 66% Unzipping... tools/proguard/licens
2025-09-22T19:45:59.5466153Z [==========================             ] 66% Unzipping... tools/proguard/lib/  
2025-09-22T19:45:59.5493024Z [==========================             ] 66% Unzipping... tools/proguard/lib/pr
2025-09-22T19:45:59.5495068Z [==========================             ] 66% Unzipping... tools/proguard/lib/re
2025-09-22T19:45:59.5504758Z [==========================             ] 66% Unzipping... tools/proguard/lib/pr
2025-09-22T19:45:59.5505381Z [==========================             ] 66% Unzipping... tools/proguard/ant/  
2025-09-22T19:45:59.5507708Z [==========================             ] 66% Unzipping... tools/proguard/ant/ta
2025-09-22T19:45:59.5508413Z [==========================             ] 66% Unzipping... tools/proguard/docs/ 
2025-09-22T19:45:59.5510795Z [==========================             ] 66% Unzipping... tools/proguard/docs/f
2025-09-22T19:45:59.5517812Z [==========================             ] 66% Unzipping... tools/proguard/docs/s
2025-09-22T19:45:59.5519975Z [==========================             ] 66% Unzipping... tools/proguard/docs/d
2025-09-22T19:45:59.5523322Z [==========================             ] 66% Unzipping... tools/proguard/docs/s
2025-09-22T19:45:59.5525783Z [==========================             ] 66% Unzipping... tools/proguard/docs/F
2025-09-22T19:45:59.5530534Z [==========================             ] 66% Unzipping... tools/proguard/docs/s
2025-09-22T19:45:59.5533048Z [==========================             ] 66% Unzipping... tools/proguard/docs/l
2025-09-22T19:45:59.5536808Z [==========================             ] 66% Unzipping... tools/proguard/docs/s
2025-09-22T19:45:59.5540183Z [==========================             ] 66% Unzipping... tools/proguard/docs/d
2025-09-22T19:45:59.5545727Z [==========================             ] 66% Unzipping... tools/proguard/docs/s
2025-09-22T19:45:59.5548675Z [==========================             ] 66% Unzipping... tools/proguard/docs/r
2025-09-22T19:45:59.5552797Z [==========================             ] 66% Unzipping... tools/proguard/docs/d
2025-09-22T19:45:59.5553378Z [==========================             ] 66% Unzipping... tools/proguard/docs/t
2025-09-22T19:45:59.5555296Z [==========================             ] 66% Unzipping... tools/proguard/docs/f
2025-09-22T19:45:59.5559170Z [==========================             ] 66% Unzipping... tools/proguard/docs/s
2025-09-22T19:45:59.5561061Z [==========================             ] 66% Unzipping... tools/proguard/docs/t
2025-09-22T19:45:59.5563258Z [==========================             ] 66% Unzipping... tools/proguard/docs/i
2025-09-22T19:45:59.5567160Z [==========================             ] 66% Unzipping... tools/proguard/docs/s
2025-09-22T19:45:59.5570054Z [==========================             ] 66% Unzipping... tools/proguard/docs/m
2025-09-22T19:45:59.5572182Z [==========================             ] 66% Unzipping... tools/proguard/docs/s
2025-09-22T19:45:59.5574352Z [==========================             ] 66% Unzipping... tools/proguard/docs/q
2025-09-22T19:45:59.5577425Z [==========================             ] 66% Unzipping... tools/proguard/docs/G
2025-09-22T19:45:59.5579756Z [==========================             ] 66% Unzipping... tools/proguard/docs/t
2025-09-22T19:45:59.5591587Z [==========================             ] 66% Unzipping... tools/proguard/docs/s
2025-09-22T19:45:59.5633823Z [==========================             ] 66% Unzipping... tools/proguard/docs/m
2025-09-22T19:45:59.5636086Z [==========================             ] 66% Unzipping... tools/proguard/docs/s
2025-09-22T19:45:59.5638268Z [==========================             ] 66% Unzipping... tools/proguard/docs/G
2025-09-22T19:45:59.5640565Z [==========================             ] 66% Unzipping... tools/proguard/docs/c
2025-09-22T19:45:59.5645304Z [==========================             ] 66% Unzipping... tools/proguard/docs/a
2025-09-22T19:45:59.5653425Z [==========================             ] 66% Unzipping... tools/proguard/docs/s
2025-09-22T19:45:59.5655659Z [==========================             ] 66% Unzipping... tools/proguard/docs/d
2025-09-22T19:45:59.5733807Z [==========================             ] 66% Unzipping... tools/proguard/exampl
2025-09-22T19:45:59.5734379Z [==========================             ] 66% Unzipping... tools/proguard/bin/  
2025-09-22T19:45:59.5738525Z [==========================             ] 66% Unzipping... tools/proguard/bin/pr
2025-09-22T19:45:59.5740689Z [==========================             ] 66% Unzipping... tools/proguard/bin/re
2025-09-22T19:45:59.5742831Z [==========================             ] 66% Unzipping... tools/proguard/README
2025-09-22T19:45:59.5747966Z [==========================             ] 66% Unzipping... tools/proguard/progua
2025-09-22T19:45:59.5748708Z [==========================             ] 66% Unzipping... tools/lib/           
2025-09-22T19:45:59.5782928Z [==========================             ] 66% Unzipping... tools/lib/bcpkix-jdk1
2025-09-22T19:45:59.5790668Z [==========================             ] 66% Unzipping... tools/lib/org-eclipse
2025-09-22T19:45:59.5800393Z [==========================             ] 66% Unzipping... tools/lib/manifest-me
2025-09-22T19:45:59.5805744Z [==========================             ] 66% Unzipping... tools/lib/jcommander-
2025-09-22T19:45:59.5818808Z [==========================             ] 66% Unzipping... tools/lib/gson-2.3.ja
2025-09-22T19:45:59.5821018Z [==========================             ] 66% Unzipping... tools/lib/ddms-26.0.0
2025-09-22T19:45:59.5826464Z [==========================             ] 66% Unzipping... tools/lib/asm-tree-5.
2025-09-22T19:45:59.5896382Z [==========================             ] 66% Unzipping... tools/lib/uast-26.0.0
2025-09-22T19:45:59.5908427Z [==========================             ] 66% Unzipping... tools/lib/dexlib2-2.2
2025-09-22T19:45:59.5962396Z [==========================             ] 67% Unzipping... tools/lib/dexlib2-2.2
2025-09-22T19:45:59.5965406Z [==========================             ] 67% Unzipping... tools/lib/android.el 
2025-09-22T19:45:59.5971064Z [==========================             ] 67% Unzipping... tools/lib/apkanalyzer
2025-09-22T19:45:59.6128376Z [==========================             ] 67% Unzipping... tools/lib/guava-22.0.
2025-09-22T19:45:59.6157145Z [==========================             ] 67% Unzipping... tools/lib/lint-api-26
2025-09-22T19:45:59.6166128Z [==========================             ] 67% Unzipping... tools/lib/baksmali-2.
2025-09-22T19:45:59.6170250Z [==========================             ] 67% Unzipping... tools/lib/shared.jar 
2025-09-22T19:45:59.6174839Z [==========================             ] 67% Unzipping... tools/lib/jsr305-1.3.
2025-09-22T19:45:59.6198602Z [==========================             ] 67% Unzipping... tools/lib/httpclient-
2025-09-22T19:45:59.6307675Z [==========================             ] 67% Unzipping... tools/lib/ecj-4.6.1.j
2025-09-22T19:45:59.6311905Z [==========================             ] 67% Unzipping... tools/lib/jobb-26.0.0
2025-09-22T19:45:59.6329661Z [==========================             ] 67% Unzipping... tools/lib/jcommon-1.0
2025-09-22T19:45:59.6334032Z [==========================             ] 67% Unzipping... tools/lib/kxml2-2.3.0
2025-09-22T19:45:59.6397469Z [==========================             ] 67% Unzipping... tools/lib/jfreechart-
2025-09-22T19:45:59.6407789Z [==========================             ] 67% Unzipping... tools/lib/common-26.0
2025-09-22T19:45:59.6462094Z [==========================             ] 67% Unzipping... tools/lib/lint-checks
2025-09-22T19:45:59.6575914Z [==========================             ] 67% Unzipping... tools/lib/kotlin-refl
2025-09-22T19:45:59.6579766Z [==========================             ] 67% Unzipping... tools/lib/builder-mod
2025-09-22T19:45:59.6615410Z [==========================             ] 67% Unzipping... tools/lib/sdklib-26.0
2025-09-22T19:45:59.6621910Z [==========================             ] 67% Unzipping... tools/lib/layoutlib-a
2025-09-22T19:45:59.6625141Z [==========================             ] 67% Unzipping... tools/lib/annotations
2025-09-22T19:45:59.6631203Z [==========================             ] 67% Unzipping... tools/lib/fat32lib.ja
2025-09-22T19:45:59.6634978Z [==========================             ] 67% Unzipping... tools/lib/jsr305-3.0.
2025-09-22T19:45:59.6693434Z [==========================             ] 67% Unzipping... tools/lib/org-eclipse
2025-09-22T19:45:59.6696079Z [==========================             ] 67% Unzipping... tools/lib/error_prone
2025-09-22T19:45:59.6703942Z [==========================             ] 67% Unzipping... tools/lib/org-eclipse
2025-09-22T19:45:59.6707424Z [==========================             ] 67% Unzipping... tools/lib/animal-snif
2025-09-22T19:45:59.6741185Z [==========================             ] 67% Unzipping... tools/lib/asset-studi
2025-09-22T19:45:59.6773175Z [===========================            ] 68% Unzipping... tools/lib/asset-studi
2025-09-22T19:45:59.6785961Z [===========================            ] 68% Unzipping... tools/lib/repository-
2025-09-22T19:45:59.6789589Z [===========================            ] 68% Unzipping... tools/lib/dvlib-26.0.
2025-09-22T19:45:59.6819998Z [===========================            ] 68% Unzipping... tools/lib/jsilver-1.0
2025-09-22T19:45:59.6825669Z [===========================            ] 68% Unzipping... tools/lib/asm-5.1.jar
2025-09-22T19:45:59.6828725Z [===========================            ] 68% Unzipping... tools/lib/devices.xml
2025-09-22T19:45:59.6832209Z [===========================            ] 68% Unzipping... tools/lib/asm-analysi
2025-09-22T19:45:59.6855532Z [===========================            ] 68% Unzipping... tools/lib/hierarchyvi
2025-09-22T19:45:59.6864187Z [===========================            ] 68% Unzipping... tools/lib/monkeyrunne
2025-09-22T19:45:59.6871651Z [===========================            ] 68% Unzipping... tools/lib/uiautomator
2025-09-22T19:45:59.6874304Z [===========================            ] 68% Unzipping... tools/lib/archquery-2
2025-09-22T19:45:59.6881119Z [===========================            ] 68% Unzipping... tools/lib/chimpchat-2
2025-09-22T19:45:59.6881917Z [===========================            ] 68% Unzipping... tools/lib/explainer.j
2025-09-22T19:45:59.6906521Z [===========================            ] 68% Unzipping... tools/lib/ddmlib-26.0
2025-09-22T19:45:59.6909639Z [===========================            ] 68% Unzipping... tools/lib/swtmenubar-
2025-09-22T19:45:59.6985674Z [===========================            ] 68% Unzipping... tools/lib/osgi-4.0.0.
2025-09-22T19:45:59.6986255Z [===========================            ] 68% Unzipping... tools/lib/x86_64/    
2025-09-22T19:45:59.7058041Z [===========================            ] 68% Unzipping... tools/lib/x86_64/swt.
2025-09-22T19:45:59.7485406Z [===========================            ] 68% Unzipping... tools/lib/monitor-x86
2025-09-22T19:45:59.8302750Z [===========================            ] 69% Unzipping... tools/lib/monitor-x86
2025-09-22T19:45:59.8813729Z [===========================            ] 70% Unzipping... tools/lib/monitor-x86
2025-09-22T19:45:59.9214120Z [============================           ] 70% Unzipping... tools/lib/monitor-x86
2025-09-22T19:46:00.0708260Z [============================           ] 71% Unzipping... tools/lib/monitor-x86
2025-09-22T19:46:00.0710330Z [============================           ] 71% Unzipping... tools/lib/httpmime-4.
2025-09-22T19:46:00.0712638Z [============================           ] 71% Unzipping... tools/lib/annotations
2025-09-22T19:46:00.0730468Z [============================           ] 71% Unzipping... tools/lib/lint-26.0.0
2025-09-22T19:46:00.0737735Z [============================           ] 71% Unzipping... tools/lib/apkanalyzer
2025-09-22T19:46:00.0744707Z [============================           ] 71% Unzipping... tools/lib/binary-reso
2025-09-22T19:46:00.0752868Z [============================           ] 71% Unzipping... tools/lib/jopt-simple
2025-09-22T19:46:00.0756636Z [============================           ] 71% Unzipping... tools/lib/util-2.2.1.
2025-09-22T19:46:00.0775297Z [============================           ] 71% Unzipping... tools/lib/ddmuilib-26
2025-09-22T19:46:00.0789290Z [============================           ] 72% Unzipping... tools/lib/ddmuilib-26
2025-09-22T19:46:00.0836159Z [============================           ] 72% Unzipping... tools/lib/sdk-common-
2025-09-22T19:46:00.0845220Z [============================           ] 72% Unzipping... tools/lib/traceview-2
2025-09-22T19:46:00.0859293Z [============================           ] 72% Unzipping... tools/lib/httpcore-4.
2025-09-22T19:46:00.0861582Z [============================           ] 72% Unzipping... tools/lib/screenshot2
2025-09-22T19:46:00.0874837Z [============================           ] 72% Unzipping... tools/lib/commons-cod
2025-09-22T19:46:00.0876369Z [============================           ] 72% Unzipping... tools/lib/proguard-pr
2025-09-22T19:46:00.1431375Z [============================           ] 72% Unzipping... tools/lib/jython-stan
2025-09-22T19:46:00.1489875Z [=============================          ] 73% Unzipping... tools/lib/jython-stan
2025-09-22T19:46:00.1493299Z [=============================          ] 73% Unzipping... tools/lib/annotations
2025-09-22T19:46:00.1498934Z [=============================          ] 73% Unzipping... tools/lib/commons-log
2025-09-22T19:46:00.1563376Z [=============================          ] 73% Unzipping... tools/lib/protobuf-ja
2025-09-22T19:46:00.1568136Z [=============================          ] 73% Unzipping... tools/lib/fakeadbserv
2025-09-22T19:46:00.1718788Z [=============================          ] 73% Unzipping... tools/lib/bcprov-jdk1
2025-09-22T19:46:00.1719413Z [=============================          ] 73% Unzipping... tools/lib/x86/       
2025-09-22T19:46:00.1786810Z [=============================          ] 73% Unzipping... tools/lib/x86/swt.jar
2025-09-22T19:46:00.1830648Z [=============================          ] 73% Unzipping... tools/lib/kotlin-stdl
2025-09-22T19:46:00.1854370Z [=============================          ] 73% Unzipping... tools/lib/commons-com
2025-09-22T19:46:00.1890616Z [=============================          ] 73% Unzipping... tools/lib/lombok-ast-
2025-09-22T19:46:00.1919902Z [=============================          ] 73% Unzipping... tools/lib/trove4j-201
2025-09-22T19:46:00.2149378Z [=============================          ] 73% Unzipping... tools/lib/intellij-co
2025-09-22T19:46:00.2298906Z [=============================          ] 74% Unzipping... tools/lib/intellij-co
2025-09-22T19:46:00.2311022Z [=============================          ] 74% Unzipping... tools/lib/jimfs-1.1.j
2025-09-22T19:46:00.2313299Z [=============================          ] 74% Unzipping... tools/lib/j2objc-anno
2025-09-22T19:46:00.2319460Z [=============================          ] 74% Unzipping... tools/lib/jfreechart-
2025-09-22T19:46:00.2777697Z [=============================          ] 74% Unzipping... tools/lib/monitor-x86
2025-09-22T19:46:00.3173981Z [=============================          ] 75% Unzipping... tools/lib/monitor-x86
2025-09-22T19:46:00.3541257Z [==============================         ] 75% Unzipping... tools/lib/monitor-x86
2025-09-22T19:46:00.4388495Z [==============================         ] 76% Unzipping... tools/lib/monitor-x86
2025-09-22T19:46:00.5805232Z [==============================         ] 77% Unzipping... tools/lib/monitor-x86
2025-09-22T19:46:00.5809959Z [==============================         ] 77% Unzipping... tools/lib/generator.j
2025-09-22T19:46:00.5812020Z [==============================         ] 77% Unzipping... tools/source.properti
2025-09-22T19:46:00.5812955Z [==============================         ] 77% Unzipping... tools/bin/           
2025-09-22T19:46:00.5815340Z [==============================         ] 77% Unzipping... tools/bin/avdmanager 
2025-09-22T19:46:00.5817525Z [==============================         ] 77% Unzipping... tools/bin/jobb       
2025-09-22T19:46:00.5821761Z [==============================         ] 77% Unzipping... tools/bin/uiautomator
2025-09-22T19:46:00.5822331Z [==============================         ] 77% Unzipping... tools/bin/apkanalyzer
2025-09-22T19:46:00.5824663Z [==============================         ] 77% Unzipping... tools/bin/monkeyrunne
2025-09-22T19:46:00.5827830Z [==============================         ] 77% Unzipping... tools/bin/archquery  
2025-09-22T19:46:00.5829985Z [==============================         ] 77% Unzipping... tools/bin/sdkmanager 
2025-09-22T19:46:00.5832768Z [==============================         ] 77% Unzipping... tools/bin/lint       
2025-09-22T19:46:00.5835265Z [==============================         ] 77% Unzipping... tools/bin/screenshot2
2025-09-22T19:46:00.5858956Z [==============================         ] 77% Unzipping... tools/NOTICE.txt     
2025-09-22T19:46:00.5895020Z [==============================         ] 77% Unzipping... tools/emulator       
2025-09-22T19:46:00.5919459Z [==============================         ] 77% Unzipping... tools/emulator-check 
2025-09-22T19:46:00.5922005Z [==============================         ] 77% Unzipping... tools/monitor        
2025-09-22T19:46:00.5924412Z [==============================         ] 77% Unzipping... tools/android        
2025-09-22T19:46:00.5927467Z [==============================         ] 77% Unzipping... tools/mksdcard       
2025-09-22T19:46:00.5928100Z [==============================         ] 77% Unzipping... tools/support/       
2025-09-22T19:46:00.5933757Z [==============================         ] 77% Unzipping... tools/support/typos-d
2025-09-22T19:46:00.5937501Z [==============================         ] 77% Unzipping... tools/support/typos-e
2025-09-22T19:46:00.5939997Z [==============================         ] 77% Unzipping... tools/support/annotat
2025-09-22T19:46:00.5947434Z [==============================         ] 77% Unzipping... tools/support/typos-e
2025-09-22T19:46:00.5950661Z [==============================         ] 77% Unzipping... tools/support/typos-t
2025-09-22T19:46:00.5954864Z [==============================         ] 77% Unzipping... tools/support/typos-p
2025-09-22T19:46:00.5958255Z [==============================         ] 77% Unzipping... tools/support/typos-i
2025-09-22T19:46:00.5961481Z [==============================         ] 77% Unzipping... tools/support/typos-n
2025-09-22T19:46:00.5965074Z [==============================         ] 77% Unzipping... tools/support/typos-h
2025-09-22T19:46:00.6259036Z [==============================         ] 78% Unzipping... tools/support/typos-h
2025-09-22T19:46:00.6259633Z [=======================================] 100% Unzipping... tools/support/typos-
2025-09-22T19:46:00.6310445Z 
2025-09-22T19:46:00.6456365Z [command]/usr/local/lib/android/sdk/cmdline-tools/16.0/bin/sdkmanager platform-tools
2025-09-22T19:46:01.3553775Z Loading package information...                                                  
2025-09-22T19:46:01.4424237Z Loading local repository...                                                     
2025-09-22T19:46:01.4431363Z [                                       ] 3% Loading local repository...        
2025-09-22T19:46:01.4517875Z [                                       ] 3% Fetch remote repository...         
2025-09-22T19:46:01.8464980Z [=                                      ] 3% Fetch remote repository...         
2025-09-22T19:46:01.9181575Z [=                                      ] 4% Fetch remote repository...         
2025-09-22T19:46:01.9554312Z [=                                      ] 5% Fetch remote repository...         
2025-09-22T19:46:01.9999827Z [==                                     ] 5% Fetch remote repository...         
2025-09-22T19:46:02.1061185Z [==                                     ] 6% Fetch remote repository...         
2025-09-22T19:46:02.1923582Z [==                                     ] 7% Fetch remote repository...         
2025-09-22T19:46:02.1924202Z [==                                     ] 7% Computing updates...               
2025-09-22T19:46:02.2037614Z [===                                    ] 8% Computing updates...               
2025-09-22T19:46:02.2098919Z [===                                    ] 10% Computing updates...              
2025-09-22T19:46:02.2101639Z [=======================================] 100% Computing updates...             
2025-09-22T19:46:02.2106054Z 
2025-09-22T19:46:02.2456849Z ##[group]Run chmod +x gradlew
2025-09-22T19:46:02.2457166Z [36;1mchmod +x gradlew[0m
2025-09-22T19:46:02.2512991Z shell: /usr/bin/bash -e {0}
2025-09-22T19:46:02.2513254Z env:
2025-09-22T19:46:02.2513539Z   JAVA_HOME: /opt/hostedtoolcache/Java_Temurin-Hotspot_jdk/17.0.16-8/x64
2025-09-22T19:46:02.2514002Z   JAVA_HOME_17_X64: /opt/hostedtoolcache/Java_Temurin-Hotspot_jdk/17.0.16-8/x64
2025-09-22T19:46:02.2514372Z   ANDROID_HOME: /usr/local/lib/android/sdk
2025-09-22T19:46:02.2514649Z   ANDROID_SDK_ROOT: /usr/local/lib/android/sdk
2025-09-22T19:46:02.2514899Z ##[endgroup]
2025-09-22T19:46:02.4137053Z ##[group]Run actions/cache@v4
2025-09-22T19:46:02.4137745Z with:
2025-09-22T19:46:02.4138028Z   path: ~/.gradle/caches
~/.gradle/wrapper

2025-09-22T19:46:02.4138528Z   key: Linux-gradle-c46bf01311c8a311e866c1a67f09612a3603f1064d9a77ec36e032d4cdf12d81
2025-09-22T19:46:02.4139010Z   restore-keys: Linux-gradle-

2025-09-22T19:46:02.4139282Z   enableCrossOsArchive: false
2025-09-22T19:46:02.4139548Z   fail-on-cache-miss: false
2025-09-22T19:46:02.4139793Z   lookup-only: false
2025-09-22T19:46:02.4140023Z   save-always: false
2025-09-22T19:46:02.4140424Z env:
2025-09-22T19:46:02.4140737Z   JAVA_HOME: /opt/hostedtoolcache/Java_Temurin-Hotspot_jdk/17.0.16-8/x64
2025-09-22T19:46:02.4141257Z   JAVA_HOME_17_X64: /opt/hostedtoolcache/Java_Temurin-Hotspot_jdk/17.0.16-8/x64
2025-09-22T19:46:02.4141681Z   ANDROID_HOME: /usr/local/lib/android/sdk
2025-09-22T19:46:02.4142000Z   ANDROID_SDK_ROOT: /usr/local/lib/android/sdk
2025-09-22T19:46:02.4142279Z ##[endgroup]
2025-09-22T19:46:02.6230208Z Cache not found for input keys: Linux-gradle-c46bf01311c8a311e866c1a67f09612a3603f1064d9a77ec36e032d4cdf12d81, Linux-gradle-
2025-09-22T19:46:02.6301759Z ##[group]Run ./gradlew ktlintCheck
2025-09-22T19:46:02.6302077Z [36;1m./gradlew ktlintCheck[0m
2025-09-22T19:46:02.6302317Z [36;1mif [ $? -ne 0 ]; then[0m
2025-09-22T19:46:02.6302680Z [36;1m  echo "❌ Code style violations found. Run 'gradlew ktlintFormat' to fix."[0m
2025-09-22T19:46:02.6303050Z [36;1m  exit 1[0m
2025-09-22T19:46:02.6303224Z [36;1mfi[0m
2025-09-22T19:46:02.6333785Z shell: /usr/bin/bash -e {0}
2025-09-22T19:46:02.6334026Z env:
2025-09-22T19:46:02.6334324Z   JAVA_HOME: /opt/hostedtoolcache/Java_Temurin-Hotspot_jdk/17.0.16-8/x64
2025-09-22T19:46:02.6334797Z   JAVA_HOME_17_X64: /opt/hostedtoolcache/Java_Temurin-Hotspot_jdk/17.0.16-8/x64
2025-09-22T19:46:02.6335170Z   ANDROID_HOME: /usr/local/lib/android/sdk
2025-09-22T19:46:02.6335517Z   ANDROID_SDK_ROOT: /usr/local/lib/android/sdk
2025-09-22T19:46:02.6335773Z ##[endgroup]
2025-09-22T19:46:02.7170117Z Downloading https://services.gradle.org/distributions/gradle-8.13-bin.zip
2025-09-22T19:46:04.1703097Z .............10%.............20%.............30%.............40%.............50%.............60%.............70%.............80%.............90%.............100%
2025-09-22T19:46:05.3713247Z 
2025-09-22T19:46:05.3718398Z Welcome to Gradle 8.13!
2025-09-22T19:46:05.3718740Z 
2025-09-22T19:46:05.3719042Z Here are the highlights of this release:
2025-09-22T19:46:05.3719610Z  - Daemon JVM auto-provisioning
2025-09-22T19:46:05.3720195Z  - Enhancements for Scala plugin and JUnit testing
2025-09-22T19:46:05.3720933Z  - Improvements for build authors and plugin developers
2025-09-22T19:46:05.3721356Z 
2025-09-22T19:46:05.3724806Z For more details see https://docs.gradle.org/8.13/release-notes.html
2025-09-22T19:46:05.3725522Z 
2025-09-22T19:46:05.3817776Z 
2025-09-22T19:46:05.3818501Z FAILURE: Build failed with an exception.
2025-09-22T19:46:05.3818876Z 
2025-09-22T19:46:05.3819081Z * What went wrong:
2025-09-22T19:46:05.3821039Z Value 'C:/Program Files/Android/Android Studio/jbr' given for org.gradle.java.home Gradle property is invalid (Java home supplied is invalid)
2025-09-22T19:46:05.3822004Z 
2025-09-22T19:46:05.3822134Z * Try:
2025-09-22T19:46:05.3822667Z > Run with --stacktrace option to get the stack trace.
2025-09-22T19:46:05.3823471Z > Run with --info or --debug option to get more log output.
2025-09-22T19:46:05.3824430Z > Run with --scan to get full insights.
2025-09-22T19:46:05.3825152Z > Get more help at https://help.gradle.org.
2025-09-22T19:46:05.3932232Z ##[error]Process completed with exit code 1.
2025-09-22T19:46:05.4013144Z Post job cleanup.
2025-09-22T19:46:05.5723755Z Post job cleanup.
2025-09-22T19:46:05.6648938Z [command]/usr/bin/git version
2025-09-22T19:46:05.6689255Z git version 2.51.0
2025-09-22T19:46:05.6734483Z Temporarily overriding HOME='/home/runner/work/_temp/faa87915-54aa-4603-bbb5-bdfe84da322c' before making global git config changes
2025-09-22T19:46:05.6736025Z Adding repository directory to the temporary git global config as a safe directory
2025-09-22T19:46:05.6741421Z [command]/usr/bin/git config --global --add safe.directory /home/runner/work/pose-coach-android-starter/pose-coach-android-starter
2025-09-22T19:46:05.6782062Z [command]/usr/bin/git config --local --name-only --get-regexp core\.sshCommand
2025-09-22T19:46:05.6814106Z [command]/usr/bin/git submodule foreach --recursive sh -c "git config --local --name-only --get-regexp 'core\.sshCommand' && git config --local --unset-all 'core.sshCommand' || :"
2025-09-22T19:46:05.7026487Z fatal: No url found for submodule path 'pose-coach-skeleton' in .gitmodules
2025-09-22T19:46:05.7065210Z ##[warning]The process '/usr/bin/git' failed with exit code 128
2025-09-22T19:46:05.7138080Z Cleaning up orphan processes
