2025-09-22T19:45:41.6413317Z Current runner version: '2.328.0'
2025-09-22T19:45:41.6437318Z ##[group]Runner Image Provisioner
2025-09-22T19:45:41.6438150Z Hosted Compute Agent
2025-09-22T19:45:41.6438675Z Version: 20250829.383
2025-09-22T19:45:41.6439330Z Commit: 27cb235aab5b0e52e153a26cd86b4742e89dac5d
2025-09-22T19:45:41.6440014Z Build Date: 2025-08-29T13:48:48Z
2025-09-22T19:45:41.6440616Z ##[endgroup]
2025-09-22T19:45:41.6441127Z ##[group]Operating System
2025-09-22T19:45:41.6441789Z Ubuntu
2025-09-22T19:45:41.6442432Z 24.04.3
2025-09-22T19:45:41.6442863Z LTS
2025-09-22T19:45:41.6443401Z ##[endgroup]
2025-09-22T19:45:41.6443862Z ##[group]Runner Image
2025-09-22T19:45:41.6444433Z Image: ubuntu-24.04
2025-09-22T19:45:41.6445029Z Version: 20250907.24.1
2025-09-22T19:45:41.6446050Z Included Software: https://github.com/actions/runner-images/blob/ubuntu24/20250907.24/images/ubuntu/Ubuntu2404-Readme.md
2025-09-22T19:45:41.6447651Z Image Release: https://github.com/actions/runner-images/releases/tag/ubuntu24%2F20250907.24
2025-09-22T19:45:41.6448630Z ##[endgroup]
2025-09-22T19:45:41.6449882Z ##[group]GITHUB_TOKEN Permissions
2025-09-22T19:45:41.6451807Z Actions: read
2025-09-22T19:45:41.6452722Z Contents: read
2025-09-22T19:45:41.6453359Z Metadata: read
2025-09-22T19:45:41.6453838Z SecurityEvents: write
2025-09-22T19:45:41.6454411Z ##[endgroup]
2025-09-22T19:45:41.6456589Z Secret source: Actions
2025-09-22T19:45:41.6457293Z Prepare workflow directory
2025-09-22T19:45:41.6899279Z Prepare all required actions
2025-09-22T19:45:41.6935959Z Getting action download info
2025-09-22T19:45:42.1674456Z Download action repository 'actions/checkout@v4' (SHA:08eba0b27e820071cde6df949e0beb9ba4906955)
2025-09-22T19:45:42.3363693Z Download action repository 'aquasecurity/trivy-action@master' (SHA:b6643a29fecd7f34b3597bc6acb0a98b03d33ff8)
2025-09-22T19:45:42.9001193Z Download action repository 'github/codeql-action@v3' (SHA:192325c86100d080feab897ff886c34abd4c83a3)
2025-09-22T19:45:43.8337054Z Download action repository 'dependency-check/Dependency-Check_Action@main' (SHA:2ba636726705b0f74f126ebeaacaf2ad4600b967)
2025-09-22T19:45:44.3876461Z Download action repository 'actions/upload-artifact@v4' (SHA:ea165f8d65b6e75b540449e92b4886f43607fa02)
2025-09-22T19:45:44.6083239Z Getting action download info
2025-09-22T19:45:44.7807781Z Download action repository 'aquasecurity/setup-trivy@e6c2c5e321ed9123bda567646e2f96565e34abe1' (SHA:e6c2c5e321ed9123bda567646e2f96565e34abe1)
2025-09-22T19:45:45.2036122Z Download action repository 'actions/cache@0400d5f644dc74513175e3cd8d07132dd4860809' (SHA:0400d5f644dc74513175e3cd8d07132dd4860809)
2025-09-22T19:45:45.3019110Z Getting action download info
2025-09-22T19:45:45.4984465Z Download action repository 'actions/checkout@08c6903cd8c0fde910a37f88322edcfb5dd907a8' (SHA:08c6903cd8c0fde910a37f88322edcfb5dd907a8)
2025-09-22T19:45:45.5831197Z Complete job name: Security Vulnerability Scan
2025-09-22T19:45:45.6278621Z ##[group]Build container for action use: '/home/runner/work/_actions/dependency-check/Dependency-Check_Action/main/Dockerfile'.
2025-09-22T19:45:45.6328508Z ##[command]/usr/bin/docker build -t 94410e:14bbfb5ec70c4dc9a0b2a44ff60e067f -f "/home/runner/work/_actions/dependency-check/Dependency-Check_Action/main/Dockerfile" "/home/runner/work/_actions/dependency-check/Dependency-Check_Action/main"
2025-09-22T19:45:46.1400939Z #0 building with "default" instance using docker driver
2025-09-22T19:45:46.1401407Z 
2025-09-22T19:45:46.1401588Z #1 [internal] load build definition from Dockerfile
2025-09-22T19:45:46.1402005Z #1 transferring dockerfile: 631B done
2025-09-22T19:45:46.1402569Z #1 DONE 0.0s
2025-09-22T19:45:46.1402708Z 
2025-09-22T19:45:46.1402980Z #2 [internal] load metadata for docker.io/owasp/dependency-check-action:latest
2025-09-22T19:45:46.3240808Z #2 ...
2025-09-22T19:45:46.3241105Z 
2025-09-22T19:45:46.3241724Z #3 [auth] owasp/dependency-check-action:pull token for registry-1.docker.io
2025-09-22T19:45:46.3242617Z #3 DONE 0.0s
2025-09-22T19:45:46.4741021Z 
2025-09-22T19:45:46.7688341Z #2 [internal] load metadata for docker.io/owasp/dependency-check-action:latest
2025-09-22T19:45:46.7689575Z #2 DONE 0.8s
2025-09-22T19:45:46.8830756Z 
2025-09-22T19:45:46.8831580Z #4 [internal] load .dockerignore
2025-09-22T19:45:46.8832317Z #4 transferring context: 2B done
2025-09-22T19:45:46.8832724Z #4 DONE 0.0s
2025-09-22T19:45:46.8832877Z 
2025-09-22T19:45:46.8832968Z #5 [internal] load build context
2025-09-22T19:45:46.8833205Z #5 transferring context: 136B done
2025-09-22T19:45:46.8833436Z #5 DONE 0.0s
2025-09-22T19:45:46.8833552Z 
2025-09-22T19:45:46.8833957Z #6 [1/3] FROM docker.io/owasp/dependency-check-action:latest@sha256:aac328bc92a9f7382dc74bcdffb11e51a97abb55fee35735c66a0d7a323355fe
2025-09-22T19:45:46.8834856Z #6 resolve docker.io/owasp/dependency-check-action:latest@sha256:aac328bc92a9f7382dc74bcdffb11e51a97abb55fee35735c66a0d7a323355fe done
2025-09-22T19:45:46.8835650Z #6 sha256:aac328bc92a9f7382dc74bcdffb11e51a97abb55fee35735c66a0d7a323355fe 2.84kB / 2.84kB done
2025-09-22T19:45:46.8836260Z #6 sha256:7ff9dc05067bc5161a2ae1e231495dbff6db962ff8a939f54ee619e2c52a2e3d 9.14kB / 9.14kB done
2025-09-22T19:45:46.8836843Z #6 sha256:c34a66ed0e4a09a4b8a6a5b87f9f7c2c8dfd2db91c966c285ce00e7f7a6af5dc 0B / 3.54MB 0.1s
2025-09-22T19:45:46.8837406Z #6 sha256:eeeaf6428b3d917dca23f2031c0ca60b2f81124ab428de3a39cd063f3e5e6b42 0B / 947B 0.1s
2025-09-22T19:45:46.8837972Z #6 sha256:9824c27679d3b27c5e1cb00a73adb6f4f8d556994111c12db3c5d61a0c843df8 0B / 3.80MB 0.1s
2025-09-22T19:45:47.0504837Z #6 sha256:eeeaf6428b3d917dca23f2031c0ca60b2f81124ab428de3a39cd063f3e5e6b42 947B / 947B 0.1s done
2025-09-22T19:45:47.0507341Z #6 sha256:b492305798b9b6eabf17e54eef30fd396ab2c47a5a1029b06c1d74c3f66758c1 0B / 32.27MB 0.2s
2025-09-22T19:45:47.0508339Z #6 extracting sha256:9824c27679d3b27c5e1cb00a73adb6f4f8d556994111c12db3c5d61a0c843df8
2025-09-22T19:45:47.1517198Z #6 sha256:9824c27679d3b27c5e1cb00a73adb6f4f8d556994111c12db3c5d61a0c843df8 3.80MB / 3.80MB 0.3s done
2025-09-22T19:45:47.1519526Z #6 sha256:af521b20e7e61d31d4284c54eded0aafd30ff2208e8fb520343aa115e35c46f9 0B / 154B 0.3s
2025-09-22T19:45:47.2967282Z #6 sha256:c34a66ed0e4a09a4b8a6a5b87f9f7c2c8dfd2db91c966c285ce00e7f7a6af5dc 3.54MB / 3.54MB 0.4s done
2025-09-22T19:45:47.2968728Z #6 sha256:b492305798b9b6eabf17e54eef30fd396ab2c47a5a1029b06c1d74c3f66758c1 5.24MB / 32.27MB 0.5s
2025-09-22T19:45:47.2969847Z #6 extracting sha256:9824c27679d3b27c5e1cb00a73adb6f4f8d556994111c12db3c5d61a0c843df8 0.1s done
2025-09-22T19:45:47.2970959Z #6 sha256:af521b20e7e61d31d4284c54eded0aafd30ff2208e8fb520343aa115e35c46f9 154B / 154B 0.4s done
2025-09-22T19:45:47.2972047Z #6 sha256:a51f0348162980a2553884490fee12a58ff03ab26854700550d3ee48431949b6 1.05MB / 44.15MB 0.5s
2025-09-22T19:45:47.2973354Z #6 extracting sha256:c34a66ed0e4a09a4b8a6a5b87f9f7c2c8dfd2db91c966c285ce00e7f7a6af5dc 0.1s done
2025-09-22T19:45:47.2974842Z #6 sha256:f700c2223b32b18e146a438c2400d2e917b828d6ed6fc7990eb16db997c976d9 0B / 60.05MB 0.5s
2025-09-22T19:45:47.4839599Z #6 sha256:b492305798b9b6eabf17e54eef30fd396ab2c47a5a1029b06c1d74c3f66758c1 15.73MB / 32.27MB 0.7s
2025-09-22T19:45:47.4841275Z #6 sha256:a51f0348162980a2553884490fee12a58ff03ab26854700550d3ee48431949b6 11.53MB / 44.15MB 0.7s
2025-09-22T19:45:47.4842742Z #6 sha256:f700c2223b32b18e146a438c2400d2e917b828d6ed6fc7990eb16db997c976d9 12.58MB / 60.05MB 0.7s
2025-09-22T19:45:47.6833273Z #6 sha256:b492305798b9b6eabf17e54eef30fd396ab2c47a5a1029b06c1d74c3f66758c1 25.17MB / 32.27MB 0.9s
2025-09-22T19:45:47.6833987Z #6 sha256:a51f0348162980a2553884490fee12a58ff03ab26854700550d3ee48431949b6 23.07MB / 44.15MB 0.9s
2025-09-22T19:45:47.6834565Z #6 sha256:f700c2223b32b18e146a438c2400d2e917b828d6ed6fc7990eb16db997c976d9 19.92MB / 60.05MB 0.9s
2025-09-22T19:45:47.7839486Z #6 sha256:b492305798b9b6eabf17e54eef30fd396ab2c47a5a1029b06c1d74c3f66758c1 29.36MB / 32.27MB 1.0s
2025-09-22T19:45:47.7840916Z #6 sha256:a51f0348162980a2553884490fee12a58ff03ab26854700550d3ee48431949b6 26.21MB / 44.15MB 1.0s
2025-09-22T19:45:47.7841996Z #6 sha256:f700c2223b32b18e146a438c2400d2e917b828d6ed6fc7990eb16db997c976d9 25.17MB / 60.05MB 1.0s
2025-09-22T19:45:47.7843817Z #6 extracting sha256:eeeaf6428b3d917dca23f2031c0ca60b2f81124ab428de3a39cd063f3e5e6b42 done
2025-09-22T19:45:47.9127566Z #6 sha256:b492305798b9b6eabf17e54eef30fd396ab2c47a5a1029b06c1d74c3f66758c1 32.27MB / 32.27MB 1.1s
2025-09-22T19:45:47.9128743Z #6 sha256:a51f0348162980a2553884490fee12a58ff03ab26854700550d3ee48431949b6 32.51MB / 44.15MB 1.1s
2025-09-22T19:45:47.9129816Z #6 sha256:f700c2223b32b18e146a438c2400d2e917b828d6ed6fc7990eb16db997c976d9 31.46MB / 60.05MB 1.1s
2025-09-22T19:45:47.9130830Z #6 extracting sha256:b492305798b9b6eabf17e54eef30fd396ab2c47a5a1029b06c1d74c3f66758c1
2025-09-22T19:45:48.0140953Z #6 sha256:b492305798b9b6eabf17e54eef30fd396ab2c47a5a1029b06c1d74c3f66758c1 32.27MB / 32.27MB 1.1s done
2025-09-22T19:45:48.0143976Z #6 sha256:a51f0348162980a2553884490fee12a58ff03ab26854700550d3ee48431949b6 41.94MB / 44.15MB 1.2s
2025-09-22T19:45:48.0145079Z #6 sha256:f700c2223b32b18e146a438c2400d2e917b828d6ed6fc7990eb16db997c976d9 44.04MB / 60.05MB 1.2s
2025-09-22T19:45:48.0146090Z #6 sha256:9347ba78813b2c5f790b6739977858caa9c7ce6b843a2349ce92651ac732bf3d 0B / 37.14MB 1.2s
2025-09-22T19:45:48.1180668Z #6 sha256:a51f0348162980a2553884490fee12a58ff03ab26854700550d3ee48431949b6 44.15MB / 44.15MB 1.2s done
2025-09-22T19:45:48.2174838Z #6 sha256:f700c2223b32b18e146a438c2400d2e917b828d6ed6fc7990eb16db997c976d9 51.38MB / 60.05MB 1.3s
2025-09-22T19:45:48.2177051Z #6 sha256:6e5d02f2f8740080be2447a8f99bdb6eca22e118b1c8fd061529ce752ba8c332 0B / 98.77MB 1.3s
2025-09-22T19:45:48.2180145Z #6 sha256:f700c2223b32b18e146a438c2400d2e917b828d6ed6fc7990eb16db997c976d9 56.62MB / 60.05MB 1.4s
2025-09-22T19:45:48.2181148Z #6 sha256:9347ba78813b2c5f790b6739977858caa9c7ce6b843a2349ce92651ac732bf3d 8.39MB / 37.14MB 1.4s
2025-09-22T19:45:48.3517883Z #6 sha256:f700c2223b32b18e146a438c2400d2e917b828d6ed6fc7990eb16db997c976d9 60.05MB / 60.05MB 1.4s done
2025-09-22T19:45:48.3520517Z #6 extracting sha256:b492305798b9b6eabf17e54eef30fd396ab2c47a5a1029b06c1d74c3f66758c1 0.4s done
2025-09-22T19:45:48.3521661Z #6 sha256:9347ba78813b2c5f790b6739977858caa9c7ce6b843a2349ce92651ac732bf3d 10.49MB / 37.14MB 1.5s
2025-09-22T19:45:48.3522920Z #6 sha256:6e5d02f2f8740080be2447a8f99bdb6eca22e118b1c8fd061529ce752ba8c332 8.39MB / 98.77MB 1.5s
2025-09-22T19:45:48.3523875Z #6 sha256:4f4fb700ef54461cfa02571ae0db9a0dc1e0cdb5577484a6d75e68dc38e8acc1 0B / 32B 1.5s
2025-09-22T19:45:48.3524745Z #6 extracting sha256:af521b20e7e61d31d4284c54eded0aafd30ff2208e8fb520343aa115e35c46f9
2025-09-22T19:45:48.4829835Z #6 sha256:9347ba78813b2c5f790b6739977858caa9c7ce6b843a2349ce92651ac732bf3d 13.63MB / 37.14MB 1.7s
2025-09-22T19:45:48.4831700Z #6 sha256:6e5d02f2f8740080be2447a8f99bdb6eca22e118b1c8fd061529ce752ba8c332 23.07MB / 98.77MB 1.7s
2025-09-22T19:45:48.4833617Z #6 sha256:4f4fb700ef54461cfa02571ae0db9a0dc1e0cdb5577484a6d75e68dc38e8acc1 32B / 32B 1.6s done
2025-09-22T19:45:48.4835232Z #6 extracting sha256:af521b20e7e61d31d4284c54eded0aafd30ff2208e8fb520343aa115e35c46f9 done
2025-09-22T19:45:48.4836253Z #6 sha256:a936d90cd894c6ddf890ac2259e4cdad5a15ee625c70a48ebab073d8262e7c78 94B / 94B 1.7s done
2025-09-22T19:45:48.4837281Z #6 extracting sha256:a51f0348162980a2553884490fee12a58ff03ab26854700550d3ee48431949b6
2025-09-22T19:45:48.4838285Z #6 sha256:a4c7da25583d442be3d901968a42e8412a3f3122c2784b1184930007161b4168 0B / 117.03MB 1.7s
2025-09-22T19:45:48.7185786Z #6 sha256:9347ba78813b2c5f790b6739977858caa9c7ce6b843a2349ce92651ac732bf3d 18.87MB / 37.14MB 1.9s
2025-09-22T19:45:48.7189520Z #6 sha256:6e5d02f2f8740080be2447a8f99bdb6eca22e118b1c8fd061529ce752ba8c332 33.55MB / 98.77MB 1.9s
2025-09-22T19:45:48.7190725Z #6 sha256:a4c7da25583d442be3d901968a42e8412a3f3122c2784b1184930007161b4168 11.53MB / 117.03MB 1.9s
2025-09-22T19:45:48.8836857Z #6 sha256:9347ba78813b2c5f790b6739977858caa9c7ce6b843a2349ce92651ac732bf3d 30.41MB / 37.14MB 2.1s
2025-09-22T19:45:48.8838496Z #6 sha256:6e5d02f2f8740080be2447a8f99bdb6eca22e118b1c8fd061529ce752ba8c332 45.09MB / 98.77MB 2.1s
2025-09-22T19:45:48.8840079Z #6 extracting sha256:a51f0348162980a2553884490fee12a58ff03ab26854700550d3ee48431949b6 0.3s done
2025-09-22T19:45:48.8842331Z #6 sha256:a4c7da25583d442be3d901968a42e8412a3f3122c2784b1184930007161b4168 28.31MB / 117.03MB 2.1s
2025-09-22T19:45:48.8844527Z #6 extracting sha256:f700c2223b32b18e146a438c2400d2e917b828d6ed6fc7990eb16db997c976d9
2025-09-22T19:45:49.0116638Z #6 sha256:9347ba78813b2c5f790b6739977858caa9c7ce6b843a2349ce92651ac732bf3d 35.65MB / 37.14MB 2.2s
2025-09-22T19:45:49.0119012Z #6 sha256:6e5d02f2f8740080be2447a8f99bdb6eca22e118b1c8fd061529ce752ba8c332 50.33MB / 98.77MB 2.2s
2025-09-22T19:45:49.0120666Z #6 sha256:a4c7da25583d442be3d901968a42e8412a3f3122c2784b1184930007161b4168 34.60MB / 117.03MB 2.2s
2025-09-22T19:45:49.1123723Z #6 sha256:9347ba78813b2c5f790b6739977858caa9c7ce6b843a2349ce92651ac732bf3d 37.14MB / 37.14MB 2.2s done
2025-09-22T19:45:49.1125735Z #6 sha256:6e5d02f2f8740080be2447a8f99bdb6eca22e118b1c8fd061529ce752ba8c332 57.67MB / 98.77MB 2.3s
2025-09-22T19:45:49.1126519Z #6 sha256:a4c7da25583d442be3d901968a42e8412a3f3122c2784b1184930007161b4168 44.04MB / 117.03MB 2.3s
2025-09-22T19:45:49.2196167Z #6 sha256:6e5d02f2f8740080be2447a8f99bdb6eca22e118b1c8fd061529ce752ba8c332 65.01MB / 98.77MB 2.4s
2025-09-22T19:45:49.2197603Z #6 sha256:a4c7da25583d442be3d901968a42e8412a3f3122c2784b1184930007161b4168 55.54MB / 117.03MB 2.4s
2025-09-22T19:45:49.3830603Z #6 sha256:6e5d02f2f8740080be2447a8f99bdb6eca22e118b1c8fd061529ce752ba8c332 76.55MB / 98.77MB 2.6s
2025-09-22T19:45:49.3833963Z #6 sha256:a4c7da25583d442be3d901968a42e8412a3f3122c2784b1184930007161b4168 71.30MB / 117.03MB 2.6s
2025-09-22T19:45:49.5717047Z #6 sha256:6e5d02f2f8740080be2447a8f99bdb6eca22e118b1c8fd061529ce752ba8c332 83.89MB / 98.77MB 2.7s
2025-09-22T19:45:49.5719802Z #6 sha256:a4c7da25583d442be3d901968a42e8412a3f3122c2784b1184930007161b4168 80.74MB / 117.03MB 2.7s
2025-09-22T19:45:49.6829561Z #6 sha256:6e5d02f2f8740080be2447a8f99bdb6eca22e118b1c8fd061529ce752ba8c332 93.32MB / 98.77MB 2.9s
2025-09-22T19:45:49.6830971Z #6 sha256:a4c7da25583d442be3d901968a42e8412a3f3122c2784b1184930007161b4168 100.66MB / 117.03MB 2.9s
2025-09-22T19:45:49.8198206Z #6 sha256:6e5d02f2f8740080be2447a8f99bdb6eca22e118b1c8fd061529ce752ba8c332 98.57MB / 98.77MB 3.0s
2025-09-22T19:45:49.9826633Z #6 sha256:6e5d02f2f8740080be2447a8f99bdb6eca22e118b1c8fd061529ce752ba8c332 98.77MB / 98.77MB 3.0s done
2025-09-22T19:45:49.9827778Z #6 sha256:a4c7da25583d442be3d901968a42e8412a3f3122c2784b1184930007161b4168 117.03MB / 117.03MB 3.2s done
2025-09-22T19:45:53.0894872Z #6 extracting sha256:f700c2223b32b18e146a438c2400d2e917b828d6ed6fc7990eb16db997c976d9 4.3s done
2025-09-22T19:45:53.6570745Z #6 extracting sha256:9347ba78813b2c5f790b6739977858caa9c7ce6b843a2349ce92651ac732bf3d
2025-09-22T19:45:53.8677958Z #6 extracting sha256:9347ba78813b2c5f790b6739977858caa9c7ce6b843a2349ce92651ac732bf3d 0.1s done
2025-09-22T19:45:53.8679066Z #6 extracting sha256:6e5d02f2f8740080be2447a8f99bdb6eca22e118b1c8fd061529ce752ba8c332
2025-09-22T19:45:56.4700948Z #6 extracting sha256:6e5d02f2f8740080be2447a8f99bdb6eca22e118b1c8fd061529ce752ba8c332 2.5s done
2025-09-22T19:45:56.6425677Z #6 extracting sha256:4f4fb700ef54461cfa02571ae0db9a0dc1e0cdb5577484a6d75e68dc38e8acc1
2025-09-22T19:45:56.7774086Z #6 extracting sha256:4f4fb700ef54461cfa02571ae0db9a0dc1e0cdb5577484a6d75e68dc38e8acc1 done
2025-09-22T19:45:56.7775788Z #6 extracting sha256:a936d90cd894c6ddf890ac2259e4cdad5a15ee625c70a48ebab073d8262e7c78 done
2025-09-22T19:45:56.7778870Z #6 extracting sha256:a4c7da25583d442be3d901968a42e8412a3f3122c2784b1184930007161b4168 0.1s
2025-09-22T19:45:57.9401531Z #6 extracting sha256:a4c7da25583d442be3d901968a42e8412a3f3122c2784b1184930007161b4168 1.1s done
2025-09-22T19:45:58.1284536Z #6 DONE 11.4s
2025-09-22T19:45:58.2815037Z 
2025-09-22T19:45:58.2815667Z #7 [2/3] COPY entrypoint.sh /entrypoint.sh
2025-09-22T19:45:58.2816145Z #7 DONE 0.0s
2025-09-22T19:45:58.2816303Z 
2025-09-22T19:45:58.2816428Z #8 [3/3] RUN chmod +x /entrypoint.sh
2025-09-22T19:45:58.2816816Z #8 DONE 0.1s
2025-09-22T19:45:58.4338717Z 
2025-09-22T19:45:58.4339131Z #9 exporting to image
2025-09-22T19:45:58.4339529Z #9 exporting layers
2025-09-22T19:45:59.3696514Z #9 exporting layers 1.1s done
2025-09-22T19:45:59.3969838Z #9 writing image sha256:8fb210da56b24aae3ae0bc065c2da545bb15386e538ec0edd0bb8ceabc7c171b done
2025-09-22T19:45:59.3970924Z #9 naming to docker.io/library/94410e:14bbfb5ec70c4dc9a0b2a44ff60e067f done
2025-09-22T19:45:59.3971545Z #9 DONE 1.1s
2025-09-22T19:45:59.4021607Z ##[endgroup]
2025-09-22T19:45:59.4276262Z ##[group]Run actions/checkout@v4
2025-09-22T19:45:59.4276785Z with:
2025-09-22T19:45:59.4277019Z   repository: thc1006/pose-coach-android-starter
2025-09-22T19:45:59.4277431Z   token: ***
2025-09-22T19:45:59.4277612Z   ssh-strict: true
2025-09-22T19:45:59.4277809Z   ssh-user: git
2025-09-22T19:45:59.4277993Z   persist-credentials: true
2025-09-22T19:45:59.4278211Z   clean: true
2025-09-22T19:45:59.4278399Z   sparse-checkout-cone-mode: true
2025-09-22T19:45:59.4278625Z   fetch-depth: 1
2025-09-22T19:45:59.4278798Z   fetch-tags: false
2025-09-22T19:45:59.4278984Z   show-progress: true
2025-09-22T19:45:59.4279160Z   lfs: false
2025-09-22T19:45:59.4279340Z   submodules: false
2025-09-22T19:45:59.4279522Z   set-safe-directory: true
2025-09-22T19:45:59.4279883Z env:
2025-09-22T19:45:59.4280271Z   GRADLE_OPTS: -Dorg.gradle.daemon=false -Dorg.gradle.parallel=true -Dorg.gradle.configureondemand=true
2025-09-22T19:45:59.4280691Z   JAVA_VERSION: 17
2025-09-22T19:45:59.4280908Z   ANDROID_COMPILE_SDK: 34
2025-09-22T19:45:59.4281108Z   ANDROID_BUILD_TOOLS: 34.0.0
2025-09-22T19:45:59.4281317Z   ANDROID_SDK_TOOLS: 9477386
2025-09-22T19:45:59.4281506Z ##[endgroup]
2025-09-22T19:45:59.5388524Z Syncing repository: thc1006/pose-coach-android-starter
2025-09-22T19:45:59.5390119Z ##[group]Getting Git version info
2025-09-22T19:45:59.5390953Z Working directory is '/home/runner/work/pose-coach-android-starter/pose-coach-android-starter'
2025-09-22T19:45:59.5392106Z [command]/usr/bin/git version
2025-09-22T19:45:59.5404577Z git version 2.51.0
2025-09-22T19:45:59.5431017Z ##[endgroup]
2025-09-22T19:45:59.5444815Z Temporarily overriding HOME='/home/runner/work/_temp/f6e8c4b3-828e-4dd8-b561-7dff040cc792' before making global git config changes
2025-09-22T19:45:59.5445693Z Adding repository directory to the temporary git global config as a safe directory
2025-09-22T19:45:59.5457071Z [command]/usr/bin/git config --global --add safe.directory /home/runner/work/pose-coach-android-starter/pose-coach-android-starter
2025-09-22T19:45:59.5494639Z Deleting the contents of '/home/runner/work/pose-coach-android-starter/pose-coach-android-starter'
2025-09-22T19:45:59.5498311Z ##[group]Initializing the repository
2025-09-22T19:45:59.5502870Z [command]/usr/bin/git init /home/runner/work/pose-coach-android-starter/pose-coach-android-starter
2025-09-22T19:45:59.5598657Z hint: Using 'master' as the name for the initial branch. This default branch name
2025-09-22T19:45:59.5599299Z hint: is subject to change. To configure the initial branch name to use in all
2025-09-22T19:45:59.5599995Z hint: of your new repositories, which will suppress this warning, call:
2025-09-22T19:45:59.5600413Z hint:
2025-09-22T19:45:59.5600709Z hint: 	git config --global init.defaultBranch <name>
2025-09-22T19:45:59.5601056Z hint:
2025-09-22T19:45:59.5601377Z hint: Names commonly chosen instead of 'master' are 'main', 'trunk' and
2025-09-22T19:45:59.5601927Z hint: 'development'. The just-created branch can be renamed via this command:
2025-09-22T19:45:59.5602755Z hint:
2025-09-22T19:45:59.5603126Z hint: 	git branch -m <name>
2025-09-22T19:45:59.5603532Z hint:
2025-09-22T19:45:59.5604097Z hint: Disable this message with "git config set advice.defaultBranchName false"
2025-09-22T19:45:59.5604875Z Initialized empty Git repository in /home/runner/work/pose-coach-android-starter/pose-coach-android-starter/.git/
2025-09-22T19:45:59.5614402Z [command]/usr/bin/git remote add origin https://github.com/thc1006/pose-coach-android-starter
2025-09-22T19:45:59.5645335Z ##[endgroup]
2025-09-22T19:45:59.5645709Z ##[group]Disabling automatic garbage collection
2025-09-22T19:45:59.5649807Z [command]/usr/bin/git config --local gc.auto 0
2025-09-22T19:45:59.5678526Z ##[endgroup]
2025-09-22T19:45:59.5679151Z ##[group]Setting up auth
2025-09-22T19:45:59.5686521Z [command]/usr/bin/git config --local --name-only --get-regexp core\.sshCommand
2025-09-22T19:45:59.5717641Z [command]/usr/bin/git submodule foreach --recursive sh -c "git config --local --name-only --get-regexp 'core\.sshCommand' && git config --local --unset-all 'core.sshCommand' || :"
2025-09-22T19:45:59.6019990Z [command]/usr/bin/git config --local --name-only --get-regexp http\.https\:\/\/github\.com\/\.extraheader
2025-09-22T19:45:59.6049704Z [command]/usr/bin/git submodule foreach --recursive sh -c "git config --local --name-only --get-regexp 'http\.https\:\/\/github\.com\/\.extraheader' && git config --local --unset-all 'http.https://github.com/.extraheader' || :"
2025-09-22T19:45:59.6273847Z [command]/usr/bin/git config --local http.https://github.com/.extraheader AUTHORIZATION: basic ***
2025-09-22T19:45:59.6310462Z ##[endgroup]
2025-09-22T19:45:59.6311125Z ##[group]Fetching the repository
2025-09-22T19:45:59.6319648Z [command]/usr/bin/git -c protocol.version=2 fetch --no-tags --prune --no-recurse-submodules --depth=1 origin +685d758d9ae8c729893935dc590157eded077a04:refs/remotes/origin/main
2025-09-22T19:46:00.3348917Z From https://github.com/thc1006/pose-coach-android-starter
2025-09-22T19:46:00.3349742Z  * [new ref]         685d758d9ae8c729893935dc590157eded077a04 -> origin/main
2025-09-22T19:46:00.3380143Z ##[endgroup]
2025-09-22T19:46:00.3380756Z ##[group]Determining the checkout info
2025-09-22T19:46:00.3382884Z ##[endgroup]
2025-09-22T19:46:00.3387891Z [command]/usr/bin/git sparse-checkout disable
2025-09-22T19:46:00.3426510Z [command]/usr/bin/git config --local --unset-all extensions.worktreeConfig
2025-09-22T19:46:00.3453632Z ##[group]Checking out the ref
2025-09-22T19:46:00.3457590Z [command]/usr/bin/git checkout --progress --force -B main refs/remotes/origin/main
2025-09-22T19:46:00.4284446Z Switched to a new branch 'main'
2025-09-22T19:46:00.4285312Z branch 'main' set up to track 'origin/main'.
2025-09-22T19:46:00.4295262Z ##[endgroup]
2025-09-22T19:46:00.4335324Z [command]/usr/bin/git log -1 --format=%H
2025-09-22T19:46:00.4357689Z 685d758d9ae8c729893935dc590157eded077a04
2025-09-22T19:46:00.4616250Z ##[group]Run aquasecurity/trivy-action@master
2025-09-22T19:46:00.4616556Z with:
2025-09-22T19:46:00.4616736Z   scan-type: fs
2025-09-22T19:46:00.4616910Z   scan-ref: .
2025-09-22T19:46:00.4617074Z   format: sarif
2025-09-22T19:46:00.4617262Z   output: trivy-results.sarif
2025-09-22T19:46:00.4617493Z   ignore-unfixed: false
2025-09-22T19:46:00.4617686Z   vuln-type: os,library
2025-09-22T19:46:00.4617908Z   severity: UNKNOWN,LOW,MEDIUM,HIGH,CRITICAL
2025-09-22T19:46:00.4618381Z   cache-dir: /home/runner/work/pose-coach-android-starter/pose-coach-android-starter/.cache/trivy
2025-09-22T19:46:00.4618820Z   list-all-pkgs: false
2025-09-22T19:46:00.4619009Z   version: v0.65.0
2025-09-22T19:46:00.4619182Z   cache: true
2025-09-22T19:46:00.4619359Z   skip-setup-trivy: false
2025-09-22T19:46:00.4619720Z   token-setup-trivy: ***
2025-09-22T19:46:00.4619929Z env:
2025-09-22T19:46:00.4620331Z   GRADLE_OPTS: -Dorg.gradle.daemon=false -Dorg.gradle.parallel=true -Dorg.gradle.configureondemand=true
2025-09-22T19:46:00.4620766Z   JAVA_VERSION: 17
2025-09-22T19:46:00.4620954Z   ANDROID_COMPILE_SDK: 34
2025-09-22T19:46:00.4621153Z   ANDROID_BUILD_TOOLS: 34.0.0
2025-09-22T19:46:00.4621362Z   ANDROID_SDK_TOOLS: 9477386
2025-09-22T19:46:00.4621560Z ##[endgroup]
2025-09-22T19:46:00.4742781Z ##[group]Run aquasecurity/setup-trivy@e6c2c5e321ed9123bda567646e2f96565e34abe1
2025-09-22T19:46:00.4743168Z with:
2025-09-22T19:46:00.4743335Z   version: v0.65.0
2025-09-22T19:46:00.4743515Z   cache: true
2025-09-22T19:46:00.4743793Z   token: ***
2025-09-22T19:46:00.4743975Z   path: $HOME/.local/bin
2025-09-22T19:46:00.4744211Z   github-server-url: https://github.com
2025-09-22T19:46:00.4744457Z env:
2025-09-22T19:46:00.4744827Z   GRADLE_OPTS: -Dorg.gradle.daemon=false -Dorg.gradle.parallel=true -Dorg.gradle.configureondemand=true
2025-09-22T19:46:00.4745444Z   JAVA_VERSION: 17
2025-09-22T19:46:00.4745633Z   ANDROID_COMPILE_SDK: 34
2025-09-22T19:46:00.4745834Z   ANDROID_BUILD_TOOLS: 34.0.0
2025-09-22T19:46:00.4746108Z   ANDROID_SDK_TOOLS: 9477386
2025-09-22T19:46:00.4746319Z ##[endgroup]
2025-09-22T19:46:00.4772679Z ##[group]Run echo "dir=$HOME/.local/bin/trivy-bin" >> $GITHUB_OUTPUT
2025-09-22T19:46:00.4773158Z [36;1mecho "dir=$HOME/.local/bin/trivy-bin" >> $GITHUB_OUTPUT[0m
2025-09-22T19:46:00.4823557Z shell: /usr/bin/bash --noprofile --norc -e -o pipefail {0}
2025-09-22T19:46:00.4823877Z env:
2025-09-22T19:46:00.4824271Z   GRADLE_OPTS: -Dorg.gradle.daemon=false -Dorg.gradle.parallel=true -Dorg.gradle.configureondemand=true
2025-09-22T19:46:00.4824725Z   JAVA_VERSION: 17
2025-09-22T19:46:00.4824923Z   ANDROID_COMPILE_SDK: 34
2025-09-22T19:46:00.4825125Z   ANDROID_BUILD_TOOLS: 34.0.0
2025-09-22T19:46:00.4825343Z   ANDROID_SDK_TOOLS: 9477386
2025-09-22T19:46:00.4825538Z ##[endgroup]
2025-09-22T19:46:00.4986373Z ##[group]Run actions/cache@0400d5f644dc74513175e3cd8d07132dd4860809
2025-09-22T19:46:00.4986689Z with:
2025-09-22T19:46:00.4986879Z   path: /home/runner/.local/bin/trivy-bin
2025-09-22T19:46:00.4987158Z   key: trivy-binary-v0.65.0-Linux-X64
2025-09-22T19:46:00.4987404Z   enableCrossOsArchive: false
2025-09-22T19:46:00.4987694Z   fail-on-cache-miss: false
2025-09-22T19:46:00.4987910Z   lookup-only: false
2025-09-22T19:46:00.4988093Z   save-always: false
2025-09-22T19:46:00.4988267Z env:
2025-09-22T19:46:00.4988638Z   GRADLE_OPTS: -Dorg.gradle.daemon=false -Dorg.gradle.parallel=true -Dorg.gradle.configureondemand=true
2025-09-22T19:46:00.4989088Z   JAVA_VERSION: 17
2025-09-22T19:46:00.4989284Z   ANDROID_COMPILE_SDK: 34
2025-09-22T19:46:00.4989493Z   ANDROID_BUILD_TOOLS: 34.0.0
2025-09-22T19:46:00.4989711Z   ANDROID_SDK_TOOLS: 9477386
2025-09-22T19:46:00.4989921Z ##[endgroup]
2025-09-22T19:46:00.8421151Z Cache not found for input keys: trivy-binary-v0.65.0-Linux-X64
2025-09-22T19:46:00.8538771Z ##[group]Run actions/checkout@08c6903cd8c0fde910a37f88322edcfb5dd907a8
2025-09-22T19:46:00.8539128Z with:
2025-09-22T19:46:00.8539310Z   repository: aquasecurity/trivy
2025-09-22T19:46:00.8539547Z   sparse-checkout: contrib

2025-09-22T19:46:00.8540032Z   path: trivy
2025-09-22T19:46:00.8540226Z   fetch-depth: 1
2025-09-22T19:46:00.8540437Z   github-server-url: https://github.com
2025-09-22T19:46:00.8540842Z   token: ***
2025-09-22T19:46:00.8541016Z   ssh-strict: true
2025-09-22T19:46:00.8541196Z   ssh-user: git
2025-09-22T19:46:00.8541382Z   persist-credentials: true
2025-09-22T19:46:00.8541586Z   clean: true
2025-09-22T19:46:00.8541774Z   sparse-checkout-cone-mode: true
2025-09-22T19:46:00.8541994Z   fetch-tags: false
2025-09-22T19:46:00.8542382Z   show-progress: true
2025-09-22T19:46:00.8542623Z   lfs: false
2025-09-22T19:46:00.8542800Z   submodules: false
2025-09-22T19:46:00.8542984Z   set-safe-directory: true
2025-09-22T19:46:00.8543186Z env:
2025-09-22T19:46:00.8543556Z   GRADLE_OPTS: -Dorg.gradle.daemon=false -Dorg.gradle.parallel=true -Dorg.gradle.configureondemand=true
2025-09-22T19:46:00.8543997Z   JAVA_VERSION: 17
2025-09-22T19:46:00.8544184Z   ANDROID_COMPILE_SDK: 34
2025-09-22T19:46:00.8544390Z   ANDROID_BUILD_TOOLS: 34.0.0
2025-09-22T19:46:00.8544604Z   ANDROID_SDK_TOOLS: 9477386
2025-09-22T19:46:00.8544798Z ##[endgroup]
2025-09-22T19:46:00.9298937Z Syncing repository: aquasecurity/trivy
2025-09-22T19:46:00.9305834Z ##[group]Getting Git version info
2025-09-22T19:46:00.9306738Z Working directory is '/home/runner/work/pose-coach-android-starter/pose-coach-android-starter/trivy'
2025-09-22T19:46:00.9340873Z [command]/usr/bin/git version
2025-09-22T19:46:00.9378593Z git version 2.51.0
2025-09-22T19:46:00.9399561Z ##[endgroup]
2025-09-22T19:46:00.9413875Z Temporarily overriding HOME='/home/runner/work/_temp/bdfe21a4-ea57-4761-997d-5d26384e5fd2' before making global git config changes
2025-09-22T19:46:00.9415176Z Adding repository directory to the temporary git global config as a safe directory
2025-09-22T19:46:00.9419670Z [command]/usr/bin/git config --global --add safe.directory /home/runner/work/pose-coach-android-starter/pose-coach-android-starter/trivy
2025-09-22T19:46:00.9450724Z ##[group]Initializing the repository
2025-09-22T19:46:00.9455966Z [command]/usr/bin/git init /home/runner/work/pose-coach-android-starter/pose-coach-android-starter/trivy
2025-09-22T19:46:00.9492095Z hint: Using 'master' as the name for the initial branch. This default branch name
2025-09-22T19:46:00.9493290Z hint: is subject to change. To configure the initial branch name to use in all
2025-09-22T19:46:00.9494068Z hint: of your new repositories, which will suppress this warning, call:
2025-09-22T19:46:00.9494612Z hint:
2025-09-22T19:46:00.9494962Z hint: 	git config --global init.defaultBranch <name>
2025-09-22T19:46:00.9495413Z hint:
2025-09-22T19:46:00.9495853Z hint: Names commonly chosen instead of 'master' are 'main', 'trunk' and
2025-09-22T19:46:00.9496614Z hint: 'development'. The just-created branch can be renamed via this command:
2025-09-22T19:46:00.9497084Z hint:
2025-09-22T19:46:00.9497262Z hint: 	git branch -m <name>
2025-09-22T19:46:00.9497466Z hint:
2025-09-22T19:46:00.9497762Z hint: Disable this message with "git config set advice.defaultBranchName false"
2025-09-22T19:46:00.9498563Z Initialized empty Git repository in /home/runner/work/pose-coach-android-starter/pose-coach-android-starter/trivy/.git/
2025-09-22T19:46:00.9506603Z [command]/usr/bin/git remote add origin https://github.com/aquasecurity/trivy
2025-09-22T19:46:00.9535774Z ##[endgroup]
2025-09-22T19:46:00.9536148Z ##[group]Disabling automatic garbage collection
2025-09-22T19:46:00.9539660Z [command]/usr/bin/git config --local gc.auto 0
2025-09-22T19:46:00.9566651Z ##[endgroup]
2025-09-22T19:46:00.9567126Z ##[group]Setting up auth
2025-09-22T19:46:00.9574172Z [command]/usr/bin/git config --local --name-only --get-regexp core\.sshCommand
2025-09-22T19:46:00.9603790Z [command]/usr/bin/git submodule foreach --recursive sh -c "git config --local --name-only --get-regexp 'core\.sshCommand' && git config --local --unset-all 'core.sshCommand' || :"
2025-09-22T19:46:00.9824642Z [command]/usr/bin/git config --local --name-only --get-regexp http\.https\:\/\/github\.com\/\.extraheader
2025-09-22T19:46:00.9854140Z [command]/usr/bin/git submodule foreach --recursive sh -c "git config --local --name-only --get-regexp 'http\.https\:\/\/github\.com\/\.extraheader' && git config --local --unset-all 'http.https://github.com/.extraheader' || :"
2025-09-22T19:46:01.0075862Z [command]/usr/bin/git config --local http.https://github.com/.extraheader AUTHORIZATION: basic ***
2025-09-22T19:46:01.0110881Z ##[endgroup]
2025-09-22T19:46:01.0111266Z ##[group]Determining the default branch
2025-09-22T19:46:01.0116001Z Retrieving the default branch name
2025-09-22T19:46:01.3378663Z Default branch 'main'
2025-09-22T19:46:01.3380136Z ##[endgroup]
2025-09-22T19:46:01.3380773Z ##[group]Fetching the repository
2025-09-22T19:46:01.3388240Z [command]/usr/bin/git -c protocol.version=2 fetch --no-tags --prune --no-recurse-submodules --filter=blob:none --depth=1 origin +refs/heads/main:refs/remotes/origin/main
2025-09-22T19:46:01.9471691Z From https://github.com/aquasecurity/trivy
2025-09-22T19:46:01.9472886Z  * [new branch]      main       -> origin/main
2025-09-22T19:46:01.9501139Z ##[endgroup]
2025-09-22T19:46:01.9501719Z ##[group]Determining the checkout info
2025-09-22T19:46:01.9505008Z ##[endgroup]
2025-09-22T19:46:01.9505580Z ##[group]Setting up sparse checkout
2025-09-22T19:46:01.9510537Z [command]/usr/bin/git sparse-checkout set contrib
2025-09-22T19:46:01.9547830Z ##[endgroup]
2025-09-22T19:46:01.9548379Z ##[group]Checking out the ref
2025-09-22T19:46:01.9552918Z [command]/usr/bin/git checkout --progress --force -B main refs/remotes/origin/main
2025-09-22T19:46:02.4484522Z Switched to a new branch 'main'
2025-09-22T19:46:02.4486725Z branch 'main' set up to track 'origin/main'.
2025-09-22T19:46:02.4495089Z ##[endgroup]
2025-09-22T19:46:02.4545746Z [command]/usr/bin/git log -1 --format=%H
2025-09-22T19:46:02.4572797Z 267a9700fa233abe1a04eada8f3ea513f3ebacb3
2025-09-22T19:46:02.4705618Z ##[group]Run echo "installing Trivy binary"
2025-09-22T19:46:02.4705932Z [36;1mecho "installing Trivy binary"[0m
2025-09-22T19:46:02.4706343Z [36;1mbash ./trivy/contrib/install.sh -b /home/runner/.local/bin/trivy-bin v0.65.0[0m
2025-09-22T19:46:02.4706833Z [36;1mcp -r ./trivy/contrib /home/runner/.local/bin/trivy-bin/contrib[0m
2025-09-22T19:46:02.4707158Z [36;1mrm -rf ./trivy[0m
2025-09-22T19:46:02.4737313Z shell: /usr/bin/bash --noprofile --norc -e -o pipefail {0}
2025-09-22T19:46:02.4737625Z env:
2025-09-22T19:46:02.4738006Z   GRADLE_OPTS: -Dorg.gradle.daemon=false -Dorg.gradle.parallel=true -Dorg.gradle.configureondemand=true
2025-09-22T19:46:02.4738460Z   JAVA_VERSION: 17
2025-09-22T19:46:02.4738648Z   ANDROID_COMPILE_SDK: 34
2025-09-22T19:46:02.4738855Z   ANDROID_BUILD_TOOLS: 34.0.0
2025-09-22T19:46:02.4739062Z   ANDROID_SDK_TOOLS: 9477386
2025-09-22T19:46:02.4739262Z ##[endgroup]
2025-09-22T19:46:02.4784506Z installing Trivy binary
2025-09-22T19:46:02.4911129Z aquasecurity/trivy info checking GitHub for tag 'v0.65.0'
2025-09-22T19:46:02.7802791Z aquasecurity/trivy info found version: 0.65.0 for v0.65.0/Linux/64bit
2025-09-22T19:46:04.6496822Z aquasecurity/trivy info installed /home/runner/.local/bin/trivy-bin/trivy
2025-09-22T19:46:04.6965381Z ##[group]Run echo /home/runner/.local/bin/trivy-bin >> $GITHUB_PATH
2025-09-22T19:46:04.6965845Z [36;1mecho /home/runner/.local/bin/trivy-bin >> $GITHUB_PATH[0m
2025-09-22T19:46:04.6995758Z shell: /usr/bin/bash --noprofile --norc -e -o pipefail {0}
2025-09-22T19:46:04.6996075Z env:
2025-09-22T19:46:04.6996458Z   GRADLE_OPTS: -Dorg.gradle.daemon=false -Dorg.gradle.parallel=true -Dorg.gradle.configureondemand=true
2025-09-22T19:46:04.6996888Z   JAVA_VERSION: 17
2025-09-22T19:46:04.6997074Z   ANDROID_COMPILE_SDK: 34
2025-09-22T19:46:04.6997282Z   ANDROID_BUILD_TOOLS: 34.0.0
2025-09-22T19:46:04.6997490Z   ANDROID_SDK_TOOLS: 9477386
2025-09-22T19:46:04.6997697Z ##[endgroup]
2025-09-22T19:46:04.7072808Z ##[group]Run echo "date=$(date +'%Y-%m-%d')" >> $GITHUB_OUTPUT
2025-09-22T19:46:04.7073201Z [36;1mecho "date=$(date +'%Y-%m-%d')" >> $GITHUB_OUTPUT[0m
2025-09-22T19:46:04.7103742Z shell: /usr/bin/bash --noprofile --norc -e -o pipefail {0}
2025-09-22T19:46:04.7104058Z env:
2025-09-22T19:46:04.7104440Z   GRADLE_OPTS: -Dorg.gradle.daemon=false -Dorg.gradle.parallel=true -Dorg.gradle.configureondemand=true
2025-09-22T19:46:04.7104866Z   JAVA_VERSION: 17
2025-09-22T19:46:04.7105054Z   ANDROID_COMPILE_SDK: 34
2025-09-22T19:46:04.7105255Z   ANDROID_BUILD_TOOLS: 34.0.0
2025-09-22T19:46:04.7105462Z   ANDROID_SDK_TOOLS: 9477386
2025-09-22T19:46:04.7105653Z ##[endgroup]
2025-09-22T19:46:04.7196974Z ##[group]Run actions/cache@0400d5f644dc74513175e3cd8d07132dd4860809
2025-09-22T19:46:04.7197280Z with:
2025-09-22T19:46:04.7197631Z   path: /home/runner/work/pose-coach-android-starter/pose-coach-android-starter/.cache/trivy
2025-09-22T19:46:04.7198044Z   key: cache-trivy-2025-09-22
2025-09-22T19:46:04.7198283Z   restore-keys: cache-trivy-
2025-09-22T19:46:04.7198497Z   enableCrossOsArchive: false
2025-09-22T19:46:04.7198716Z   fail-on-cache-miss: false
2025-09-22T19:46:04.7198919Z   lookup-only: false
2025-09-22T19:46:04.7199121Z   save-always: false
2025-09-22T19:46:04.7199290Z env:
2025-09-22T19:46:04.7199672Z   GRADLE_OPTS: -Dorg.gradle.daemon=false -Dorg.gradle.parallel=true -Dorg.gradle.configureondemand=true
2025-09-22T19:46:04.7200115Z   JAVA_VERSION: 17
2025-09-22T19:46:04.7200298Z   ANDROID_COMPILE_SDK: 34
2025-09-22T19:46:04.7200506Z   ANDROID_BUILD_TOOLS: 34.0.0
2025-09-22T19:46:04.7200711Z   ANDROID_SDK_TOOLS: 9477386
2025-09-22T19:46:04.7200911Z ##[endgroup]
2025-09-22T19:46:05.0586171Z Cache not found for input keys: cache-trivy-2025-09-22, cache-trivy-
2025-09-22T19:46:05.0662810Z ##[group]Run echo "$GITHUB_ACTION_PATH" >> $GITHUB_PATH
2025-09-22T19:46:05.0663420Z [36;1mecho "$GITHUB_ACTION_PATH" >> $GITHUB_PATH[0m
2025-09-22T19:46:05.0706100Z shell: /usr/bin/bash --noprofile --norc -e -o pipefail {0}
2025-09-22T19:46:05.0706918Z env:
2025-09-22T19:46:05.0707602Z   GRADLE_OPTS: -Dorg.gradle.daemon=false -Dorg.gradle.parallel=true -Dorg.gradle.configureondemand=true
2025-09-22T19:46:05.0708441Z   JAVA_VERSION: 17
2025-09-22T19:46:05.0708771Z   ANDROID_COMPILE_SDK: 34
2025-09-22T19:46:05.0709140Z   ANDROID_BUILD_TOOLS: 34.0.0
2025-09-22T19:46:05.0709537Z   ANDROID_SDK_TOOLS: 9477386
2025-09-22T19:46:05.0710175Z   GITHUB_ACTION_PATH: /home/runner/work/_actions/aquasecurity/trivy-action/master
2025-09-22T19:46:05.0710847Z ##[endgroup]
2025-09-22T19:46:05.0789105Z ##[group]Run rm -f trivy_envs.txt
2025-09-22T19:46:05.0789487Z [36;1mrm -f trivy_envs.txt[0m
2025-09-22T19:46:05.0789835Z [36;1mtouch trivy_envs.txt[0m
2025-09-22T19:46:05.0816487Z shell: /usr/bin/bash --noprofile --norc -e -o pipefail {0}
2025-09-22T19:46:05.0816976Z env:
2025-09-22T19:46:05.0817452Z   GRADLE_OPTS: -Dorg.gradle.daemon=false -Dorg.gradle.parallel=true -Dorg.gradle.configureondemand=true
2025-09-22T19:46:05.0817984Z   JAVA_VERSION: 17
2025-09-22T19:46:05.0818337Z   ANDROID_COMPILE_SDK: 34
2025-09-22T19:46:05.0818607Z   ANDROID_BUILD_TOOLS: 34.0.0
2025-09-22T19:46:05.0818891Z   ANDROID_SDK_TOOLS: 9477386
2025-09-22T19:46:05.0819217Z ##[endgroup]
2025-09-22T19:46:05.0920790Z ##[group]Run # Note: There is currently no way to distinguish between undefined variables and empty strings in GitHub Actions.
2025-09-22T19:46:05.0921557Z [36;1m# Note: There is currently no way to distinguish between undefined variables and empty strings in GitHub Actions.[0m
2025-09-22T19:46:05.0922130Z [36;1m# This limitation affects how we handle default values and empty inputs.[0m
2025-09-22T19:46:05.0922898Z [36;1m# For more information, see: https://github.com/actions/runner/issues/924[0m
2025-09-22T19:46:05.0923250Z [36;1m[0m
2025-09-22T19:46:05.0923573Z [36;1m# The following logic implements the configuration priority described in the README:[0m
2025-09-22T19:46:05.0923965Z [36;1m#[0m
2025-09-22T19:46:05.0924128Z [36;1m# Inputs[0m
2025-09-22T19:46:05.0924337Z [36;1m# Environment Variables[0m
2025-09-22T19:46:05.0924561Z [36;1m# Config File[0m
2025-09-22T19:46:05.0924757Z [36;1m# Defaults[0m
2025-09-22T19:46:05.0924931Z [36;1m#[0m
2025-09-22T19:46:05.0925462Z [36;1m# As noted above defaults are awkward to handle as GitHub Actions will inject those values as the input[0m
2025-09-22T19:46:05.0926070Z [36;1m# if the caller doesn't provide them, thus if the input matches the default we don't set it as we[0m
2025-09-22T19:46:05.0926649Z [36;1m# can't tell the difference.  Plus if we did set it when it was the default value then it could potentially [0m
2025-09-22T19:46:05.0927300Z [36;1m# override an external environment variable, or something in the callers configuration file, which then wouldn't [0m
2025-09-22T19:46:05.0927831Z [36;1m# match the configuration priority that is documented.[0m
2025-09-22T19:46:05.0928133Z [36;1mset_env_var_if_provided() {[0m
2025-09-22T19:46:05.0928375Z [36;1m  local var_name="$1"[0m
2025-09-22T19:46:05.0928599Z [36;1m  local input_value="$2"[0m
2025-09-22T19:46:05.0928833Z [36;1m  local default_value="$3"[0m
2025-09-22T19:46:05.0929048Z [36;1m[0m
2025-09-22T19:46:05.0929302Z [36;1m  if [ ! -z "$input_value" ] && [ "$input_value" != "$default_value" ]; then[0m
2025-09-22T19:46:05.0929718Z [36;1m    # If action was provided with explicit input by the caller set that[0m
2025-09-22T19:46:05.0930103Z [36;1m    echo "export $var_name=$input_value" >> trivy_envs.txt[0m
2025-09-22T19:46:05.0930392Z [36;1m  fi[0m
2025-09-22T19:46:05.0930552Z [36;1m}[0m
2025-09-22T19:46:05.0930709Z [36;1m[0m
2025-09-22T19:46:05.0930954Z [36;1m# Set environment variables, handling those with default values[0m
2025-09-22T19:46:05.0931475Z [36;1m# cf. https://aquasecurity.github.io/trivy/latest/docs/configuration/#environment-variables[0m
2025-09-22T19:46:05.0931939Z [36;1mset_env_var_if_provided "TRIVY_INPUT" "" ""[0m
2025-09-22T19:46:05.0932449Z [36;1mset_env_var_if_provided "TRIVY_EXIT_CODE" "" ""[0m
2025-09-22T19:46:05.0932959Z [36;1mset_env_var_if_provided "TRIVY_IGNORE_UNFIXED" "false" "false"[0m
2025-09-22T19:46:05.0933375Z [36;1mset_env_var_if_provided "TRIVY_PKG_TYPES" "os,library" "os,library"[0m
2025-09-22T19:46:05.0933943Z [36;1mset_env_var_if_provided "TRIVY_SEVERITY" "UNKNOWN,LOW,MEDIUM,HIGH,CRITICAL" "UNKNOWN,LOW,MEDIUM,HIGH,CRITICAL"[0m
2025-09-22T19:46:05.0934473Z [36;1mset_env_var_if_provided "TRIVY_FORMAT" "sarif" "table"[0m
2025-09-22T19:46:05.0934802Z [36;1mset_env_var_if_provided "TRIVY_TEMPLATE" "" ""[0m
2025-09-22T19:46:05.0935160Z [36;1mset_env_var_if_provided "TRIVY_OUTPUT" "trivy-results.sarif" ""[0m
2025-09-22T19:46:05.0935518Z [36;1mset_env_var_if_provided "TRIVY_SKIP_DIRS" "" ""[0m
2025-09-22T19:46:05.0935834Z [36;1mset_env_var_if_provided "TRIVY_SKIP_FILES" "" ""[0m
2025-09-22T19:46:05.0936148Z [36;1mset_env_var_if_provided "TRIVY_TIMEOUT" "" ""[0m
2025-09-22T19:46:05.0936462Z [36;1mset_env_var_if_provided "TRIVY_IGNORE_POLICY" "" ""[0m
2025-09-22T19:46:05.0936786Z [36;1mset_env_var_if_provided "TRIVY_QUIET" "" ""[0m
2025-09-22T19:46:05.0937117Z [36;1mset_env_var_if_provided "TRIVY_LIST_ALL_PKGS" "false" "false"[0m
2025-09-22T19:46:05.0937471Z [36;1mset_env_var_if_provided "TRIVY_SCANNERS" "" ""[0m
2025-09-22T19:46:05.0937767Z [36;1mset_env_var_if_provided "TRIVY_CONFIG" "" ""[0m
2025-09-22T19:46:05.0938065Z [36;1mset_env_var_if_provided "TRIVY_TF_VARS" "" ""[0m
2025-09-22T19:46:05.0938375Z [36;1mset_env_var_if_provided "TRIVY_DOCKER_HOST" "" ""[0m
2025-09-22T19:46:05.0965319Z shell: /usr/bin/bash --noprofile --norc -e -o pipefail {0}
2025-09-22T19:46:05.0965616Z env:
2025-09-22T19:46:05.0965990Z   GRADLE_OPTS: -Dorg.gradle.daemon=false -Dorg.gradle.parallel=true -Dorg.gradle.configureondemand=true
2025-09-22T19:46:05.0966421Z   JAVA_VERSION: 17
2025-09-22T19:46:05.0966607Z   ANDROID_COMPILE_SDK: 34
2025-09-22T19:46:05.0966806Z   ANDROID_BUILD_TOOLS: 34.0.0
2025-09-22T19:46:05.0967021Z   ANDROID_SDK_TOOLS: 9477386
2025-09-22T19:46:05.0967225Z ##[endgroup]
2025-09-22T19:46:05.1034254Z ##[group]Run entrypoint.sh
2025-09-22T19:46:05.1034491Z [36;1mentrypoint.sh[0m
2025-09-22T19:46:05.1060667Z shell: /usr/bin/bash --noprofile --norc -e -o pipefail {0}
2025-09-22T19:46:05.1061110Z env:
2025-09-22T19:46:05.1061499Z   GRADLE_OPTS: -Dorg.gradle.daemon=false -Dorg.gradle.parallel=true -Dorg.gradle.configureondemand=true
2025-09-22T19:46:05.1061938Z   JAVA_VERSION: 17
2025-09-22T19:46:05.1062125Z   ANDROID_COMPILE_SDK: 34
2025-09-22T19:46:05.1062453Z   ANDROID_BUILD_TOOLS: 34.0.0
2025-09-22T19:46:05.1062664Z   ANDROID_SDK_TOOLS: 9477386
2025-09-22T19:46:05.1062863Z   INPUT_SCAN_TYPE: fs
2025-09-22T19:46:05.1063083Z   INPUT_IMAGE_REF: 
2025-09-22T19:46:05.1063261Z   INPUT_SCAN_REF: .
2025-09-22T19:46:05.1063429Z   INPUT_TRIVYIGNORES: 
2025-09-22T19:46:05.1063618Z   INPUT_GITHUB_PAT: 
2025-09-22T19:46:05.1063806Z   INPUT_LIMIT_SEVERITIES_FOR_SARIF: 
2025-09-22T19:46:05.1064251Z   TRIVY_CACHE_DIR: /home/runner/work/pose-coach-android-starter/pose-coach-android-starter/.cache/trivy
2025-09-22T19:46:05.1064678Z ##[endgroup]
2025-09-22T19:46:05.1122997Z Building SARIF report with all severities
2025-09-22T19:46:05.1123503Z Running Trivy with options: trivy fs .
2025-09-22T19:46:05.1726204Z 2025-09-22T19:46:05Z	INFO	[vulndb] Need to update DB
2025-09-22T19:46:05.1727259Z 2025-09-22T19:46:05Z	INFO	[vulndb] Downloading vulnerability DB...
2025-09-22T19:46:05.1728386Z 2025-09-22T19:46:05Z	INFO	[vulndb] Downloading artifact...	repo="mirror.gcr.io/aquasec/trivy-db:2"
2025-09-22T19:46:09.6401866Z 7.97 MiB / 71.28 MiB [------>_______________________________________________________] 11.18% ? p/s ?35.43 MiB / 71.28 MiB [------------------------------>______________________________] 49.71% ? p/s ?60.11 MiB / 71.28 MiB [--------------------------------------------------->_________] 84.33% ? p/s ?71.28 MiB / 71.28 MiB [--------------------------------------------->] 100.00% 105.44 MiB p/s ETA 0s71.28 MiB / 71.28 MiB [--------------------------------------------->] 100.00% 105.44 MiB p/s ETA 0s71.28 MiB / 71.28 MiB [--------------------------------------------->] 100.00% 105.44 MiB p/s ETA 0s71.28 MiB / 71.28 MiB [---------------------------------------------->] 100.00% 98.64 MiB p/s ETA 0s71.28 MiB / 71.28 MiB [---------------------------------------------->] 100.00% 98.64 MiB p/s ETA 0s71.28 MiB / 71.28 MiB [---------------------------------------------->] 100.00% 98.64 MiB p/s ETA 0s71.28 MiB / 71.28 MiB [---------------------------------------------->] 100.00% 92.27 MiB p/s ETA 0s71.28 MiB / 71.28 MiB [---------------------------------------------->] 100.00% 92.27 MiB p/s ETA 0s71.28 MiB / 71.28 MiB [---------------------------------------------->] 100.00% 92.27 MiB p/s ETA 0s71.28 MiB / 71.28 MiB [---------------------------------------------->] 100.00% 86.32 MiB p/s ETA 0s71.28 MiB / 71.28 MiB [-------------------------------------------------] 100.00% 28.43 MiB p/s 2.7s2025-09-22T19:46:09Z	INFO	[vulndb] Artifact successfully downloaded	repo="mirror.gcr.io/aquasec/trivy-db:2"
2025-09-22T19:46:09.6407810Z 2025-09-22T19:46:09Z	INFO	[vuln] Vulnerability scanning is enabled
2025-09-22T19:46:09.6408456Z 2025-09-22T19:46:09Z	INFO	[secret] Secret scanning is enabled
2025-09-22T19:46:09.6410598Z 2025-09-22T19:46:09Z	INFO	[secret] If your scanning is slow, please try '--scanners vuln' to disable secret scanning
2025-09-22T19:46:09.6411933Z 2025-09-22T19:46:09Z	INFO	[secret] Please see also https://trivy.dev/v0.65/docs/scanner/secret#recommendation for faster secret detection
2025-09-22T19:46:10.3263615Z 2025-09-22T19:46:10Z	WARN	[pip] Unable to find python `site-packages` directory. License detection is skipped.	err="site-packages directory not found"
2025-09-22T19:46:10.3264363Z 2025-09-22T19:46:10Z	INFO	Number of language-specific files	num=0
2025-09-22T19:46:10.3273978Z 
2025-09-22T19:46:10.3274571Z 📣 [34mNotices:[0m
2025-09-22T19:46:10.3275071Z   - Version 0.66.0 of Trivy is now available, current version is 0.65.0
2025-09-22T19:46:10.3275497Z 
2025-09-22T19:46:10.3275865Z To suppress version checks, run Trivy scans with the --skip-version-check flag
2025-09-22T19:46:10.3276350Z 
2025-09-22T19:46:10.3349629Z ##[group]Run rm -f trivy_envs.txt
2025-09-22T19:46:10.3350100Z [36;1mrm -f trivy_envs.txt[0m
2025-09-22T19:46:10.3380830Z shell: /usr/bin/bash --noprofile --norc -e -o pipefail {0}
2025-09-22T19:46:10.3381154Z env:
2025-09-22T19:46:10.3381560Z   GRADLE_OPTS: -Dorg.gradle.daemon=false -Dorg.gradle.parallel=true -Dorg.gradle.configureondemand=true
2025-09-22T19:46:10.3382031Z   JAVA_VERSION: 17
2025-09-22T19:46:10.3382498Z   ANDROID_COMPILE_SDK: 34
2025-09-22T19:46:10.3382841Z   ANDROID_BUILD_TOOLS: 34.0.0
2025-09-22T19:46:10.3383071Z   ANDROID_SDK_TOOLS: 9477386
2025-09-22T19:46:10.3383285Z ##[endgroup]
2025-09-22T19:46:10.3495449Z ##[group]Run github/codeql-action/upload-sarif@v3
2025-09-22T19:46:10.3495755Z with:
2025-09-22T19:46:10.3495937Z   sarif_file: trivy-results.sarif
2025-09-22T19:46:10.3496338Z   checkout_path: /home/runner/work/pose-coach-android-starter/pose-coach-android-starter
2025-09-22T19:46:10.3496898Z   token: ***
2025-09-22T19:46:10.3497077Z   matrix: null
2025-09-22T19:46:10.3497259Z   wait-for-processing: true
2025-09-22T19:46:10.3497464Z env:
2025-09-22T19:46:10.3497831Z   GRADLE_OPTS: -Dorg.gradle.daemon=false -Dorg.gradle.parallel=true -Dorg.gradle.configureondemand=true
2025-09-22T19:46:10.3498250Z   JAVA_VERSION: 17
2025-09-22T19:46:10.3498449Z   ANDROID_COMPILE_SDK: 34
2025-09-22T19:46:10.3498656Z   ANDROID_BUILD_TOOLS: 34.0.0
2025-09-22T19:46:10.3498862Z   ANDROID_SDK_TOOLS: 9477386
2025-09-22T19:46:10.3499061Z ##[endgroup]
2025-09-22T19:46:11.2496269Z ##[group]Uploading code scanning results
2025-09-22T19:46:11.2496690Z Processing sarif files: ["trivy-results.sarif"]
2025-09-22T19:46:11.2498252Z Validating trivy-results.sarif
2025-09-22T19:46:11.2705830Z Adding fingerprints to SARIF file. See https://docs.github.com/en/enterprise-cloud@latest/code-security/code-scanning/integrating-with-code-scanning/sarif-support-for-code-scanning#providing-data-to-track-code-scanning-alerts-across-runs for more information.
2025-09-22T19:46:11.2793947Z Uploading results
2025-09-22T19:46:11.5580979Z Successfully uploaded results
2025-09-22T19:46:11.5582665Z ##[endgroup]
2025-09-22T19:46:11.5587673Z ##[group]Waiting for processing to finish
2025-09-22T19:46:11.7824857Z Analysis upload status is complete.
2025-09-22T19:46:11.7825664Z ##[endgroup]
2025-09-22T19:46:12.0479023Z ##[group]Run dependency-check/Dependency-Check_Action@main
2025-09-22T19:46:12.0479336Z with:
2025-09-22T19:46:12.0479524Z   project: pose-coach-android
2025-09-22T19:46:12.0479733Z   path: .
2025-09-22T19:46:12.0479898Z   format: ALL
2025-09-22T19:46:12.0480084Z   out: dependency-check-reports
2025-09-22T19:46:12.0480291Z env:
2025-09-22T19:46:12.0480662Z   GRADLE_OPTS: -Dorg.gradle.daemon=false -Dorg.gradle.parallel=true -Dorg.gradle.configureondemand=true
2025-09-22T19:46:12.0481102Z   JAVA_VERSION: 17
2025-09-22T19:46:12.0481286Z   ANDROID_COMPILE_SDK: 34
2025-09-22T19:46:12.0481484Z   ANDROID_BUILD_TOOLS: 34.0.0
2025-09-22T19:46:12.0481715Z   ANDROID_SDK_TOOLS: 9477386
2025-09-22T19:46:12.0481934Z   CODEQL_ACTION_FEATURE_MULTI_LANGUAGE: false
2025-09-22T19:46:12.0482369Z   CODEQL_ACTION_FEATURE_SANDWICH: false
2025-09-22T19:46:12.0482622Z   CODEQL_ACTION_FEATURE_SARIF_COMBINE: true
2025-09-22T19:46:12.0482869Z   CODEQL_ACTION_FEATURE_WILL_UPLOAD: true
2025-09-22T19:46:12.0483133Z   CODEQL_ACTION_VERSION: 3.30.3
2025-09-22T19:46:12.0483434Z   CODEQL_ACTION_ANALYSIS_KEY: .github/workflows/ci-cd.yml:security-scan
2025-09-22T19:46:12.0483804Z   CODEQL_WORKFLOW_STARTED_AT: 2025-09-22T19:46:10.495Z
2025-09-22T19:46:12.0484343Z   CODEQL_UPLOAD_SARIF__GITHUB_WORKFLOWS_CI_CD_YML_SECURITY_SCAN__TRIVY: CODEQL_UPLOAD_SARIF__GITHUB_WORKFLOWS_CI_CD_YML_SECURITY_SCAN__TRIVY
2025-09-22T19:46:12.0484851Z ##[endgroup]
2025-09-22T19:46:12.0586566Z ##[command]/usr/bin/docker run --name e14bbfb5ec70c4dc9a0b2a44ff60e067f_cf49f3 --label 94410e --workdir /github/workspace --rm -e "GRADLE_OPTS" -e "JAVA_VERSION" -e "ANDROID_COMPILE_SDK" -e "ANDROID_BUILD_TOOLS" -e "ANDROID_SDK_TOOLS" -e "CODEQL_ACTION_FEATURE_MULTI_LANGUAGE" -e "CODEQL_ACTION_FEATURE_SANDWICH" -e "CODEQL_ACTION_FEATURE_SARIF_COMBINE" -e "CODEQL_ACTION_FEATURE_WILL_UPLOAD" -e "CODEQL_ACTION_VERSION" -e "CODEQL_ACTION_ANALYSIS_KEY" -e "CODEQL_WORKFLOW_STARTED_AT" -e "CODEQL_UPLOAD_SARIF__GITHUB_WORKFLOWS_CI_CD_YML_SECURITY_SCAN__TRIVY" -e "INPUT_PROJECT" -e "INPUT_PATH" -e "INPUT_FORMAT" -e "INPUT_OUT" -e "INPUT_ARGS" -e "HOME" -e "GITHUB_JOB" -e "GITHUB_REF" -e "GITHUB_SHA" -e "GITHUB_REPOSITORY" -e "GITHUB_REPOSITORY_OWNER" -e "GITHUB_REPOSITORY_OWNER_ID" -e "GITHUB_RUN_ID" -e "GITHUB_RUN_NUMBER" -e "GITHUB_RETENTION_DAYS" -e "GITHUB_RUN_ATTEMPT" -e "GITHUB_ACTOR_ID" -e "GITHUB_ACTOR" -e "GITHUB_WORKFLOW" -e "GITHUB_HEAD_REF" -e "GITHUB_BASE_REF" -e "GITHUB_EVENT_NAME" -e "GITHUB_SERVER_URL" -e "GITHUB_API_URL" -e "GITHUB_GRAPHQL_URL" -e "GITHUB_REF_NAME" -e "GITHUB_REF_PROTECTED" -e "GITHUB_REF_TYPE" -e "GITHUB_WORKFLOW_REF" -e "GITHUB_WORKFLOW_SHA" -e "GITHUB_REPOSITORY_ID" -e "GITHUB_TRIGGERING_ACTOR" -e "GITHUB_WORKSPACE" -e "GITHUB_ACTION" -e "GITHUB_EVENT_PATH" -e "GITHUB_ACTION_REPOSITORY" -e "GITHUB_ACTION_REF" -e "GITHUB_PATH" -e "GITHUB_ENV" -e "GITHUB_STEP_SUMMARY" -e "GITHUB_STATE" -e "GITHUB_OUTPUT" -e "RUNNER_OS" -e "RUNNER_ARCH" -e "RUNNER_NAME" -e "RUNNER_ENVIRONMENT" -e "RUNNER_TOOL_CACHE" -e "RUNNER_TEMP" -e "RUNNER_WORKSPACE" -e "ACTIONS_RUNTIME_URL" -e "ACTIONS_RUNTIME_TOKEN" -e "ACTIONS_CACHE_URL" -e "ACTIONS_RESULTS_URL" -e GITHUB_ACTIONS=true -e CI=true -v "/var/run/docker.sock":"/var/run/docker.sock" -v "/home/runner/work/_temp/_github_home":"/github/home" -v "/home/runner/work/_temp/_github_workflow":"/github/workflow" -v "/home/runner/work/_temp/_runner_file_commands":"/github/file_commands" -v "/home/runner/work/pose-coach-android-starter/pose-coach-android-starter":"/github/workspace" 94410e:14bbfb5ec70c4dc9a0b2a44ff60e067f  "--project" "pose-coach-android" "--scan" "/github/workspace/." "--format" "ALL" "--out" "/github/workspace/dependency-check-reports" "--noupdate" ""
2025-09-22T19:46:15.6566001Z [INFO] 
2025-09-22T19:46:15.6566225Z 
2025-09-22T19:46:15.6571156Z Dependency-Check is an open source tool performing a best effort analysis of 3rd party dependencies; false positives and false negatives may exist in the analysis performed by the tool. Use of the tool and the reporting provided constitutes acceptance for use in an AS IS condition, and there are NO warranties, implied or otherwise, with regard to the analysis or its use. Any use of the tool and the reporting provided is at the user's risk. In no event shall the copyright holder or OWASP be held liable for any damages whatsoever arising out of or in connection with the use of this tool, the analysis performed, or the resulting report.
2025-09-22T19:46:15.6574823Z 
2025-09-22T19:46:15.6574828Z 
2025-09-22T19:46:15.6575279Z    About ODC: https://dependency-check.github.io/DependencyCheck/general/internals.html
2025-09-22T19:46:15.6576335Z    False Positives: https://dependency-check.github.io/DependencyCheck/general/suppression.html
2025-09-22T19:46:15.6577004Z 
2025-09-22T19:46:15.6577524Z 💖 Sponsor: https://github.com/sponsors/jeremylong
2025-09-22T19:46:15.6577900Z 
2025-09-22T19:46:15.6577906Z 
2025-09-22T19:46:15.6578033Z [INFO] Analysis Started
2025-09-22T19:46:15.7140590Z [INFO] Finished Archive Analyzer (0 seconds)
2025-09-22T19:46:15.7161024Z [INFO] Finished File Name Analyzer (0 seconds)
2025-09-22T19:46:15.7253160Z [INFO] Finished Jar Analyzer (0 seconds)
2025-09-22T19:47:18.3136643Z [INFO] Finished Central Analyzer (62 seconds)
2025-09-22T19:47:18.3145679Z [INFO] Finished Dependency Merging Analyzer (0 seconds)
2025-09-22T19:47:18.3880793Z [INFO] Finished Hint Analyzer (0 seconds)
2025-09-22T19:47:18.3888374Z [INFO] Finished Version Filter Analyzer (0 seconds)
2025-09-22T19:47:18.7549379Z Sep 22, 2025 7:47:18 PM org.apache.lucene.util.HotspotVMOptions <clinit>
2025-09-22T19:47:18.7550577Z WARNING: Lucene cannot optimize algorithms or calculate object sizes for JVMs that are not based on Hotspot or a compatible implementation.
2025-09-22T19:47:18.7734408Z WARNING: A restricted method in java.lang.foreign.Linker has been called
2025-09-22T19:47:18.7742767Z WARNING: java.lang.foreign.Linker::downcallHandle has been called by the unnamed module
2025-09-22T19:47:18.7744760Z WARNING: Use --enable-native-access=ALL-UNNAMED to avoid a warning for this module
2025-09-22T19:47:18.7750721Z 
2025-09-22T19:47:18.8728931Z Sep 22, 2025 7:47:18 PM org.apache.lucene.store.MemorySegmentIndexInputProvider <init>
2025-09-22T19:47:18.8732470Z INFO: Using MemorySegmentIndexInput and native madvise support with Java 21 or later; to disable start with -Dorg.apache.lucene.store.MMapDirectory.enableMemorySegments=false
2025-09-22T19:47:18.9577047Z Sep 22, 2025 7:47:18 PM org.apache.lucene.internal.vectorization.VectorizationProvider lookup
2025-09-22T19:47:18.9578109Z WARNING: Java runtime is not using Hotspot VM; Java vector incubator API can't be enabled.
2025-09-22T19:47:20.9890642Z [INFO] Created CPE Index (2 seconds)
2025-09-22T19:47:21.2321109Z [INFO] Finished CPE Analyzer (2 seconds)
2025-09-22T19:47:21.2355094Z [INFO] Finished False Positive Analyzer (0 seconds)
2025-09-22T19:47:21.2373075Z [INFO] Finished NVD CVE Analyzer (0 seconds)
2025-09-22T19:47:21.2374911Z [ERROR] Exception occurred initializing Sonatype OSS Index Analyzer.
2025-09-22T19:47:21.2382806Z [INFO] Finished Vulnerability Suppression Analyzer (0 seconds)
2025-09-22T19:47:21.2685468Z [INFO] Finished Known Exploited Vulnerability Analyzer (0 seconds)
2025-09-22T19:47:21.2689866Z [INFO] Finished Dependency Bundling Analyzer (0 seconds)
2025-09-22T19:47:21.2704594Z [INFO] Finished Unused Suppression Rule Analyzer (0 seconds)
2025-09-22T19:47:21.2802426Z [INFO] Analysis Complete (65 seconds)
2025-09-22T19:47:21.3405202Z [INFO] Writing XML report to: /github/workspace/dependency-check-reports/dependency-check-report.xml
2025-09-22T19:47:21.4586964Z [INFO] Writing HTML report to: /github/workspace/dependency-check-reports/dependency-check-report.html
2025-09-22T19:47:21.5548105Z [INFO] Writing JSON report to: /github/workspace/dependency-check-reports/dependency-check-report.json
2025-09-22T19:47:21.5963162Z [INFO] Writing CSV report to: /github/workspace/dependency-check-reports/dependency-check-report.csv
2025-09-22T19:47:21.6000443Z [INFO] Writing SARIF report to: /github/workspace/dependency-check-reports/dependency-check-report.sarif
2025-09-22T19:47:21.6216723Z [INFO] Writing JENKINS report to: /github/workspace/dependency-check-reports/dependency-check-jenkins.html
2025-09-22T19:47:21.6439669Z [INFO] Writing JUNIT report to: /github/workspace/dependency-check-reports/dependency-check-junit.xml
2025-09-22T19:47:21.6553301Z [INFO] Writing GITLAB report to: /github/workspace/dependency-check-reports/dependency-check-gitlab.json
2025-09-22T19:47:21.6724375Z [ERROR] Error initializing OSS Index analyzer due to missing user/password credentials. Authentication is now required: https://ossindex.sonatype.org/doc/auth-required
2025-09-22T19:47:21.8276202Z ##[group]Run actions/upload-artifact@v4
2025-09-22T19:47:21.8276477Z with:
2025-09-22T19:47:21.8276667Z   name: dependency-check-reports
2025-09-22T19:47:21.8276913Z   path: dependency-check-reports/
2025-09-22T19:47:21.8277150Z   retention-days: 30
2025-09-22T19:47:21.8277345Z   if-no-files-found: warn
2025-09-22T19:47:21.8277543Z   compression-level: 6
2025-09-22T19:47:21.8277728Z   overwrite: false
2025-09-22T19:47:21.8277910Z   include-hidden-files: false
2025-09-22T19:47:21.8278114Z env:
2025-09-22T19:47:21.8278484Z   GRADLE_OPTS: -Dorg.gradle.daemon=false -Dorg.gradle.parallel=true -Dorg.gradle.configureondemand=true
2025-09-22T19:47:21.8278916Z   JAVA_VERSION: 17
2025-09-22T19:47:21.8279089Z   ANDROID_COMPILE_SDK: 34
2025-09-22T19:47:21.8279288Z   ANDROID_BUILD_TOOLS: 34.0.0
2025-09-22T19:47:21.8279497Z   ANDROID_SDK_TOOLS: 9477386
2025-09-22T19:47:21.8279719Z   CODEQL_ACTION_FEATURE_MULTI_LANGUAGE: false
2025-09-22T19:47:21.8279983Z   CODEQL_ACTION_FEATURE_SANDWICH: false
2025-09-22T19:47:21.8280292Z   CODEQL_ACTION_FEATURE_SARIF_COMBINE: true
2025-09-22T19:47:21.8280545Z   CODEQL_ACTION_FEATURE_WILL_UPLOAD: true
2025-09-22T19:47:21.8280785Z   CODEQL_ACTION_VERSION: 3.30.3
2025-09-22T19:47:21.8281079Z   CODEQL_ACTION_ANALYSIS_KEY: .github/workflows/ci-cd.yml:security-scan
2025-09-22T19:47:21.8281443Z   CODEQL_WORKFLOW_STARTED_AT: 2025-09-22T19:46:10.495Z
2025-09-22T19:47:21.8281990Z   CODEQL_UPLOAD_SARIF__GITHUB_WORKFLOWS_CI_CD_YML_SECURITY_SCAN__TRIVY: CODEQL_UPLOAD_SARIF__GITHUB_WORKFLOWS_CI_CD_YML_SECURITY_SCAN__TRIVY
2025-09-22T19:47:21.8282649Z ##[endgroup]
2025-09-22T19:47:22.0432558Z With the provided path, there will be 8 files uploaded
2025-09-22T19:47:22.0437848Z Artifact name is valid!
2025-09-22T19:47:22.0440317Z Root directory input is valid!
2025-09-22T19:47:22.3022842Z Beginning upload of artifact content to blob storage
2025-09-22T19:47:22.6383203Z Uploaded bytes 54650
2025-09-22T19:47:22.6990786Z Finished uploading artifact content to blob storage!
2025-09-22T19:47:22.6994089Z SHA256 digest of uploaded artifact zip is 2db92c2c2314cb4dfe1b9ef053c8f4d5b1dbbee4899995cec574a5d035a37c1f
2025-09-22T19:47:22.6995507Z Finalizing artifact upload
2025-09-22T19:47:22.8552996Z Artifact dependency-check-reports.zip successfully finalized. Artifact ID 4076000803
2025-09-22T19:47:22.8554614Z Artifact dependency-check-reports has been successfully uploaded! Final size is 54650 bytes. Artifact ID is 4076000803
2025-09-22T19:47:22.8560867Z Artifact download URL: https://github.com/thc1006/pose-coach-android-starter/actions/runs/17926648358/artifacts/4076000803
2025-09-22T19:47:22.8688756Z Post job cleanup.
2025-09-22T19:47:23.0603990Z ##[group]Uploading combined SARIF debug artifact
2025-09-22T19:47:23.0606233Z ##[endgroup]
2025-09-22T19:47:23.0865328Z Post job cleanup.
2025-09-22T19:47:23.0914805Z Post job cleanup.
2025-09-22T19:47:23.0948400Z Post job cleanup.
2025-09-22T19:47:23.1788690Z Post job cleanup.
2025-09-22T19:47:23.2724469Z [command]/usr/bin/git version
2025-09-22T19:47:23.2761573Z git version 2.51.0
2025-09-22T19:47:23.2808690Z Temporarily overriding HOME='/home/runner/work/_temp/e240cb9c-d602-4467-9337-a5c97443fd90' before making global git config changes
2025-09-22T19:47:23.2810030Z Adding repository directory to the temporary git global config as a safe directory
2025-09-22T19:47:23.2815844Z [command]/usr/bin/git config --global --add safe.directory /home/runner/work/pose-coach-android-starter/pose-coach-android-starter
2025-09-22T19:47:23.2858651Z [command]/usr/bin/git config --local --name-only --get-regexp core\.sshCommand
2025-09-22T19:47:23.2894551Z [command]/usr/bin/git submodule foreach --recursive sh -c "git config --local --name-only --get-regexp 'core\.sshCommand' && git config --local --unset-all 'core.sshCommand' || :"
2025-09-22T19:47:23.3129978Z fatal: No url found for submodule path 'pose-coach-skeleton' in .gitmodules
2025-09-22T19:47:23.3181528Z ##[warning]The process '/usr/bin/git' failed with exit code 128
2025-09-22T19:47:23.3265750Z Cleaning up orphan processes
