2025-09-22T19:46:00.4616237Z ##[group]Run aquasecurity/trivy-action@master
2025-09-22T19:46:00.4616552Z with:
2025-09-22T19:46:00.4616725Z   scan-type: fs
2025-09-22T19:46:00.4616908Z   scan-ref: .
2025-09-22T19:46:00.4617072Z   format: sarif
2025-09-22T19:46:00.4617260Z   output: trivy-results.sarif
2025-09-22T19:46:00.4617490Z   ignore-unfixed: false
2025-09-22T19:46:00.4617684Z   vuln-type: os,library
2025-09-22T19:46:00.4617906Z   severity: UNKNOWN,LOW,MEDIUM,HIGH,CRITICAL
2025-09-22T19:46:00.4618379Z   cache-dir: /home/runner/work/pose-coach-android-starter/pose-coach-android-starter/.cache/trivy
2025-09-22T19:46:00.4618818Z   list-all-pkgs: false
2025-09-22T19:46:00.4619007Z   version: v0.65.0
2025-09-22T19:46:00.4619180Z   cache: true
2025-09-22T19:46:00.4619357Z   skip-setup-trivy: false
2025-09-22T19:46:00.4619717Z   token-setup-trivy: ***
2025-09-22T19:46:00.4619927Z env:
2025-09-22T19:46:00.4620293Z   GRADLE_OPTS: -Dorg.gradle.daemon=false -Dorg.gradle.parallel=true -Dorg.gradle.configureondemand=true
2025-09-22T19:46:00.4620764Z   JAVA_VERSION: 17
2025-09-22T19:46:00.4620952Z   ANDROID_COMPILE_SDK: 34
2025-09-22T19:46:00.4621152Z   ANDROID_BUILD_TOOLS: 34.0.0
2025-09-22T19:46:00.4621361Z   ANDROID_SDK_TOOLS: 9477386
2025-09-22T19:46:00.4621555Z ##[endgroup]
2025-09-22T19:46:00.4742768Z ##[group]Run aquasecurity/setup-trivy@e6c2c5e321ed9123bda567646e2f96565e34abe1
2025-09-22T19:46:00.4743165Z with:
2025-09-22T19:46:00.4743332Z   version: v0.65.0
2025-09-22T19:46:00.4743513Z   cache: true
2025-09-22T19:46:00.4743791Z   token: ***
2025-09-22T19:46:00.4743973Z   path: $HOME/.local/bin
2025-09-22T19:46:00.4744209Z   github-server-url: https://github.com
2025-09-22T19:46:00.4744455Z env:
2025-09-22T19:46:00.4744824Z   GRADLE_OPTS: -Dorg.gradle.daemon=false -Dorg.gradle.parallel=true -Dorg.gradle.configureondemand=true
2025-09-22T19:46:00.4745441Z   JAVA_VERSION: 17
2025-09-22T19:46:00.4745631Z   ANDROID_COMPILE_SDK: 34
2025-09-22T19:46:00.4745832Z   ANDROID_BUILD_TOOLS: 34.0.0
2025-09-22T19:46:00.4746094Z   ANDROID_SDK_TOOLS: 9477386
2025-09-22T19:46:00.4746318Z ##[endgroup]
2025-09-22T19:46:00.4772665Z ##[group]Run echo "dir=$HOME/.local/bin/trivy-bin" >> $GITHUB_OUTPUT
2025-09-22T19:46:00.4773154Z [36;1mecho "dir=$HOME/.local/bin/trivy-bin" >> $GITHUB_OUTPUT[0m
2025-09-22T19:46:00.4823546Z shell: /usr/bin/bash --noprofile --norc -e -o pipefail {0}
2025-09-22T19:46:00.4823874Z env:
2025-09-22T19:46:00.4824267Z   GRADLE_OPTS: -Dorg.gradle.daemon=false -Dorg.gradle.parallel=true -Dorg.gradle.configureondemand=true
2025-09-22T19:46:00.4824722Z   JAVA_VERSION: 17
2025-09-22T19:46:00.4824921Z   ANDROID_COMPILE_SDK: 34
2025-09-22T19:46:00.4825123Z   ANDROID_BUILD_TOOLS: 34.0.0
2025-09-22T19:46:00.4825341Z   ANDROID_SDK_TOOLS: 9477386
2025-09-22T19:46:00.4825535Z ##[endgroup]
2025-09-22T19:46:00.4986362Z ##[group]Run actions/cache@0400d5f644dc74513175e3cd8d07132dd4860809
2025-09-22T19:46:00.4986686Z with:
2025-09-22T19:46:00.4986877Z   path: /home/runner/.local/bin/trivy-bin
2025-09-22T19:46:00.4987144Z   key: trivy-binary-v0.65.0-Linux-X64
2025-09-22T19:46:00.4987401Z   enableCrossOsArchive: false
2025-09-22T19:46:00.4987691Z   fail-on-cache-miss: false
2025-09-22T19:46:00.4987908Z   lookup-only: false
2025-09-22T19:46:00.4988090Z   save-always: false
2025-09-22T19:46:00.4988265Z env:
2025-09-22T19:46:00.4988635Z   GRADLE_OPTS: -Dorg.gradle.daemon=false -Dorg.gradle.parallel=true -Dorg.gradle.configureondemand=true
2025-09-22T19:46:00.4989085Z   JAVA_VERSION: 17
2025-09-22T19:46:00.4989282Z   ANDROID_COMPILE_SDK: 34
2025-09-22T19:46:00.4989491Z   ANDROID_BUILD_TOOLS: 34.0.0
2025-09-22T19:46:00.4989709Z   ANDROID_SDK_TOOLS: 9477386
2025-09-22T19:46:00.4989919Z ##[endgroup]
2025-09-22T19:46:00.8421115Z Cache not found for input keys: trivy-binary-v0.65.0-Linux-X64
2025-09-22T19:46:00.8538757Z ##[group]Run actions/checkout@08c6903cd8c0fde910a37f88322edcfb5dd907a8
2025-09-22T19:46:00.8539118Z with:
2025-09-22T19:46:00.8539307Z   repository: aquasecurity/trivy
2025-09-22T19:46:00.8539544Z   sparse-checkout: contrib

2025-09-22T19:46:00.8539747Z   path: trivy
2025-09-22T19:46:00.8540222Z   fetch-depth: 1
2025-09-22T19:46:00.8540435Z   github-server-url: https://github.com
2025-09-22T19:46:00.8540841Z   token: ***
2025-09-22T19:46:00.8541014Z   ssh-strict: true
2025-09-22T19:46:00.8541194Z   ssh-user: git
2025-09-22T19:46:00.8541375Z   persist-credentials: true
2025-09-22T19:46:00.8541584Z   clean: true
2025-09-22T19:46:00.8541772Z   sparse-checkout-cone-mode: true
2025-09-22T19:46:00.8541992Z   fetch-tags: false
2025-09-22T19:46:00.8542377Z   show-progress: true
2025-09-22T19:46:00.8542620Z   lfs: false
2025-09-22T19:46:00.8542798Z   submodules: false
2025-09-22T19:46:00.8542982Z   set-safe-directory: true
2025-09-22T19:46:00.8543184Z env:
2025-09-22T19:46:00.8543553Z   GRADLE_OPTS: -Dorg.gradle.daemon=false -Dorg.gradle.parallel=true -Dorg.gradle.configureondemand=true
2025-09-22T19:46:00.8543995Z   JAVA_VERSION: 17
2025-09-22T19:46:00.8544182Z   ANDROID_COMPILE_SDK: 34
2025-09-22T19:46:00.8544384Z   ANDROID_BUILD_TOOLS: 34.0.0
2025-09-22T19:46:00.8544602Z   ANDROID_SDK_TOOLS: 9477386
2025-09-22T19:46:00.8544796Z ##[endgroup]
2025-09-22T19:46:00.9298906Z Syncing repository: aquasecurity/trivy
2025-09-22T19:46:00.9305821Z ##[group]Getting Git version info
2025-09-22T19:46:00.9306727Z Working directory is '/home/runner/work/pose-coach-android-starter/pose-coach-android-starter/trivy'
2025-09-22T19:46:00.9340858Z [command]/usr/bin/git version
2025-09-22T19:46:00.9378577Z git version 2.51.0
2025-09-22T19:46:00.9399549Z ##[endgroup]
2025-09-22T19:46:00.9413857Z Temporarily overriding HOME='/home/runner/work/_temp/bdfe21a4-ea57-4761-997d-5d26384e5fd2' before making global git config changes
2025-09-22T19:46:00.9415170Z Adding repository directory to the temporary git global config as a safe directory
2025-09-22T19:46:00.9419655Z [command]/usr/bin/git config --global --add safe.directory /home/runner/work/pose-coach-android-starter/pose-coach-android-starter/trivy
2025-09-22T19:46:00.9450713Z ##[group]Initializing the repository
2025-09-22T19:46:00.9455925Z [command]/usr/bin/git init /home/runner/work/pose-coach-android-starter/pose-coach-android-starter/trivy
2025-09-22T19:46:00.9492079Z hint: Using 'master' as the name for the initial branch. This default branch name
2025-09-22T19:46:00.9493279Z hint: is subject to change. To configure the initial branch name to use in all
2025-09-22T19:46:00.9494064Z hint: of your new repositories, which will suppress this warning, call:
2025-09-22T19:46:00.9494609Z hint:
2025-09-22T19:46:00.9494958Z hint: 	git config --global init.defaultBranch <name>
2025-09-22T19:46:00.9495409Z hint:
2025-09-22T19:46:00.9495850Z hint: Names commonly chosen instead of 'master' are 'main', 'trunk' and
2025-09-22T19:46:00.9496610Z hint: 'development'. The just-created branch can be renamed via this command:
2025-09-22T19:46:00.9497080Z hint:
2025-09-22T19:46:00.9497260Z hint: 	git branch -m <name>
2025-09-22T19:46:00.9497464Z hint:
2025-09-22T19:46:00.9497752Z hint: Disable this message with "git config set advice.defaultBranchName false"
2025-09-22T19:46:00.9498560Z Initialized empty Git repository in /home/runner/work/pose-coach-android-starter/pose-coach-android-starter/trivy/.git/
2025-09-22T19:46:00.9506589Z [command]/usr/bin/git remote add origin https://github.com/aquasecurity/trivy
2025-09-22T19:46:00.9535763Z ##[endgroup]
2025-09-22T19:46:00.9536146Z ##[group]Disabling automatic garbage collection
2025-09-22T19:46:00.9539656Z [command]/usr/bin/git config --local gc.auto 0
2025-09-22T19:46:00.9566640Z ##[endgroup]
2025-09-22T19:46:00.9567123Z ##[group]Setting up auth
2025-09-22T19:46:00.9574156Z [command]/usr/bin/git config --local --name-only --get-regexp core\.sshCommand
2025-09-22T19:46:00.9603775Z [command]/usr/bin/git submodule foreach --recursive sh -c "git config --local --name-only --get-regexp 'core\.sshCommand' && git config --local --unset-all 'core.sshCommand' || :"
2025-09-22T19:46:00.9824626Z [command]/usr/bin/git config --local --name-only --get-regexp http\.https\:\/\/github\.com\/\.extraheader
2025-09-22T19:46:00.9853814Z [command]/usr/bin/git submodule foreach --recursive sh -c "git config --local --name-only --get-regexp 'http\.https\:\/\/github\.com\/\.extraheader' && git config --local --unset-all 'http.https://github.com/.extraheader' || :"
2025-09-22T19:46:01.0075846Z [command]/usr/bin/git config --local http.https://github.com/.extraheader AUTHORIZATION: basic ***
2025-09-22T19:46:01.0110870Z ##[endgroup]
2025-09-22T19:46:01.0111263Z ##[group]Determining the default branch
2025-09-22T19:46:01.0115983Z Retrieving the default branch name
2025-09-22T19:46:01.3378625Z Default branch 'main'
2025-09-22T19:46:01.3380129Z ##[endgroup]
2025-09-22T19:46:01.3380769Z ##[group]Fetching the repository
2025-09-22T19:46:01.3388226Z [command]/usr/bin/git -c protocol.version=2 fetch --no-tags --prune --no-recurse-submodules --filter=blob:none --depth=1 origin +refs/heads/main:refs/remotes/origin/main
2025-09-22T19:46:01.9471655Z From https://github.com/aquasecurity/trivy
2025-09-22T19:46:01.9472847Z  * [new branch]      main       -> origin/main
2025-09-22T19:46:01.9501126Z ##[endgroup]
2025-09-22T19:46:01.9501713Z ##[group]Determining the checkout info
2025-09-22T19:46:01.9504997Z ##[endgroup]
2025-09-22T19:46:01.9505572Z ##[group]Setting up sparse checkout
2025-09-22T19:46:01.9510522Z [command]/usr/bin/git sparse-checkout set contrib
2025-09-22T19:46:01.9547818Z ##[endgroup]
2025-09-22T19:46:01.9548376Z ##[group]Checking out the ref
2025-09-22T19:46:01.9552904Z [command]/usr/bin/git checkout --progress --force -B main refs/remotes/origin/main
2025-09-22T19:46:02.4484489Z Switched to a new branch 'main'
2025-09-22T19:46:02.4486712Z branch 'main' set up to track 'origin/main'.
2025-09-22T19:46:02.4495078Z ##[endgroup]
2025-09-22T19:46:02.4545732Z [command]/usr/bin/git log -1 --format=%H
2025-09-22T19:46:02.4572782Z 267a9700fa233abe1a04eada8f3ea513f3ebacb3
2025-09-22T19:46:02.4705606Z ##[group]Run echo "installing Trivy binary"
2025-09-22T19:46:02.4705930Z [36;1mecho "installing Trivy binary"[0m
2025-09-22T19:46:02.4706327Z [36;1mbash ./trivy/contrib/install.sh -b /home/runner/.local/bin/trivy-bin v0.65.0[0m
2025-09-22T19:46:02.4706831Z [36;1mcp -r ./trivy/contrib /home/runner/.local/bin/trivy-bin/contrib[0m
2025-09-22T19:46:02.4707156Z [36;1mrm -rf ./trivy[0m
2025-09-22T19:46:02.4737305Z shell: /usr/bin/bash --noprofile --norc -e -o pipefail {0}
2025-09-22T19:46:02.4737616Z env:
2025-09-22T19:46:02.4738003Z   GRADLE_OPTS: -Dorg.gradle.daemon=false -Dorg.gradle.parallel=true -Dorg.gradle.configureondemand=true
2025-09-22T19:46:02.4738458Z   JAVA_VERSION: 17
2025-09-22T19:46:02.4738646Z   ANDROID_COMPILE_SDK: 34
2025-09-22T19:46:02.4738853Z   ANDROID_BUILD_TOOLS: 34.0.0
2025-09-22T19:46:02.4739059Z   ANDROID_SDK_TOOLS: 9477386
2025-09-22T19:46:02.4739260Z ##[endgroup]
2025-09-22T19:46:02.4784494Z installing Trivy binary
2025-09-22T19:46:02.4911113Z aquasecurity/trivy info checking GitHub for tag 'v0.65.0'
2025-09-22T19:46:02.7802764Z aquasecurity/trivy info found version: 0.65.0 for v0.65.0/Linux/64bit
2025-09-22T19:46:04.6496744Z aquasecurity/trivy info installed /home/runner/.local/bin/trivy-bin/trivy
2025-09-22T19:46:04.6965365Z ##[group]Run echo /home/runner/.local/bin/trivy-bin >> $GITHUB_PATH
2025-09-22T19:46:04.6965843Z [36;1mecho /home/runner/.local/bin/trivy-bin >> $GITHUB_PATH[0m
2025-09-22T19:46:04.6995738Z shell: /usr/bin/bash --noprofile --norc -e -o pipefail {0}
2025-09-22T19:46:04.6996073Z env:
2025-09-22T19:46:04.6996455Z   GRADLE_OPTS: -Dorg.gradle.daemon=false -Dorg.gradle.parallel=true -Dorg.gradle.configureondemand=true
2025-09-22T19:46:04.6996885Z   JAVA_VERSION: 17
2025-09-22T19:46:04.6997071Z   ANDROID_COMPILE_SDK: 34
2025-09-22T19:46:04.6997279Z   ANDROID_BUILD_TOOLS: 34.0.0
2025-09-22T19:46:04.6997489Z   ANDROID_SDK_TOOLS: 9477386
2025-09-22T19:46:04.6997695Z ##[endgroup]
2025-09-22T19:46:04.7072795Z ##[group]Run echo "date=$(date +'%Y-%m-%d')" >> $GITHUB_OUTPUT
2025-09-22T19:46:04.7073199Z [36;1mecho "date=$(date +'%Y-%m-%d')" >> $GITHUB_OUTPUT[0m
2025-09-22T19:46:04.7103560Z shell: /usr/bin/bash --noprofile --norc -e -o pipefail {0}
2025-09-22T19:46:04.7104055Z env:
2025-09-22T19:46:04.7104437Z   GRADLE_OPTS: -Dorg.gradle.daemon=false -Dorg.gradle.parallel=true -Dorg.gradle.configureondemand=true
2025-09-22T19:46:04.7104864Z   JAVA_VERSION: 17
2025-09-22T19:46:04.7105052Z   ANDROID_COMPILE_SDK: 34
2025-09-22T19:46:04.7105253Z   ANDROID_BUILD_TOOLS: 34.0.0
2025-09-22T19:46:04.7105460Z   ANDROID_SDK_TOOLS: 9477386
2025-09-22T19:46:04.7105651Z ##[endgroup]
2025-09-22T19:46:04.7196963Z ##[group]Run actions/cache@0400d5f644dc74513175e3cd8d07132dd4860809
2025-09-22T19:46:04.7197278Z with:
2025-09-22T19:46:04.7197628Z   path: /home/runner/work/pose-coach-android-starter/pose-coach-android-starter/.cache/trivy
2025-09-22T19:46:04.7198042Z   key: cache-trivy-2025-09-22
2025-09-22T19:46:04.7198281Z   restore-keys: cache-trivy-
2025-09-22T19:46:04.7198495Z   enableCrossOsArchive: false
2025-09-22T19:46:04.7198711Z   fail-on-cache-miss: false
2025-09-22T19:46:04.7198917Z   lookup-only: false
2025-09-22T19:46:04.7199110Z   save-always: false
2025-09-22T19:46:04.7199288Z env:
2025-09-22T19:46:04.7199669Z   GRADLE_OPTS: -Dorg.gradle.daemon=false -Dorg.gradle.parallel=true -Dorg.gradle.configureondemand=true
2025-09-22T19:46:04.7200113Z   JAVA_VERSION: 17
2025-09-22T19:46:04.7200296Z   ANDROID_COMPILE_SDK: 34
2025-09-22T19:46:04.7200504Z   ANDROID_BUILD_TOOLS: 34.0.0
2025-09-22T19:46:04.7200710Z   ANDROID_SDK_TOOLS: 9477386
2025-09-22T19:46:04.7200909Z ##[endgroup]
2025-09-22T19:46:05.0586131Z Cache not found for input keys: cache-trivy-2025-09-22, cache-trivy-
2025-09-22T19:46:05.0662793Z ##[group]Run echo "$GITHUB_ACTION_PATH" >> $GITHUB_PATH
2025-09-22T19:46:05.0663412Z [36;1mecho "$GITHUB_ACTION_PATH" >> $GITHUB_PATH[0m
2025-09-22T19:46:05.0706088Z shell: /usr/bin/bash --noprofile --norc -e -o pipefail {0}
2025-09-22T19:46:05.0706911Z env:
2025-09-22T19:46:05.0707596Z   GRADLE_OPTS: -Dorg.gradle.daemon=false -Dorg.gradle.parallel=true -Dorg.gradle.configureondemand=true
2025-09-22T19:46:05.0708419Z   JAVA_VERSION: 17
2025-09-22T19:46:05.0708767Z   ANDROID_COMPILE_SDK: 34
2025-09-22T19:46:05.0709135Z   ANDROID_BUILD_TOOLS: 34.0.0
2025-09-22T19:46:05.0709531Z   ANDROID_SDK_TOOLS: 9477386
2025-09-22T19:46:05.0710156Z   GITHUB_ACTION_PATH: /home/runner/work/_actions/aquasecurity/trivy-action/master
2025-09-22T19:46:05.0710842Z ##[endgroup]
2025-09-22T19:46:05.0789096Z ##[group]Run rm -f trivy_envs.txt
2025-09-22T19:46:05.0789484Z [36;1mrm -f trivy_envs.txt[0m
2025-09-22T19:46:05.0789832Z [36;1mtouch trivy_envs.txt[0m
2025-09-22T19:46:05.0816480Z shell: /usr/bin/bash --noprofile --norc -e -o pipefail {0}
2025-09-22T19:46:05.0816973Z env:
2025-09-22T19:46:05.0817449Z   GRADLE_OPTS: -Dorg.gradle.daemon=false -Dorg.gradle.parallel=true -Dorg.gradle.configureondemand=true
2025-09-22T19:46:05.0817981Z   JAVA_VERSION: 17
2025-09-22T19:46:05.0818335Z   ANDROID_COMPILE_SDK: 34
2025-09-22T19:46:05.0818604Z   ANDROID_BUILD_TOOLS: 34.0.0
2025-09-22T19:46:05.0818889Z   ANDROID_SDK_TOOLS: 9477386
2025-09-22T19:46:05.0819207Z ##[endgroup]
2025-09-22T19:46:05.0920780Z ##[group]Run # Note: There is currently no way to distinguish between undefined variables and empty strings in GitHub Actions.
2025-09-22T19:46:05.0921555Z [36;1m# Note: There is currently no way to distinguish between undefined variables and empty strings in GitHub Actions.[0m
2025-09-22T19:46:05.0922128Z [36;1m# This limitation affects how we handle default values and empty inputs.[0m
2025-09-22T19:46:05.0922894Z [36;1m# For more information, see: https://github.com/actions/runner/issues/924[0m
2025-09-22T19:46:05.0923247Z [36;1m[0m
2025-09-22T19:46:05.0923570Z [36;1m# The following logic implements the configuration priority described in the README:[0m
2025-09-22T19:46:05.0923963Z [36;1m#[0m
2025-09-22T19:46:05.0924126Z [36;1m# Inputs[0m
2025-09-22T19:46:05.0924335Z [36;1m# Environment Variables[0m
2025-09-22T19:46:05.0924559Z [36;1m# Config File[0m
2025-09-22T19:46:05.0924755Z [36;1m# Defaults[0m
2025-09-22T19:46:05.0924923Z [36;1m#[0m
2025-09-22T19:46:05.0925282Z [36;1m# As noted above defaults are awkward to handle as GitHub Actions will inject those values as the input[0m
2025-09-22T19:46:05.0926068Z [36;1m# if the caller doesn't provide them, thus if the input matches the default we don't set it as we[0m
2025-09-22T19:46:05.0926647Z [36;1m# can't tell the difference.  Plus if we did set it when it was the default value then it could potentially [0m
2025-09-22T19:46:05.0927298Z [36;1m# override an external environment variable, or something in the callers configuration file, which then wouldn't [0m
2025-09-22T19:46:05.0927828Z [36;1m# match the configuration priority that is documented.[0m
2025-09-22T19:46:05.0928131Z [36;1mset_env_var_if_provided() {[0m
2025-09-22T19:46:05.0928373Z [36;1m  local var_name="$1"[0m
2025-09-22T19:46:05.0928597Z [36;1m  local input_value="$2"[0m
2025-09-22T19:46:05.0928831Z [36;1m  local default_value="$3"[0m
2025-09-22T19:46:05.0929046Z [36;1m[0m
2025-09-22T19:46:05.0929294Z [36;1m  if [ ! -z "$input_value" ] && [ "$input_value" != "$default_value" ]; then[0m
2025-09-22T19:46:05.0929716Z [36;1m    # If action was provided with explicit input by the caller set that[0m
2025-09-22T19:46:05.0930101Z [36;1m    echo "export $var_name=$input_value" >> trivy_envs.txt[0m
2025-09-22T19:46:05.0930390Z [36;1m  fi[0m
2025-09-22T19:46:05.0930550Z [36;1m}[0m
2025-09-22T19:46:05.0930707Z [36;1m[0m
2025-09-22T19:46:05.0930951Z [36;1m# Set environment variables, handling those with default values[0m
2025-09-22T19:46:05.0931472Z [36;1m# cf. https://aquasecurity.github.io/trivy/latest/docs/configuration/#environment-variables[0m
2025-09-22T19:46:05.0931936Z [36;1mset_env_var_if_provided "TRIVY_INPUT" "" ""[0m
2025-09-22T19:46:05.0932445Z [36;1mset_env_var_if_provided "TRIVY_EXIT_CODE" "" ""[0m
2025-09-22T19:46:05.0932957Z [36;1mset_env_var_if_provided "TRIVY_IGNORE_UNFIXED" "false" "false"[0m
2025-09-22T19:46:05.0933368Z [36;1mset_env_var_if_provided "TRIVY_PKG_TYPES" "os,library" "os,library"[0m
2025-09-22T19:46:05.0933940Z [36;1mset_env_var_if_provided "TRIVY_SEVERITY" "UNKNOWN,LOW,MEDIUM,HIGH,CRITICAL" "UNKNOWN,LOW,MEDIUM,HIGH,CRITICAL"[0m
2025-09-22T19:46:05.0934471Z [36;1mset_env_var_if_provided "TRIVY_FORMAT" "sarif" "table"[0m
2025-09-22T19:46:05.0934799Z [36;1mset_env_var_if_provided "TRIVY_TEMPLATE" "" ""[0m
2025-09-22T19:46:05.0935157Z [36;1mset_env_var_if_provided "TRIVY_OUTPUT" "trivy-results.sarif" ""[0m
2025-09-22T19:46:05.0935516Z [36;1mset_env_var_if_provided "TRIVY_SKIP_DIRS" "" ""[0m
2025-09-22T19:46:05.0935832Z [36;1mset_env_var_if_provided "TRIVY_SKIP_FILES" "" ""[0m
2025-09-22T19:46:05.0936140Z [36;1mset_env_var_if_provided "TRIVY_TIMEOUT" "" ""[0m
2025-09-22T19:46:05.0936460Z [36;1mset_env_var_if_provided "TRIVY_IGNORE_POLICY" "" ""[0m
2025-09-22T19:46:05.0936784Z [36;1mset_env_var_if_provided "TRIVY_QUIET" "" ""[0m
2025-09-22T19:46:05.0937115Z [36;1mset_env_var_if_provided "TRIVY_LIST_ALL_PKGS" "false" "false"[0m
2025-09-22T19:46:05.0937465Z [36;1mset_env_var_if_provided "TRIVY_SCANNERS" "" ""[0m
2025-09-22T19:46:05.0937765Z [36;1mset_env_var_if_provided "TRIVY_CONFIG" "" ""[0m
2025-09-22T19:46:05.0938063Z [36;1mset_env_var_if_provided "TRIVY_TF_VARS" "" ""[0m
2025-09-22T19:46:05.0938373Z [36;1mset_env_var_if_provided "TRIVY_DOCKER_HOST" "" ""[0m
2025-09-22T19:46:05.0965313Z shell: /usr/bin/bash --noprofile --norc -e -o pipefail {0}
2025-09-22T19:46:05.0965614Z env:
2025-09-22T19:46:05.0965987Z   GRADLE_OPTS: -Dorg.gradle.daemon=false -Dorg.gradle.parallel=true -Dorg.gradle.configureondemand=true
2025-09-22T19:46:05.0966419Z   JAVA_VERSION: 17
2025-09-22T19:46:05.0966604Z   ANDROID_COMPILE_SDK: 34
2025-09-22T19:46:05.0966805Z   ANDROID_BUILD_TOOLS: 34.0.0
2025-09-22T19:46:05.0967019Z   ANDROID_SDK_TOOLS: 9477386
2025-09-22T19:46:05.0967223Z ##[endgroup]
2025-09-22T19:46:05.1034246Z ##[group]Run entrypoint.sh
2025-09-22T19:46:05.1034489Z [36;1mentrypoint.sh[0m
2025-09-22T19:46:05.1060660Z shell: /usr/bin/bash --noprofile --norc -e -o pipefail {0}
2025-09-22T19:46:05.1060970Z env:
2025-09-22T19:46:05.1061495Z   GRADLE_OPTS: -Dorg.gradle.daemon=false -Dorg.gradle.parallel=true -Dorg.gradle.configureondemand=true
2025-09-22T19:46:05.1061935Z   JAVA_VERSION: 17
2025-09-22T19:46:05.1062123Z   ANDROID_COMPILE_SDK: 34
2025-09-22T19:46:05.1062450Z   ANDROID_BUILD_TOOLS: 34.0.0
2025-09-22T19:46:05.1062662Z   ANDROID_SDK_TOOLS: 9477386
2025-09-22T19:46:05.1062861Z   INPUT_SCAN_TYPE: fs
2025-09-22T19:46:05.1063081Z   INPUT_IMAGE_REF: 
2025-09-22T19:46:05.1063259Z   INPUT_SCAN_REF: .
2025-09-22T19:46:05.1063428Z   INPUT_TRIVYIGNORES: 
2025-09-22T19:46:05.1063616Z   INPUT_GITHUB_PAT: 
2025-09-22T19:46:05.1063804Z   INPUT_LIMIT_SEVERITIES_FOR_SARIF: 
2025-09-22T19:46:05.1064248Z   TRIVY_CACHE_DIR: /home/runner/work/pose-coach-android-starter/pose-coach-android-starter/.cache/trivy
2025-09-22T19:46:05.1064675Z ##[endgroup]
2025-09-22T19:46:05.1122982Z Building SARIF report with all severities
2025-09-22T19:46:05.1123500Z Running Trivy with options: trivy fs .
2025-09-22T19:46:05.1726136Z 2025-09-22T19:46:05Z	INFO	[vulndb] Need to update DB
2025-09-22T19:46:05.1727243Z 2025-09-22T19:46:05Z	INFO	[vulndb] Downloading vulnerability DB...
2025-09-22T19:46:05.1728380Z 2025-09-22T19:46:05Z	INFO	[vulndb] Downloading artifact...	repo="mirror.gcr.io/aquasec/trivy-db:2"
2025-09-22T19:46:09.6401745Z 7.97 MiB / 71.28 MiB [------>_______________________________________________________] 11.18% ? p/s ?35.43 MiB / 71.28 MiB [------------------------------>______________________________] 49.71% ? p/s ?60.11 MiB / 71.28 MiB [--------------------------------------------------->_________] 84.33% ? p/s ?71.28 MiB / 71.28 MiB [--------------------------------------------->] 100.00% 105.44 MiB p/s ETA 0s71.28 MiB / 71.28 MiB [--------------------------------------------->] 100.00% 105.44 MiB p/s ETA 0s71.28 MiB / 71.28 MiB [--------------------------------------------->] 100.00% 105.44 MiB p/s ETA 0s71.28 MiB / 71.28 MiB [---------------------------------------------->] 100.00% 98.64 MiB p/s ETA 0s71.28 MiB / 71.28 MiB [---------------------------------------------->] 100.00% 98.64 MiB p/s ETA 0s71.28 MiB / 71.28 MiB [---------------------------------------------->] 100.00% 98.64 MiB p/s ETA 0s71.28 MiB / 71.28 MiB [---------------------------------------------->] 100.00% 92.27 MiB p/s ETA 0s71.28 MiB / 71.28 MiB [---------------------------------------------->] 100.00% 92.27 MiB p/s ETA 0s71.28 MiB / 71.28 MiB [---------------------------------------------->] 100.00% 92.27 MiB p/s ETA 0s71.28 MiB / 71.28 MiB [---------------------------------------------->] 100.00% 86.32 MiB p/s ETA 0s71.28 MiB / 71.28 MiB [-------------------------------------------------] 100.00% 28.43 MiB p/s 2.7s2025-09-22T19:46:09Z	INFO	[vulndb] Artifact successfully downloaded	repo="mirror.gcr.io/aquasec/trivy-db:2"
2025-09-22T19:46:09.6407798Z 2025-09-22T19:46:09Z	INFO	[vuln] Vulnerability scanning is enabled
2025-09-22T19:46:09.6408449Z 2025-09-22T19:46:09Z	INFO	[secret] Secret scanning is enabled
2025-09-22T19:46:09.6410570Z 2025-09-22T19:46:09Z	INFO	[secret] If your scanning is slow, please try '--scanners vuln' to disable secret scanning
2025-09-22T19:46:09.6411925Z 2025-09-22T19:46:09Z	INFO	[secret] Please see also https://trivy.dev/v0.65/docs/scanner/secret#recommendation for faster secret detection
2025-09-22T19:46:10.3263577Z 2025-09-22T19:46:10Z	WARN	[pip] Unable to find python `site-packages` directory. License detection is skipped.	err="site-packages directory not found"
2025-09-22T19:46:10.3264359Z 2025-09-22T19:46:10Z	INFO	Number of language-specific files	num=0
2025-09-22T19:46:10.3273956Z 
2025-09-22T19:46:10.3274560Z 📣 [34mNotices:[0m
2025-09-22T19:46:10.3275066Z   - Version 0.66.0 of Trivy is now available, current version is 0.65.0
2025-09-22T19:46:10.3275494Z 
2025-09-22T19:46:10.3275860Z To suppress version checks, run Trivy scans with the --skip-version-check flag
2025-09-22T19:46:10.3276347Z 
2025-09-22T19:46:10.3349620Z ##[group]Run rm -f trivy_envs.txt
2025-09-22T19:46:10.3349904Z [36;1mrm -f trivy_envs.txt[0m
2025-09-22T19:46:10.3380822Z shell: /usr/bin/bash --noprofile --norc -e -o pipefail {0}
2025-09-22T19:46:10.3381151Z env:
2025-09-22T19:46:10.3381556Z   GRADLE_OPTS: -Dorg.gradle.daemon=false -Dorg.gradle.parallel=true -Dorg.gradle.configureondemand=true
2025-09-22T19:46:10.3382029Z   JAVA_VERSION: 17
2025-09-22T19:46:10.3382490Z   ANDROID_COMPILE_SDK: 34
2025-09-22T19:46:10.3382838Z   ANDROID_BUILD_TOOLS: 34.0.0
2025-09-22T19:46:10.3383069Z   ANDROID_SDK_TOOLS: 9477386
2025-09-22T19:46:10.3383283Z ##[endgroup]
